Java HotSpot(TM) Client VM (25.131-b11) for windows-x86 JRE (1.8.0_131-b11), built on Mar 15 2017 01:26:29 by "java_re" with MS VC++ 10.0 (VS2010)
Memory: 4k page, physical 8279028k(4669160k free), swap 16556180k(12224360k free)
CommandLine flags: -XX:InitialHeapSize=536870912 -XX:InitialTenuringThreshold=1 -XX:MaxHeapSize=536870912 -XX:MaxNewSize=1048576 -XX:MaxTenuringThreshold=1 -XX:NewSize=1048576 -XX:PretenureSizeThreshold=50 -XX:+PrintGC -XX:+PrintGCDetails -XX:+PrintGCTimeStamps -XX:-UseLargePagesIndividualAllocation -XX:+UseSerialGC 
0.168: [GC (Allocation Failure) 0.168: [DefNew: 896K->64K(960K), 0.0012620 secs] 1020K->676K(524224K), 0.0014309 secs] [Times: user=0.00 sys=0.00, real=0.00 secs] 
0.176: [GC (Allocation Failure) 0.176: [DefNew: 960K->63K(960K), 0.0009774 secs] 1738K->1655K(524224K), 0.0010851 secs] [Times: user=0.00 sys=0.00, real=0.00 secs] 
0.179: [GC (Allocation Failure) 0.179: [DefNew: 959K->64K(960K), 0.0007729 secs] 2678K->2424K(524224K), 0.0008392 secs] [Times: user=0.00 sys=0.00, real=0.00 secs] 
0.181: [GC (Allocation Failure) 0.181: [DefNew: 960K->64K(960K), 0.0009482 secs] 3405K->3235K(524224K), 0.0010457 secs] [Times: user=0.00 sys=0.00, real=0.00 secs] 
0.184: [GC (Allocation Failure) 0.184: [DefNew: 960K->63K(960K), 0.0008187 secs] 4239K->4002K(524224K), 0.0008878 secs] [Times: user=0.00 sys=0.00, real=0.00 secs] 
0.186: [GC (Allocation Failure) 0.186: [DefNew: 959K->64K(960K), 0.0009272 secs] 4902K->4642K(524224K), 0.0010026 secs] [Times: user=0.00 sys=0.00, real=0.00 secs] 
0.189: [GC (Allocation Failure) 0.189: [DefNew: 960K->64K(960K), 0.0007891 secs] 5559K->5262K(524224K), 0.0008609 secs] [Times: user=0.00 sys=0.00, real=0.00 secs] 
0.191: [GC (Allocation Failure) 0.191: [DefNew: 960K->64K(960K), 0.0009363 secs] 6195K->5920K(524224K), 0.0010129 secs] [Times: user=0.00 sys=0.00, real=0.00 secs] 
0.195: [GC (Allocation Failure) 0.195: [DefNew: 960K->64K(960K), 0.0010464 secs] 6887K->6743K(524224K), 0.0011408 secs] [Times: user=0.00 sys=0.00, real=0.00 secs] 
0.197: [GC (Allocation Failure) 0.197: [DefNew: 960K->64K(960K), 0.0010370 secs] 7669K->7481K(524224K), 0.0011147 secs] [Times: user=0.00 sys=0.00, real=0.00 secs] 
0.199: [GC (Allocation Failure) 0.199: [DefNew: 960K->63K(960K), 0.0010334 secs] 8382K->8120K(524224K), 0.0011029 secs] [Times: user=0.00 sys=0.00, real=0.00 secs] 
0.202: [GC (Allocation Failure) 0.202: [DefNew: 959K->63K(960K), 0.0008072 secs] 9026K->8731K(524224K), 0.0008803 secs] [Times: user=0.00 sys=0.00, real=0.00 secs] 
0.204: [GC (Allocation Failure) 0.204: [DefNew: 959K->63K(960K), 0.0009114 secs] 9640K->9347K(524224K), 0.0009837 secs] [Times: user=0.00 sys=0.00, real=0.00 secs] 
0.207: [GC (Allocation Failure) 0.207: [DefNew: 959K->64K(960K), 0.0010918 secs] 10260K->10002K(524224K), 0.0011980 secs] [Times: user=0.00 sys=0.00, real=0.00 secs] 
0.210: [GC (Allocation Failure) 0.210: [DefNew: 960K->64K(960K), 0.0011637 secs] 10917K->10689K(524224K), 0.0012600 secs] [Times: user=0.02 sys=0.00, real=0.00 secs] 
0.212: [GC (Allocation Failure) 0.212: [DefNew: 960K->64K(960K), 0.0010875 secs] 11597K->11382K(524224K), 0.0011582 secs] [Times: user=0.00 sys=0.00, real=0.00 secs] 
0.215: [GC (Allocation Failure) 0.215: [DefNew: 960K->63K(960K), 0.0009391 secs] 12286K->11880K(524224K), 0.0009987 secs] [Times: user=0.00 sys=0.00, real=0.00 secs] 
0.217: [GC (Allocation Failure) 0.217: [DefNew: 959K->64K(960K), 0.0007899 secs] 12777K->12241K(524224K), 0.0008475 secs] [Times: user=0.00 sys=0.00, real=0.00 secs] 
0.220: [GC (Allocation Failure) 0.220: [DefNew: 960K->63K(960K), 0.0007895 secs] 13138K->12686K(524224K), 0.0008436 secs] [Times: user=0.00 sys=0.00, real=0.00 secs] 
0.223: [GC (Allocation Failure) 0.223: [DefNew: 959K->63K(960K), 0.0009028 secs] 13584K->13144K(524224K), 0.0009639 secs] [Times: user=0.00 sys=0.00, real=0.00 secs] 
0.225: [GC (Allocation Failure) 0.225: [DefNew: 959K->63K(960K), 0.0009900 secs] 14042K->13536K(524224K), 0.0010737 secs] [Times: user=0.00 sys=0.00, real=0.00 secs] 
0.228: [GC (Allocation Failure) 0.228: [DefNew: 959K->63K(960K), 0.0011116 secs] 14432K->14074K(524224K), 0.0011905 secs] [Times: user=0.00 sys=0.00, real=0.00 secs] 
0.231: [GC (Allocation Failure) 0.231: [DefNew: 959K->64K(960K), 0.0013962 secs] 15228K->14739K(524224K), 0.0014621 secs] [Times: user=0.00 sys=0.00, real=0.00 secs] 
0.234: [GC (Allocation Failure) 0.234: [DefNew: 960K->63K(960K), 0.0009584 secs] 15638K->15166K(524224K), 0.0010322 secs] [Times: user=0.00 sys=0.00, real=0.00 secs] 
0.237: [GC (Allocation Failure) 0.237: [DefNew: 959K->63K(960K), 0.0012233 secs] 16064K->15535K(524224K), 0.0013176 secs] [Times: user=0.00 sys=0.00, real=0.00 secs] 
0.239: [GC (Allocation Failure) 0.239: [DefNew: 959K->63K(960K), 0.0011325 secs] 16431K->16026K(524224K), 0.0012032 secs] [Times: user=0.00 sys=0.00, real=0.00 secs] 
0.242: [GC (Allocation Failure) 0.242: [DefNew: 959K->63K(960K), 0.0010579 secs] 16924K->16467K(524224K), 0.0011317 secs] [Times: user=0.02 sys=0.00, real=0.00 secs] 
0.245: [GC (Allocation Failure) 0.245: [DefNew: 959K->64K(960K), 0.0011104 secs] 17363K->16937K(524224K), 0.0012012 secs] [Times: user=0.00 sys=0.00, real=0.00 secs] 
0.247: [GC (Allocation Failure) 0.247: [DefNew: 960K->64K(960K), 0.0009687 secs] 17833K->17368K(524224K), 0.0010405 secs] [Times: user=0.00 sys=0.00, real=0.00 secs] 
0.250: [GC (Allocation Failure) 0.250: [DefNew: 960K->64K(960K), 0.0009257 secs] 18264K->17771K(524224K), 0.0009939 secs] [Times: user=0.00 sys=0.00, real=0.00 secs] 
0.252: [GC (Allocation Failure) 0.252: [DefNew: 960K->63K(960K), 0.0009004 secs] 18668K->18175K(524224K), 0.0009541 secs] [Times: user=0.00 sys=0.00, real=0.00 secs] 
0.255: [GC (Allocation Failure) 0.255: [DefNew: 959K->63K(960K), 0.0010050 secs] 19072K->18571K(524224K), 0.0010855 secs] [Times: user=0.00 sys=0.00, real=0.00 secs] 
0.257: [GC (Allocation Failure) 0.257: [DefNew: 959K->63K(960K), 0.0012245 secs] 19467K->18953K(524224K), 0.0013086 secs] [Times: user=0.01 sys=0.00, real=0.00 secs] 
0.260: [GC (Allocation Failure) 0.260: [DefNew: 959K->64K(960K), 0.0014120 secs] 19849K->19513K(524224K), 0.0015111 secs] [Times: user=0.00 sys=0.00, real=0.00 secs] 
0.264: [GC (Allocation Failure) 0.264: [DefNew: 960K->64K(960K), 0.0011542 secs] 20411K->19941K(524224K), 0.0012237 secs] [Times: user=0.00 sys=0.00, real=0.00 secs] 
0.266: [GC (Allocation Failure) 0.266: [DefNew: 960K->64K(960K), 0.0012584 secs] 20837K->20321K(524224K), 0.0013314 secs] [Times: user=0.00 sys=0.00, real=0.00 secs] 
0.269: [GC (Allocation Failure) 0.269: [DefNew: 960K->64K(960K), 0.0014728 secs] 21219K->20772K(524224K), 0.0015928 secs] [Times: user=0.00 sys=0.00, real=0.00 secs] 
0.272: [GC (Allocation Failure) 0.272: [DefNew: 960K->64K(960K), 0.0020862 secs] 21668K->21388K(524224K), 0.0021908 secs] [Times: user=0.00 sys=0.00, real=0.00 secs] 
0.276: [GC (Allocation Failure) 0.276: [DefNew: 960K->63K(960K), 0.0014432 secs] 22284K->22065K(524224K), 0.0015387 secs] [Times: user=0.00 sys=0.00, real=0.00 secs] 
0.278: [GC (Allocation Failure) 0.278: [DefNew: 959K->64K(960K), 0.0012008 secs] 22961K->22580K(524224K), 0.0012746 secs] [Times: user=0.00 sys=0.00, real=0.00 secs] 
0.281: [GC (Allocation Failure) 0.281: [DefNew: 960K->64K(960K), 0.0011984 secs] 23476K->23110K(524224K), 0.0012647 secs] [Times: user=0.00 sys=0.00, real=0.00 secs] 
0.284: [GC (Allocation Failure) 0.284: [DefNew: 960K->64K(960K), 0.0012075 secs] 24007K->23616K(524224K), 0.0012675 secs] [Times: user=0.00 sys=0.00, real=0.00 secs] 
0.286: [GC (Allocation Failure) 0.286: [DefNew: 960K->63K(960K), 0.0011404 secs] 24513K->24013K(524224K), 0.0012032 secs] [Times: user=0.00 sys=0.00, real=0.00 secs] 
0.290: [GC (Allocation Failure) 0.290: [DefNew: 959K->64K(960K), 0.0016236 secs] 24909K->24646K(524224K), 0.0017262 secs] [Times: user=0.00 sys=0.00, real=0.00 secs] 
0.292: [GC (Allocation Failure) 0.292: [DefNew: 960K->63K(960K), 0.0024095 secs] 25543K->25239K(524224K), 0.0025125 secs] [Times: user=0.00 sys=0.00, real=0.00 secs] 
0.296: [GC (Allocation Failure) 0.296: [DefNew: 959K->64K(960K), 0.0014376 secs] 26136K->25661K(524224K), 0.0015107 secs] [Times: user=0.00 sys=0.00, real=0.00 secs] 
0.299: [GC (Allocation Failure) 0.299: [DefNew: 960K->64K(960K), 0.0015320 secs] 26558K->26068K(524224K), 0.0016046 secs] [Times: user=0.00 sys=0.00, real=0.00 secs] 
0.302: [GC (Allocation Failure) 0.302: [DefNew: 960K->63K(960K), 0.0014854 secs] 26964K->26466K(524224K), 0.0015568 secs] [Times: user=0.00 sys=0.00, real=0.00 secs] 
0.305: [GC (Allocation Failure) 0.305: [DefNew: 959K->63K(960K), 0.0016496 secs] 27362K->26897K(524224K), 0.0017293 secs] [Times: user=0.00 sys=0.00, real=0.00 secs] 
0.308: [GC (Allocation Failure) 0.308: [DefNew: 959K->64K(960K), 0.0014195 secs] 27794K->27324K(524224K), 0.0014961 secs] [Times: user=0.00 sys=0.00, real=0.00 secs] 
0.311: [GC (Allocation Failure) 0.311: [DefNew: 960K->63K(960K), 0.0013776 secs] 28220K->27950K(524224K), 0.0014368 secs] [Times: user=0.00 sys=0.00, real=0.00 secs] 
0.317: [GC (Allocation Failure) 0.317: [DefNew: 959K->64K(960K), 0.0021363 secs] 29359K->28981K(524224K), 0.0022413 secs] [Times: user=0.00 sys=0.00, real=0.00 secs] 
0.320: [GC (Allocation Failure) 0.320: [DefNew: 960K->63K(960K), 0.0015616 secs] 29877K->29570K(524224K), 0.0016524 secs] [Times: user=0.02 sys=0.00, real=0.00 secs] 
0.324: [GC (Allocation Failure) 0.324: [DefNew: 959K->63K(960K), 0.0014112 secs] 30467K->30066K(524224K), 0.0014897 secs] [Times: user=0.00 sys=0.00, real=0.00 secs] 
0.326: [GC (Allocation Failure) 0.326: [DefNew: 959K->64K(960K), 0.0021868 secs] 30962K->30612K(524224K), 0.0023108 secs] [Times: user=0.00 sys=0.00, real=0.00 secs] 
0.330: [GC (Allocation Failure) 0.330: [DefNew: 960K->64K(960K), 0.0011909 secs] 31508K->31033K(524224K), 0.0012549 secs] [Times: user=0.00 sys=0.00, real=0.00 secs] 
0.332: [GC (Allocation Failure) 0.332: [DefNew: 960K->64K(960K), 0.0013622 secs] 31930K->31634K(524224K), 0.0014195 secs] [Times: user=0.00 sys=0.00, real=0.00 secs] 
0.335: [GC (Allocation Failure) 0.335: [DefNew: 960K->63K(960K), 0.0014376 secs] 32531K->32223K(524224K), 0.0014996 secs] [Times: user=0.02 sys=0.00, real=0.00 secs] 
0.338: [GC (Allocation Failure) 0.338: [DefNew: 959K->63K(960K), 0.0015928 secs] 33120K->32770K(524224K), 0.0016895 secs] [Times: user=0.00 sys=0.00, real=0.00 secs] 
0.341: [GC (Allocation Failure) 0.341: [DefNew: 959K->63K(960K), 0.0018576 secs] 33669K->33362K(524224K), 0.0019536 secs] [Times: user=0.00 sys=0.00, real=0.00 secs] 
0.345: [GC (Allocation Failure) 0.345: [DefNew: 959K->64K(960K), 0.0014376 secs] 34259K->33854K(524224K), 0.0015059 secs] [Times: user=0.00 sys=0.00, real=0.00 secs] 
0.347: [GC (Allocation Failure) 0.347: [DefNew: 960K->63K(960K), 0.0013899 secs] 34750K->34420K(524224K), 0.0014487 secs] [Times: user=0.00 sys=0.00, real=0.00 secs] 
0.350: [GC (Allocation Failure) 0.350: [DefNew: 959K->63K(960K), 0.0014783 secs] 35316K->35007K(524224K), 0.0015418 secs] [Times: user=0.00 sys=0.00, real=0.00 secs] 
0.352: [GC (Allocation Failure) 0.352: [DefNew: 959K->63K(960K), 0.0013125 secs] 35903K->35432K(524224K), 0.0013682 secs] [Times: user=0.00 sys=0.00, real=0.00 secs] 
0.355: [GC (Allocation Failure) 0.355: [DefNew: 959K->63K(960K), 0.0014491 secs] 36328K->36048K(524224K), 0.0015174 secs] [Times: user=0.00 sys=0.00, real=0.00 secs] 
0.358: [GC (Allocation Failure) 0.358: [DefNew: 959K->63K(960K), 0.0015778 secs] 36945K->36491K(524224K), 0.0016812 secs] [Times: user=0.00 sys=0.00, real=0.00 secs] 
0.361: [GC (Allocation Failure) 0.361: [DefNew: 959K->64K(960K), 0.0013820 secs] 37388K->36989K(524224K), 0.0014542 secs] [Times: user=0.00 sys=0.00, real=0.00 secs] 
0.364: [GC (Allocation Failure) 0.364: [DefNew: 960K->63K(960K), 0.0014124 secs] 37885K->37437K(524224K), 0.0014775 secs] [Times: user=0.00 sys=0.00, real=0.00 secs] 
0.366: [GC (Allocation Failure) 0.366: [DefNew: 959K->63K(960K), 0.0013796 secs] 38335K->37844K(524224K), 0.0014404 secs] [Times: user=0.01 sys=0.00, real=0.00 secs] 
0.369: [GC (Allocation Failure) 0.369: [DefNew: 959K->64K(960K), 0.0017455 secs] 38742K->38320K(524224K), 0.0018580 secs] [Times: user=0.00 sys=0.00, real=0.00 secs] 
0.373: [GC (Allocation Failure) 0.373: [DefNew: 960K->64K(960K), 0.0021924 secs] 39218K->39033K(524224K), 0.0023290 secs] [Times: user=0.00 sys=0.00, real=0.00 secs] 
0.376: [GC (Allocation Failure) 0.376: [DefNew: 960K->63K(960K), 0.0014313 secs] 39929K->39473K(524224K), 0.0015004 secs] [Times: user=0.00 sys=0.00, real=0.00 secs] 
0.379: [GC (Allocation Failure) 0.379: [DefNew: 959K->63K(960K), 0.0013764 secs] 40370K->39922K(524224K), 0.0014471 secs] [Times: user=0.00 sys=0.00, real=0.00 secs] 
0.381: [GC (Allocation Failure) 0.381: [DefNew: 959K->63K(960K), 0.0012683 secs] 40818K->40340K(524224K), 0.0013330 secs] [Times: user=0.00 sys=0.00, real=0.00 secs] 
0.384: [GC (Allocation Failure) 0.384: [DefNew: 959K->63K(960K), 0.0015959 secs] 41237K->40833K(524224K), 0.0017345 secs] [Times: user=0.00 sys=0.00, real=0.00 secs] 
0.388: [GC (Allocation Failure) 0.388: [DefNew: 959K->63K(960K), 0.0016342 secs] 41729K->41286K(524224K), 0.0017136 secs] [Times: user=0.00 sys=0.00, real=0.00 secs] 
0.391: [GC (Allocation Failure) 0.391: [DefNew: 959K->64K(960K), 0.0013697 secs] 42182K->41699K(524224K), 0.0014499 secs] [Times: user=0.00 sys=0.00, real=0.00 secs] 
0.394: [GC (Allocation Failure) 0.395: [DefNew: 960K->63K(960K), 0.0018036 secs] 42596K->42241K(524224K), 0.0019468 secs] [Times: user=0.00 sys=0.00, real=0.00 secs] 
0.397: [GC (Allocation Failure) 0.397: [DefNew: 959K->64K(960K), 0.0013674 secs] 43138K->42675K(524224K), 0.0014301 secs] [Times: user=0.00 sys=0.00, real=0.00 secs] 
0.400: [GC (Allocation Failure) 0.400: [DefNew: 960K->63K(960K), 0.0013618 secs] 43571K->43166K(524224K), 0.0014254 secs] [Times: user=0.00 sys=0.00, real=0.00 secs] 
0.403: [GC (Allocation Failure) 0.403: [DefNew: 959K->64K(960K), 0.0013634 secs] 44062K->43608K(524224K), 0.0014199 secs] [Times: user=0.00 sys=0.00, real=0.00 secs] 
0.405: [GC (Allocation Failure) 0.405: [DefNew: 960K->63K(960K), 0.0012853 secs] 44505K->44021K(524224K), 0.0013472 secs] [Times: user=0.00 sys=0.00, real=0.00 secs] 
0.408: [GC (Allocation Failure) 0.408: [DefNew: 959K->63K(960K), 0.0014996 secs] 44918K->44509K(524224K), 0.0015659 secs] [Times: user=0.00 sys=0.00, real=0.00 secs] 
0.411: [GC (Allocation Failure) 0.411: [DefNew: 959K->64K(960K), 0.0013764 secs] 45405K->44940K(524224K), 0.0014353 secs] [Times: user=0.00 sys=0.00, real=0.00 secs] 
0.414: [GC (Allocation Failure) 0.415: [DefNew: 960K->64K(960K), 0.0016330 secs] 45837K->45378K(524224K), 0.0017021 secs] [Times: user=0.00 sys=0.00, real=0.00 secs] 
0.418: [GC (Allocation Failure) 0.418: [DefNew: 960K->63K(960K), 0.0013350 secs] 46275K->45823K(524224K), 0.0013946 secs] [Times: user=0.00 sys=0.00, real=0.00 secs] 
0.420: [GC (Allocation Failure) 0.420: [DefNew: 959K->64K(960K), 0.0012987 secs] 46721K->46228K(524224K), 0.0013500 secs] [Times: user=0.00 sys=0.00, real=0.00 secs] 
0.423: [GC (Allocation Failure) 0.423: [DefNew: 960K->64K(960K), 0.0014139 secs] 47125K->46733K(524224K), 0.0014775 secs] [Times: user=0.00 sys=0.00, real=0.00 secs] 
0.425: [GC (Allocation Failure) 0.425: [DefNew: 960K->64K(960K), 0.0015375 secs] 47629K->47159K(524224K), 0.0016176 secs] [Times: user=0.00 sys=0.00, real=0.00 secs] 
0.429: [GC (Allocation Failure) 0.429: [DefNew: 960K->63K(960K), 0.0016362 secs] 48055K->47707K(524224K), 0.0017025 secs] [Times: user=0.02 sys=0.00, real=0.00 secs] 
0.433: [GC (Allocation Failure) 0.433: [DefNew: 959K->64K(960K), 0.0017562 secs] 48604K->48181K(524224K), 0.0018292 secs] [Times: user=0.00 sys=0.00, real=0.00 secs] 
0.436: [GC (Allocation Failure) 0.436: [DefNew: 960K->63K(960K), 0.0014649 secs] 49078K->48613K(524224K), 0.0015276 secs] [Times: user=0.00 sys=0.00, real=0.00 secs] 
0.440: [GC (Allocation Failure) 0.440: [DefNew: 959K->64K(960K), 0.0016922 secs] 49510K->49098K(524224K), 0.0017842 secs] [Times: user=0.00 sys=0.00, real=0.00 secs] 
0.444: [GC (Allocation Failure) 0.444: [DefNew: 960K->63K(960K), 0.0016232 secs] 49995K->49560K(524224K), 0.0017096 secs] [Times: user=0.01 sys=0.00, real=0.00 secs] 
0.447: [GC (Allocation Failure) 0.447: [DefNew: 959K->64K(960K), 0.0021892 secs] 50456K->50173K(524224K), 0.0023605 secs] [Times: user=0.00 sys=0.00, real=0.00 secs] 
0.451: [GC (Allocation Failure) 0.451: [DefNew: 960K->64K(960K), 0.0017195 secs] 51070K->50666K(524224K), 0.0017901 secs] [Times: user=0.00 sys=0.00, real=0.00 secs] 
0.454: [GC (Allocation Failure) 0.454: [DefNew: 960K->64K(960K), 0.0016034 secs] 51563K->51090K(524224K), 0.0016753 secs] [Times: user=0.00 sys=0.00, real=0.00 secs] 
0.458: [GC (Allocation Failure) 0.458: [DefNew: 960K->63K(960K), 0.0016555 secs] 51989K->51561K(524224K), 0.0017664 secs] [Times: user=0.00 sys=0.00, real=0.00 secs] 
0.462: [GC (Allocation Failure) 0.462: [DefNew: 959K->63K(960K), 0.0017321 secs] 52457K->52195K(524224K), 0.0018114 secs] [Times: user=0.00 sys=0.00, real=0.00 secs] 
0.465: [GC (Allocation Failure) 0.465: [DefNew: 959K->63K(960K), 0.0015904 secs] 53091K->52657K(524224K), 0.0016729 secs] [Times: user=0.00 sys=0.00, real=0.00 secs] 
0.469: [GC (Allocation Failure) 0.469: [DefNew: 959K->63K(960K), 0.0020976 secs] 53553K->53163K(524224K), 0.0022015 secs] [Times: user=0.00 sys=0.00, real=0.00 secs] 
0.472: [GC (Allocation Failure) 0.472: [DefNew: 959K->63K(960K), 0.0027912 secs] 54061K->53883K(524224K), 0.0029057 secs] [Times: user=0.00 sys=0.00, real=0.00 secs] 
0.477: [GC (Allocation Failure) 0.477: [DefNew: 959K->64K(960K), 0.0020084 secs] 54780K->54417K(524224K), 0.0020878 secs] [Times: user=0.00 sys=0.00, real=0.00 secs] 
0.480: [GC (Allocation Failure) 0.480: [DefNew: 960K->64K(960K), 0.0015671 secs] 55313K->54849K(524224K), 0.0016236 secs] [Times: user=0.00 sys=0.00, real=0.00 secs] 
0.484: [GC (Allocation Failure) 0.484: [DefNew: 960K->64K(960K), 0.0016879 secs] 55746K->55357K(524224K), 0.0017637 secs] [Times: user=0.00 sys=0.00, real=0.00 secs] 
0.487: [GC (Allocation Failure) 0.487: [DefNew: 960K->63K(960K), 0.0018395 secs] 56254K->55832K(524224K), 0.0019172 secs] [Times: user=0.00 sys=0.00, real=0.00 secs] 
0.497: [GC (Allocation Failure) 0.497: [DefNew: 959K->64K(960K), 0.0032380 secs] 57752K->57353K(524224K), 0.0033545 secs] [Times: user=0.00 sys=0.00, real=0.00 secs] 
0.502: [GC (Allocation Failure) 0.502: [DefNew: 960K->64K(960K), 0.0023049 secs] 58250K->57940K(524224K), 0.0023874 secs] [Times: user=0.00 sys=0.00, real=0.00 secs] 
0.505: [GC (Allocation Failure) 0.505: [DefNew: 960K->64K(960K), 0.0024150 secs] 58837K->58472K(524224K), 0.0024936 secs] [Times: user=0.00 sys=0.00, real=0.00 secs] 
0.509: [GC (Allocation Failure) 0.509: [DefNew: 960K->64K(960K), 0.0015932 secs] 59368K->58923K(524224K), 0.0016768 secs] [Times: user=0.00 sys=0.00, real=0.00 secs] 
0.512: [GC (Allocation Failure) 0.512: [DefNew: 960K->63K(960K), 0.0014400 secs] 59819K->59340K(524224K), 0.0015134 secs] [Times: user=0.00 sys=0.00, real=0.00 secs] 
0.515: [GC (Allocation Failure) 0.515: [DefNew: 959K->63K(960K), 0.0013607 secs] 60237K->59735K(524224K), 0.0014357 secs] [Times: user=0.00 sys=0.00, real=0.00 secs] 
0.519: [GC (Allocation Failure) 0.519: [DefNew: 959K->64K(960K), 0.0018272 secs] 60631K->60138K(524224K), 0.0019433 secs] [Times: user=0.00 sys=0.00, real=0.00 secs] 
0.521: [GC (Allocation Failure) 0.521: [DefNew: 960K->63K(960K), 0.0023309 secs] 61035K->60719K(524224K), 0.0024201 secs] [Times: user=0.00 sys=0.02, real=0.00 secs] 
0.525: [GC (Allocation Failure) 0.525: [DefNew: 959K->63K(960K), 0.0024028 secs] 61615K->61254K(524224K), 0.0025500 secs] [Times: user=0.00 sys=0.00, real=0.00 secs] 
0.529: [GC (Allocation Failure) 0.529: [DefNew: 959K->63K(960K), 0.0018126 secs] 62151K->61855K(524224K), 0.0019014 secs] [Times: user=0.00 sys=0.00, real=0.00 secs] 
0.533: [GC (Allocation Failure) 0.533: [DefNew: 959K->64K(960K), 0.0015391 secs] 62751K->62268K(524224K), 0.0016117 secs] [Times: user=0.00 sys=0.00, real=0.00 secs] 
0.537: [GC (Allocation Failure) 0.537: [DefNew: 960K->64K(960K), 0.0020878 secs] 63165K->62768K(524224K), 0.0021699 secs] [Times: user=0.02 sys=0.00, real=0.00 secs] 
0.540: [GC (Allocation Failure) 0.540: [DefNew: 960K->64K(960K), 0.0019161 secs] 63664K->63295K(524224K), 0.0019958 secs] [Times: user=0.00 sys=0.00, real=0.00 secs] 
0.544: [GC (Allocation Failure) 0.544: [DefNew: 960K->64K(960K), 0.0019634 secs] 64191K->63730K(524224K), 0.0020420 secs] [Times: user=0.00 sys=0.00, real=0.00 secs] 
0.547: [GC (Allocation Failure) 0.547: [DefNew: 960K->64K(960K), 0.0017518 secs] 64626K->64248K(524224K), 0.0018351 secs] [Times: user=0.00 sys=0.00, real=0.00 secs] 
0.551: [GC (Allocation Failure) 0.551: [DefNew: 960K->64K(960K), 0.0023684 secs] 65144K->64823K(524224K), 0.0024482 secs] [Times: user=0.00 sys=0.00, real=0.00 secs] 
0.554: [GC (Allocation Failure) 0.555: [DefNew: 960K->64K(960K), 0.0021043 secs] 65719K->65356K(524224K), 0.0021849 secs] [Times: user=0.01 sys=0.00, real=0.00 secs] 
0.558: [GC (Allocation Failure) 0.558: [DefNew: 960K->64K(960K), 0.0017262 secs] 66253K->65790K(524224K), 0.0018107 secs] [Times: user=0.00 sys=0.00, real=0.00 secs] 
0.562: [GC (Allocation Failure) 0.562: [DefNew: 960K->63K(960K), 0.0016200 secs] 66687K->66290K(524224K), 0.0016895 secs] [Times: user=0.00 sys=0.00, real=0.00 secs] 
0.565: [GC (Allocation Failure) 0.565: [DefNew: 959K->64K(960K), 0.0020372 secs] 67186K->66730K(524224K), 0.0021213 secs] [Times: user=0.00 sys=0.00, real=0.00 secs] 
0.569: [GC (Allocation Failure) 0.569: [DefNew: 960K->64K(960K), 0.0020017 secs] 67628K->67192K(524224K), 0.0020949 secs] [Times: user=0.02 sys=0.00, real=0.00 secs] 
0.575: [GC (Allocation Failure) 0.575: [DefNew: 960K->63K(960K), 0.0022753 secs] 68090K->67893K(524224K), 0.0024020 secs] [Times: user=0.00 sys=0.00, real=0.00 secs] 
0.578: [GC (Allocation Failure) 0.578: [DefNew: 959K->64K(960K), 0.0016867 secs] 68790K->68369K(524224K), 0.0017593 secs] [Times: user=0.00 sys=0.00, real=0.00 secs] 
0.582: [GC (Allocation Failure) 0.582: [DefNew: 960K->63K(960K), 0.0014704 secs] 69266K->68844K(524224K), 0.0015359 secs] [Times: user=0.00 sys=0.00, real=0.00 secs] 
0.584: [GC (Allocation Failure) 0.584: [DefNew: 959K->63K(960K), 0.0013788 secs] 69740K->69264K(524224K), 0.0014447 secs] [Times: user=0.00 sys=0.00, real=0.00 secs] 
0.587: [GC (Allocation Failure) 0.587: [DefNew: 959K->64K(960K), 0.0016239 secs] 70161K->69793K(524224K), 0.0017124 secs] [Times: user=0.00 sys=0.00, real=0.00 secs] 
0.590: [GC (Allocation Failure) 0.590: [DefNew: 960K->63K(960K), 0.0014984 secs] 70689K->70244K(524224K), 0.0015561 secs] [Times: user=0.00 sys=0.00, real=0.00 secs] 
0.593: [GC (Allocation Failure) 0.593: [DefNew: 959K->63K(960K), 0.0018801 secs] 71141K->70698K(524224K), 0.0019579 secs] [Times: user=0.00 sys=0.00, real=0.00 secs] 
0.597: [GC (Allocation Failure) 0.597: [DefNew: 959K->63K(960K), 0.0015624 secs] 71594K->71182K(524224K), 0.0016243 secs] [Times: user=0.00 sys=0.00, real=0.00 secs] 
0.600: [GC (Allocation Failure) 0.600: [DefNew: 959K->64K(960K), 0.0017495 secs] 72079K->71637K(524224K), 0.0018205 secs] [Times: user=0.01 sys=0.00, real=0.00 secs] 
0.604: [GC (Allocation Failure) 0.604: [DefNew: 960K->64K(960K), 0.0016046 secs] 72533K->72115K(524224K), 0.0016674 secs] [Times: user=0.00 sys=0.00, real=0.00 secs] 
0.607: [GC (Allocation Failure) 0.607: [DefNew: 960K->64K(960K), 0.0015221 secs] 73011K->72549K(524224K), 0.0015904 secs] [Times: user=0.00 sys=0.00, real=0.00 secs] 
0.610: [GC (Allocation Failure) 0.610: [DefNew: 960K->64K(960K), 0.0014728 secs] 73445K->72990K(524224K), 0.0015343 secs] [Times: user=0.00 sys=0.00, real=0.00 secs] 
0.613: [GC (Allocation Failure) 0.613: [DefNew: 960K->64K(960K), 0.0014625 secs] 73889K->73465K(524224K), 0.0015170 secs] [Times: user=0.00 sys=0.00, real=0.00 secs] 
0.615: [GC (Allocation Failure) 0.615: [DefNew: 960K->64K(960K), 0.0014803 secs] 74362K->73919K(524224K), 0.0015387 secs] [Times: user=0.00 sys=0.00, real=0.00 secs] 
0.618: [GC (Allocation Failure) 0.618: [DefNew: 960K->63K(960K), 0.0017443 secs] 74816K->74524K(524224K), 0.0018103 secs] [Times: user=0.00 sys=0.00, real=0.00 secs] 
0.621: [GC (Allocation Failure) 0.621: [DefNew: 959K->64K(960K), 0.0018237 secs] 75421K->74966K(524224K), 0.0018983 secs] [Times: user=0.00 sys=0.00, real=0.00 secs] 
0.625: [GC (Allocation Failure) 0.625: [DefNew: 960K->63K(960K), 0.0018292 secs] 75862K->75476K(524224K), 0.0019847 secs] [Times: user=0.00 sys=0.00, real=0.00 secs] 
0.629: [GC (Allocation Failure) 0.629: [DefNew: 959K->64K(960K), 0.0018146 secs] 76373K->75992K(524224K), 0.0019236 secs] [Times: user=0.00 sys=0.00, real=0.00 secs] 
0.632: [GC (Allocation Failure) 0.632: [DefNew: 960K->63K(960K), 0.0018095 secs] 76888K->76433K(524224K), 0.0018904 secs] [Times: user=0.02 sys=0.00, real=0.00 secs] 
0.636: [GC (Allocation Failure) 0.636: [DefNew: 959K->63K(960K), 0.0017830 secs] 77330K->76916K(524224K), 0.0018576 secs] [Times: user=0.00 sys=0.00, real=0.00 secs] 
0.639: [GC (Allocation Failure) 0.639: [DefNew: 959K->64K(960K), 0.0015632 secs] 77812K->77352K(524224K), 0.0016204 secs] [Times: user=0.00 sys=0.00, real=0.00 secs] 
0.643: [GC (Allocation Failure) 0.643: [DefNew: 960K->63K(960K), 0.0015454 secs] 78249K->77817K(524224K), 0.0016018 secs] [Times: user=0.00 sys=0.00, real=0.00 secs] 
0.647: [GC (Allocation Failure) 0.647: [DefNew: 959K->63K(960K), 0.0016338 secs] 78714K->78305K(524224K), 0.0017061 secs] [Times: user=0.02 sys=0.00, real=0.00 secs] 
0.650: [GC (Allocation Failure) 0.650: [DefNew: 959K->64K(960K), 0.0017143 secs] 79202K->78830K(524224K), 0.0017972 secs] [Times: user=0.00 sys=0.00, real=0.00 secs] 
0.654: [GC (Allocation Failure) 0.654: [DefNew: 960K->64K(960K), 0.0017961 secs] 79726K->79319K(524224K), 0.0018746 secs] [Times: user=0.00 sys=0.00, real=0.00 secs] 
0.658: [GC (Allocation Failure) 0.658: [DefNew: 960K->63K(960K), 0.0015411 secs] 80215K->79771K(524224K), 0.0016192 secs] [Times: user=0.00 sys=0.00, real=0.00 secs] 
0.661: [GC (Allocation Failure) 0.661: [DefNew: 959K->63K(960K), 0.0017897 secs] 80668K->80331K(524224K), 0.0018730 secs] [Times: user=0.00 sys=0.00, real=0.00 secs] 
0.665: [GC (Allocation Failure) 0.665: [DefNew: 959K->63K(960K), 0.0017092 secs] 81230K->80784K(524224K), 0.0017870 secs] [Times: user=0.00 sys=0.00, real=0.00 secs] 
0.668: [GC (Allocation Failure) 0.668: [DefNew: 959K->64K(960K), 0.0025172 secs] 81681K->81399K(524224K), 0.0026404 secs] [Times: user=0.00 sys=0.00, real=0.00 secs] 
0.675: [GC (Allocation Failure) 0.676: [DefNew: 960K->64K(960K), 0.0019595 secs] 82295K->81906K(524224K), 0.0020590 secs] [Times: user=0.00 sys=0.00, real=0.00 secs] 
0.678: [GC (Allocation Failure) 0.678: [DefNew: 960K->63K(960K), 0.0016950 secs] 82802K->82335K(524224K), 0.0017771 secs] [Times: user=0.01 sys=0.00, real=0.00 secs] 
0.682: [GC (Allocation Failure) 0.682: [DefNew: 959K->64K(960K), 0.0015726 secs] 83231K->82791K(524224K), 0.0016729 secs] [Times: user=0.00 sys=0.00, real=0.00 secs] 
0.686: [GC (Allocation Failure) 0.686: [DefNew: 960K->63K(960K), 0.0016583 secs] 83687K->83246K(524224K), 0.0017503 secs] [Times: user=0.00 sys=0.00, real=0.00 secs] 
0.689: [GC (Allocation Failure) 0.689: [DefNew: 959K->64K(960K), 0.0026992 secs] 84142K->83804K(524224K), 0.0028137 secs] [Times: user=0.00 sys=0.00, real=0.00 secs] 
0.694: [GC (Allocation Failure) 0.695: [DefNew: 960K->64K(960K), 0.0029120 secs] 84702K->84531K(524224K), 0.0030418 secs] [Times: user=0.02 sys=0.00, real=0.00 secs] 
0.698: [GC (Allocation Failure) 0.698: [DefNew: 960K->64K(960K), 0.0018766 secs] 85427K->84984K(524224K), 0.0019721 secs] [Times: user=0.00 sys=0.00, real=0.00 secs] 
0.702: [GC (Allocation Failure) 0.702: [DefNew: 960K->63K(960K), 0.0017668 secs] 85880K->85489K(524224K), 0.0018714 secs] [Times: user=0.00 sys=0.00, real=0.00 secs] 
0.705: [GC (Allocation Failure) 0.706: [DefNew: 959K->64K(960K), 0.0020005 secs] 86385K->86146K(524224K), 0.0020972 secs] [Times: user=0.00 sys=0.00, real=0.00 secs] 
0.709: [GC (Allocation Failure) 0.709: [DefNew: 960K->63K(960K), 0.0028275 secs] 87042K->86766K(524224K), 0.0029443 secs] [Times: user=0.01 sys=0.00, real=0.00 secs] 
0.714: [GC (Allocation Failure) 0.714: [DefNew: 959K->63K(960K), 0.0020491 secs] 87662K->87221K(524224K), 0.0021359 secs] [Times: user=0.00 sys=0.00, real=0.00 secs] 
0.717: [GC (Allocation Failure) 0.717: [DefNew: 959K->63K(960K), 0.0016820 secs] 88118K->87666K(524224K), 0.0017874 secs] [Times: user=0.00 sys=0.00, real=0.00 secs] 
0.721: [GC (Allocation Failure) 0.721: [DefNew: 959K->64K(960K), 0.0019942 secs] 88563K->88148K(524224K), 0.0021055 secs] [Times: user=0.00 sys=0.00, real=0.00 secs] 
0.724: [GC (Allocation Failure) 0.724: [DefNew: 960K->64K(960K), 0.0019374 secs] 89044K->88618K(524224K), 0.0020372 secs] [Times: user=0.02 sys=0.00, real=0.00 secs] 
0.728: [GC (Allocation Failure) 0.728: [DefNew: 960K->64K(960K), 0.0028911 secs] 89514K->89328K(524224K), 0.0030040 secs] [Times: user=0.00 sys=0.00, real=0.00 secs] 
0.733: [GC (Allocation Failure) 0.733: [DefNew: 960K->64K(960K), 0.0021695 secs] 90225K->89781K(524224K), 0.0022630 secs] [Times: user=0.00 sys=0.00, real=0.00 secs] 
0.736: [GC (Allocation Failure) 0.736: [DefNew: 960K->64K(960K), 0.0021458 secs] 90677K->90220K(524224K), 0.0022208 secs] [Times: user=0.00 sys=0.00, real=0.00 secs] 
0.740: [GC (Allocation Failure) 0.740: [DefNew: 960K->63K(960K), 0.0024355 secs] 91116K->90790K(524224K), 0.0025078 secs] [Times: user=0.02 sys=0.00, real=0.00 secs] 
0.743: [GC (Allocation Failure) 0.743: [DefNew: 959K->63K(960K), 0.0019828 secs] 91687K->91237K(524224K), 0.0020582 secs] [Times: user=0.00 sys=0.00, real=0.00 secs] 
0.747: [GC (Allocation Failure) 0.747: [DefNew: 959K->63K(960K), 0.0016855 secs] 92134K->91683K(524224K), 0.0017578 secs] [Times: user=0.00 sys=0.00, real=0.00 secs] 
0.750: [GC (Allocation Failure) 0.750: [DefNew: 959K->63K(960K), 0.0016137 secs] 92579K->92130K(524224K), 0.0016863 secs] [Times: user=0.00 sys=0.00, real=0.00 secs] 
0.754: [GC (Allocation Failure) 0.754: [DefNew: 959K->64K(960K), 0.0019697 secs] 93026K->92626K(524224K), 0.0020526 secs] [Times: user=0.00 sys=0.00, real=0.00 secs] 
0.758: [GC (Allocation Failure) 0.758: [DefNew: 960K->64K(960K), 0.0019907 secs] 93523K->93227K(524224K), 0.0021000 secs] [Times: user=0.00 sys=0.00, real=0.00 secs] 
0.761: [GC (Allocation Failure) 0.761: [DefNew: 960K->64K(960K), 0.0020005 secs] 94124K->93820K(524224K), 0.0020866 secs] [Times: user=0.00 sys=0.00, real=0.00 secs] 
0.765: [GC (Allocation Failure) 0.765: [DefNew: 960K->64K(960K), 0.0024126 secs] 94717K->94312K(524224K), 0.0025007 secs] [Times: user=0.00 sys=0.00, real=0.00 secs] 
0.770: [GC (Allocation Failure) 0.770: [DefNew: 960K->64K(960K), 0.0019500 secs] 95209K->94893K(524224K), 0.0020720 secs] [Times: user=0.00 sys=0.00, real=0.00 secs] 
0.775: [GC (Allocation Failure) 0.775: [DefNew: 960K->63K(960K), 0.0024667 secs] 95790K->95624K(524224K), 0.0025962 secs] [Times: user=0.00 sys=0.00, real=0.00 secs] 
0.780: [GC (Allocation Failure) 0.780: [DefNew: 959K->63K(960K), 0.0018786 secs] 96520K->96116K(524224K), 0.0019543 secs] [Times: user=0.00 sys=0.00, real=0.00 secs] 
0.783: [GC (Allocation Failure) 0.783: [DefNew: 959K->64K(960K), 0.0016832 secs] 97013K->96573K(524224K), 0.0017613 secs] [Times: user=0.00 sys=0.00, real=0.00 secs] 
0.787: [GC (Allocation Failure) 0.787: [DefNew: 960K->63K(960K), 0.0018355 secs] 97470K->97069K(524224K), 0.0019074 secs] [Times: user=0.01 sys=0.00, real=0.00 secs] 
0.790: [GC (Allocation Failure) 0.790: [DefNew: 959K->63K(960K), 0.0020696 secs] 97965K->97633K(524224K), 0.0021715 secs] [Times: user=0.00 sys=0.00, real=0.00 secs] 
0.795: [GC (Allocation Failure) 0.795: [DefNew: 959K->63K(960K), 0.0020368 secs] 98529K->98248K(524224K), 0.0021478 secs] [Times: user=0.00 sys=0.00, real=0.00 secs] 
0.797: [GC (Allocation Failure) 0.797: [DefNew: 959K->63K(960K), 0.0017712 secs] 99144K->98719K(524224K), 0.0018529 secs] [Times: user=0.00 sys=0.00, real=0.00 secs] 
0.801: [GC (Allocation Failure) 0.801: [DefNew: 959K->64K(960K), 0.0016666 secs] 99615K->99210K(524224K), 0.0017432 secs] [Times: user=0.00 sys=0.00, real=0.00 secs] 
0.805: [GC (Allocation Failure) 0.805: [DefNew: 960K->63K(960K), 0.0019228 secs] 100106K->99818K(524224K), 0.0020215 secs] [Times: user=0.00 sys=0.00, real=0.00 secs] 
0.808: [GC (Allocation Failure) 0.809: [DefNew: 959K->63K(960K), 0.0018711 secs] 100714K->100286K(524224K), 0.0019607 secs] [Times: user=0.00 sys=0.00, real=0.00 secs] 
0.812: [GC (Allocation Failure) 0.812: [DefNew: 959K->64K(960K), 0.0017562 secs] 101183K->100790K(524224K), 0.0018608 secs] [Times: user=0.00 sys=0.00, real=0.00 secs] 
0.815: [GC (Allocation Failure) 0.816: [DefNew: 960K->63K(960K), 0.0018521 secs] 101686K->101266K(524224K), 0.0019338 secs] [Times: user=0.00 sys=0.00, real=0.00 secs] 
0.819: [GC (Allocation Failure) 0.819: [DefNew: 959K->63K(960K), 0.0018430 secs] 102162K->101731K(524224K), 0.0019386 secs] [Times: user=0.02 sys=0.00, real=0.00 secs] 
0.824: [GC (Allocation Failure) 0.824: [DefNew: 959K->64K(960K), 0.0020301 secs] 102627K->102218K(524224K), 0.0021474 secs] [Times: user=0.00 sys=0.00, real=0.00 secs] 
0.828: [GC (Allocation Failure) 0.828: [DefNew: 960K->63K(960K), 0.0019575 secs] 103115K->102787K(524224K), 0.0020996 secs] [Times: user=0.00 sys=0.00, real=0.00 secs] 
0.831: [GC (Allocation Failure) 0.831: [DefNew: 959K->63K(960K), 0.0017795 secs] 103683K->103282K(524224K), 0.0018837 secs] [Times: user=0.00 sys=0.00, real=0.00 secs] 
0.834: [GC (Allocation Failure) 0.834: [DefNew: 959K->63K(960K), 0.0017913 secs] 104179K->103747K(524224K), 0.0018699 secs] [Times: user=0.01 sys=0.00, real=0.00 secs] 
0.838: [GC (Allocation Failure) 0.838: [DefNew: 959K->63K(960K), 0.0016350 secs] 104644K->104238K(524224K), 0.0017092 secs] [Times: user=0.00 sys=0.00, real=0.00 secs] 
0.842: [GC (Allocation Failure) 0.842: [DefNew: 959K->63K(960K), 0.0017278 secs] 105135K->104692K(524224K), 0.0018343 secs] [Times: user=0.00 sys=0.00, real=0.00 secs] 
0.845: [GC (Allocation Failure) 0.845: [DefNew: 959K->64K(960K), 0.0017396 secs] 105589K->105171K(524224K), 0.0018324 secs] [Times: user=0.00 sys=0.00, real=0.00 secs] 
0.849: [GC (Allocation Failure) 0.849: [DefNew: 960K->63K(960K), 0.0016508 secs] 106068K->105655K(524224K), 0.0017230 secs] [Times: user=0.00 sys=0.00, real=0.00 secs] 
0.852: [GC (Allocation Failure) 0.853: [DefNew: 959K->64K(960K), 0.0017637 secs] 106552K->106161K(524224K), 0.0018478 secs] [Times: user=0.00 sys=0.00, real=0.00 secs] 
0.856: [GC (Allocation Failure) 0.856: [DefNew: 960K->64K(960K), 0.0019137 secs] 107058K->106713K(524224K), 0.0019982 secs] [Times: user=0.00 sys=0.00, real=0.00 secs] 
0.860: [GC (Allocation Failure) 0.860: [DefNew: 960K->63K(960K), 0.0020503 secs] 107609K->107161K(524224K), 0.0021482 secs] [Times: user=0.00 sys=0.00, real=0.00 secs] 
0.863: [GC (Allocation Failure) 0.863: [DefNew: 959K->63K(960K), 0.0016796 secs] 108057K->107626K(524224K), 0.0017483 secs] [Times: user=0.00 sys=0.00, real=0.00 secs] 
0.868: [GC (Allocation Failure) 0.868: [DefNew: 959K->63K(960K), 0.0017684 secs] 108523K->108091K(524224K), 0.0018651 secs] [Times: user=0.00 sys=0.00, real=0.00 secs] 
0.875: [GC (Allocation Failure) 0.875: [DefNew: 959K->63K(960K), 0.0018170 secs] 108988K->108609K(524224K), 0.0019093 secs] [Times: user=0.00 sys=0.00, real=0.00 secs] 
0.879: [GC (Allocation Failure) 0.879: [DefNew: 959K->64K(960K), 0.0018450 secs] 109506K->109102K(524224K), 0.0019366 secs] [Times: user=0.00 sys=0.00, real=0.00 secs] 
0.883: [GC (Allocation Failure) 0.883: [DefNew: 960K->64K(960K), 0.0017882 secs] 109999K->109574K(524224K), 0.0018746 secs] [Times: user=0.00 sys=0.00, real=0.00 secs] 
0.886: [GC (Allocation Failure) 0.886: [DefNew: 960K->63K(960K), 0.0017613 secs] 110471K->110043K(524224K), 0.0018489 secs] [Times: user=0.00 sys=0.00, real=0.00 secs] 
0.890: [GC (Allocation Failure) 0.890: [DefNew: 959K->63K(960K), 0.0019701 secs] 110939K->110510K(524224K), 0.0020657 secs] [Times: user=0.00 sys=0.00, real=0.00 secs] 
0.893: [GC (Allocation Failure) 0.893: [DefNew: 959K->63K(960K), 0.0021568 secs] 111406K->110986K(524224K), 0.0022622 secs] [Times: user=0.00 sys=0.00, real=0.00 secs] 
0.897: [GC (Allocation Failure) 0.897: [DefNew: 959K->64K(960K), 0.0018134 secs] 111882K->111489K(524224K), 0.0019062 secs] [Times: user=0.02 sys=0.00, real=0.00 secs] 
0.911: [GC (Allocation Failure) 0.911: [DefNew: 960K->63K(960K), 0.0060588 secs] 114434K->113966K(524224K), 0.0061725 secs] [Times: user=0.02 sys=0.00, real=0.01 secs] 
0.919: [GC (Allocation Failure) 0.919: [DefNew: 959K->64K(960K), 0.0015793 secs] 114862K->114400K(524224K), 0.0016705 secs] [Times: user=0.00 sys=0.00, real=0.00 secs] 
0.923: [GC (Allocation Failure) 0.923: [DefNew: 960K->64K(960K), 0.0018122 secs] 115296K->114874K(524224K), 0.0019299 secs] [Times: user=0.00 sys=0.00, real=0.00 secs] 
0.926: [GC (Allocation Failure) 0.926: [DefNew: 960K->63K(960K), 0.0020767 secs] 115771K->115403K(524224K), 0.0021659 secs] [Times: user=0.00 sys=0.00, real=0.00 secs] 
0.930: [GC (Allocation Failure) 0.930: [DefNew: 959K->64K(960K), 0.0023440 secs] 116299K->115858K(524224K), 0.0024600 secs] [Times: user=0.00 sys=0.00, real=0.00 secs] 
0.934: [GC (Allocation Failure) 0.934: [DefNew: 960K->64K(960K), 0.0020767 secs] 116754K->116297K(524224K), 0.0021667 secs] [Times: user=0.00 sys=0.00, real=0.00 secs] 
0.938: [GC (Allocation Failure) 0.938: [DefNew: 960K->63K(960K), 0.0016492 secs] 117194K->116768K(524224K), 0.0017392 secs] [Times: user=0.00 sys=0.00, real=0.00 secs] 
0.942: [GC (Allocation Failure) 0.942: [DefNew: 959K->64K(960K), 0.0017380 secs] 117665K->117275K(524224K), 0.0018296 secs] [Times: user=0.00 sys=0.00, real=0.00 secs] 
0.945: [GC (Allocation Failure) 0.945: [DefNew: 960K->63K(960K), 0.0017953 secs] 118172K->117775K(524224K), 0.0018829 secs] [Times: user=0.00 sys=0.00, real=0.00 secs] 
0.949: [GC (Allocation Failure) 0.949: [DefNew: 959K->64K(960K), 0.0017507 secs] 118671K->118244K(524224K), 0.0018375 secs] [Times: user=0.00 sys=0.00, real=0.00 secs] 
0.952: [GC (Allocation Failure) 0.952: [DefNew: 960K->63K(960K), 0.0015821 secs] 119141K->118694K(524224K), 0.0016603 secs] [Times: user=0.00 sys=0.00, real=0.00 secs] 
0.956: [GC (Allocation Failure) 0.956: [DefNew: 959K->63K(960K), 0.0018643 secs] 119590K->119306K(524224K), 0.0019551 secs] [Times: user=0.00 sys=0.00, real=0.00 secs] 
0.960: [GC (Allocation Failure) 0.960: [DefNew: 959K->64K(960K), 0.0021774 secs] 120202K->119852K(524224K), 0.0022934 secs] [Times: user=0.00 sys=0.00, real=0.00 secs] 
0.963: [GC (Allocation Failure) 0.963: [DefNew: 960K->64K(960K), 0.0017128 secs] 120749K->120280K(524224K), 0.0018130 secs] [Times: user=0.00 sys=0.00, real=0.00 secs] 
0.967: [GC (Allocation Failure) 0.967: [DefNew: 960K->63K(960K), 0.0016354 secs] 121177K->120774K(524224K), 0.0017305 secs] [Times: user=0.00 sys=0.00, real=0.00 secs] 
0.973: [GC (Allocation Failure) 0.973: [DefNew: 959K->63K(960K), 0.0020463 secs] 121671K->121337K(524224K), 0.0021643 secs] [Times: user=0.00 sys=0.00, real=0.00 secs] 
0.977: [GC (Allocation Failure) 0.977: [DefNew: 959K->63K(960K), 0.0020578 secs] 122233K->121940K(524224K), 0.0021865 secs] [Times: user=0.00 sys=0.00, real=0.00 secs] 
0.980: [GC (Allocation Failure) 0.980: [DefNew: 959K->63K(960K), 0.0018371 secs] 122837K->122392K(524224K), 0.0019113 secs] [Times: user=0.00 sys=0.00, real=0.00 secs] 
0.984: [GC (Allocation Failure) 0.984: [DefNew: 959K->64K(960K), 0.0016784 secs] 123288K->122856K(524224K), 0.0017617 secs] [Times: user=0.00 sys=0.00, real=0.00 secs] 
0.988: [GC (Allocation Failure) 0.988: [DefNew: 960K->64K(960K), 0.0016942 secs] 123752K->123339K(524224K), 0.0017739 secs] [Times: user=0.00 sys=0.00, real=0.00 secs] 
0.991: [GC (Allocation Failure) 0.992: [DefNew: 960K->64K(960K), 0.0023842 secs] 124236K->123872K(524224K), 0.0025405 secs] [Times: user=0.00 sys=0.00, real=0.00 secs] 
0.996: [GC (Allocation Failure) 0.996: [DefNew: 960K->63K(960K), 0.0019074 secs] 124768K->124402K(524224K), 0.0020100 secs] [Times: user=0.00 sys=0.00, real=0.00 secs] 
0.999: [GC (Allocation Failure) 0.999: [DefNew: 959K->64K(960K), 0.0016859 secs] 125299K->124859K(524224K), 0.0017633 secs] [Times: user=0.00 sys=0.00, real=0.00 secs] 
1.003: [GC (Allocation Failure) 1.003: [DefNew: 960K->63K(960K), 0.0016468 secs] 125756K->125368K(524224K), 0.0017226 secs] [Times: user=0.00 sys=0.00, real=0.00 secs] 
1.007: [GC (Allocation Failure) 1.076: [DefNew: 959K->63K(960K), 0.0025153 secs] 126265K->125843K(524224K), 0.0713752 secs] [Times: user=0.00 sys=0.00, real=0.07 secs] 
1.080: [GC (Allocation Failure) 1.081: [DefNew: 959K->63K(960K), 0.0025792 secs] 126739K->126491K(524224K), 0.0027047 secs] [Times: user=0.00 sys=0.00, real=0.00 secs] 
1.085: [GC (Allocation Failure) 1.085: [DefNew: 959K->63K(960K), 0.0028662 secs] 127387K->127140K(524224K), 0.0029854 secs] [Times: user=0.00 sys=0.00, real=0.00 secs] 
1.101: [GC (Allocation Failure) 1.101: [DefNew: 959K->63K(960K), 0.0030722 secs] 128037K->127705K(524224K), 0.0031895 secs] [Times: user=0.01 sys=0.00, real=0.00 secs] 
1.107: [GC (Allocation Failure) 1.107: [DefNew: 959K->63K(960K), 0.0028875 secs] 128601K->128376K(524224K), 0.0029996 secs] [Times: user=0.00 sys=0.00, real=0.00 secs] 
1.111: [GC (Allocation Failure) 1.111: [DefNew: 959K->64K(960K), 0.0020262 secs] 129273K->128836K(524224K), 0.0021075 secs] [Times: user=0.00 sys=0.00, real=0.00 secs] 
1.115: [GC (Allocation Failure) 1.115: [DefNew: 960K->63K(960K), 0.0020917 secs] 129733K->129299K(524224K), 0.0021951 secs] [Times: user=0.02 sys=0.00, real=0.00 secs] 
1.119: [GC (Allocation Failure) 1.119: [DefNew: 959K->63K(960K), 0.0028997 secs] 130197K->129979K(524224K), 0.0029945 secs] [Times: user=0.00 sys=0.00, real=0.00 secs] 
1.123: [GC (Allocation Failure) 1.123: [DefNew: 959K->63K(960K), 0.0027691 secs] 130876K->130521K(524224K), 0.0028709 secs] [Times: user=0.00 sys=0.00, real=0.00 secs] 
1.128: [GC (Allocation Failure) 1.128: [DefNew: 959K->64K(960K), 0.0027632 secs] 131418K->131190K(524224K), 0.0028658 secs] [Times: user=0.00 sys=0.00, real=0.00 secs] 
1.132: [GC (Allocation Failure) 1.133: [DefNew: 960K->63K(960K), 0.0031236 secs] 132086K->131807K(524224K), 0.0032242 secs] [Times: user=0.00 sys=0.00, real=0.00 secs] 
1.137: [GC (Allocation Failure) 1.137: [DefNew: 959K->64K(960K), 0.0022950 secs] 132704K->132444K(524224K), 0.0023815 secs] [Times: user=0.00 sys=0.00, real=0.00 secs] 
1.141: [GC (Allocation Failure) 1.141: [DefNew: 960K->63K(960K), 0.0023574 secs] 133342K->133036K(524224K), 0.0024730 secs] [Times: user=0.00 sys=0.00, real=0.00 secs] 
1.144: [GC (Allocation Failure) 1.144: [DefNew: 959K->63K(960K), 0.0023116 secs] 133933K->133708K(524224K), 0.0023949 secs] [Times: user=0.00 sys=0.00, real=0.00 secs] 
1.148: [GC (Allocation Failure) 1.148: [DefNew: 959K->63K(960K), 0.0024217 secs] 134607K->134395K(524224K), 0.0025350 secs] [Times: user=0.00 sys=0.00, real=0.00 secs] 
1.152: [GC (Allocation Failure) 1.152: [DefNew: 959K->64K(960K), 0.0021387 secs] 135291K->134987K(524224K), 0.0022263 secs] [Times: user=0.00 sys=0.00, real=0.00 secs] 
1.156: [GC (Allocation Failure) 1.156: [DefNew: 960K->63K(960K), 0.0027912 secs] 135884K->135594K(524224K), 0.0029088 secs] [Times: user=0.00 sys=0.00, real=0.00 secs] 
1.161: [GC (Allocation Failure) 1.161: [DefNew: 959K->63K(960K), 0.0029471 secs] 136490K->136180K(524224K), 0.0030924 secs] [Times: user=0.02 sys=0.00, real=0.00 secs] 
1.165: [GC (Allocation Failure) 1.165: [DefNew: 959K->64K(960K), 0.0024722 secs] 137077K->136821K(524224K), 0.0025725 secs] [Times: user=0.00 sys=0.00, real=0.00 secs] 
1.170: [GC (Allocation Failure) 1.170: [DefNew: 960K->63K(960K), 0.0032017 secs] 137719K->137503K(524224K), 0.0033367 secs] [Times: user=0.00 sys=0.00, real=0.00 secs] 
1.174: [GC (Allocation Failure) 1.174: [DefNew: 959K->63K(960K), 0.0023171 secs] 138399K->138007K(524224K), 0.0024091 secs] [Times: user=0.00 sys=0.00, real=0.00 secs] 
1.178: [GC (Allocation Failure) 1.178: [DefNew: 959K->63K(960K), 0.0019461 secs] 138905K->138504K(524224K), 0.0020455 secs] [Times: user=0.02 sys=0.00, real=0.00 secs] 
1.181: [GC (Allocation Failure) 1.182: [DefNew: 959K->63K(960K), 0.0019879 secs] 139401K->139071K(524224K), 0.0021008 secs] [Times: user=0.00 sys=0.00, real=0.00 secs] 
1.185: [GC (Allocation Failure) 1.185: [DefNew: 959K->63K(960K), 0.0019295 secs] 139968K->139595K(524224K), 0.0020163 secs] [Times: user=0.00 sys=0.00, real=0.00 secs] 
1.188: [GC (Allocation Failure) 1.188: [DefNew: 959K->63K(960K), 0.0018399 secs] 140492K->140055K(524224K), 0.0019271 secs] [Times: user=0.00 sys=0.00, real=0.00 secs] 
1.192: [GC (Allocation Failure) 1.192: [DefNew: 959K->63K(960K), 0.0024343 secs] 140952K->140634K(524224K), 0.0025504 secs] [Times: user=0.02 sys=0.00, real=0.00 secs] 
1.197: [GC (Allocation Failure) 1.197: [DefNew: 959K->63K(960K), 0.0019796 secs] 141530K->141138K(524224K), 0.0020692 secs] [Times: user=0.00 sys=0.00, real=0.00 secs] 
1.200: [GC (Allocation Failure) 1.200: [DefNew: 959K->64K(960K), 0.0017791 secs] 142035K->141612K(524224K), 0.0018549 secs] [Times: user=0.00 sys=0.00, real=0.00 secs] 
1.204: [GC (Allocation Failure) 1.204: [DefNew: 960K->63K(960K), 0.0017211 secs] 142509K->142113K(524224K), 0.0018004 secs] [Times: user=0.00 sys=0.00, real=0.00 secs] 
1.207: [GC (Allocation Failure) 1.207: [DefNew: 959K->63K(960K), 0.0017929 secs] 143010K->142571K(524224K), 0.0018730 secs] [Times: user=0.00 sys=0.00, real=0.00 secs] 
1.211: [GC (Allocation Failure) 1.211: [DefNew: 959K->64K(960K), 0.0019453 secs] 143468K->143134K(524224K), 0.0020337 secs] [Times: user=0.00 sys=0.00, real=0.00 secs] 
1.215: [GC (Allocation Failure) 1.215: [DefNew: 960K->63K(960K), 0.0018829 secs] 144032K->143612K(524224K), 0.0019626 secs] [Times: user=0.00 sys=0.00, real=0.00 secs] 
1.218: [GC (Allocation Failure) 1.218: [DefNew: 959K->63K(960K), 0.0017657 secs] 144509K->144068K(524224K), 0.0018462 secs] [Times: user=0.00 sys=0.00, real=0.00 secs] 
1.222: [GC (Allocation Failure) 1.222: [DefNew: 959K->64K(960K), 0.0018355 secs] 144964K->144565K(524224K), 0.0019232 secs] [Times: user=0.00 sys=0.00, real=0.00 secs] 
1.225: [GC (Allocation Failure) 1.226: [DefNew: 960K->64K(960K), 0.0021497 secs] 145462K->145007K(524224K), 0.0023226 secs] [Times: user=0.00 sys=0.00, real=0.00 secs] 
1.229: [GC (Allocation Failure) 1.229: [DefNew: 960K->63K(960K), 0.0017708 secs] 145904K->145540K(524224K), 0.0018588 secs] [Times: user=0.00 sys=0.00, real=0.00 secs] 
1.233: [GC (Allocation Failure) 1.233: [DefNew: 959K->63K(960K), 0.0018257 secs] 146437K->146017K(524224K), 0.0019164 secs] [Times: user=0.00 sys=0.00, real=0.00 secs] 
1.236: [GC (Allocation Failure) 1.236: [DefNew: 959K->64K(960K), 0.0018146 secs] 146914K->146468K(524224K), 0.0019038 secs] [Times: user=0.00 sys=0.00, real=0.00 secs] 
1.240: [GC (Allocation Failure) 1.240: [DefNew: 960K->63K(960K), 0.0017605 secs] 147365K->146979K(524224K), 0.0018391 secs] [Times: user=0.01 sys=0.00, real=0.00 secs] 
1.244: [GC (Allocation Failure) 1.244: [DefNew: 959K->63K(960K), 0.0019918 secs] 147876K->147558K(524224K), 0.0020743 secs] [Times: user=0.00 sys=0.00, real=0.00 secs] 
1.247: [GC (Allocation Failure) 1.247: [DefNew: 959K->63K(960K), 0.0018793 secs] 148454K->148042K(524224K), 0.0019374 secs] [Times: user=0.00 sys=0.00, real=0.00 secs] 
1.251: [GC (Allocation Failure) 1.251: [DefNew: 959K->64K(960K), 0.0016682 secs] 148939K->148516K(524224K), 0.0017234 secs] [Times: user=0.00 sys=0.00, real=0.00 secs] 
1.254: [GC (Allocation Failure) 1.254: [DefNew: 960K->64K(960K), 0.0017613 secs] 149412K->148981K(524224K), 0.0018399 secs] [Times: user=0.00 sys=0.00, real=0.00 secs] 
1.258: [GC (Allocation Failure) 1.258: [DefNew: 960K->63K(960K), 0.0023096 secs] 149877K->149588K(524224K), 0.0024758 secs] [Times: user=0.00 sys=0.00, real=0.00 secs] 
1.262: [GC (Allocation Failure) 1.263: [DefNew: 959K->64K(960K), 0.0020858 secs] 150485K->150152K(524224K), 0.0021671 secs] [Times: user=0.00 sys=0.00, real=0.00 secs] 
1.266: [GC (Allocation Failure) 1.266: [DefNew: 960K->64K(960K), 0.0025141 secs] 151049K->150699K(524224K), 0.0026033 secs] [Times: user=0.00 sys=0.00, real=0.00 secs] 
1.271: [GC (Allocation Failure) 1.271: [DefNew: 960K->64K(960K), 0.0025591 secs] 151595K->151269K(524224K), 0.0026767 secs] [Times: user=0.02 sys=0.00, real=0.00 secs] 
1.275: [GC (Allocation Failure) 1.275: [DefNew: 960K->64K(960K), 0.0021612 secs] 152166K->151897K(524224K), 0.0022686 secs] [Times: user=0.00 sys=0.00, real=0.00 secs] 
1.279: [GC (Allocation Failure) 1.279: [DefNew: 960K->63K(960K), 0.0022015 secs] 152793K->152468K(524224K), 0.0023068 secs] [Times: user=0.00 sys=0.00, real=0.00 secs] 
1.282: [GC (Allocation Failure) 1.282: [DefNew: 959K->63K(960K), 0.0018963 secs] 153364K->152943K(524224K), 0.0019658 secs] [Times: user=0.00 sys=0.00, real=0.00 secs] 
1.286: [GC (Allocation Failure) 1.286: [DefNew: 959K->63K(960K), 0.0019425 secs] 153839K->153449K(524224K), 0.0020463 secs] [Times: user=0.01 sys=0.00, real=0.00 secs] 
1.290: [GC (Allocation Failure) 1.290: [DefNew: 959K->63K(960K), 0.0024288 secs] 154345K->154159K(524224K), 0.0025425 secs] [Times: user=0.00 sys=0.00, real=0.00 secs] 
1.294: [GC (Allocation Failure) 1.295: [DefNew: 959K->64K(960K), 0.0027261 secs] 155055K->154774K(524224K), 0.0028401 secs] [Times: user=0.00 sys=0.00, real=0.00 secs] 
1.299: [GC (Allocation Failure) 1.299: [DefNew: 960K->64K(960K), 0.0021343 secs] 155671K->155356K(524224K), 0.0022188 secs] [Times: user=0.00 sys=0.00, real=0.00 secs] 
1.302: [GC (Allocation Failure) 1.302: [DefNew: 960K->64K(960K), 0.0024797 secs] 156252K->155934K(524224K), 0.0025836 secs] [Times: user=0.02 sys=0.00, real=0.00 secs] 
1.307: [GC (Allocation Failure) 1.307: [DefNew: 960K->63K(960K), 0.0021588 secs] 156831K->156431K(524224K), 0.0022543 secs] [Times: user=0.00 sys=0.00, real=0.00 secs] 
1.310: [GC (Allocation Failure) 1.310: [DefNew: 959K->63K(960K), 0.0021276 secs] 157329K->157107K(524224K), 0.0022121 secs] [Times: user=0.00 sys=0.00, real=0.00 secs] 
1.314: [GC (Allocation Failure) 1.314: [DefNew: 959K->63K(960K), 0.0023511 secs] 158003K->157783K(524224K), 0.0024375 secs] [Times: user=0.00 sys=0.00, real=0.00 secs] 
1.317: [GC (Allocation Failure) 1.317: [DefNew: 959K->64K(960K), 0.0023475 secs] 158680K->158352K(524224K), 0.0024340 secs] [Times: user=0.02 sys=0.00, real=0.00 secs] 
1.321: [GC (Allocation Failure) 1.321: [DefNew: 960K->63K(960K), 0.0023167 secs] 159249K->158987K(524224K), 0.0024004 secs] [Times: user=0.00 sys=0.00, real=0.00 secs] 
1.325: [GC (Allocation Failure) 1.325: [DefNew: 959K->64K(960K), 0.0031259 secs] 159884K->159549K(524224K), 0.0032290 secs] [Times: user=0.00 sys=0.00, real=0.00 secs] 
1.329: [GC (Allocation Failure) 1.329: [DefNew: 960K->63K(960K), 0.0022915 secs] 160445K->160014K(524224K), 0.0023696 secs] [Times: user=0.00 sys=0.00, real=0.00 secs] 
1.333: [GC (Allocation Failure) 1.333: [DefNew: 959K->63K(960K), 0.0027150 secs] 160910K->160686K(524224K), 0.0028030 secs] [Times: user=0.02 sys=0.00, real=0.00 secs] 
1.337: [GC (Allocation Failure) 1.337: [DefNew: 959K->63K(960K), 0.0022757 secs] 161583K->161300K(524224K), 0.0023546 secs] [Times: user=0.00 sys=0.00, real=0.00 secs] 
1.341: [GC (Allocation Failure) 1.341: [DefNew: 959K->64K(960K), 0.0024490 secs] 162198K->161943K(524224K), 0.0025488 secs] [Times: user=0.00 sys=0.00, real=0.00 secs] 
1.345: [GC (Allocation Failure) 1.345: [DefNew: 960K->64K(960K), 0.0028393 secs] 162840K->162481K(524224K), 0.0029357 secs] [Times: user=0.00 sys=0.00, real=0.00 secs] 
1.350: [GC (Allocation Failure) 1.350: [DefNew: 960K->64K(960K), 0.0020124 secs] 163377K->162994K(524224K), 0.0021004 secs] [Times: user=0.00 sys=0.00, real=0.00 secs] 
1.354: [GC (Allocation Failure) 1.354: [DefNew: 960K->63K(960K), 0.0028899 secs] 163890K->163637K(524224K), 0.0029917 secs] [Times: user=0.00 sys=0.00, real=0.00 secs] 
1.358: [GC (Allocation Failure) 1.358: [DefNew: 959K->63K(960K), 0.0027229 secs] 164534K->164170K(524224K), 0.0028425 secs] [Times: user=0.00 sys=0.00, real=0.00 secs] 
1.363: [GC (Allocation Failure) 1.363: [DefNew: 959K->64K(960K), 0.0019721 secs] 165066K->164668K(524224K), 0.0020518 secs] [Times: user=0.00 sys=0.00, real=0.00 secs] 
1.367: [GC (Allocation Failure) 1.367: [DefNew: 960K->64K(960K), 0.0022018 secs] 165565K->165237K(524224K), 0.0023049 secs] [Times: user=0.00 sys=0.00, real=0.00 secs] 
1.370: [GC (Allocation Failure) 1.370: [DefNew: 960K->63K(960K), 0.0023479 secs] 166133K->165784K(524224K), 0.0024691 secs] [Times: user=0.00 sys=0.00, real=0.00 secs] 
1.373: [GC (Allocation Failure) 1.373: [DefNew: 959K->64K(960K), 0.0021083 secs] 166681K->166250K(524224K), 0.0022007 secs] [Times: user=0.00 sys=0.00, real=0.00 secs] 
1.377: [GC (Allocation Failure) 1.377: [DefNew: 960K->64K(960K), 0.0018304 secs] 167147K->166753K(524224K), 0.0019196 secs] [Times: user=0.00 sys=0.00, real=0.00 secs] 
1.381: [GC (Allocation Failure) 1.381: [DefNew: 960K->63K(960K), 0.0021253 secs] 167649K->167292K(524224K), 0.0022484 secs] [Times: user=0.00 sys=0.00, real=0.00 secs] 
1.384: [GC (Allocation Failure) 1.384: [DefNew: 959K->64K(960K), 0.0017574 secs] 168188K->167751K(524224K), 0.0018371 secs] [Times: user=0.00 sys=0.00, real=0.00 secs] 
1.388: [GC (Allocation Failure) 1.388: [DefNew: 960K->64K(960K), 0.0018817 secs] 168648K->168283K(524224K), 0.0019618 secs] [Times: user=0.00 sys=0.00, real=0.00 secs] 
1.392: [GC (Allocation Failure) 1.392: [DefNew: 960K->63K(960K), 0.0020992 secs] 169180K->168774K(524224K), 0.0022054 secs] [Times: user=0.00 sys=0.00, real=0.00 secs] 
1.395: [GC (Allocation Failure) 1.395: [DefNew: 959K->64K(960K), 0.0022078 secs] 169670K->169362K(524224K), 0.0023140 secs] [Times: user=0.02 sys=0.00, real=0.00 secs] 
1.399: [GC (Allocation Failure) 1.399: [DefNew: 960K->63K(960K), 0.0019366 secs] 170258K->169864K(524224K), 0.0020230 secs] [Times: user=0.00 sys=0.00, real=0.00 secs] 
1.402: [GC (Allocation Failure) 1.402: [DefNew: 959K->64K(960K), 0.0017550 secs] 170760K->170338K(524224K), 0.0018249 secs] [Times: user=0.00 sys=0.00, real=0.00 secs] 
1.406: [GC (Allocation Failure) 1.406: [DefNew: 960K->64K(960K), 0.0017321 secs] 171234K->170830K(524224K), 0.0018189 secs] [Times: user=0.00 sys=0.00, real=0.00 secs] 
1.410: [GC (Allocation Failure) 1.410: [DefNew: 960K->63K(960K), 0.0018691 secs] 171727K->171319K(524224K), 0.0019461 secs] [Times: user=0.00 sys=0.00, real=0.00 secs] 
1.414: [GC (Allocation Failure) 1.414: [DefNew: 959K->63K(960K), 0.0019172 secs] 172215K->171783K(524224K), 0.0020230 secs] [Times: user=0.00 sys=0.00, real=0.00 secs] 
1.417: [GC (Allocation Failure) 1.417: [DefNew: 959K->63K(960K), 0.0017708 secs] 172680K->172248K(524224K), 0.0018525 secs] [Times: user=0.00 sys=0.00, real=0.00 secs] 
1.421: [GC (Allocation Failure) 1.421: [DefNew: 959K->63K(960K), 0.0018075 secs] 173144K->172732K(524224K), 0.0018805 secs] [Times: user=0.00 sys=0.00, real=0.00 secs] 
1.424: [GC (Allocation Failure) 1.424: [DefNew: 959K->64K(960K), 0.0020941 secs] 173628K->173231K(524224K), 0.0021928 secs] [Times: user=0.00 sys=0.00, real=0.00 secs] 
1.428: [GC (Allocation Failure) 1.428: [DefNew: 960K->64K(960K), 0.0022421 secs] 174128K->173881K(524224K), 0.0023321 secs] [Times: user=0.02 sys=0.00, real=0.00 secs] 
1.432: [GC (Allocation Failure) 1.432: [DefNew: 960K->63K(960K), 0.0020499 secs] 174777K->174388K(524224K), 0.0021201 secs] [Times: user=0.00 sys=0.00, real=0.00 secs] 
1.436: [GC (Allocation Failure) 1.436: [DefNew: 959K->64K(960K), 0.0017593 secs] 175284K->174848K(524224K), 0.0018221 secs] [Times: user=0.00 sys=0.00, real=0.00 secs] 
1.440: [GC (Allocation Failure) 1.440: [DefNew: 960K->64K(960K), 0.0018217 secs] 175744K->175374K(524224K), 0.0018955 secs] [Times: user=0.00 sys=0.00, real=0.00 secs] 
1.443: [GC (Allocation Failure) 1.443: [DefNew: 960K->63K(960K), 0.0019058 secs] 176272K->175878K(524224K), 0.0019753 secs] [Times: user=0.02 sys=0.00, real=0.00 secs] 
1.447: [GC (Allocation Failure) 1.447: [DefNew: 959K->63K(960K), 0.0018099 secs] 176775K->176343K(524224K), 0.0018758 secs] [Times: user=0.00 sys=0.00, real=0.00 secs] 
1.450: [GC (Allocation Failure) 1.450: [DefNew: 959K->64K(960K), 0.0017376 secs] 177239K->176834K(524224K), 0.0017957 secs] [Times: user=0.00 sys=0.00, real=0.00 secs] 
1.454: [GC (Allocation Failure) 1.454: [DefNew: 960K->63K(960K), 0.0019275 secs] 177731K->177307K(524224K), 0.0020037 secs] [Times: user=0.00 sys=0.00, real=0.00 secs] 
1.458: [GC (Allocation Failure) 1.458: [DefNew: 959K->63K(960K), 0.0020637 secs] 178203K->177802K(524224K), 0.0021458 secs] [Times: user=0.02 sys=0.00, real=0.00 secs] 
1.461: [GC (Allocation Failure) 1.462: [DefNew: 959K->63K(960K), 0.0022026 secs] 178698K->178322K(524224K), 0.0024059 secs] [Times: user=0.00 sys=0.00, real=0.00 secs] 
1.468: [GC (Allocation Failure) 1.468: [DefNew: 959K->64K(960K), 0.0019729 secs] 179219K->178802K(524224K), 0.0020688 secs] [Times: user=0.00 sys=0.00, real=0.00 secs] 
1.478: [GC (Allocation Failure) 1.478: [DefNew: 960K->64K(960K), 0.0020392 secs] 179699K->179287K(524224K), 0.0021683 secs] [Times: user=0.00 sys=0.00, real=0.00 secs] 
1.485: [GC (Allocation Failure) 1.485: [DefNew: 960K->63K(960K), 0.0020242 secs] 180184K->179802K(524224K), 0.0021166 secs] [Times: user=0.00 sys=0.00, real=0.00 secs] 
1.488: [GC (Allocation Failure) 1.488: [DefNew: 959K->63K(960K), 0.0018521 secs] 180698K->180280K(524224K), 0.0019386 secs] [Times: user=0.00 sys=0.00, real=0.00 secs] 
1.492: [GC (Allocation Failure) 1.492: [DefNew: 959K->63K(960K), 0.0021300 secs] 181176K->180794K(524224K), 0.0022891 secs] [Times: user=0.00 sys=0.00, real=0.00 secs] 
1.495: [GC (Allocation Failure) 1.495: [DefNew: 959K->63K(960K), 0.0022930 secs] 181690K->181312K(524224K), 0.0023846 secs] [Times: user=0.00 sys=0.00, real=0.00 secs] 
1.499: [GC (Allocation Failure) 1.499: [DefNew: 959K->63K(960K), 0.0031543 secs] 182209K->182053K(524224K), 0.0032775 secs] [Times: user=0.00 sys=0.00, real=0.00 secs] 
1.504: [GC (Allocation Failure) 1.504: [DefNew: 959K->64K(960K), 0.0036095 secs] 182950K->182775K(524224K), 0.0037196 secs] [Times: user=0.01 sys=0.00, real=0.00 secs] 
1.510: [GC (Allocation Failure) 1.510: [DefNew: 960K->64K(960K), 0.0036533 secs] 183673K->183500K(524224K), 0.0037796 secs] [Times: user=0.00 sys=0.00, real=0.00 secs] 
1.514: [GC (Allocation Failure) 1.514: [DefNew: 960K->64K(960K), 0.0022153 secs] 184397K->183963K(524224K), 0.0022851 secs] [Times: user=0.00 sys=0.00, real=0.00 secs] 
1.518: [GC (Allocation Failure) 1.518: [DefNew: 960K->63K(960K), 0.0018130 secs] 184860K->184442K(524224K), 0.0018857 secs] [Times: user=0.00 sys=0.00, real=0.00 secs] 
1.522: [GC (Allocation Failure) 1.522: [DefNew: 959K->64K(960K), 0.0021608 secs] 185339K->185060K(524224K), 0.0022488 secs] [Times: user=0.00 sys=0.00, real=0.00 secs] 
1.525: [GC (Allocation Failure) 1.525: [DefNew: 960K->64K(960K), 0.0029897 secs] 185956K->185758K(524224K), 0.0030711 secs] [Times: user=0.00 sys=0.00, real=0.00 secs] 
1.530: [GC (Allocation Failure) 1.530: [DefNew: 960K->63K(960K), 0.0025540 secs] 186655K->186470K(524224K), 0.0026317 secs] [Times: user=0.00 sys=0.00, real=0.00 secs] 
1.534: [GC (Allocation Failure) 1.534: [DefNew: 959K->64K(960K), 0.0026807 secs] 187366K->186927K(524224K), 0.0027565 secs] [Times: user=0.00 sys=0.01, real=0.00 secs] 
1.539: [GC (Allocation Failure) 1.539: [DefNew: 960K->63K(960K), 0.0025168 secs] 187823K->187441K(524224K), 0.0026065 secs] [Times: user=0.00 sys=0.00, real=0.00 secs] 
1.543: [GC (Allocation Failure) 1.543: [DefNew: 959K->64K(960K), 0.0021304 secs] 188337K->187912K(524224K), 0.0022074 secs] [Times: user=0.00 sys=0.00, real=0.00 secs] 
1.547: [GC (Allocation Failure) 1.547: [DefNew: 960K->64K(960K), 0.0017589 secs] 188809K->188379K(524224K), 0.0018253 secs] [Times: user=0.00 sys=0.00, real=0.00 secs] 
1.551: [GC (Allocation Failure) 1.551: [DefNew: 960K->64K(960K), 0.0018288 secs] 189276K->188832K(524224K), 0.0019003 secs] [Times: user=0.00 sys=0.02, real=0.00 secs] 
1.554: [GC (Allocation Failure) 1.554: [DefNew: 960K->63K(960K), 0.0023901 secs] 189729K->189305K(524224K), 0.0024671 secs] [Times: user=0.00 sys=0.00, real=0.00 secs] 
1.558: [GC (Allocation Failure) 1.558: [DefNew: 959K->64K(960K), 0.0030529 secs] 190202K->189924K(524224K), 0.0031429 secs] [Times: user=0.00 sys=0.00, real=0.00 secs] 
1.562: [GC (Allocation Failure) 1.562: [DefNew: 960K->63K(960K), 0.0021588 secs] 190821K->190404K(524224K), 0.0022350 secs] [Times: user=0.00 sys=0.00, real=0.00 secs] 
1.566: [GC (Allocation Failure) 1.566: [DefNew: 959K->64K(960K), 0.0028208 secs] 191301K->191039K(524224K), 0.0029143 secs] [Times: user=0.02 sys=0.00, real=0.00 secs] 
1.574: [GC (Allocation Failure) 1.574: [DefNew: 960K->63K(960K), 0.0021726 secs] 191936K->191519K(524224K), 0.0022982 secs] [Times: user=0.00 sys=0.00, real=0.00 secs] 
1.577: [GC (Allocation Failure) 1.577: [DefNew: 959K->64K(960K), 0.0017976 secs] 192416K->191997K(524224K), 0.0018789 secs] [Times: user=0.00 sys=0.00, real=0.00 secs] 
1.581: [GC (Allocation Failure) 1.581: [DefNew: 960K->64K(960K), 0.0025855 secs] 192893K->192600K(524224K), 0.0027047 secs] [Times: user=0.00 sys=0.00, real=0.00 secs] 
1.586: [GC (Allocation Failure) 1.586: [DefNew: 960K->63K(960K), 0.0022026 secs] 193496K->193164K(524224K), 0.0023191 secs] [Times: user=0.00 sys=0.00, real=0.00 secs] 
1.590: [GC (Allocation Failure) 1.590: [DefNew: 959K->63K(960K), 0.0022113 secs] 194061K->193689K(524224K), 0.0023092 secs] [Times: user=0.00 sys=0.00, real=0.00 secs] 
1.594: [GC (Allocation Failure) 1.594: [DefNew: 959K->63K(960K), 0.0024241 secs] 194585K->194245K(524224K), 0.0025299 secs] [Times: user=0.00 sys=0.00, real=0.00 secs] 
1.598: [GC (Allocation Failure) 1.598: [DefNew: 959K->64K(960K), 0.0021055 secs] 195142K->194772K(524224K), 0.0021853 secs] [Times: user=0.00 sys=0.01, real=0.00 secs] 
1.602: [GC (Allocation Failure) 1.602: [DefNew: 960K->63K(960K), 0.0019500 secs] 195668K->195264K(524224K), 0.0020384 secs] [Times: user=0.00 sys=0.00, real=0.00 secs] 
1.605: [GC (Allocation Failure) 1.605: [DefNew: 959K->63K(960K), 0.0018189 secs] 196161K->195743K(524224K), 0.0019101 secs] [Times: user=0.00 sys=0.00, real=0.00 secs] 
1.609: [GC (Allocation Failure) 1.609: [DefNew: 959K->63K(960K), 0.0018995 secs] 196640K->196258K(524224K), 0.0019962 secs] [Times: user=0.00 sys=0.00, real=0.00 secs] 
1.612: [GC (Allocation Failure) 1.612: [DefNew: 959K->64K(960K), 0.0019022 secs] 197154K->196741K(524224K), 0.0019828 secs] [Times: user=0.00 sys=0.00, real=0.00 secs] 
1.616: [GC (Allocation Failure) 1.616: [DefNew: 960K->63K(960K), 0.0023404 secs] 197638K->197391K(524224K), 0.0024403 secs] [Times: user=0.00 sys=0.00, real=0.00 secs] 
1.620: [GC (Allocation Failure) 1.620: [DefNew: 959K->63K(960K), 0.0021497 secs] 198288K->197876K(524224K), 0.0022492 secs] [Times: user=0.00 sys=0.00, real=0.00 secs] 
1.623: [GC (Allocation Failure) 1.623: [DefNew: 959K->64K(960K), 0.0019867 secs] 198773K->198362K(524224K), 0.0020925 secs] [Times: user=0.00 sys=0.00, real=0.00 secs] 
1.628: [GC (Allocation Failure) 1.628: [DefNew: 960K->64K(960K), 0.0023013 secs] 199259K->198953K(524224K), 0.0024426 secs] [Times: user=0.00 sys=0.00, real=0.00 secs] 
1.632: [GC (Allocation Failure) 1.632: [DefNew: 960K->63K(960K), 0.0020893 secs] 199849K->199456K(524224K), 0.0021908 secs] [Times: user=0.00 sys=0.00, real=0.00 secs] 
1.635: [GC (Allocation Failure) 1.635: [DefNew: 959K->63K(960K), 0.0019011 secs] 200352K->199922K(524224K), 0.0019832 secs] [Times: user=0.00 sys=0.00, real=0.00 secs] 
1.639: [GC (Allocation Failure) 1.639: [DefNew: 959K->64K(960K), 0.0018703 secs] 200818K->200399K(524224K), 0.0019614 secs] [Times: user=0.00 sys=0.00, real=0.00 secs] 
1.642: [GC (Allocation Failure) 1.642: [DefNew: 960K->63K(960K), 0.0019464 secs] 201296K->200937K(524224K), 0.0020179 secs] [Times: user=0.00 sys=0.00, real=0.00 secs] 
1.646: [GC (Allocation Failure) 1.646: [DefNew: 959K->64K(960K), 0.0019911 secs] 201834K->201439K(524224K), 0.0020649 secs] [Times: user=0.02 sys=0.00, real=0.00 secs] 
1.649: [GC (Allocation Failure) 1.649: [DefNew: 960K->63K(960K), 0.0018643 secs] 202335K->201925K(524224K), 0.0019275 secs] [Times: user=0.00 sys=0.00, real=0.00 secs] 
1.653: [GC (Allocation Failure) 1.653: [DefNew: 959K->63K(960K), 0.0022318 secs] 202821K->202422K(524224K), 0.0023041 secs] [Times: user=0.00 sys=0.00, real=0.00 secs] 
1.656: [GC (Allocation Failure) 1.657: [DefNew: 959K->63K(960K), 0.0018805 secs] 203319K->202909K(524224K), 0.0019449 secs] [Times: user=0.00 sys=0.00, real=0.00 secs] 
1.660: [GC (Allocation Failure) 1.661: [DefNew: 959K->64K(960K), 0.0022993 secs] 203806K->203442K(524224K), 0.0024063 secs] [Times: user=0.02 sys=0.00, real=0.00 secs] 
1.664: [GC (Allocation Failure) 1.664: [DefNew: 960K->64K(960K), 0.0023396 secs] 204338K->203944K(524224K), 0.0024280 secs] [Times: user=0.00 sys=0.00, real=0.00 secs] 
1.667: [GC (Allocation Failure) 1.668: [DefNew: 960K->64K(960K), 0.0020657 secs] 204841K->204516K(524224K), 0.0021383 secs] [Times: user=0.00 sys=0.00, real=0.00 secs] 
1.674: [GC (Allocation Failure) 1.674: [DefNew: 960K->64K(960K), 0.0024718 secs] 205412K->205240K(524224K), 0.0025843 secs] [Times: user=0.00 sys=0.00, real=0.00 secs] 
1.678: [GC (Allocation Failure) 1.678: [DefNew: 960K->63K(960K), 0.0021636 secs] 206136K->205732K(524224K), 0.0022484 secs] [Times: user=0.00 sys=0.00, real=0.00 secs] 
1.682: [GC (Allocation Failure) 1.682: [DefNew: 959K->64K(960K), 0.0025097 secs] 206628K->206282K(524224K), 0.0026266 secs] [Times: user=0.00 sys=0.00, real=0.00 secs] 
1.686: [GC (Allocation Failure) 1.687: [DefNew: 960K->64K(960K), 0.0026013 secs] 207179K->206774K(524224K), 0.0027071 secs] [Times: user=0.00 sys=0.00, real=0.00 secs] 
1.691: [GC (Allocation Failure) 1.691: [DefNew: 960K->64K(960K), 0.0041321 secs] 207671K->207374K(524224K), 0.0042426 secs] [Times: user=0.02 sys=0.00, real=0.00 secs] 
1.699: [GC (Allocation Failure) 1.699: [DefNew: 960K->64K(960K), 0.0030478 secs] 208272K->208086K(524224K), 0.0031666 secs] [Times: user=0.00 sys=0.00, real=0.00 secs] 
1.703: [GC (Allocation Failure) 1.703: [DefNew: 960K->63K(960K), 0.0026380 secs] 208983K->208581K(524224K), 0.0027316 secs] [Times: user=0.00 sys=0.00, real=0.00 secs] 
1.708: [GC (Allocation Failure) 1.708: [DefNew: 959K->64K(960K), 0.0025015 secs] 209478K->209251K(524224K), 0.0026025 secs] [Times: user=0.02 sys=0.00, real=0.00 secs] 
1.713: [GC (Allocation Failure) 1.713: [DefNew: 960K->63K(960K), 0.0024036 secs] 210147K->209852K(524224K), 0.0025184 secs] [Times: user=0.00 sys=0.00, real=0.00 secs] 
1.717: [GC (Allocation Failure) 1.717: [DefNew: 959K->64K(960K), 0.0021122 secs] 210749K->210343K(524224K), 0.0022042 secs] [Times: user=0.00 sys=0.00, real=0.00 secs] 
1.720: [GC (Allocation Failure) 1.720: [DefNew: 960K->63K(960K), 0.0021782 secs] 211240K->210822K(524224K), 0.0022626 secs] [Times: user=0.00 sys=0.00, real=0.00 secs] 
1.724: [GC (Allocation Failure) 1.724: [DefNew: 959K->64K(960K), 0.0032365 secs] 211718K->211457K(524224K), 0.0034149 secs] [Times: user=0.02 sys=0.00, real=0.00 secs] 
1.729: [GC (Allocation Failure) 1.729: [DefNew: 960K->64K(960K), 0.0022547 secs] 212354K->211966K(524224K), 0.0023416 secs] [Times: user=0.00 sys=0.00, real=0.00 secs] 
1.732: [GC (Allocation Failure) 1.732: [DefNew: 960K->64K(960K), 0.0019058 secs] 212863K->212449K(524224K), 0.0019816 secs] [Times: user=0.00 sys=0.00, real=0.00 secs] 
1.736: [GC (Allocation Failure) 1.736: [DefNew: 960K->64K(960K), 0.0019895 secs] 213346K->212947K(524224K), 0.0020743 secs] [Times: user=0.00 sys=0.00, real=0.00 secs] 
1.739: [GC (Allocation Failure) 1.739: [DefNew: 960K->64K(960K), 0.0022172 secs] 213843K->213429K(524224K), 0.0023112 secs] [Times: user=0.02 sys=0.00, real=0.00 secs] 
1.743: [GC (Allocation Failure) 1.743: [DefNew: 960K->64K(960K), 0.0019733 secs] 214326K->213903K(524224K), 0.0020661 secs] [Times: user=0.00 sys=0.00, real=0.00 secs] 
1.747: [GC (Allocation Failure) 1.747: [DefNew: 960K->63K(960K), 0.0018430 secs] 214800K->214395K(524224K), 0.0019263 secs] [Times: user=0.00 sys=0.00, real=0.00 secs] 
1.750: [GC (Allocation Failure) 1.750: [DefNew: 959K->63K(960K), 0.0029250 secs] 215292K->215002K(524224K), 0.0030126 secs] [Times: user=0.00 sys=0.00, real=0.00 secs] 
1.755: [GC (Allocation Failure) 1.755: [DefNew: 959K->64K(960K), 0.0029041 secs] 215899K->215624K(524224K), 0.0029968 secs] [Times: user=0.02 sys=0.00, real=0.00 secs] 
1.759: [GC (Allocation Failure) 1.760: [DefNew: 960K->63K(960K), 0.0025934 secs] 216521K->216151K(524224K), 0.0026838 secs] [Times: user=0.00 sys=0.00, real=0.00 secs] 
1.764: [GC (Allocation Failure) 1.764: [DefNew: 959K->63K(960K), 0.0022457 secs] 217047K->216695K(524224K), 0.0023321 secs] [Times: user=0.00 sys=0.00, real=0.00 secs] 
1.767: [GC (Allocation Failure) 1.767: [DefNew: 959K->63K(960K), 0.0020668 secs] 217592K->217167K(524224K), 0.0021557 secs] [Times: user=0.00 sys=0.00, real=0.00 secs] 
1.772: [GC (Allocation Failure) 1.773: [DefNew: 959K->63K(960K), 0.0028050 secs] 218063K->217702K(524224K), 0.0029372 secs] [Times: user=0.00 sys=0.00, real=0.00 secs] 
1.777: [GC (Allocation Failure) 1.777: [DefNew: 959K->64K(960K), 0.0021040 secs] 218599K->218238K(524224K), 0.0021967 secs] [Times: user=0.00 sys=0.00, real=0.00 secs] 
1.781: [GC (Allocation Failure) 1.781: [DefNew: 960K->64K(960K), 0.0023858 secs] 219136K->218804K(524224K), 0.0024947 secs] [Times: user=0.00 sys=0.00, real=0.00 secs] 
1.785: [GC (Allocation Failure) 1.785: [DefNew: 960K->64K(960K), 0.0022299 secs] 219701K->219363K(524224K), 0.0023215 secs] [Times: user=0.01 sys=0.00, real=0.00 secs] 
1.788: [GC (Allocation Failure) 1.788: [DefNew: 960K->64K(960K), 0.0021691 secs] 220260K->219881K(524224K), 0.0022536 secs] [Times: user=0.00 sys=0.00, real=0.00 secs] 
1.793: [GC (Allocation Failure) 1.793: [DefNew: 960K->64K(960K), 0.0024272 secs] 220777K->220452K(524224K), 0.0025429 secs] [Times: user=0.00 sys=0.00, real=0.00 secs] 
1.796: [GC (Allocation Failure) 1.797: [DefNew: 960K->64K(960K), 0.0021288 secs] 221348K->220959K(524224K), 0.0022097 secs] [Times: user=0.00 sys=0.00, real=0.00 secs] 
1.800: [GC (Allocation Failure) 1.800: [DefNew: 960K->64K(960K), 0.0020515 secs] 221855K->221490K(524224K), 0.0021292 secs] [Times: user=0.00 sys=0.00, real=0.00 secs] 
1.804: [GC (Allocation Failure) 1.804: [DefNew: 960K->64K(960K), 0.0024229 secs] 222387K->222014K(524224K), 0.0025401 secs] [Times: user=0.00 sys=0.00, real=0.00 secs] 
1.808: [GC (Allocation Failure) 1.808: [DefNew: 960K->64K(960K), 0.0024438 secs] 222910K->222536K(524224K), 0.0025417 secs] [Times: user=0.00 sys=0.00, real=0.00 secs] 
1.832: [GC (Allocation Failure) 1.832: [DefNew: 960K->64K(960K), 0.0095637 secs] 227528K->227135K(524224K), 0.0096963 secs] [Times: user=0.01 sys=0.00, real=0.01 secs] 
1.844: [GC (Allocation Failure) 1.844: [DefNew: 960K->64K(960K), 0.0018359 secs] 228032K->227607K(524224K), 0.0019334 secs] [Times: user=0.00 sys=0.00, real=0.00 secs] 
1.847: [GC (Allocation Failure) 1.847: [DefNew: 960K->64K(960K), 0.0015639 secs] 228504K->228068K(524224K), 0.0016346 secs] [Times: user=0.00 sys=0.00, real=0.00 secs] 
1.851: [GC (Allocation Failure) 1.851: [DefNew: 960K->63K(960K), 0.0017941 secs] 228965K->228532K(524224K), 0.0019066 secs] [Times: user=0.00 sys=0.00, real=0.00 secs] 
1.854: [GC (Allocation Failure) 1.854: [DefNew: 959K->63K(960K), 0.0018797 secs] 229429K->228969K(524224K), 0.0019709 secs] [Times: user=0.00 sys=0.00, real=0.00 secs] 
1.858: [GC (Allocation Failure) 1.858: [DefNew: 959K->64K(960K), 0.0018178 secs] 229865K->229432K(524224K), 0.0019243 secs] [Times: user=0.00 sys=0.00, real=0.00 secs] 
1.862: [GC (Allocation Failure) 1.862: [DefNew: 960K->63K(960K), 0.0016903 secs] 230329K->229910K(524224K), 0.0017941 secs] [Times: user=0.00 sys=0.00, real=0.00 secs] 
1.866: [GC (Allocation Failure) 1.866: [DefNew: 959K->64K(960K), 0.0018434 secs] 230806K->230366K(524224K), 0.0019603 secs] [Times: user=0.00 sys=0.00, real=0.00 secs] 
1.869: [GC (Allocation Failure) 1.869: [DefNew: 960K->63K(960K), 0.0016488 secs] 231262K->230792K(524224K), 0.0017471 secs] [Times: user=0.00 sys=0.00, real=0.00 secs] 
1.875: [GC (Allocation Failure) 1.875: [DefNew: 959K->63K(960K), 0.0019989 secs] 231688K->231249K(524224K), 0.0020858 secs] [Times: user=0.00 sys=0.00, real=0.00 secs] 
1.879: [GC (Allocation Failure) 1.879: [DefNew: 959K->63K(960K), 0.0017984 secs] 232146K->231680K(524224K), 0.0019689 secs] [Times: user=0.02 sys=0.00, real=0.00 secs] 
1.885: [GC (Allocation Failure) 1.885: [DefNew: 959K->63K(960K), 0.0017775 secs] 232578K->232118K(524224K), 0.0018789 secs] [Times: user=0.00 sys=0.00, real=0.00 secs] 
1.888: [GC (Allocation Failure) 1.888: [DefNew: 959K->63K(960K), 0.0017613 secs] 233014K->232545K(524224K), 0.0018462 secs] [Times: user=0.00 sys=0.00, real=0.00 secs] 
1.892: [GC (Allocation Failure) 1.893: [DefNew: 959K->63K(960K), 0.0021849 secs] 233441K->232997K(524224K), 0.0023325 secs] [Times: user=0.00 sys=0.00, real=0.00 secs] 
1.896: [GC (Allocation Failure) 1.896: [DefNew: 959K->64K(960K), 0.0018722 secs] 233894K->233442K(524224K), 0.0019678 secs] [Times: user=0.00 sys=0.00, real=0.00 secs] 
1.900: [GC (Allocation Failure) 1.900: [DefNew: 960K->63K(960K), 0.0016741 secs] 234339K->233873K(524224K), 0.0017613 secs] [Times: user=0.00 sys=0.00, real=0.00 secs] 
1.903: [GC (Allocation Failure) 1.903: [DefNew: 959K->63K(960K), 0.0015367 secs] 234770K->234291K(524224K), 0.0017057 secs] [Times: user=0.00 sys=0.00, real=0.00 secs] 
1.907: [GC (Allocation Failure) 1.907: [DefNew: 959K->63K(960K), 0.0021008 secs] 235188K->234726K(524224K), 0.0021991 secs] [Times: user=0.00 sys=0.00, real=0.00 secs] 
1.911: [GC (Allocation Failure) 1.911: [DefNew: 959K->63K(960K), 0.0016484 secs] 235623K->235165K(524224K), 0.0017341 secs] [Times: user=0.02 sys=0.00, real=0.00 secs] 
1.914: [GC (Allocation Failure) 1.914: [DefNew: 959K->63K(960K), 0.0017925 secs] 236061K->235610K(524224K), 0.0018758 secs] [Times: user=0.00 sys=0.00, real=0.00 secs] 
1.919: [GC (Allocation Failure) 1.919: [DefNew: 959K->64K(960K), 0.0026704 secs] 236507K->236234K(524224K), 0.0028003 secs] [Times: user=0.00 sys=0.00, real=0.00 secs] 
1.924: [GC (Allocation Failure) 1.924: [DefNew: 960K->63K(960K), 0.0043366 secs] 237130K->236794K(524224K), 0.0044637 secs] [Times: user=0.02 sys=0.00, real=0.00 secs] 
1.930: [GC (Allocation Failure) 1.930: [DefNew: 959K->63K(960K), 0.0022358 secs] 237692K->237429K(524224K), 0.0023266 secs] [Times: user=0.00 sys=0.00, real=0.00 secs] 
1.934: [GC (Allocation Failure) 1.934: [DefNew: 959K->63K(960K), 0.0027505 secs] 238325K->237956K(524224K), 0.0028472 secs] [Times: user=0.00 sys=0.00, real=0.00 secs] 
1.938: [GC (Allocation Failure) 1.938: [DefNew: 959K->63K(960K), 0.0022263 secs] 238853K->238544K(524224K), 0.0023124 secs] [Times: user=0.00 sys=0.00, real=0.00 secs] 
1.942: [GC (Allocation Failure) 1.942: [DefNew: 959K->63K(960K), 0.0024730 secs] 239440K->239171K(524224K), 0.0025749 secs] [Times: user=0.02 sys=0.00, real=0.00 secs] 
1.946: [GC (Allocation Failure) 1.946: [DefNew: 959K->64K(960K), 0.0028911 secs] 240067K->239693K(524224K), 0.0029996 secs] [Times: user=0.00 sys=0.00, real=0.00 secs] 
1.951: [GC (Allocation Failure) 1.951: [DefNew: 960K->63K(960K), 0.0023834 secs] 240590K->240123K(524224K), 0.0024758 secs] [Times: user=0.00 sys=0.00, real=0.00 secs] 
1.955: [GC (Allocation Failure) 1.955: [DefNew: 959K->63K(960K), 0.0024268 secs] 241019K->240672K(524224K), 0.0024999 secs] [Times: user=0.00 sys=0.00, real=0.00 secs] 
1.958: [GC (Allocation Failure) 1.958: [DefNew: 959K->63K(960K), 0.0025686 secs] 241570K->241161K(524224K), 0.0026653 secs] [Times: user=0.02 sys=0.00, real=0.00 secs] 
1.963: [GC (Allocation Failure) 1.963: [DefNew: 959K->63K(960K), 0.0019389 secs] 242057K->241664K(524224K), 0.0020199 secs] [Times: user=0.00 sys=0.00, real=0.00 secs] 
1.966: [GC (Allocation Failure) 1.966: [DefNew: 959K->64K(960K), 0.0021324 secs] 242560K->242218K(524224K), 0.0022267 secs] [Times: user=0.00 sys=0.00, real=0.00 secs] 
1.972: [GC (Allocation Failure) 1.972: [DefNew: 960K->64K(960K), 0.0029921 secs] 243116K->242891K(524224K), 0.0031267 secs] [Times: user=0.02 sys=0.00, real=0.00 secs] 
1.976: [GC (Allocation Failure) 1.976: [DefNew: 960K->63K(960K), 0.0021265 secs] 243787K->243435K(524224K), 0.0022184 secs] [Times: user=0.00 sys=0.00, real=0.00 secs] 
1.980: [GC (Allocation Failure) 1.980: [DefNew: 959K->64K(960K), 0.0021683 secs] 244332K->243918K(524224K), 0.0022626 secs] [Times: user=0.00 sys=0.00, real=0.00 secs] 
1.984: [GC (Allocation Failure) 1.984: [DefNew: 960K->64K(960K), 0.0019693 secs] 244815K->244470K(524224K), 0.0020759 secs] [Times: user=0.00 sys=0.00, real=0.00 secs] 
1.987: [GC (Allocation Failure) 1.987: [DefNew: 960K->63K(960K), 0.0019232 secs] 245366K->244912K(524224K), 0.0020057 secs] [Times: user=0.00 sys=0.00, real=0.00 secs] 
1.991: [GC (Allocation Failure) 1.991: [DefNew: 959K->63K(960K), 0.0020361 secs] 245808K->245404K(524224K), 0.0021418 secs] [Times: user=0.00 sys=0.00, real=0.00 secs] 
1.995: [GC (Allocation Failure) 1.995: [DefNew: 959K->63K(960K), 0.0021099 secs] 246300K->246025K(524224K), 0.0022054 secs] [Times: user=0.00 sys=0.00, real=0.00 secs] 
1.998: [GC (Allocation Failure) 1.998: [DefNew: 959K->63K(960K), 0.0021186 secs] 246922K->246532K(524224K), 0.0022003 secs] [Times: user=0.00 sys=0.00, real=0.00 secs] 
2.002: [GC (Allocation Failure) 2.002: [DefNew: 959K->64K(960K), 0.0017720 secs] 247428K->246999K(524224K), 0.0018545 secs] [Times: user=0.00 sys=0.00, real=0.00 secs] 
2.005: [GC (Allocation Failure) 2.005: [DefNew: 960K->63K(960K), 0.0017838 secs] 247896K->247448K(524224K), 0.0018778 secs] [Times: user=0.00 sys=0.00, real=0.00 secs] 
2.009: [GC (Allocation Failure) 2.009: [DefNew: 959K->63K(960K), 0.0017128 secs] 248344K->247917K(524224K), 0.0018114 secs] [Times: user=0.00 sys=0.00, real=0.00 secs] 
2.012: [GC (Allocation Failure) 2.012: [DefNew: 959K->63K(960K), 0.0016563 secs] 248813K->248373K(524224K), 0.0017309 secs] [Times: user=0.00 sys=0.00, real=0.00 secs] 
2.016: [GC (Allocation Failure) 2.016: [DefNew: 959K->64K(960K), 0.0017858 secs] 249269K->248880K(524224K), 0.0018750 secs] [Times: user=0.00 sys=0.00, real=0.00 secs] 
2.020: [GC (Allocation Failure) 2.020: [DefNew: 960K->63K(960K), 0.0018482 secs] 249777K->249403K(524224K), 0.0019271 secs] [Times: user=0.02 sys=0.00, real=0.00 secs] 
2.023: [GC (Allocation Failure) 2.023: [DefNew: 959K->64K(960K), 0.0020215 secs] 250299K->249907K(524224K), 0.0021343 secs] [Times: user=0.00 sys=0.00, real=0.00 secs] 
2.027: [GC (Allocation Failure) 2.028: [DefNew: 960K->64K(960K), 0.0020234 secs] 250803K->250418K(524224K), 0.0021624 secs] [Times: user=0.00 sys=0.00, real=0.00 secs] 
2.030: [GC (Allocation Failure) 2.030: [DefNew: 960K->64K(960K), 0.0019457 secs] 251315K->250892K(524224K), 0.0020242 secs] [Times: user=0.00 sys=0.00, real=0.00 secs] 
2.035: [GC (Allocation Failure) 2.035: [DefNew: 960K->64K(960K), 0.0026286 secs] 251789K->251396K(524224K), 0.0027367 secs] [Times: user=0.01 sys=0.00, real=0.00 secs] 
2.039: [GC (Allocation Failure) 2.039: [DefNew: 960K->63K(960K), 0.0022382 secs] 252292K->252021K(524224K), 0.0023432 secs] [Times: user=0.00 sys=0.00, real=0.00 secs] 
2.043: [GC (Allocation Failure) 2.043: [DefNew: 959K->64K(960K), 0.0022303 secs] 252917K->252566K(524224K), 0.0023499 secs] [Times: user=0.00 sys=0.00, real=0.00 secs] 
2.047: [GC (Allocation Failure) 2.047: [DefNew: 960K->63K(960K), 0.0019859 secs] 253463K->253063K(524224K), 0.0020767 secs] [Times: user=0.00 sys=0.00, real=0.00 secs] 
2.050: [GC (Allocation Failure) 2.050: [DefNew: 959K->63K(960K), 0.0018075 secs] 253960K->253533K(524224K), 0.0018845 secs] [Times: user=0.02 sys=0.00, real=0.00 secs] 
2.054: [GC (Allocation Failure) 2.054: [DefNew: 959K->64K(960K), 0.0019251 secs] 254431K->254057K(524224K), 0.0020108 secs] [Times: user=0.00 sys=0.00, real=0.00 secs] 
2.057: [GC (Allocation Failure) 2.057: [DefNew: 960K->64K(960K), 0.0019693 secs] 254953K->254512K(524224K), 0.0020475 secs] [Times: user=0.00 sys=0.00, real=0.00 secs] 
2.061: [GC (Allocation Failure) 2.061: [DefNew: 960K->64K(960K), 0.0020388 secs] 255409K->255105K(524224K), 0.0021387 secs] [Times: user=0.00 sys=0.00, real=0.00 secs] 
2.065: [GC (Allocation Failure) 2.065: [DefNew: 960K->64K(960K), 0.0025792 secs] 256002K->255579K(524224K), 0.0026901 secs] [Times: user=0.00 sys=0.00, real=0.00 secs] 
2.070: [GC (Allocation Failure) 2.070: [DefNew: 960K->64K(960K), 0.0017704 secs] 256475K->256032K(524224K), 0.0018730 secs] [Times: user=0.00 sys=0.00, real=0.00 secs] 
2.075: [GC (Allocation Failure) 2.076: [DefNew: 960K->63K(960K), 0.0022686 secs] 256929K->256766K(524224K), 0.0023803 secs] [Times: user=0.00 sys=0.00, real=0.00 secs] 
2.078: [GC (Allocation Failure) 2.078: [DefNew: 959K->64K(960K), 0.0022086 secs] 257663K->257245K(524224K), 0.0022843 secs] [Times: user=0.00 sys=0.00, real=0.00 secs] 
2.082: [GC (Allocation Failure) 2.082: [DefNew: 960K->64K(960K), 0.0019891 secs] 258142K->257710K(524224K), 0.0020866 secs] [Times: user=0.02 sys=0.00, real=0.00 secs] 
2.086: [GC (Allocation Failure) 2.086: [DefNew: 960K->63K(960K), 0.0025133 secs] 258607K->258221K(524224K), 0.0026218 secs] [Times: user=0.00 sys=0.00, real=0.00 secs] 
2.090: [GC (Allocation Failure) 2.090: [DefNew: 959K->63K(960K), 0.0027067 secs] 259118K->258677K(524224K), 0.0028117 secs] [Times: user=0.00 sys=0.00, real=0.00 secs] 
2.095: [GC (Allocation Failure) 2.095: [DefNew: 959K->63K(960K), 0.0021359 secs] 259573K->259317K(524224K), 0.0022370 secs] [Times: user=0.00 sys=0.00, real=0.00 secs] 
2.098: [GC (Allocation Failure) 2.098: [DefNew: 959K->63K(960K), 0.0020140 secs] 260214K->259750K(524224K), 0.0020937 secs] [Times: user=0.02 sys=0.00, real=0.00 secs] 
2.102: [GC (Allocation Failure) 2.102: [DefNew: 959K->63K(960K), 0.0016895 secs] 260647K->260200K(524224K), 0.0017668 secs] [Times: user=0.00 sys=0.00, real=0.00 secs] 
2.105: [GC (Allocation Failure) 2.105: [DefNew: 959K->64K(960K), 0.0017167 secs] 261096K->260671K(524224K), 0.0017913 secs] [Times: user=0.00 sys=0.00, real=0.00 secs] 
2.109: [GC (Allocation Failure) 2.109: [DefNew: 960K->64K(960K), 0.0016966 secs] 261568K->261117K(524224K), 0.0017653 secs] [Times: user=0.00 sys=0.00, real=0.00 secs] 
2.113: [GC (Allocation Failure) 2.113: [DefNew: 960K->63K(960K), 0.0018900 secs] 262013K->261564K(524224K), 0.0019583 secs] [Times: user=0.02 sys=0.00, real=0.00 secs] 
2.117: [GC (Allocation Failure) 2.117: [DefNew: 959K->63K(960K), 0.0024008 secs] 262460K->262078K(524224K), 0.0025046 secs] [Times: user=0.00 sys=0.00, real=0.00 secs] 
2.122: [GC (Allocation Failure) 2.122: [DefNew: 959K->63K(960K), 0.0030943 secs] 262975K->262719K(524224K), 0.0032238 secs] [Times: user=0.00 sys=0.00, real=0.00 secs] 
2.127: [GC (Allocation Failure) 2.127: [DefNew: 959K->63K(960K), 0.0039557 secs] 263616K->263430K(524224K), 0.0041305 secs] [Times: user=0.02 sys=0.00, real=0.00 secs] 
2.134: [GC (Allocation Failure) 2.134: [DefNew: 959K->64K(960K), 0.0034086 secs] 264326K->264129K(524224K), 0.0035376 secs] [Times: user=0.00 sys=0.00, real=0.00 secs] 
2.148: [GC (Allocation Failure) 2.148: [DefNew: 960K->63K(960K), 0.0033612 secs] 265027K->264812K(524224K), 0.0035001 secs] [Times: user=0.00 sys=0.00, real=0.00 secs] 
2.154: [GC (Allocation Failure) 2.154: [DefNew: 959K->63K(960K), 0.0033340 secs] 265709K->265433K(524224K), 0.0034496 secs] [Times: user=0.00 sys=0.00, real=0.00 secs] 
2.159: [GC (Allocation Failure) 2.160: [DefNew: 959K->64K(960K), 0.0032554 secs] 266330K->266100K(524224K), 0.0033967 secs] [Times: user=0.01 sys=0.00, real=0.00 secs] 
2.165: [GC (Allocation Failure) 2.165: [DefNew: 960K->63K(960K), 0.0029949 secs] 266996K->266665K(524224K), 0.0031279 secs] [Times: user=0.00 sys=0.00, real=0.00 secs] 
2.169: [GC (Allocation Failure) 2.169: [DefNew: 959K->63K(960K), 0.0033596 secs] 267561K->267353K(524224K), 0.0034986 secs] [Times: user=0.00 sys=0.00, real=0.00 secs] 
2.175: [GC (Allocation Failure) 2.176: [DefNew: 959K->64K(960K), 0.0034942 secs] 268252K->268059K(524224K), 0.0036379 secs] [Times: user=0.02 sys=0.00, real=0.00 secs] 
2.181: [GC (Allocation Failure) 2.182: [DefNew: 960K->63K(960K), 0.0026799 secs] 268956K->268702K(524224K), 0.0028165 secs] [Times: user=0.00 sys=0.00, real=0.00 secs] 
2.186: [GC (Allocation Failure) 2.186: [DefNew: 959K->64K(960K), 0.0029329 secs] 269598K->269187K(524224K), 0.0030655 secs] [Times: user=0.00 sys=0.00, real=0.00 secs] 
2.190: [GC (Allocation Failure) 2.191: [DefNew: 960K->64K(960K), 0.0027399 secs] 270083K->269718K(524224K), 0.0028674 secs] [Times: user=0.02 sys=0.00, real=0.00 secs] 
2.195: [GC (Allocation Failure) 2.195: [DefNew: 960K->64K(960K), 0.0026408 secs] 270614K->270429K(524224K), 0.0027620 secs] [Times: user=0.00 sys=0.00, real=0.00 secs] 
2.200: [GC (Allocation Failure) 2.200: [DefNew: 960K->64K(960K), 0.0026266 secs] 271326K->271015K(524224K), 0.0027422 secs] [Times: user=0.00 sys=0.00, real=0.00 secs] 
2.204: [GC (Allocation Failure) 2.204: [DefNew: 960K->63K(960K), 0.0024422 secs] 271911K->271674K(524224K), 0.0025547 secs] [Times: user=0.00 sys=0.00, real=0.00 secs] 
2.209: [GC (Allocation Failure) 2.209: [DefNew: 959K->64K(960K), 0.0022267 secs] 272570K->272237K(524224K), 0.0023372 secs] [Times: user=0.00 sys=0.00, real=0.00 secs] 
2.212: [GC (Allocation Failure) 2.212: [DefNew: 960K->64K(960K), 0.0018679 secs] 273134K->272727K(524224K), 0.0019563 secs] [Times: user=0.00 sys=0.00, real=0.00 secs] 
2.216: [GC (Allocation Failure) 2.216: [DefNew: 960K->63K(960K), 0.0018000 secs] 273624K->273220K(524224K), 0.0018880 secs] [Times: user=0.00 sys=0.00, real=0.00 secs] 
2.219: [GC (Allocation Failure) 2.219: [DefNew: 959K->64K(960K), 0.0017668 secs] 274116K->273679K(524224K), 0.0018387 secs] [Times: user=0.00 sys=0.00, real=0.00 secs] 
2.223: [GC (Allocation Failure) 2.223: [DefNew: 960K->63K(960K), 0.0021280 secs] 274575K->274224K(524224K), 0.0022082 secs] [Times: user=0.01 sys=0.00, real=0.00 secs] 
2.226: [GC (Allocation Failure) 2.227: [DefNew: 959K->64K(960K), 0.0021624 secs] 275120K->274726K(524224K), 0.0022488 secs] [Times: user=0.00 sys=0.00, real=0.00 secs] 
2.230: [GC (Allocation Failure) 2.230: [DefNew: 960K->63K(960K), 0.0020128 secs] 275623K->275221K(524224K), 0.0021008 secs] [Times: user=0.00 sys=0.00, real=0.00 secs] 
2.234: [GC (Allocation Failure) 2.234: [DefNew: 959K->64K(960K), 0.0019259 secs] 276117K->275682K(524224K), 0.0020108 secs] [Times: user=0.00 sys=0.00, real=0.00 secs] 
2.237: [GC (Allocation Failure) 2.237: [DefNew: 960K->64K(960K), 0.0016725 secs] 276579K->276119K(524224K), 0.0017546 secs] [Times: user=0.00 sys=0.02, real=0.00 secs] 
2.241: [GC (Allocation Failure) 2.241: [DefNew: 960K->64K(960K), 0.0022358 secs] 277016K->276750K(524224K), 0.0023515 secs] [Times: user=0.00 sys=0.00, real=0.00 secs] 
2.244: [GC (Allocation Failure) 2.245: [DefNew: 960K->63K(960K), 0.0020961 secs] 277647K->277247K(524224K), 0.0021770 secs] [Times: user=0.00 sys=0.00, real=0.00 secs] 
2.248: [GC (Allocation Failure) 2.248: [DefNew: 959K->63K(960K), 0.0019993 secs] 278144K->277725K(524224K), 0.0020937 secs] [Times: user=0.00 sys=0.00, real=0.00 secs] 
2.252: [GC (Allocation Failure) 2.252: [DefNew: 959K->64K(960K), 0.0025974 secs] 278621K->278179K(524224K), 0.0027095 secs] [Times: user=0.00 sys=0.00, real=0.00 secs] 
2.256: [GC (Allocation Failure) 2.256: [DefNew: 960K->63K(960K), 0.0023937 secs] 279076K->278860K(524224K), 0.0024916 secs] [Times: user=0.00 sys=0.00, real=0.00 secs] 
2.261: [GC (Allocation Failure) 2.261: [DefNew: 959K->64K(960K), 0.0027786 secs] 279757K->279624K(524224K), 0.0028887 secs] [Times: user=0.00 sys=0.00, real=0.00 secs] 
2.266: [GC (Allocation Failure) 2.266: [DefNew: 960K->63K(960K), 0.0033833 secs] 280522K->280315K(524224K), 0.0034899 secs] [Times: user=0.00 sys=0.00, real=0.00 secs] 
2.275: [GC (Allocation Failure) 2.276: [DefNew: 959K->64K(960K), 0.0035890 secs] 281212K->281025K(524224K), 0.0037240 secs] [Times: user=0.00 sys=0.00, real=0.00 secs] 
2.281: [GC (Allocation Failure) 2.281: [DefNew: 960K->64K(960K), 0.0027659 secs] 281921K->281484K(524224K), 0.0028682 secs] [Times: user=0.00 sys=0.00, real=0.00 secs] 
2.285: [GC (Allocation Failure) 2.286: [DefNew: 960K->63K(960K), 0.0021276 secs] 282381K->282122K(524224K), 0.0022378 secs] [Times: user=0.01 sys=0.00, real=0.00 secs] 
2.289: [GC (Allocation Failure) 2.289: [DefNew: 959K->63K(960K), 0.0025776 secs] 283019K->282701K(524224K), 0.0026882 secs] [Times: user=0.00 sys=0.00, real=0.00 secs] 
2.293: [GC (Allocation Failure) 2.294: [DefNew: 959K->63K(960K), 0.0024995 secs] 283597K->283262K(524224K), 0.0026076 secs] [Times: user=0.00 sys=0.00, real=0.00 secs] 
2.298: [GC (Allocation Failure) 2.298: [DefNew: 959K->63K(960K), 0.0023736 secs] 284160K->283936K(524224K), 0.0024628 secs] [Times: user=0.00 sys=0.00, real=0.00 secs] 
2.301: [GC (Allocation Failure) 2.302: [DefNew: 959K->64K(960K), 0.0025413 secs] 284832K->284614K(524224K), 0.0026195 secs] [Times: user=0.02 sys=0.00, real=0.00 secs] 
2.306: [GC (Allocation Failure) 2.306: [DefNew: 960K->63K(960K), 0.0023763 secs] 285510K->285197K(524224K), 0.0024746 secs] [Times: user=0.00 sys=0.00, real=0.00 secs] 
2.310: [GC (Allocation Failure) 2.310: [DefNew: 959K->63K(960K), 0.0027126 secs] 286095K->285878K(524224K), 0.0027924 secs] [Times: user=0.00 sys=0.00, real=0.00 secs] 
2.314: [GC (Allocation Failure) 2.314: [DefNew: 959K->63K(960K), 0.0022003 secs] 286775K->286409K(524224K), 0.0022887 secs] [Times: user=0.00 sys=0.00, real=0.00 secs] 
2.318: [GC (Allocation Failure) 2.318: [DefNew: 959K->64K(960K), 0.0022465 secs] 287305K->287047K(524224K), 0.0023404 secs] [Times: user=0.00 sys=0.00, real=0.00 secs] 
2.321: [GC (Allocation Failure) 2.322: [DefNew: 960K->64K(960K), 0.0028074 secs] 287946K->287729K(524224K), 0.0028926 secs] [Times: user=0.00 sys=0.00, real=0.00 secs] 
2.326: [GC (Allocation Failure) 2.326: [DefNew: 960K->63K(960K), 0.0026653 secs] 288626K->288285K(524224K), 0.0027580 secs] [Times: user=0.00 sys=0.00, real=0.00 secs] 
2.330: [GC (Allocation Failure) 2.330: [DefNew: 959K->64K(960K), 0.0020222 secs] 289181K->288760K(524224K), 0.0020980 secs] [Times: user=0.00 sys=0.00, real=0.00 secs] 
2.334: [GC (Allocation Failure) 2.334: [DefNew: 960K->64K(960K), 0.0020550 secs] 289657K->289347K(524224K), 0.0021316 secs] [Times: user=0.00 sys=0.00, real=0.00 secs] 
2.337: [GC (Allocation Failure) 2.338: [DefNew: 960K->63K(960K), 0.0019370 secs] 290243K->289810K(524224K), 0.0019954 secs] [Times: user=0.00 sys=0.00, real=0.00 secs] 
2.341: [GC (Allocation Failure) 2.341: [DefNew: 959K->63K(960K), 0.0019674 secs] 290707K->290298K(524224K), 0.0020905 secs] [Times: user=0.00 sys=0.00, real=0.00 secs] 
2.345: [GC (Allocation Failure) 2.345: [DefNew: 959K->64K(960K), 0.0026163 secs] 291194K->290966K(524224K), 0.0027371 secs] [Times: user=0.00 sys=0.00, real=0.00 secs] 
2.350: [GC (Allocation Failure) 2.350: [DefNew: 960K->64K(960K), 0.0024884 secs] 291862K->291511K(524224K), 0.0026132 secs] [Times: user=0.00 sys=0.00, real=0.00 secs] 
2.354: [GC (Allocation Failure) 2.354: [DefNew: 960K->64K(960K), 0.0020586 secs] 292408K->291994K(524224K), 0.0021371 secs] [Times: user=0.00 sys=0.00, real=0.00 secs] 
2.357: [GC (Allocation Failure) 2.358: [DefNew: 960K->64K(960K), 0.0023096 secs] 292891K->292464K(524224K), 0.0024150 secs] [Times: user=0.00 sys=0.00, real=0.00 secs] 
2.361: [GC (Allocation Failure) 2.362: [DefNew: 960K->63K(960K), 0.0023850 secs] 293361K->293082K(524224K), 0.0024790 secs] [Times: user=0.00 sys=0.00, real=0.00 secs] 
2.366: [GC (Allocation Failure) 2.366: [DefNew: 959K->63K(960K), 0.0031358 secs] 293979K->293674K(524224K), 0.0032605 secs] [Times: user=0.00 sys=0.00, real=0.00 secs] 
2.370: [GC (Allocation Failure) 2.371: [DefNew: 959K->63K(960K), 0.0034978 secs] 294572K->294379K(524224K), 0.0036229 secs] [Times: user=0.00 sys=0.00, real=0.00 secs] 
2.376: [GC (Allocation Failure) 2.376: [DefNew: 959K->64K(960K), 0.0023712 secs] 295275K->294904K(524224K), 0.0024699 secs] [Times: user=0.00 sys=0.00, real=0.00 secs] 
2.380: [GC (Allocation Failure) 2.380: [DefNew: 960K->63K(960K), 0.0019749 secs] 295801K->295377K(524224K), 0.0020736 secs] [Times: user=0.01 sys=0.00, real=0.00 secs] 
2.383: [GC (Allocation Failure) 2.383: [DefNew: 959K->63K(960K), 0.0019559 secs] 296273K->295872K(524224K), 0.0020384 secs] [Times: user=0.00 sys=0.00, real=0.00 secs] 
2.387: [GC (Allocation Failure) 2.387: [DefNew: 959K->64K(960K), 0.0021561 secs] 296769K->296345K(524224K), 0.0022926 secs] [Times: user=0.00 sys=0.00, real=0.00 secs] 
2.390: [GC (Allocation Failure) 2.390: [DefNew: 960K->64K(960K), 0.0019832 secs] 297241K->296842K(524224K), 0.0020688 secs] [Times: user=0.00 sys=0.00, real=0.00 secs] 
2.394: [GC (Allocation Failure) 2.395: [DefNew: 960K->63K(960K), 0.0023526 secs] 297738K->297436K(524224K), 0.0025026 secs] [Times: user=0.02 sys=0.00, real=0.00 secs] 
2.399: [GC (Allocation Failure) 2.399: [DefNew: 959K->63K(960K), 0.0021557 secs] 298333K->297917K(524224K), 0.0022445 secs] [Times: user=0.00 sys=0.00, real=0.00 secs] 
2.402: [GC (Allocation Failure) 2.402: [DefNew: 959K->63K(960K), 0.0018612 secs] 298814K->298404K(524224K), 0.0019417 secs] [Times: user=0.00 sys=0.00, real=0.00 secs] 
2.406: [GC (Allocation Failure) 2.406: [DefNew: 959K->63K(960K), 0.0017578 secs] 299301K->298884K(524224K), 0.0018399 secs] [Times: user=0.00 sys=0.00, real=0.00 secs] 
2.409: [GC (Allocation Failure) 2.409: [DefNew: 959K->64K(960K), 0.0018959 secs] 299780K->299373K(524224K), 0.0020049 secs] [Times: user=0.01 sys=0.00, real=0.00 secs] 
2.413: [GC (Allocation Failure) 2.413: [DefNew: 960K->63K(960K), 0.0019287 secs] 300270K->299870K(524224K), 0.0020136 secs] [Times: user=0.00 sys=0.00, real=0.00 secs] 
2.416: [GC (Allocation Failure) 2.416: [DefNew: 959K->64K(960K), 0.0018734 secs] 300766K->300350K(524224K), 0.0019476 secs] [Times: user=0.00 sys=0.00, real=0.00 secs] 
2.420: [GC (Allocation Failure) 2.420: [DefNew: 960K->64K(960K), 0.0024040 secs] 301247K->300853K(524224K), 0.0024841 secs] [Times: user=0.00 sys=0.00, real=0.00 secs] 
2.424: [GC (Allocation Failure) 2.424: [DefNew: 960K->63K(960K), 0.0020337 secs] 301749K->301335K(524224K), 0.0020984 secs] [Times: user=0.00 sys=0.00, real=0.00 secs] 
2.428: [GC (Allocation Failure) 2.428: [DefNew: 959K->63K(960K), 0.0023933 secs] 302232K->301986K(524224K), 0.0025682 secs] [Times: user=0.00 sys=0.00, real=0.00 secs] 
2.432: [GC (Allocation Failure) 2.432: [DefNew: 959K->63K(960K), 0.0021726 secs] 302883K->302478K(524224K), 0.0022536 secs] [Times: user=0.00 sys=0.00, real=0.00 secs] 
2.435: [GC (Allocation Failure) 2.436: [DefNew: 959K->64K(960K), 0.0026913 secs] 303375K->303050K(524224K), 0.0028074 secs] [Times: user=0.00 sys=0.00, real=0.00 secs] 
2.440: [GC (Allocation Failure) 2.440: [DefNew: 960K->64K(960K), 0.0028749 secs] 303946K->303708K(524224K), 0.0029688 secs] [Times: user=0.02 sys=0.00, real=0.00 secs] 
2.445: [GC (Allocation Failure) 2.445: [DefNew: 960K->64K(960K), 0.0025970 secs] 304605K->304278K(524224K), 0.0027000 secs] [Times: user=0.00 sys=0.00, real=0.00 secs] 
2.449: [GC (Allocation Failure) 2.449: [DefNew: 960K->64K(960K), 0.0020803 secs] 305175K->304768K(524224K), 0.0021829 secs] [Times: user=0.00 sys=0.00, real=0.00 secs] 
2.453: [GC (Allocation Failure) 2.453: [DefNew: 960K->64K(960K), 0.0024292 secs] 305667K->305458K(524224K), 0.0025168 secs] [Times: user=0.00 sys=0.00, real=0.00 secs] 
2.457: [GC (Allocation Failure) 2.457: [DefNew: 960K->63K(960K), 0.0031105 secs] 306355K->305913K(524224K), 0.0032716 secs] [Times: user=0.02 sys=0.00, real=0.00 secs] 
2.462: [GC (Allocation Failure) 2.462: [DefNew: 959K->63K(960K), 0.0021249 secs] 306809K->306404K(524224K), 0.0022390 secs] [Times: user=0.00 sys=0.00, real=0.00 secs] 
2.465: [GC (Allocation Failure) 2.466: [DefNew: 959K->63K(960K), 0.0027924 secs] 307300K->306970K(524224K), 0.0028891 secs] [Times: user=0.00 sys=0.00, real=0.00 secs] 
2.474: [GC (Allocation Failure) 2.474: [DefNew: 959K->63K(960K), 0.0028800 secs] 307867K->307625K(524224K), 0.0029965 secs] [Times: user=0.00 sys=0.00, real=0.00 secs] 
2.479: [GC (Allocation Failure) 2.479: [DefNew: 959K->63K(960K), 0.0025891 secs] 308521K->308314K(524224K), 0.0026803 secs] [Times: user=0.00 sys=0.00, real=0.00 secs] 
2.483: [GC (Allocation Failure) 2.483: [DefNew: 959K->64K(960K), 0.0026203 secs] 309210K->309003K(524224K), 0.0027115 secs] [Times: user=0.00 sys=0.00, real=0.00 secs] 
2.488: [GC (Allocation Failure) 2.488: [DefNew: 960K->64K(960K), 0.0029218 secs] 309899K->309551K(524224K), 0.0030347 secs] [Times: user=0.01 sys=0.00, real=0.00 secs] 
2.492: [GC (Allocation Failure) 2.492: [DefNew: 960K->63K(960K), 0.0024715 secs] 310447K->310068K(524224K), 0.0025709 secs] [Times: user=0.00 sys=0.00, real=0.00 secs] 
2.497: [GC (Allocation Failure) 2.497: [DefNew: 959K->63K(960K), 0.0022753 secs] 310964K->310688K(524224K), 0.0023672 secs] [Times: user=0.00 sys=0.00, real=0.00 secs] 
2.500: [GC (Allocation Failure) 2.501: [DefNew: 959K->64K(960K), 0.0025161 secs] 311586K->311373K(524224K), 0.0025997 secs] [Times: user=0.00 sys=0.00, real=0.00 secs] 
2.505: [GC (Allocation Failure) 2.506: [DefNew: 960K->64K(960K), 0.0027387 secs] 312271K->312069K(524224K), 0.0028532 secs] [Times: user=0.00 sys=0.00, real=0.00 secs] 
2.510: [GC (Allocation Failure) 2.510: [DefNew: 960K->64K(960K), 0.0025338 secs] 312967K->312766K(524224K), 0.0026211 secs] [Times: user=0.00 sys=0.00, real=0.00 secs] 
2.514: [GC (Allocation Failure) 2.514: [DefNew: 960K->63K(960K), 0.0026147 secs] 313662K->313444K(524224K), 0.0027099 secs] [Times: user=0.00 sys=0.00, real=0.00 secs] 
2.519: [GC (Allocation Failure) 2.519: [DefNew: 959K->63K(960K), 0.0022397 secs] 314341K->313933K(524224K), 0.0023349 secs] [Times: user=0.02 sys=0.00, real=0.00 secs] 
2.522: [GC (Allocation Failure) 2.522: [DefNew: 959K->63K(960K), 0.0020534 secs] 314829K->314392K(524224K), 0.0021474 secs] [Times: user=0.00 sys=0.00, real=0.00 secs] 
2.526: [GC (Allocation Failure) 2.526: [DefNew: 959K->64K(960K), 0.0022658 secs] 315289K->314930K(524224K), 0.0023657 secs] [Times: user=0.00 sys=0.00, real=0.00 secs] 
2.529: [GC (Allocation Failure) 2.529: [DefNew: 960K->63K(960K), 0.0019804 secs] 315826K->315386K(524224K), 0.0020586 secs] [Times: user=0.00 sys=0.00, real=0.00 secs] 
2.533: [GC (Allocation Failure) 2.533: [DefNew: 959K->63K(960K), 0.0019508 secs] 316283K->315899K(524224K), 0.0020301 secs] [Times: user=0.00 sys=0.00, real=0.00 secs] 
2.537: [GC (Allocation Failure) 2.537: [DefNew: 959K->64K(960K), 0.0018825 secs] 316796K->316377K(524224K), 0.0019539 secs] [Times: user=0.00 sys=0.00, real=0.00 secs] 
2.540: [GC (Allocation Failure) 2.540: [DefNew: 960K->64K(960K), 0.0020230 secs] 317273K->316880K(524224K), 0.0020988 secs] [Times: user=0.00 sys=0.00, real=0.00 secs] 
2.544: [GC (Allocation Failure) 2.544: [DefNew: 960K->63K(960K), 0.0019018 secs] 317777K->317366K(524224K), 0.0019832 secs] [Times: user=0.00 sys=0.00, real=0.00 secs] 
2.548: [GC (Allocation Failure) 2.548: [DefNew: 959K->64K(960K), 0.0019626 secs] 318263K->317828K(524224K), 0.0020558 secs] [Times: user=0.00 sys=0.00, real=0.00 secs] 
2.552: [GC (Allocation Failure) 2.552: [DefNew: 960K->63K(960K), 0.0019366 secs] 318724K->318283K(524224K), 0.0020483 secs] [Times: user=0.00 sys=0.00, real=0.00 secs] 
2.555: [GC (Allocation Failure) 2.555: [DefNew: 959K->63K(960K), 0.0020167 secs] 319180K->318730K(524224K), 0.0021126 secs] [Times: user=0.00 sys=0.00, real=0.00 secs] 
2.558: [GC (Allocation Failure) 2.558: [DefNew: 959K->63K(960K), 0.0026207 secs] 319626K->319206K(524224K), 0.0027059 secs] [Times: user=0.00 sys=0.00, real=0.00 secs] 
2.563: [GC (Allocation Failure) 2.563: [DefNew: 959K->63K(960K), 0.0020582 secs] 320102K->319694K(524224K), 0.0021553 secs] [Times: user=0.00 sys=0.00, real=0.00 secs] 
2.566: [GC (Allocation Failure) 2.566: [DefNew: 959K->64K(960K), 0.0020187 secs] 320591K->320131K(524224K), 0.0021209 secs] [Times: user=0.01 sys=0.00, real=0.00 secs] 
2.576: [GC (Allocation Failure) 2.576: [DefNew: 960K->63K(960K), 0.0021403 secs] 321027K->320606K(524224K), 0.0022666 secs] [Times: user=0.00 sys=0.00, real=0.00 secs] 
2.580: [GC (Allocation Failure) 2.580: [DefNew: 959K->63K(960K), 0.0019314 secs] 321502K->321106K(524224K), 0.0020167 secs] [Times: user=0.00 sys=0.00, real=0.00 secs] 
2.584: [GC (Allocation Failure) 2.584: [DefNew: 959K->63K(960K), 0.0021118 secs] 322002K->321599K(524224K), 0.0022184 secs] [Times: user=0.00 sys=0.00, real=0.00 secs] 
2.587: [GC (Allocation Failure) 2.588: [DefNew: 959K->64K(960K), 0.0020921 secs] 322497K->322088K(524224K), 0.0021959 secs] [Times: user=0.00 sys=0.00, real=0.00 secs] 
2.591: [GC (Allocation Failure) 2.591: [DefNew: 960K->63K(960K), 0.0019397 secs] 322985K->322541K(524224K), 0.0020266 secs] [Times: user=0.00 sys=0.00, real=0.00 secs] 
2.594: [GC (Allocation Failure) 2.595: [DefNew: 959K->64K(960K), 0.0023428 secs] 323437K->323092K(524224K), 0.0024947 secs] [Times: user=0.00 sys=0.00, real=0.00 secs] 
2.599: [GC (Allocation Failure) 2.599: [DefNew: 960K->64K(960K), 0.0020412 secs] 323988K->323545K(524224K), 0.0021300 secs] [Times: user=0.00 sys=0.00, real=0.00 secs] 
2.602: [GC (Allocation Failure) 2.602: [DefNew: 960K->64K(960K), 0.0019279 secs] 324442K->324057K(524224K), 0.0020053 secs] [Times: user=0.00 sys=0.00, real=0.00 secs] 
2.606: [GC (Allocation Failure) 2.606: [DefNew: 960K->63K(960K), 0.0018636 secs] 324954K->324524K(524224K), 0.0019484 secs] [Times: user=0.00 sys=0.00, real=0.00 secs] 
2.609: [GC (Allocation Failure) 2.610: [DefNew: 959K->64K(960K), 0.0018158 secs] 325421K->324975K(524224K), 0.0018939 secs] [Times: user=0.00 sys=0.00, real=0.00 secs] 
2.613: [GC (Allocation Failure) 2.613: [DefNew: 960K->64K(960K), 0.0019196 secs] 325872K->325464K(524224K), 0.0020132 secs] [Times: user=0.02 sys=0.00, real=0.00 secs] 
2.616: [GC (Allocation Failure) 2.617: [DefNew: 960K->64K(960K), 0.0019082 secs] 326361K->325940K(524224K), 0.0019895 secs] [Times: user=0.00 sys=0.00, real=0.00 secs] 
2.620: [GC (Allocation Failure) 2.620: [DefNew: 960K->64K(960K), 0.0020499 secs] 326836K->326427K(524224K), 0.0021340 secs] [Times: user=0.00 sys=0.00, real=0.00 secs] 
2.624: [GC (Allocation Failure) 2.624: [DefNew: 960K->64K(960K), 0.0021265 secs] 327323K->326907K(524224K), 0.0022109 secs] [Times: user=0.00 sys=0.00, real=0.00 secs] 
2.628: [GC (Allocation Failure) 2.628: [DefNew: 960K->63K(960K), 0.0023838 secs] 327804K->327514K(524224K), 0.0025263 secs] [Times: user=0.02 sys=0.00, real=0.00 secs] 
2.632: [GC (Allocation Failure) 2.632: [DefNew: 959K->64K(960K), 0.0022121 secs] 328411K->328022K(524224K), 0.0022812 secs] [Times: user=0.00 sys=0.00, real=0.00 secs] 
2.635: [GC (Allocation Failure) 2.636: [DefNew: 960K->63K(960K), 0.0019441 secs] 328919K->328484K(524224K), 0.0020140 secs] [Times: user=0.00 sys=0.00, real=0.00 secs] 
2.639: [GC (Allocation Failure) 2.639: [DefNew: 959K->63K(960K), 0.0019243 secs] 329381K->328997K(524224K), 0.0019871 secs] [Times: user=0.00 sys=0.00, real=0.00 secs] 
2.643: [GC (Allocation Failure) 2.643: [DefNew: 959K->64K(960K), 0.0018691 secs] 329893K->329447K(524224K), 0.0019536 secs] [Times: user=0.01 sys=0.00, real=0.00 secs] 
2.647: [GC (Allocation Failure) 2.647: [DefNew: 960K->63K(960K), 0.0018564 secs] 330344K->329941K(524224K), 0.0019283 secs] [Times: user=0.00 sys=0.00, real=0.00 secs] 
2.650: [GC (Allocation Failure) 2.650: [DefNew: 959K->64K(960K), 0.0018888 secs] 330838K->330431K(524224K), 0.0019508 secs] [Times: user=0.00 sys=0.00, real=0.00 secs] 
2.654: [GC (Allocation Failure) 2.654: [DefNew: 960K->64K(960K), 0.0020507 secs] 331328K->330898K(524224K), 0.0021501 secs] [Times: user=0.00 sys=0.00, real=0.00 secs] 
2.657: [GC (Allocation Failure) 2.657: [DefNew: 960K->63K(960K), 0.0019587 secs] 331794K->331400K(524224K), 0.0020262 secs] [Times: user=0.00 sys=0.00, real=0.00 secs] 
2.661: [GC (Allocation Failure) 2.661: [DefNew: 959K->63K(960K), 0.0022899 secs] 332296K->331927K(524224K), 0.0024288 secs] [Times: user=0.02 sys=0.00, real=0.00 secs] 
2.666: [GC (Allocation Failure) 2.666: [DefNew: 959K->64K(960K), 0.0020672 secs] 332824K->332412K(524224K), 0.0021545 secs] [Times: user=0.00 sys=0.00, real=0.00 secs] 
2.673: [GC (Allocation Failure) 2.673: [DefNew: 960K->64K(960K), 0.0023053 secs] 333309K->332873K(524224K), 0.0024154 secs] [Times: user=0.00 sys=0.00, real=0.00 secs] 
2.678: [GC (Allocation Failure) 2.678: [DefNew: 960K->64K(960K), 0.0019157 secs] 333769K->333353K(524224K), 0.0020428 secs] [Times: user=0.00 sys=0.00, real=0.00 secs] 
2.681: [GC (Allocation Failure) 2.681: [DefNew: 960K->63K(960K), 0.0020313 secs] 334249K->333865K(524224K), 0.0020976 secs] [Times: user=0.00 sys=0.00, real=0.00 secs] 
2.684: [GC (Allocation Failure) 2.685: [DefNew: 959K->64K(960K), 0.0020313 secs] 334762K->334315K(524224K), 0.0021213 secs] [Times: user=0.00 sys=0.00, real=0.00 secs] 
2.689: [GC (Allocation Failure) 2.689: [DefNew: 960K->64K(960K), 0.0019804 secs] 335213K->334778K(524224K), 0.0020838 secs] [Times: user=0.00 sys=0.00, real=0.00 secs] 
2.693: [GC (Allocation Failure) 2.693: [DefNew: 960K->63K(960K), 0.0022678 secs] 335674K->335233K(524224K), 0.0023850 secs] [Times: user=0.00 sys=0.00, real=0.00 secs] 
2.696: [GC (Allocation Failure) 2.696: [DefNew: 959K->63K(960K), 0.0024513 secs] 336129K->335817K(524224K), 0.0025480 secs] [Times: user=0.00 sys=0.00, real=0.00 secs] 
2.701: [GC (Allocation Failure) 2.701: [DefNew: 959K->63K(960K), 0.0022315 secs] 336714K->336363K(524224K), 0.0023203 secs] [Times: user=0.00 sys=0.00, real=0.00 secs] 
2.705: [GC (Allocation Failure) 2.705: [DefNew: 959K->64K(960K), 0.0023996 secs] 337261K->337057K(524224K), 0.0024793 secs] [Times: user=0.00 sys=0.00, real=0.00 secs] 
2.708: [GC (Allocation Failure) 2.708: [DefNew: 960K->64K(960K), 0.0023712 secs] 337954K->337610K(524224K), 0.0024549 secs] [Times: user=0.00 sys=0.00, real=0.00 secs] 
2.712: [GC (Allocation Failure) 2.712: [DefNew: 960K->64K(960K), 0.0023878 secs] 338508K->338315K(524224K), 0.0024655 secs] [Times: user=0.00 sys=0.00, real=0.00 secs] 
2.715: [GC (Allocation Failure) 2.715: [DefNew: 960K->63K(960K), 0.0024703 secs] 339212K->338945K(524224K), 0.0025670 secs] [Times: user=0.00 sys=0.00, real=0.00 secs] 
2.719: [GC (Allocation Failure) 2.719: [DefNew: 959K->64K(960K), 0.0022615 secs] 339841K->339413K(524224K), 0.0023503 secs] [Times: user=0.00 sys=0.00, real=0.00 secs] 
2.722: [GC (Allocation Failure) 2.722: [DefNew: 960K->64K(960K), 0.0029621 secs] 340309K->340034K(524224K), 0.0031255 secs] [Times: user=0.01 sys=0.00, real=0.00 secs] 
2.728: [GC (Allocation Failure) 2.728: [DefNew: 960K->64K(960K), 0.0027000 secs] 340931K->340666K(524224K), 0.0028599 secs] [Times: user=0.00 sys=0.00, real=0.00 secs] 
2.731: [GC (Allocation Failure) 2.732: [DefNew: 960K->64K(960K), 0.0022421 secs] 341563K->341131K(524224K), 0.0023195 secs] [Times: user=0.00 sys=0.00, real=0.00 secs] 
2.735: [GC (Allocation Failure) 2.735: [DefNew: 960K->63K(960K), 0.0019405 secs] 342028K->341612K(524224K), 0.0020116 secs] [Times: user=0.00 sys=0.00, real=0.00 secs] 
2.739: [GC (Allocation Failure) 2.739: [DefNew: 959K->64K(960K), 0.0026905 secs] 342509K->342112K(524224K), 0.0027758 secs] [Times: user=0.00 sys=0.00, real=0.00 secs] 
2.743: [GC (Allocation Failure) 2.744: [DefNew: 960K->63K(960K), 0.0027647 secs] 343010K->342822K(524224K), 0.0028512 secs] [Times: user=0.00 sys=0.00, real=0.00 secs] 
2.748: [GC (Allocation Failure) 2.748: [DefNew: 959K->64K(960K), 0.0024355 secs] 343718K->343467K(524224K), 0.0025074 secs] [Times: user=0.00 sys=0.00, real=0.00 secs] 
2.752: [GC (Allocation Failure) 2.752: [DefNew: 960K->63K(960K), 0.0026522 secs] 344364K->344157K(524224K), 0.0027292 secs] [Times: user=0.02 sys=0.00, real=0.00 secs] 
2.756: [GC (Allocation Failure) 2.756: [DefNew: 959K->63K(960K), 0.0026313 secs] 345054K->344752K(524224K), 0.0027138 secs] [Times: user=0.00 sys=0.00, real=0.00 secs] 
2.761: [GC (Allocation Failure) 2.761: [DefNew: 959K->64K(960K), 0.0025465 secs] 345649K->345402K(524224K), 0.0026609 secs] [Times: user=0.00 sys=0.00, real=0.00 secs] 
2.765: [GC (Allocation Failure) 2.765: [DefNew: 960K->63K(960K), 0.0023842 secs] 346298K->345899K(524224K), 0.0024746 secs] [Times: user=0.00 sys=0.00, real=0.00 secs] 
2.769: [GC (Allocation Failure) 2.769: [DefNew: 959K->64K(960K), 0.0024478 secs] 346797K->346617K(524224K), 0.0025311 secs] [Times: user=0.02 sys=0.00, real=0.00 secs] 
2.774: [GC (Allocation Failure) 2.774: [DefNew: 960K->64K(960K), 0.0033462 secs] 347514K->347369K(524224K), 0.0034772 secs] [Times: user=0.00 sys=0.00, real=0.00 secs] 
2.779: [GC (Allocation Failure) 2.779: [DefNew: 960K->63K(960K), 0.0023120 secs] 348265K->347908K(524224K), 0.0023941 secs] [Times: user=0.00 sys=0.00, real=0.00 secs] 
2.782: [GC (Allocation Failure) 2.783: [DefNew: 959K->63K(960K), 0.0019366 secs] 348804K->348383K(524224K), 0.0020207 secs] [Times: user=0.00 sys=0.00, real=0.00 secs] 
2.786: [GC (Allocation Failure) 2.787: [DefNew: 959K->64K(960K), 0.0028299 secs] 349280K->348865K(524224K), 0.0029546 secs] [Times: user=0.00 sys=0.00, real=0.00 secs] 
2.791: [GC (Allocation Failure) 2.791: [DefNew: 960K->63K(960K), 0.0023976 secs] 349762K->349456K(524224K), 0.0025421 secs] [Times: user=0.00 sys=0.00, real=0.00 secs] 
2.795: [GC (Allocation Failure) 2.795: [DefNew: 959K->64K(960K), 0.0024620 secs] 350353K->350097K(524224K), 0.0025630 secs] [Times: user=0.00 sys=0.00, real=0.00 secs] 
2.800: [GC (Allocation Failure) 2.800: [DefNew: 960K->64K(960K), 0.0022236 secs] 350994K->350614K(524224K), 0.0023049 secs] [Times: user=0.01 sys=0.00, real=0.00 secs] 
2.804: [GC (Allocation Failure) 2.804: [DefNew: 960K->64K(960K), 0.0021876 secs] 351511K->351157K(524224K), 0.0022820 secs] [Times: user=0.00 sys=0.00, real=0.00 secs] 
2.807: [GC (Allocation Failure) 2.807: [DefNew: 960K->64K(960K), 0.0020728 secs] 352053K->351670K(524224K), 0.0021525 secs] [Times: user=0.00 sys=0.00, real=0.00 secs] 
2.810: [GC (Allocation Failure) 2.811: [DefNew: 960K->64K(960K), 0.0020550 secs] 352567K->352186K(524224K), 0.0021403 secs] [Times: user=0.00 sys=0.00, real=0.00 secs] 
2.814: [GC (Allocation Failure) 2.814: [DefNew: 960K->63K(960K), 0.0020692 secs] 353082K->352724K(524224K), 0.0021351 secs] [Times: user=0.00 sys=0.00, real=0.00 secs] 
2.818: [GC (Allocation Failure) 2.818: [DefNew: 959K->64K(960K), 0.0023329 secs] 353621K->353337K(524224K), 0.0024296 secs] [Times: user=0.00 sys=0.00, real=0.00 secs] 
2.821: [GC (Allocation Failure) 2.822: [DefNew: 960K->63K(960K), 0.0024786 secs] 354234K->353826K(524224K), 0.0025796 secs] [Times: user=0.00 sys=0.00, real=0.00 secs] 
2.826: [GC (Allocation Failure) 2.826: [DefNew: 959K->64K(960K), 0.0021868 secs] 354723K->354324K(524224K), 0.0023037 secs] [Times: user=0.00 sys=0.00, real=0.00 secs] 
2.829: [GC (Allocation Failure) 2.830: [DefNew: 960K->63K(960K), 0.0019918 secs] 355220K->354822K(524224K), 0.0020787 secs] [Times: user=0.00 sys=0.00, real=0.00 secs] 
2.833: [GC (Allocation Failure) 2.833: [DefNew: 959K->63K(960K), 0.0023613 secs] 355718K->355441K(524224K), 0.0024659 secs] [Times: user=0.00 sys=0.00, real=0.00 secs] 
2.837: [GC (Allocation Failure) 2.837: [DefNew: 959K->63K(960K), 0.0022575 secs] 356337K->355944K(524224K), 0.0023349 secs] [Times: user=0.00 sys=0.00, real=0.00 secs] 
2.840: [GC (Allocation Failure) 2.840: [DefNew: 959K->64K(960K), 0.0020822 secs] 356841K->356473K(524224K), 0.0021612 secs] [Times: user=0.00 sys=0.00, real=0.00 secs] 
2.844: [GC (Allocation Failure) 2.844: [DefNew: 960K->64K(960K), 0.0023447 secs] 357370K->357100K(524224K), 0.0024470 secs] [Times: user=0.00 sys=0.00, real=0.00 secs] 
2.847: [GC (Allocation Failure) 2.848: [DefNew: 960K->64K(960K), 0.0022362 secs] 357997K->357599K(524224K), 0.0023151 secs] [Times: user=0.02 sys=0.00, real=0.00 secs] 
2.851: [GC (Allocation Failure) 2.851: [DefNew: 960K->63K(960K), 0.0020755 secs] 358496K->358107K(524224K), 0.0021561 secs] [Times: user=0.00 sys=0.00, real=0.00 secs] 
2.855: [GC (Allocation Failure) 2.855: [DefNew: 959K->64K(960K), 0.0022907 secs] 359003K->358678K(524224K), 0.0023637 secs] [Times: user=0.00 sys=0.00, real=0.00 secs] 
2.858: [GC (Allocation Failure) 2.858: [DefNew: 960K->63K(960K), 0.0028188 secs] 359574K->359172K(524224K), 0.0029195 secs] [Times: user=0.00 sys=0.00, real=0.00 secs] 
2.863: [GC (Allocation Failure) 2.863: [DefNew: 959K->63K(960K), 0.0024805 secs] 360069K->359637K(524224K), 0.0025982 secs] [Times: user=0.00 sys=0.00, real=0.00 secs] 
2.867: [GC (Allocation Failure) 2.868: [DefNew: 959K->63K(960K), 0.0021616 secs] 360533K->360190K(524224K), 0.0022524 secs] [Times: user=0.00 sys=0.00, real=0.00 secs] 
2.876: [GC (Allocation Failure) 2.876: [DefNew: 959K->64K(960K), 0.0024154 secs] 361086K->360832K(524224K), 0.0025287 secs] [Times: user=0.00 sys=0.00, real=0.00 secs] 
2.880: [GC (Allocation Failure) 2.880: [DefNew: 960K->64K(960K), 0.0031393 secs] 361728K->361379K(524224K), 0.0032495 secs] [Times: user=0.00 sys=0.00, real=0.00 secs] 
2.884: [GC (Allocation Failure) 2.884: [DefNew: 960K->63K(960K), 0.0021012 secs] 362276K->361862K(524224K), 0.0021987 secs] [Times: user=0.00 sys=0.00, real=0.00 secs] 
2.887: [GC (Allocation Failure) 2.888: [DefNew: 959K->64K(960K), 0.0027091 secs] 362759K->362323K(524224K), 0.0028338 secs] [Times: user=0.00 sys=0.00, real=0.00 secs] 
2.893: [GC (Allocation Failure) 2.893: [DefNew: 960K->64K(960K), 0.0033553 secs] 363220K->363046K(524224K), 0.0034926 secs] [Times: user=0.02 sys=0.00, real=0.00 secs] 
2.898: [GC (Allocation Failure) 2.898: [DefNew: 960K->63K(960K), 0.0027738 secs] 363942K->363687K(524224K), 0.0028658 secs] [Times: user=0.00 sys=0.00, real=0.00 secs] 
2.902: [GC (Allocation Failure) 2.903: [DefNew: 959K->64K(960K), 0.0027588 secs] 364585K->364403K(524224K), 0.0028488 secs] [Times: user=0.00 sys=0.00, real=0.00 secs] 
2.907: [GC (Allocation Failure) 2.907: [DefNew: 960K->63K(960K), 0.0032290 secs] 365300K->364941K(524224K), 0.0033371 secs] [Times: user=0.02 sys=0.00, real=0.00 secs] 
2.911: [GC (Allocation Failure) 2.912: [DefNew: 959K->63K(960K), 0.0032554 secs] 365837K->365556K(524224K), 0.0033640 secs] [Times: user=0.00 sys=0.00, real=0.00 secs] 
2.916: [GC (Allocation Failure) 2.916: [DefNew: 959K->63K(960K), 0.0023862 secs] 366453K->366117K(524224K), 0.0024790 secs] [Times: user=0.00 sys=0.00, real=0.00 secs] 
2.920: [GC (Allocation Failure) 2.921: [DefNew: 959K->63K(960K), 0.0031958 secs] 367013K->366680K(524224K), 0.0033067 secs] [Times: user=0.00 sys=0.00, real=0.00 secs] 
2.926: [GC (Allocation Failure) 2.926: [DefNew: 959K->63K(960K), 0.0030150 secs] 367577K->367377K(524224K), 0.0031200 secs] [Times: user=0.02 sys=0.00, real=0.00 secs] 
2.930: [GC (Allocation Failure) 2.930: [DefNew: 959K->64K(960K), 0.0034634 secs] 368273K->367944K(524224K), 0.0035811 secs] [Times: user=0.00 sys=0.00, real=0.00 secs] 
2.935: [GC (Allocation Failure) 2.935: [DefNew: 960K->63K(960K), 0.0023321 secs] 368840K->368409K(524224K), 0.0024276 secs] [Times: user=0.00 sys=0.00, real=0.00 secs] 
2.939: [GC (Allocation Failure) 2.939: [DefNew: 959K->63K(960K), 0.0019737 secs] 369305K->368920K(524224K), 0.0020570 secs] [Times: user=0.00 sys=0.02, real=0.00 secs] 
2.943: [GC (Allocation Failure) 2.943: [DefNew: 959K->64K(960K), 0.0020325 secs] 369817K->369384K(524224K), 0.0021359 secs] [Times: user=0.00 sys=0.00, real=0.00 secs] 
2.946: [GC (Allocation Failure) 2.946: [DefNew: 960K->64K(960K), 0.0020361 secs] 370281K->369881K(524224K), 0.0021221 secs] [Times: user=0.00 sys=0.00, real=0.00 secs] 
2.950: [GC (Allocation Failure) 2.950: [DefNew: 960K->64K(960K), 0.0020345 secs] 370778K->370380K(524224K), 0.0021237 secs] [Times: user=0.00 sys=0.00, real=0.00 secs] 
2.953: [GC (Allocation Failure) 2.953: [DefNew: 960K->63K(960K), 0.0021095 secs] 371276K->370847K(524224K), 0.0021951 secs] [Times: user=0.00 sys=0.00, real=0.00 secs] 
2.957: [GC (Allocation Failure) 2.957: [DefNew: 959K->63K(960K), 0.0024075 secs] 371744K->371414K(524224K), 0.0024975 secs] [Times: user=0.00 sys=0.00, real=0.00 secs] 
2.961: [GC (Allocation Failure) 2.961: [DefNew: 959K->63K(960K), 0.0025583 secs] 372310K->371968K(524224K), 0.0027032 secs] [Times: user=0.00 sys=0.00, real=0.00 secs] 
2.965: [GC (Allocation Failure) 2.965: [DefNew: 959K->63K(960K), 0.0027853 secs] 372865K->372466K(524224K), 0.0028717 secs] [Times: user=0.00 sys=0.00, real=0.00 secs] 
2.969: [GC (Allocation Failure) 2.970: [DefNew: 959K->63K(960K), 0.0028030 secs] 373363K->373039K(524224K), 0.0029037 secs] [Times: user=0.00 sys=0.00, real=0.00 secs] 
2.977: [GC (Allocation Failure) 2.978: [DefNew: 959K->64K(960K), 0.0022240 secs] 373935K->373605K(524224K), 0.0023400 secs] [Times: user=0.00 sys=0.00, real=0.00 secs] 
2.981: [GC (Allocation Failure) 2.981: [DefNew: 960K->64K(960K), 0.0021426 secs] 374501K->374122K(524224K), 0.0022220 secs] [Times: user=0.00 sys=0.00, real=0.00 secs] 
2.984: [GC (Allocation Failure) 2.984: [DefNew: 960K->63K(960K), 0.0021276 secs] 375019K->374601K(524224K), 0.0022224 secs] [Times: user=0.00 sys=0.00, real=0.00 secs] 
2.989: [GC (Allocation Failure) 2.989: [DefNew: 959K->64K(960K), 0.0024043 secs] 375497K->375170K(524224K), 0.0025180 secs] [Times: user=0.00 sys=0.00, real=0.00 secs] 
2.993: [GC (Allocation Failure) 2.993: [DefNew: 960K->64K(960K), 0.0025370 secs] 376066K->375683K(524224K), 0.0026459 secs] [Times: user=0.00 sys=0.00, real=0.00 secs] 
2.997: [GC (Allocation Failure) 2.997: [DefNew: 960K->64K(960K), 0.0020451 secs] 376579K->376215K(524224K), 0.0021284 secs] [Times: user=0.00 sys=0.00, real=0.00 secs] 
3.001: [GC (Allocation Failure) 3.001: [DefNew: 960K->64K(960K), 0.0020384 secs] 377112K->376698K(524224K), 0.0021193 secs] [Times: user=0.00 sys=0.00, real=0.00 secs] 
3.005: [GC (Allocation Failure) 3.005: [DefNew: 960K->63K(960K), 0.0028871 secs] 377594K->377193K(524224K), 0.0128432 secs] [Times: user=0.00 sys=0.00, real=0.01 secs] 
3.019: [GC (Allocation Failure) 3.020: [DefNew: 959K->64K(960K), 0.0021655 secs] 378089K->377725K(524224K), 0.0022658 secs] [Times: user=0.00 sys=0.00, real=0.00 secs] 
3.022: [GC (Allocation Failure) 3.023: [DefNew: 960K->63K(960K), 0.0024596 secs] 378621K->378347K(524224K), 0.0025536 secs] [Times: user=0.00 sys=0.00, real=0.00 secs] 
3.027: [GC (Allocation Failure) 3.027: [DefNew: 959K->63K(960K), 0.0024134 secs] 379243K->378826K(524224K), 0.0025145 secs] [Times: user=0.00 sys=0.00, real=0.00 secs] 
3.031: [GC (Allocation Failure) 3.031: [DefNew: 959K->63K(960K), 0.0020033 secs] 379722K->379313K(524224K), 0.0020822 secs] [Times: user=0.00 sys=0.00, real=0.00 secs] 
3.034: [GC (Allocation Failure) 3.035: [DefNew: 959K->64K(960K), 0.0020515 secs] 380210K->379790K(524224K), 0.0021296 secs] [Times: user=0.01 sys=0.00, real=0.00 secs] 
3.038: [GC (Allocation Failure) 3.038: [DefNew: 960K->64K(960K), 0.0020933 secs] 380686K->380301K(524224K), 0.0021857 secs] [Times: user=0.00 sys=0.00, real=0.00 secs] 
3.042: [GC (Allocation Failure) 3.042: [DefNew: 960K->63K(960K), 0.0021225 secs] 381197K->380800K(524224K), 0.0022212 secs] [Times: user=0.00 sys=0.00, real=0.00 secs] 
3.045: [GC (Allocation Failure) 3.046: [DefNew: 959K->63K(960K), 0.0021186 secs] 381697K->381312K(524224K), 0.0022161 secs] [Times: user=0.00 sys=0.00, real=0.00 secs] 
3.049: [GC (Allocation Failure) 3.049: [DefNew: 959K->63K(960K), 0.0020815 secs] 382208K->381813K(524224K), 0.0021620 secs] [Times: user=0.00 sys=0.00, real=0.00 secs] 
3.053: [GC (Allocation Failure) 3.053: [DefNew: 959K->64K(960K), 0.0020965 secs] 382709K->382327K(524224K), 0.0021778 secs] [Times: user=0.00 sys=0.00, real=0.00 secs] 
3.056: [GC (Allocation Failure) 3.056: [DefNew: 960K->63K(960K), 0.0023112 secs] 383224K->382870K(524224K), 0.0023909 secs] [Times: user=0.00 sys=0.00, real=0.00 secs] 
3.059: [GC (Allocation Failure) 3.060: [DefNew: 959K->63K(960K), 0.0024632 secs] 383767K->383375K(524224K), 0.0025453 secs] [Times: user=0.00 sys=0.00, real=0.00 secs] 
3.064: [GC (Allocation Failure) 3.064: [DefNew: 959K->64K(960K), 0.0022417 secs] 384272K->383892K(524224K), 0.0023317 secs] [Times: user=0.02 sys=0.00, real=0.00 secs] 
3.068: [GC (Allocation Failure) 3.068: [DefNew: 960K->64K(960K), 0.0019824 secs] 384788K->384381K(524224K), 0.0020522 secs] [Times: user=0.00 sys=0.00, real=0.00 secs] 
3.075: [GC (Allocation Failure) 3.075: [DefNew: 960K->63K(960K), 0.0019974 secs] 385277K->384864K(524224K), 0.0021055 secs] [Times: user=0.00 sys=0.00, real=0.00 secs] 
3.078: [GC (Allocation Failure) 3.078: [DefNew: 959K->63K(960K), 0.0019078 secs] 385760K->385334K(524224K), 0.0020013 secs] [Times: user=0.00 sys=0.00, real=0.00 secs] 
3.082: [GC (Allocation Failure) 3.082: [DefNew: 959K->63K(960K), 0.0020242 secs] 386230K->385849K(524224K), 0.0021186 secs] [Times: user=0.01 sys=0.00, real=0.00 secs] 
3.085: [GC (Allocation Failure) 3.085: [DefNew: 959K->63K(960K), 0.0023416 secs] 386746K->386351K(524224K), 0.0024486 secs] [Times: user=0.00 sys=0.00, real=0.00 secs] 
3.090: [GC (Allocation Failure) 3.090: [DefNew: 959K->63K(960K), 0.0020791 secs] 387248K->386875K(524224K), 0.0021829 secs] [Times: user=0.00 sys=0.00, real=0.00 secs] 
3.094: [GC (Allocation Failure) 3.094: [DefNew: 959K->64K(960K), 0.0023965 secs] 387772K->387399K(524224K), 0.0025050 secs] [Times: user=0.00 sys=0.00, real=0.00 secs] 
3.098: [GC (Allocation Failure) 3.098: [DefNew: 960K->63K(960K), 0.0021296 secs] 388295K->387909K(524224K), 0.0022070 secs] [Times: user=0.00 sys=0.00, real=0.00 secs] 
3.101: [GC (Allocation Failure) 3.101: [DefNew: 959K->63K(960K), 0.0020929 secs] 388806K->388418K(524224K), 0.0021655 secs] [Times: user=0.00 sys=0.00, real=0.00 secs] 
3.105: [GC (Allocation Failure) 3.105: [DefNew: 959K->63K(960K), 0.0020929 secs] 389315K->388910K(524224K), 0.0021849 secs] [Times: user=0.00 sys=0.00, real=0.00 secs] 
3.109: [GC (Allocation Failure) 3.109: [DefNew: 959K->64K(960K), 0.0021730 secs] 389807K->389398K(524224K), 0.0022547 secs] [Times: user=0.00 sys=0.00, real=0.00 secs] 
3.112: [GC (Allocation Failure) 3.112: [DefNew: 960K->63K(960K), 0.0023420 secs] 390295K->389898K(524224K), 0.0024395 secs] [Times: user=0.02 sys=0.00, real=0.00 secs] 
3.116: [GC (Allocation Failure) 3.116: [DefNew: 959K->64K(960K), 0.0021383 secs] 390795K->390383K(524224K), 0.0022129 secs] [Times: user=0.00 sys=0.00, real=0.00 secs] 
3.120: [GC (Allocation Failure) 3.120: [DefNew: 960K->63K(960K), 0.0021130 secs] 391280K->390897K(524224K), 0.0022015 secs] [Times: user=0.00 sys=0.00, real=0.00 secs] 
3.123: [GC (Allocation Failure) 3.123: [DefNew: 959K->63K(960K), 0.0023526 secs] 391794K->391449K(524224K), 0.0024300 secs] [Times: user=0.00 sys=0.00, real=0.00 secs] 
3.128: [GC (Allocation Failure) 3.128: [DefNew: 959K->64K(960K), 0.0030122 secs] 392346K->392031K(524224K), 0.0031622 secs] [Times: user=0.02 sys=0.00, real=0.00 secs] 
3.132: [GC (Allocation Failure) 3.132: [DefNew: 960K->64K(960K), 0.0026428 secs] 392927K->392619K(524224K), 0.0027197 secs] [Times: user=0.00 sys=0.00, real=0.00 secs] 
3.136: [GC (Allocation Failure) 3.137: [DefNew: 960K->64K(960K), 0.0022543 secs] 393516K->393083K(524224K), 0.0023313 secs] [Times: user=0.00 sys=0.00, real=0.00 secs] 
3.140: [GC (Allocation Failure) 3.140: [DefNew: 960K->63K(960K), 0.0025753 secs] 393980K->393657K(524224K), 0.0026925 secs] [Times: user=0.00 sys=0.00, real=0.00 secs] 
3.146: [GC (Allocation Failure) 3.146: [DefNew: 959K->64K(960K), 0.0028666 secs] 394554K->394273K(524224K), 0.0029897 secs] [Times: user=0.00 sys=0.00, real=0.00 secs] 
3.150: [GC (Allocation Failure) 3.150: [DefNew: 960K->63K(960K), 0.0022741 secs] 395170K->394774K(524224K), 0.0023542 secs] [Times: user=0.00 sys=0.00, real=0.00 secs] 
3.154: [GC (Allocation Failure) 3.154: [DefNew: 959K->64K(960K), 0.0028311 secs] 395671K->395253K(524224K), 0.0029254 secs] [Times: user=0.00 sys=0.00, real=0.00 secs] 
3.158: [GC (Allocation Failure) 3.158: [DefNew: 960K->64K(960K), 0.0032100 secs] 396150K->395891K(524224K), 0.0033087 secs] [Times: user=0.02 sys=0.00, real=0.00 secs] 
3.163: [GC (Allocation Failure) 3.163: [DefNew: 960K->64K(960K), 0.0026546 secs] 396787K->396400K(524224K), 0.0027490 secs] [Times: user=0.00 sys=0.00, real=0.00 secs] 
3.168: [GC (Allocation Failure) 3.168: [DefNew: 960K->63K(960K), 0.0025993 secs] 397298K->397119K(524224K), 0.0026822 secs] [Times: user=0.00 sys=0.00, real=0.00 secs] 
3.175: [GC (Allocation Failure) 3.176: [DefNew: 959K->64K(960K), 0.0030825 secs] 398015K->397663K(524224K), 0.0032120 secs] [Times: user=0.00 sys=0.00, real=0.00 secs] 
3.180: [GC (Allocation Failure) 3.180: [DefNew: 960K->63K(960K), 0.0023921 secs] 398559K->398271K(524224K), 0.0024793 secs] [Times: user=0.00 sys=0.00, real=0.00 secs] 
3.184: [GC (Allocation Failure) 3.185: [DefNew: 959K->64K(960K), 0.0032511 secs] 399167K->398859K(524224K), 0.0033715 secs] [Times: user=0.00 sys=0.00, real=0.00 secs] 
3.189: [GC (Allocation Failure) 3.189: [DefNew: 960K->63K(960K), 0.0023025 secs] 399755K->399412K(524224K), 0.0024083 secs] [Times: user=0.02 sys=0.00, real=0.00 secs] 
3.193: [GC (Allocation Failure) 3.193: [DefNew: 959K->64K(960K), 0.0033521 secs] 400310K->400117K(524224K), 0.0034500 secs] [Times: user=0.00 sys=0.00, real=0.00 secs] 
3.198: [GC (Allocation Failure) 3.198: [DefNew: 960K->63K(960K), 0.0026550 secs] 401014K->400674K(524224K), 0.0027541 secs] [Times: user=0.00 sys=0.00, real=0.00 secs] 
3.203: [GC (Allocation Failure) 3.203: [DefNew: 959K->63K(960K), 0.0020874 secs] 401571K->401156K(524224K), 0.0021762 secs] [Times: user=0.00 sys=0.00, real=0.00 secs] 
3.206: [GC (Allocation Failure) 3.206: [DefNew: 959K->64K(960K), 0.0020483 secs] 402052K->401657K(524224K), 0.0021371 secs] [Times: user=0.02 sys=0.00, real=0.00 secs] 
3.209: [GC (Allocation Failure) 3.210: [DefNew: 960K->63K(960K), 0.0020945 secs] 402554K->402140K(524224K), 0.0021786 secs] [Times: user=0.00 sys=0.00, real=0.00 secs] 
3.213: [GC (Allocation Failure) 3.213: [DefNew: 959K->63K(960K), 0.0020672 secs] 403036K->402659K(524224K), 0.0021608 secs] [Times: user=0.00 sys=0.00, real=0.00 secs] 
3.217: [GC (Allocation Failure) 3.217: [DefNew: 959K->63K(960K), 0.0020301 secs] 403555K->403149K(524224K), 0.0021186 secs] [Times: user=0.00 sys=0.00, real=0.00 secs] 
3.220: [GC (Allocation Failure) 3.221: [DefNew: 959K->63K(960K), 0.0026345 secs] 404046K->403645K(524224K), 0.0027371 secs] [Times: user=0.02 sys=0.00, real=0.00 secs] 
3.225: [GC (Allocation Failure) 3.225: [DefNew: 959K->63K(960K), 0.0027355 secs] 404541K->404266K(524224K), 0.0028409 secs] [Times: user=0.00 sys=0.00, real=0.00 secs] 
3.230: [GC (Allocation Failure) 3.230: [DefNew: 959K->64K(960K), 0.0021647 secs] 405163K->404761K(524224K), 0.0022500 secs] [Times: user=0.00 sys=0.00, real=0.00 secs] 
3.233: [GC (Allocation Failure) 3.233: [DefNew: 960K->64K(960K), 0.0021229 secs] 405657K->405282K(524224K), 0.0022129 secs] [Times: user=0.00 sys=0.00, real=0.00 secs] 
3.237: [GC (Allocation Failure) 3.237: [DefNew: 960K->63K(960K), 0.0021865 secs] 406179K->405768K(524224K), 0.0022634 secs] [Times: user=0.02 sys=0.00, real=0.00 secs] 
3.240: [GC (Allocation Failure) 3.241: [DefNew: 959K->63K(960K), 0.0020897 secs] 406665K->406273K(524224K), 0.0021679 secs] [Times: user=0.00 sys=0.00, real=0.00 secs] 
3.244: [GC (Allocation Failure) 3.244: [DefNew: 959K->64K(960K), 0.0020984 secs] 407170K->406802K(524224K), 0.0021967 secs] [Times: user=0.00 sys=0.00, real=0.00 secs] 
3.248: [GC (Allocation Failure) 3.248: [DefNew: 960K->63K(960K), 0.0020361 secs] 407699K->407319K(524224K), 0.0021178 secs] [Times: user=0.00 sys=0.00, real=0.00 secs] 
3.251: [GC (Allocation Failure) 3.251: [DefNew: 959K->63K(960K), 0.0021422 secs] 408215K->407852K(524224K), 0.0022236 secs] [Times: user=0.01 sys=0.00, real=0.00 secs] 
3.255: [GC (Allocation Failure) 3.255: [DefNew: 959K->63K(960K), 0.0022986 secs] 408748K->408421K(524224K), 0.0023846 secs] [Times: user=0.00 sys=0.00, real=0.00 secs] 
3.258: [GC (Allocation Failure) 3.259: [DefNew: 959K->63K(960K), 0.0029972 secs] 409317K->409061K(524224K), 0.0031066 secs] [Times: user=0.00 sys=0.00, real=0.00 secs] 
3.263: [GC (Allocation Failure) 3.263: [DefNew: 959K->64K(960K), 0.0023988 secs] 409958K->409585K(524224K), 0.0024865 secs] [Times: user=0.00 sys=0.00, real=0.00 secs] 
3.266: [GC (Allocation Failure) 3.267: [DefNew: 960K->64K(960K), 0.0021940 secs] 410482K->410100K(524224K), 0.0022686 secs] [Times: user=0.00 sys=0.00, real=0.00 secs] 
3.270: [GC (Allocation Failure) 3.270: [DefNew: 960K->64K(960K), 0.0025492 secs] 410997K->410753K(524224K), 0.0026562 secs] [Times: user=0.00 sys=0.00, real=0.00 secs] 
3.275: [GC (Allocation Failure) 3.275: [DefNew: 960K->63K(960K), 0.0035779 secs] 411652K->411488K(524224K), 0.0037129 secs] [Times: user=0.00 sys=0.00, real=0.00 secs] 
3.280: [GC (Allocation Failure) 3.280: [DefNew: 959K->64K(960K), 0.0026554 secs] 412385K->412177K(524224K), 0.0027482 secs] [Times: user=0.00 sys=0.00, real=0.00 secs] 
3.285: [GC (Allocation Failure) 3.285: [DefNew: 960K->64K(960K), 0.0022465 secs] 413074K->412678K(524224K), 0.0023392 secs] [Times: user=0.02 sys=0.00, real=0.00 secs] 
3.289: [GC (Allocation Failure) 3.289: [DefNew: 960K->63K(960K), 0.0025678 secs] 413575K->413286K(524224K), 0.0026957 secs] [Times: user=0.00 sys=0.00, real=0.00 secs] 
3.294: [GC (Allocation Failure) 3.294: [DefNew: 959K->63K(960K), 0.0027162 secs] 414183K->413834K(524224K), 0.0028547 secs] [Times: user=0.00 sys=0.00, real=0.00 secs] 
3.297: [GC (Allocation Failure) 3.298: [DefNew: 959K->64K(960K), 0.0021162 secs] 414730K->414331K(524224K), 0.0021975 secs] [Times: user=0.00 sys=0.00, real=0.00 secs] 
3.301: [GC (Allocation Failure) 3.302: [DefNew: 960K->64K(960K), 0.0028559 secs] 415228K->414848K(524224K), 0.0029495 secs] [Times: user=0.00 sys=0.00, real=0.00 secs] 
3.306: [GC (Allocation Failure) 3.306: [DefNew: 960K->64K(960K), 0.0022911 secs] 415744K->415447K(524224K), 0.0023791 secs] [Times: user=0.00 sys=0.00, real=0.00 secs] 
3.309: [GC (Allocation Failure) 3.310: [DefNew: 960K->64K(960K), 0.0028954 secs] 416345K->416159K(524224K), 0.0030004 secs] [Times: user=0.00 sys=0.00, real=0.00 secs] 
3.314: [GC (Allocation Failure) 3.314: [DefNew: 960K->63K(960K), 0.0025382 secs] 417055K->416639K(524224K), 0.0026897 secs] [Times: user=0.00 sys=0.02, real=0.00 secs] 
3.319: [GC (Allocation Failure) 3.319: [DefNew: 959K->63K(960K), 0.0022346 secs] 417536K->417207K(524224K), 0.0023313 secs] [Times: user=0.00 sys=0.00, real=0.00 secs] 
3.322: [GC (Allocation Failure) 3.322: [DefNew: 959K->63K(960K), 0.0032400 secs] 418104K->417790K(524224K), 0.0033568 secs] [Times: user=0.00 sys=0.00, real=0.00 secs] 
3.328: [GC (Allocation Failure) 3.328: [DefNew: 959K->63K(960K), 0.0029013 secs] 418688K->418536K(524224K), 0.0030426 secs] [Times: user=0.00 sys=0.00, real=0.00 secs] 
3.332: [GC (Allocation Failure) 3.332: [DefNew: 959K->64K(960K), 0.0031204 secs] 419433K->419192K(524224K), 0.0032218 secs] [Times: user=0.00 sys=0.00, real=0.00 secs] 
3.336: [GC (Allocation Failure) 3.337: [DefNew: 960K->63K(960K), 0.0023218 secs] 420088K->419689K(524224K), 0.0024016 secs] [Times: user=0.00 sys=0.00, real=0.00 secs] 
3.340: [GC (Allocation Failure) 3.340: [DefNew: 959K->63K(960K), 0.0020329 secs] 420586K->420171K(524224K), 0.0021351 secs] [Times: user=0.00 sys=0.00, real=0.00 secs] 
3.344: [GC (Allocation Failure) 3.344: [DefNew: 959K->63K(960K), 0.0026941 secs] 421068K->420803K(524224K), 0.0027955 secs] [Times: user=0.00 sys=0.00, real=0.00 secs] 
3.348: [GC (Allocation Failure) 3.348: [DefNew: 959K->64K(960K), 0.0023009 secs] 421700K->421305K(524224K), 0.0023929 secs] [Times: user=0.00 sys=0.00, real=0.00 secs] 
3.352: [GC (Allocation Failure) 3.352: [DefNew: 960K->63K(960K), 0.0022378 secs] 422201K->421798K(524224K), 0.0023309 secs] [Times: user=0.00 sys=0.00, real=0.00 secs] 
3.356: [GC (Allocation Failure) 3.356: [DefNew: 959K->64K(960K), 0.0024040 secs] 422695K->422414K(524224K), 0.0024793 secs] [Times: user=0.00 sys=0.00, real=0.00 secs] 
3.360: [GC (Allocation Failure) 3.361: [DefNew: 960K->64K(960K), 0.0032199 secs] 423312K->423153K(524224K), 0.0033529 secs] [Times: user=0.01 sys=0.00, real=0.00 secs] 
3.365: [GC (Allocation Failure) 3.365: [DefNew: 960K->63K(960K), 0.0039324 secs] 424051K->423897K(524224K), 0.0040374 secs] [Times: user=0.00 sys=0.00, real=0.00 secs] 
3.376: [GC (Allocation Failure) 3.376: [DefNew: 959K->63K(960K), 0.0034303 secs] 424795K->424619K(524224K), 0.0035361 secs] [Times: user=0.02 sys=0.00, real=0.00 secs] 
3.381: [GC (Allocation Failure) 3.381: [DefNew: 959K->63K(960K), 0.0027391 secs] 425517K->425318K(524224K), 0.0028283 secs] [Times: user=0.00 sys=0.00, real=0.00 secs] 
3.385: [GC (Allocation Failure) 3.386: [DefNew: 959K->63K(960K), 0.0025796 secs] 426215K->425887K(524224K), 0.0026736 secs] [Times: user=0.00 sys=0.00, real=0.00 secs] 
3.390: [GC (Allocation Failure) 3.390: [DefNew: 959K->63K(960K), 0.0035183 secs] 426783K->426560K(524224K), 0.0037018 secs] [Times: user=0.00 sys=0.00, real=0.00 secs] 
3.396: [GC (Allocation Failure) 3.396: [DefNew: 959K->63K(960K), 0.0025397 secs] 427457K->427138K(524224K), 0.0026550 secs] [Times: user=0.00 sys=0.00, real=0.00 secs] 
3.400: [GC (Allocation Failure) 3.400: [DefNew: 959K->63K(960K), 0.0023218 secs] 428034K->427719K(524224K), 0.0024122 secs] [Times: user=0.00 sys=0.00, real=0.00 secs] 
3.404: [GC (Allocation Failure) 3.404: [DefNew: 959K->64K(960K), 0.0022259 secs] 428615K->428224K(524224K), 0.0023061 secs] [Times: user=0.00 sys=0.00, real=0.00 secs] 
3.407: [GC (Allocation Failure) 3.407: [DefNew: 960K->63K(960K), 0.0022709 secs] 429121K->428761K(524224K), 0.0023625 secs] [Times: user=0.02 sys=0.00, real=0.00 secs] 
3.411: [GC (Allocation Failure) 3.411: [DefNew: 959K->63K(960K), 0.0023440 secs] 429657K->429353K(524224K), 0.0024391 secs] [Times: user=0.00 sys=0.00, real=0.00 secs] 
3.415: [GC (Allocation Failure) 3.415: [DefNew: 959K->63K(960K), 0.0024403 secs] 430250K->429923K(524224K), 0.0025311 secs] [Times: user=0.00 sys=0.00, real=0.00 secs] 
3.419: [GC (Allocation Failure) 3.419: [DefNew: 959K->63K(960K), 0.0022690 secs] 430819K->430467K(524224K), 0.0023597 secs] [Times: user=0.00 sys=0.00, real=0.00 secs] 
3.422: [GC (Allocation Failure) 3.423: [DefNew: 959K->63K(960K), 0.0024967 secs] 431363K->431104K(524224K), 0.0025911 secs] [Times: user=0.00 sys=0.00, real=0.00 secs] 
3.428: [GC (Allocation Failure) 3.428: [DefNew: 959K->64K(960K), 0.0029266 secs] 432000K->431808K(524224K), 0.0030821 secs] [Times: user=0.00 sys=0.00, real=0.00 secs] 
3.432: [GC (Allocation Failure) 3.432: [DefNew: 960K->63K(960K), 0.0024355 secs] 432705K->432305K(524224K), 0.0025243 secs] [Times: user=0.00 sys=0.00, real=0.00 secs] 
3.435: [GC (Allocation Failure) 3.435: [DefNew: 959K->63K(960K), 0.0022824 secs] 433202K->432881K(524224K), 0.0023530 secs] [Times: user=0.00 sys=0.00, real=0.00 secs] 
3.439: [GC (Allocation Failure) 3.439: [DefNew: 959K->63K(960K), 0.0022429 secs] 433778K->433428K(524224K), 0.0023116 secs] [Times: user=0.02 sys=0.00, real=0.00 secs] 
3.443: [GC (Allocation Failure) 3.443: [DefNew: 959K->64K(960K), 0.0026590 secs] 434324K->433989K(524224K), 0.0027659 secs] [Times: user=0.00 sys=0.00, real=0.00 secs] 
3.447: [GC (Allocation Failure) 3.447: [DefNew: 960K->64K(960K), 0.0023286 secs] 434886K->434572K(524224K), 0.0024201 secs] [Times: user=0.00 sys=0.00, real=0.00 secs] 
3.451: [GC (Allocation Failure) 3.451: [DefNew: 960K->63K(960K), 0.0021296 secs] 435468K->435042K(524224K), 0.0022082 secs] [Times: user=0.00 sys=0.00, real=0.00 secs] 
3.455: [GC (Allocation Failure) 3.455: [DefNew: 959K->63K(960K), 0.0023511 secs] 435938K->435618K(524224K), 0.0024403 secs] [Times: user=0.02 sys=0.00, real=0.00 secs] 
3.458: [GC (Allocation Failure) 3.458: [DefNew: 959K->64K(960K), 0.0023053 secs] 436515K->436108K(524224K), 0.0023992 secs] [Times: user=0.00 sys=0.00, real=0.00 secs] 
3.462: [GC (Allocation Failure) 3.462: [DefNew: 960K->64K(960K), 0.0028078 secs] 437004K->436860K(524224K), 0.0029005 secs] [Times: user=0.00 sys=0.00, real=0.00 secs] 
3.466: [GC (Allocation Failure) 3.466: [DefNew: 960K->63K(960K), 0.0026151 secs] 437756K->437366K(524224K), 0.0026803 secs] [Times: user=0.00 sys=0.00, real=0.00 secs] 
3.471: [GC (Allocation Failure) 3.471: [DefNew: 959K->64K(960K), 0.0032968 secs] 438263K->437971K(524224K), 0.0034007 secs] [Times: user=0.02 sys=0.00, real=0.00 secs] 
3.475: [GC (Allocation Failure) 3.476: [DefNew: 960K->64K(960K), 0.0025224 secs] 438867K->438632K(524224K), 0.0026151 secs] [Times: user=0.00 sys=0.00, real=0.00 secs] 
3.480: [GC (Allocation Failure) 3.480: [DefNew: 960K->63K(960K), 0.0021928 secs] 439529K->439130K(524224K), 0.0022843 secs] [Times: user=0.00 sys=0.00, real=0.00 secs] 
3.483: [GC (Allocation Failure) 3.484: [DefNew: 959K->63K(960K), 0.0020353 secs] 440027K->439625K(524224K), 0.0021182 secs] [Times: user=0.00 sys=0.00, real=0.00 secs] 
3.487: [GC (Allocation Failure) 3.487: [DefNew: 959K->64K(960K), 0.0022322 secs] 440521K->440131K(524224K), 0.0023286 secs] [Times: user=0.01 sys=0.00, real=0.00 secs] 
3.491: [GC (Allocation Failure) 3.491: [DefNew: 960K->64K(960K), 0.0024304 secs] 441027K->440708K(524224K), 0.0025812 secs] [Times: user=0.00 sys=0.00, real=0.00 secs] 
3.495: [GC (Allocation Failure) 3.496: [DefNew: 960K->63K(960K), 0.0025555 secs] 441604K->441373K(524224K), 0.0026507 secs] [Times: user=0.00 sys=0.00, real=0.00 secs] 
3.500: [GC (Allocation Failure) 3.500: [DefNew: 959K->64K(960K), 0.0022753 secs] 442269K->441901K(524224K), 0.0023511 secs] [Times: user=0.00 sys=0.00, real=0.00 secs] 
3.503: [GC (Allocation Failure) 3.504: [DefNew: 960K->64K(960K), 0.0022946 secs] 442798K->442468K(524224K), 0.0023818 secs] [Times: user=0.00 sys=0.00, real=0.00 secs] 
3.507: [GC (Allocation Failure) 3.507: [DefNew: 960K->63K(960K), 0.0022670 secs] 443364K->442977K(524224K), 0.0023396 secs] [Times: user=0.00 sys=0.00, real=0.00 secs] 
3.511: [GC (Allocation Failure) 3.511: [DefNew: 959K->63K(960K), 0.0023826 secs] 443874K->443624K(524224K), 0.0024679 secs] [Times: user=0.00 sys=0.00, real=0.00 secs] 
3.515: [GC (Allocation Failure) 3.515: [DefNew: 959K->63K(960K), 0.0023826 secs] 444520K->444158K(524224K), 0.0024620 secs] [Times: user=0.00 sys=0.00, real=0.00 secs] 
3.519: [GC (Allocation Failure) 3.519: [DefNew: 959K->64K(960K), 0.0022871 secs] 445054K->444670K(524224K), 0.0023633 secs] [Times: user=0.00 sys=0.00, real=0.00 secs] 
3.565: [GC (Allocation Failure) 3.565: [DefNew: 960K->64K(960K), 0.0220374 secs] 453759K->453372K(524224K), 0.0221562 secs] [Times: user=0.03 sys=0.00, real=0.02 secs] 
3.588: [GC (Allocation Failure) 3.588: [DefNew: 960K->64K(960K), 0.0020605 secs] 454269K->453816K(524224K), 0.0021565 secs] [Times: user=0.00 sys=0.00, real=0.00 secs] 
3.591: [GC (Allocation Failure) 3.592: [DefNew: 960K->63K(960K), 0.0027592 secs] 454714K->454246K(524224K), 0.0029586 secs] [Times: user=0.00 sys=0.00, real=0.00 secs] 
3.596: [GC (Allocation Failure) 3.596: [DefNew: 959K->63K(960K), 0.0024679 secs] 455143K->454682K(524224K), 0.0025792 secs] [Times: user=0.02 sys=0.00, real=0.00 secs] 
3.601: [GC (Allocation Failure) 3.601: [DefNew: 959K->63K(960K), 0.0019757 secs] 455579K->455169K(524224K), 0.0020842 secs] [Times: user=0.00 sys=0.00, real=0.00 secs] 
3.604: [GC (Allocation Failure) 3.604: [DefNew: 959K->64K(960K), 0.0032195 secs] 456066K->455829K(524224K), 0.0033280 secs] [Times: user=0.00 sys=0.00, real=0.00 secs] 
3.609: [GC (Allocation Failure) 3.609: [DefNew: 960K->63K(960K), 0.0028741 secs] 456725K->456264K(524224K), 0.0029672 secs] [Times: user=0.00 sys=0.00, real=0.00 secs] 
3.613: [GC (Allocation Failure) 3.613: [DefNew: 959K->64K(960K), 0.0021036 secs] 457160K->456798K(524224K), 0.0022101 secs] [Times: user=0.00 sys=0.00, real=0.00 secs] 
3.617: [GC (Allocation Failure) 3.617: [DefNew: 960K->64K(960K), 0.0023065 secs] 457694K->457230K(524224K), 0.0023799 secs] [Times: user=0.00 sys=0.00, real=0.00 secs] 
3.620: [GC (Allocation Failure) 3.620: [DefNew: 960K->63K(960K), 0.0022705 secs] 458126K->457896K(524224K), 0.0023475 secs] [Times: user=0.00 sys=0.00, real=0.00 secs] 
3.624: [GC (Allocation Failure) 3.624: [DefNew: 959K->63K(960K), 0.0036280 secs] 458793K->458547K(524224K), 0.0037295 secs] [Times: user=0.00 sys=0.00, real=0.00 secs] 
3.630: [GC (Allocation Failure) 3.630: [DefNew: 959K->63K(960K), 0.0025342 secs] 459444K->459215K(524224K), 0.0026128 secs] [Times: user=0.00 sys=0.00, real=0.00 secs] 
3.634: [GC (Allocation Failure) 3.634: [DefNew: 959K->63K(960K), 0.0025946 secs] 460111K->459892K(524224K), 0.0026712 secs] [Times: user=0.00 sys=0.00, real=0.00 secs] 
3.639: [GC (Allocation Failure) 3.639: [DefNew: 959K->63K(960K), 0.0026392 secs] 460790K->460583K(524224K), 0.0027186 secs] [Times: user=0.00 sys=0.00, real=0.00 secs] 
3.644: [GC (Allocation Failure) 3.644: [DefNew: 959K->64K(960K), 0.0029649 secs] 461479K->461265K(524224K), 0.0030707 secs] [Times: user=0.00 sys=0.00, real=0.00 secs] 
3.648: [GC (Allocation Failure) 3.648: [DefNew: 960K->63K(960K), 0.0025157 secs] 462161K->461754K(524224K), 0.0026143 secs] [Times: user=0.00 sys=0.00, real=0.00 secs] 
3.652: [GC (Allocation Failure) 3.653: [DefNew: 959K->64K(960K), 0.0021995 secs] 462650K->462398K(524224K), 0.0022891 secs] [Times: user=0.00 sys=0.00, real=0.00 secs] 
3.656: [GC (Allocation Failure) 3.656: [DefNew: 960K->64K(960K), 0.0022362 secs] 463295K->462992K(524224K), 0.0023349 secs] [Times: user=0.00 sys=0.00, real=0.00 secs] 
3.660: [GC (Allocation Failure) 3.660: [DefNew: 960K->63K(960K), 0.0026120 secs] 463889K->463521K(524224K), 0.0027280 secs] [Times: user=0.00 sys=0.00, real=0.00 secs] 
3.664: [GC (Allocation Failure) 3.664: [DefNew: 959K->63K(960K), 0.0021118 secs] 464418K->464039K(524224K), 0.0022129 secs] [Times: user=0.00 sys=0.00, real=0.00 secs] 
3.668: [GC (Allocation Failure) 3.668: [DefNew: 959K->64K(960K), 0.0019614 secs] 464936K->464482K(524224K), 0.0020696 secs] [Times: user=0.00 sys=0.00, real=0.00 secs] 
3.672: [GC (Allocation Failure) 3.672: [DefNew: 960K->64K(960K), 0.0030628 secs] 465379K->465205K(524224K), 0.0031946 secs] [Times: user=0.02 sys=0.00, real=0.00 secs] 
3.676: [GC (Allocation Failure) 3.676: [DefNew: 960K->64K(960K), 0.0024995 secs] 466101K->465768K(524224K), 0.0026080 secs] [Times: user=0.00 sys=0.00, real=0.00 secs] 
3.680: [GC (Allocation Failure) 3.681: [DefNew: 960K->63K(960K), 0.0020597 secs] 466665K->466267K(524224K), 0.0021462 secs] [Times: user=0.00 sys=0.00, real=0.00 secs] 
3.684: [GC (Allocation Failure) 3.684: [DefNew: 959K->64K(960K), 0.0019543 secs] 467163K->466753K(524224K), 0.0020428 secs] [Times: user=0.00 sys=0.00, real=0.00 secs] 
3.688: [GC (Allocation Failure) 3.688: [DefNew: 960K->64K(960K), 0.0018841 secs] 467649K->467200K(524224K), 0.0019757 secs] [Times: user=0.00 sys=0.00, real=0.00 secs] 
3.692: [GC (Allocation Failure) 3.692: [DefNew: 960K->63K(960K), 0.0021182 secs] 468097K->467694K(524224K), 0.0022291 secs] [Times: user=0.00 sys=0.00, real=0.00 secs] 
3.696: [GC (Allocation Failure) 3.696: [DefNew: 959K->64K(960K), 0.0021040 secs] 468590K->468219K(524224K), 0.0022275 secs] [Times: user=0.00 sys=0.00, real=0.00 secs] 
3.700: [GC (Allocation Failure) 3.700: [DefNew: 960K->64K(960K), 0.0018947 secs] 469115K->468664K(524224K), 0.0019914 secs] [Times: user=0.00 sys=0.00, real=0.00 secs] 
3.704: [GC (Allocation Failure) 3.704: [DefNew: 960K->63K(960K), 0.0019958 secs] 469560K->469165K(524224K), 0.0021004 secs] [Times: user=0.00 sys=0.00, real=0.00 secs] 
3.707: [GC (Allocation Failure) 3.707: [DefNew: 959K->63K(960K), 0.0021951 secs] 470062K->469598K(524224K), 0.0022982 secs] [Times: user=0.00 sys=0.00, real=0.00 secs] 
3.711: [GC (Allocation Failure) 3.711: [DefNew: 959K->63K(960K), 0.0018371 secs] 470494K->470088K(524224K), 0.0019311 secs] [Times: user=0.00 sys=0.00, real=0.00 secs] 
3.714: [GC (Allocation Failure) 3.714: [DefNew: 959K->64K(960K), 0.0020771 secs] 470984K->470549K(524224K), 0.0021742 secs] [Times: user=0.00 sys=0.00, real=0.00 secs] 
3.718: [GC (Allocation Failure) 3.718: [DefNew: 960K->63K(960K), 0.0019259 secs] 471446K->471016K(524224K), 0.0020218 secs] [Times: user=0.00 sys=0.00, real=0.00 secs] 
3.721: [GC (Allocation Failure) 3.722: [DefNew: 959K->63K(960K), 0.0019279 secs] 471913K->471470K(524224K), 0.0020222 secs] [Times: user=0.00 sys=0.00, real=0.00 secs] 
3.725: [GC (Allocation Failure) 3.725: [DefNew: 959K->63K(960K), 0.0018600 secs] 472367K->471904K(524224K), 0.0019555 secs] [Times: user=0.00 sys=0.00, real=0.00 secs] 
3.729: [GC (Allocation Failure) 3.729: [DefNew: 959K->64K(960K), 0.0022216 secs] 472800K->472532K(524224K), 0.0023333 secs] [Times: user=0.00 sys=0.00, real=0.00 secs] 
3.732: [GC (Allocation Failure) 3.732: [DefNew: 960K->64K(960K), 0.0021012 secs] 473429K->472979K(524224K), 0.0021790 secs] [Times: user=0.00 sys=0.00, real=0.00 secs] 
3.736: [GC (Allocation Failure) 3.736: [DefNew: 960K->63K(960K), 0.0020483 secs] 473876K->473451K(524224K), 0.0021470 secs] [Times: user=0.02 sys=0.00, real=0.00 secs] 
3.740: [GC (Allocation Failure) 3.740: [DefNew: 959K->63K(960K), 0.0021963 secs] 474347K->473940K(524224K), 0.0023096 secs] [Times: user=0.00 sys=0.00, real=0.00 secs] 
3.743: [GC (Allocation Failure) 3.743: [DefNew: 959K->64K(960K), 0.0019567 secs] 474837K->474395K(524224K), 0.0020522 secs] [Times: user=0.00 sys=0.00, real=0.00 secs] 
3.747: [GC (Allocation Failure) 3.747: [DefNew: 960K->64K(960K), 0.0018486 secs] 475292K->474872K(524224K), 0.0019421 secs] [Times: user=0.00 sys=0.00, real=0.00 secs] 
3.750: [GC (Allocation Failure) 3.750: [DefNew: 960K->64K(960K), 0.0018264 secs] 475768K->475316K(524224K), 0.0019105 secs] [Times: user=0.00 sys=0.00, real=0.00 secs] 
3.754: [GC (Allocation Failure) 3.754: [DefNew: 960K->64K(960K), 0.0019607 secs] 476213K->475774K(524224K), 0.0020641 secs] [Times: user=0.00 sys=0.00, real=0.00 secs] 
3.759: [GC (Allocation Failure) 3.759: [DefNew: 960K->64K(960K), 0.0020901 secs] 476671K->476238K(524224K), 0.0022058 secs] [Times: user=0.00 sys=0.00, real=0.00 secs] 
3.762: [GC (Allocation Failure) 3.762: [DefNew: 960K->63K(960K), 0.0022828 secs] 477134K->476881K(524224K), 0.0023811 secs] [Times: user=0.00 sys=0.00, real=0.00 secs] 
3.766: [GC (Allocation Failure) 3.766: [DefNew: 959K->64K(960K), 0.0022271 secs] 477778K->477337K(524224K), 0.0023297 secs] [Times: user=0.00 sys=0.00, real=0.00 secs] 
3.769: [GC (Allocation Failure) 3.769: [DefNew: 960K->63K(960K), 0.0019018 secs] 478233K->477787K(524224K), 0.0020005 secs] [Times: user=0.00 sys=0.00, real=0.00 secs] 
3.776: [GC (Allocation Failure) 3.776: [DefNew: 959K->64K(960K), 0.0018568 secs] 478684K->478248K(524224K), 0.0019717 secs] [Times: user=0.00 sys=0.00, real=0.00 secs] 
3.779: [GC (Allocation Failure) 3.780: [DefNew: 960K->64K(960K), 0.0018249 secs] 479145K->478713K(524224K), 0.0019133 secs] [Times: user=0.00 sys=0.00, real=0.00 secs] 
3.783: [GC (Allocation Failure) 3.783: [DefNew: 960K->63K(960K), 0.0017672 secs] 479610K->479142K(524224K), 0.0018620 secs] [Times: user=0.02 sys=0.00, real=0.00 secs] 
3.787: [GC (Allocation Failure) 3.787: [DefNew: 959K->64K(960K), 0.0018059 secs] 480039K->479612K(524224K), 0.0018884 secs] [Times: user=0.00 sys=0.00, real=0.00 secs] 
3.790: [GC (Allocation Failure) 3.790: [DefNew: 960K->63K(960K), 0.0019350 secs] 480509K->480044K(524224K), 0.0020420 secs] [Times: user=0.00 sys=0.00, real=0.00 secs] 
3.794: [GC (Allocation Failure) 3.794: [DefNew: 959K->64K(960K), 0.0021375 secs] 480941K->480524K(524224K), 0.0022575 secs] [Times: user=0.00 sys=0.00, real=0.00 secs] 
3.798: [GC (Allocation Failure) 3.798: [DefNew: 960K->63K(960K), 0.0018695 secs] 481421K->480986K(524224K), 0.0019488 secs] [Times: user=0.01 sys=0.00, real=0.00 secs] 
3.801: [GC (Allocation Failure) 3.801: [DefNew: 959K->64K(960K), 0.0018995 secs] 481882K->481434K(524224K), 0.0019867 secs] [Times: user=0.00 sys=0.00, real=0.00 secs] 
3.804: [GC (Allocation Failure) 3.805: [DefNew: 960K->64K(960K), 0.0019772 secs] 482330K->481914K(524224K), 0.0020629 secs] [Times: user=0.00 sys=0.00, real=0.00 secs] 
3.808: [GC (Allocation Failure) 3.808: [DefNew: 960K->64K(960K), 0.0018734 secs] 482811K->482345K(524224K), 0.0019464 secs] [Times: user=0.00 sys=0.00, real=0.00 secs] 
3.812: [GC (Allocation Failure) 3.812: [DefNew: 960K->63K(960K), 0.0021284 secs] 483241K->482884K(524224K), 0.0022046 secs] [Times: user=0.00 sys=0.00, real=0.00 secs] 
3.815: [GC (Allocation Failure) 3.815: [DefNew: 959K->63K(960K), 0.0020290 secs] 483780K->483326K(524224K), 0.0021280 secs] [Times: user=0.00 sys=0.00, real=0.00 secs] 
3.818: [GC (Allocation Failure) 3.819: [DefNew: 959K->64K(960K), 0.0018079 secs] 484223K->483760K(524224K), 0.0018955 secs] [Times: user=0.00 sys=0.00, real=0.00 secs] 
3.822: [GC (Allocation Failure) 3.822: [DefNew: 960K->64K(960K), 0.0017700 secs] 484657K->484197K(524224K), 0.0018647 secs] [Times: user=0.00 sys=0.00, real=0.00 secs] 
3.826: [GC (Allocation Failure) 3.826: [DefNew: 960K->63K(960K), 0.0018414 secs] 485094K->484632K(524224K), 0.0019291 secs] [Times: user=0.00 sys=0.00, real=0.00 secs] 
3.829: [GC (Allocation Failure) 3.830: [DefNew: 959K->64K(960K), 0.0020053 secs] 485529K->485150K(524224K), 0.0021118 secs] [Times: user=0.02 sys=0.00, real=0.00 secs] 
3.833: [GC (Allocation Failure) 3.833: [DefNew: 960K->64K(960K), 0.0020771 secs] 486046K->485584K(524224K), 0.0021742 secs] [Times: user=0.00 sys=0.00, real=0.00 secs] 
3.837: [GC (Allocation Failure) 3.837: [DefNew: 960K->64K(960K), 0.0022978 secs] 486480K->486223K(524224K), 0.0023870 secs] [Times: user=0.00 sys=0.00, real=0.00 secs] 
3.840: [GC (Allocation Failure) 3.841: [DefNew: 960K->63K(960K), 0.0025520 secs] 487120K->486861K(524224K), 0.0026459 secs] [Times: user=0.00 sys=0.00, real=0.00 secs] 
3.845: [GC (Allocation Failure) 3.845: [DefNew: 959K->63K(960K), 0.0024943 secs] 487758K->487420K(524224K), 0.0025974 secs] [Times: user=0.01 sys=0.00, real=0.00 secs] 
3.850: [GC (Allocation Failure) 3.850: [DefNew: 959K->64K(960K), 0.0020870 secs] 488316K->487926K(524224K), 0.0021825 secs] [Times: user=0.00 sys=0.00, real=0.00 secs] 
3.853: [GC (Allocation Failure) 3.853: [DefNew: 960K->64K(960K), 0.0023274 secs] 488823K->488555K(524224K), 0.0024217 secs] [Times: user=0.00 sys=0.00, real=0.00 secs] 
3.857: [GC (Allocation Failure) 3.857: [DefNew: 960K->64K(960K), 0.0023447 secs] 489452K->489123K(524224K), 0.0024426 secs] [Times: user=0.00 sys=0.00, real=0.00 secs] 
3.861: [GC (Allocation Failure) 3.861: [DefNew: 960K->63K(960K), 0.0025346 secs] 490020K->489722K(524224K), 0.0026380 secs] [Times: user=0.02 sys=0.00, real=0.00 secs] 
3.865: [GC (Allocation Failure) 3.866: [DefNew: 959K->64K(960K), 0.0023736 secs] 490618K->490241K(524224K), 0.0024703 secs] [Times: user=0.00 sys=0.00, real=0.00 secs] 
3.869: [GC (Allocation Failure) 3.870: [DefNew: 960K->63K(960K), 0.0027971 secs] 491137K->490801K(524224K), 0.0029053 secs] [Times: user=0.00 sys=0.00, real=0.00 secs] 
3.876: [GC (Allocation Failure) 3.876: [DefNew: 959K->64K(960K), 0.0034062 secs] 491698K->491496K(524224K), 0.0035286 secs] [Times: user=0.02 sys=0.00, real=0.00 secs] 
3.881: [GC (Allocation Failure) 3.881: [DefNew: 960K->64K(960K), 0.0022030 secs] 492393K->491950K(524224K), 0.0022915 secs] [Times: user=0.00 sys=0.00, real=0.00 secs] 
3.885: [GC (Allocation Failure) 3.885: [DefNew: 960K->64K(960K), 0.0019196 secs] 492846K->492389K(524224K), 0.0020100 secs] [Times: user=0.00 sys=0.00, real=0.00 secs] 
3.889: [GC (Allocation Failure) 3.889: [DefNew: 960K->63K(960K), 0.0020728 secs] 493285K->492895K(524224K), 0.0021651 secs] [Times: user=0.00 sys=0.00, real=0.00 secs] 
3.892: [GC (Allocation Failure) 3.892: [DefNew: 959K->63K(960K), 0.0029459 secs] 493792K->493339K(524224K), 0.0030936 secs] [Times: user=0.02 sys=0.00, real=0.00 secs] 
3.897: [GC (Allocation Failure) 3.897: [DefNew: 959K->63K(960K), 0.0018955 secs] 494236K->493797K(524224K), 0.0019796 secs] [Times: user=0.00 sys=0.00, real=0.00 secs] 
3.900: [GC (Allocation Failure) 3.900: [DefNew: 959K->64K(960K), 0.0020254 secs] 494693K->494292K(524224K), 0.0021087 secs] [Times: user=0.00 sys=0.00, real=0.00 secs] 
3.904: [GC (Allocation Failure) 3.904: [DefNew: 960K->64K(960K), 0.0020254 secs] 495188K->494756K(524224K), 0.0021190 secs] [Times: user=0.00 sys=0.00, real=0.00 secs] 
3.907: [GC (Allocation Failure) 3.908: [DefNew: 960K->63K(960K), 0.0020961 secs] 495653K->495243K(524224K), 0.0021872 secs] [Times: user=0.02 sys=0.00, real=0.00 secs] 
3.911: [GC (Allocation Failure) 3.911: [DefNew: 959K->64K(960K), 0.0020965 secs] 496139K->495745K(524224K), 0.0021983 secs] [Times: user=0.00 sys=0.00, real=0.00 secs] 
3.915: [GC (Allocation Failure) 3.915: [DefNew: 960K->63K(960K), 0.0020088 secs] 496641K->496211K(524224K), 0.0021000 secs] [Times: user=0.00 sys=0.00, real=0.00 secs] 
3.918: [GC (Allocation Failure) 3.918: [DefNew: 959K->64K(960K), 0.0019930 secs] 497108K->496693K(524224K), 0.0020740 secs] [Times: user=0.00 sys=0.00, real=0.00 secs] 
3.922: [GC (Allocation Failure) 3.922: [DefNew: 960K->64K(960K), 0.0022236 secs] 497589K->497271K(524224K), 0.0023222 secs] [Times: user=0.00 sys=0.00, real=0.00 secs] 
3.926: [GC (Allocation Failure) 3.926: [DefNew: 960K->64K(960K), 0.0029357 secs] 498168K->497855K(524224K), 0.0030387 secs] [Times: user=0.00 sys=0.00, real=0.00 secs] 
3.930: [GC (Allocation Failure) 3.930: [DefNew: 960K->64K(960K), 0.0022105 secs] 498752K->498349K(524224K), 0.0023033 secs] [Times: user=0.00 sys=0.00, real=0.00 secs] 
3.934: [GC (Allocation Failure) 3.934: [DefNew: 960K->63K(960K), 0.0020574 secs] 499245K->498823K(524224K), 0.0021395 secs] [Times: user=0.00 sys=0.00, real=0.00 secs] 
3.937: [GC (Allocation Failure) 3.937: [DefNew: 959K->64K(960K), 0.0020846 secs] 499720K->499314K(524224K), 0.0021726 secs] [Times: user=0.00 sys=0.00, real=0.00 secs] 
3.941: [GC (Allocation Failure) 3.941: [DefNew: 960K->63K(960K), 0.0022476 secs] 500211K->499767K(524224K), 0.0023274 secs] [Times: user=0.00 sys=0.00, real=0.00 secs] 
3.944: [GC (Allocation Failure) 3.945: [DefNew: 959K->64K(960K), 0.0020546 secs] 500664K->500241K(524224K), 0.0021411 secs] [Times: user=0.00 sys=0.00, real=0.00 secs] 
3.948: [GC (Allocation Failure) 3.948: [DefNew: 960K->63K(960K), 0.0020230 secs] 501137K->500742K(524224K), 0.0021024 secs] [Times: user=0.00 sys=0.00, real=0.00 secs] 
3.952: [GC (Allocation Failure) 3.952: [DefNew: 959K->64K(960K), 0.0019839 secs] 501639K->501200K(524224K), 0.0020759 secs] [Times: user=0.00 sys=0.00, real=0.00 secs] 
3.955: [GC (Allocation Failure) 3.955: [DefNew: 960K->64K(960K), 0.0019686 secs] 502097K->501666K(524224K), 0.0020941 secs] [Times: user=0.00 sys=0.00, real=0.00 secs] 
3.959: [GC (Allocation Failure) 3.959: [DefNew: 960K->63K(960K), 0.0022172 secs] 502562K->502132K(524224K), 0.0023515 secs] [Times: user=0.00 sys=0.00, real=0.00 secs] 
3.962: [GC (Allocation Failure) 3.963: [DefNew: 959K->63K(960K), 0.0020972 secs] 503028K->502626K(524224K), 0.0022062 secs] [Times: user=0.00 sys=0.00, real=0.00 secs] 
3.966: [GC (Allocation Failure) 3.966: [DefNew: 959K->63K(960K), 0.0021604 secs] 503523K->503101K(524224K), 0.0022476 secs] [Times: user=0.00 sys=0.00, real=0.00 secs] 
3.970: [GC (Allocation Failure) 3.970: [DefNew: 959K->63K(960K), 0.0030379 secs] 503997K->503560K(524224K), 0.0031563 secs] [Times: user=0.02 sys=0.00, real=0.00 secs] 
3.974: [GC (Allocation Failure) 3.975: [DefNew: 959K->63K(960K), 0.0025058 secs] 504457K->504279K(524224K), 0.0026270 secs] [Times: user=0.00 sys=0.00, real=0.00 secs] 
3.979: [GC (Allocation Failure) 3.979: [DefNew: 959K->64K(960K), 0.0023420 secs] 505176K->504755K(524224K), 0.0024265 secs] [Times: user=0.00 sys=0.00, real=0.00 secs] 
3.982: [GC (Allocation Failure) 3.982: [DefNew: 960K->64K(960K), 0.0020033 secs] 505652K->505256K(524224K), 0.0020799 secs] [Times: user=0.00 sys=0.00, real=0.00 secs] 
3.988: [GC (Allocation Failure) 3.988: [DefNew: 960K->63K(960K), 0.0022433 secs] 506153K->505832K(524224K), 0.0023503 secs] [Times: user=0.00 sys=0.00, real=0.00 secs] 
3.991: [GC (Allocation Failure) 3.992: [DefNew: 959K->64K(960K), 0.0032803 secs] 506729K->506283K(524224K), 0.0034216 secs] [Times: user=0.00 sys=0.00, real=0.00 secs] 
3.996: [GC (Allocation Failure) 3.996: [DefNew: 960K->64K(960K), 0.0019330 secs] 507180K->506766K(524224K), 0.0020305 secs] [Times: user=0.00 sys=0.00, real=0.00 secs] 
4.000: [GC (Allocation Failure) 4.000: [DefNew: 960K->64K(960K), 0.0020301 secs] 507663K->507231K(524224K), 0.0020961 secs] [Times: user=0.00 sys=0.00, real=0.00 secs] 
4.003: [GC (Allocation Failure) 4.004: [DefNew: 960K->64K(960K), 0.0024920 secs] 508127K->507774K(524224K), 0.0025863 secs] [Times: user=0.00 sys=0.00, real=0.00 secs] 
4.008: [GC (Allocation Failure) 4.008: [DefNew: 960K->63K(960K), 0.0026554 secs] 508671K->508261K(524224K), 0.0028117 secs] [Times: user=0.00 sys=0.00, real=0.00 secs] 
4.012: [GC (Allocation Failure) 4.013: [DefNew: 959K->63K(960K), 0.0020838 secs] 509157K->508717K(524224K), 0.0021845 secs] [Times: user=0.00 sys=0.00, real=0.00 secs] 
4.016: [GC (Allocation Failure) 4.016: [DefNew: 959K->63K(960K), 0.0023420 secs] 509614K->509230K(524224K), 0.0024533 secs] [Times: user=0.02 sys=0.00, real=0.00 secs] 
4.019: [GC (Allocation Failure) 4.020: [DefNew: 959K->63K(960K), 0.0020554 secs] 510127K->509661K(524224K), 0.0021505 secs] [Times: user=0.00 sys=0.00, real=0.00 secs] 
4.023: [GC (Allocation Failure) 4.024: [DefNew: 959K->63K(960K), 0.0024426 secs] 510558K->510204K(524224K), 0.0025480 secs] [Times: user=0.00 sys=0.00, real=0.00 secs] 
4.028: [GC (Allocation Failure) 4.028: [DefNew: 959K->63K(960K), 0.0028638 secs] 511102K->510931K(524224K), 0.0029858 secs] [Times: user=0.00 sys=0.00, real=0.00 secs] 
4.032: [GC (Allocation Failure) 4.032: [DefNew: 959K->63K(960K), 0.0028543 secs] 511828K->511375K(524224K), 0.0029408 secs] [Times: user=0.02 sys=0.00, real=0.00 secs] 
4.037: [GC (Allocation Failure) 4.037: [DefNew: 959K->64K(960K), 0.0020132 secs] 512271K->511830K(524224K), 0.0020972 secs] [Times: user=0.00 sys=0.00, real=0.00 secs] 
4.040: [GC (Allocation Failure) 4.041: [DefNew: 960K->63K(960K), 0.0019457 secs] 512727K->512273K(524224K), 0.0020246 secs] [Times: user=0.00 sys=0.00, real=0.00 secs] 
4.044: [GC (Allocation Failure) 4.044: [DefNew: 959K->64K(960K), 0.0027375 secs] 513170K->512745K(524224K), 0.0028437 secs] [Times: user=0.00 sys=0.00, real=0.00 secs] 
4.049: [GC (Allocation Failure) 4.049: [DefNew: 960K->64K(960K), 0.0028800 secs] 513643K->513432K(524224K), 0.0030280 secs] [Times: user=0.01 sys=0.00, real=0.00 secs] 
4.053: [GC (Allocation Failure) 4.053: [DefNew: 960K->63K(960K), 0.0027249 secs] 514329K->513923K(524224K), 0.0028145 secs] [Times: user=0.00 sys=0.00, real=0.00 secs] 
4.058: [GC (Allocation Failure) 4.058: [DefNew: 959K->64K(960K), 0.0026657 secs] 514820K->514395K(524224K), 0.0027715 secs] [Times: user=0.00 sys=0.00, real=0.00 secs] 
4.062: [GC (Allocation Failure) 4.063: [DefNew: 960K->63K(960K), 0.0025784 secs] 515291K->514997K(524224K), 0.0026763 secs] [Times: user=0.02 sys=0.00, real=0.00 secs] 
4.067: [GC (Allocation Failure) 4.067: [DefNew: 959K->63K(960K), 0.0035084 secs] 515893K->515639K(524224K), 0.0036296 secs] [Times: user=0.00 sys=0.00, real=0.00 secs] 
4.073: [GC (Allocation Failure) 4.073: [DefNew: 959K->63K(960K), 0.0030659 secs] 516535K->516215K(524224K), 0.0031812 secs] [Times: user=0.00 sys=0.00, real=0.00 secs] 
4.078: [GC (Allocation Failure) 4.078: [DefNew: 959K->64K(960K), 0.0024778 secs] 517111K->516800K(524224K), 0.0025733 secs] [Times: user=0.01 sys=0.00, real=0.00 secs] 
4.082: [GC (Allocation Failure) 4.082: [DefNew: 960K->64K(960K), 0.0021328 secs] 517697K->517260K(524224K), 0.0022184 secs] [Times: user=0.00 sys=0.00, real=0.00 secs] 
4.086: [GC (Allocation Failure) 4.086: [DefNew: 960K->63K(960K), 0.0020392 secs] 518157K->517763K(524224K), 0.0021276 secs] [Times: user=0.00 sys=0.00, real=0.00 secs] 
4.089: [GC (Allocation Failure) 4.089: [DefNew: 959K->64K(960K), 0.0021004 secs] 518660K->518264K(524224K), 0.0021880 secs] [Times: user=0.00 sys=0.00, real=0.00 secs] 
4.093: [GC (Allocation Failure) 4.093: [DefNew: 960K->63K(960K), 0.0025630 secs] 519162K->518761K(524224K), 0.0026633 secs] [Times: user=0.00 sys=0.00, real=0.00 secs] 
4.097: [GC (Allocation Failure) 4.097: [DefNew: 959K->64K(960K), 0.0020747 secs] 519658K->519262K(524224K), 0.0021592 secs] [Times: user=0.00 sys=0.00, real=0.00 secs] 
4.101: [GC (Allocation Failure) 4.101: [DefNew: 960K->63K(960K), 0.0026234 secs] 520159K->519748K(524224K), 0.0027237 secs] [Times: user=0.00 sys=0.00, real=0.00 secs] 
4.106: [GC (Allocation Failure) 4.106: [DefNew: 959K->63K(960K), 0.0024778 secs] 520644K->520411K(524224K), 0.0025875 secs] [Times: user=0.00 sys=0.00, real=0.00 secs] 
4.110: [GC (Allocation Failure) 4.110: [DefNew: 959K->64K(960K), 0.0023665 secs] 521308K->520892K(524224K), 0.0024659 secs] [Times: user=0.02 sys=0.00, real=0.00 secs] 
4.114: [GC (Allocation Failure) 4.114: [DefNew: 960K->64K(960K), 0.0021699 secs] 521789K->521439K(524224K), 0.0022788 secs] [Times: user=0.00 sys=0.00, real=0.00 secs] 
4.117: [GC (Allocation Failure) 4.118: [DefNew: 960K->64K(960K), 0.0020609 secs] 522336K->521934K(524224K), 0.0021418 secs] [Times: user=0.00 sys=0.00, real=0.00 secs] 
4.121: [GC (Allocation Failure) 4.121: [DefNew: 960K->63K(960K), 0.0021130 secs] 522831K->522409K(524224K), 0.0022161 secs] [Times: user=0.00 sys=0.00, real=0.00 secs] 
4.125: [GC (Allocation Failure) 4.125: [DefNew: 959K->64K(960K), 0.0022117 secs] 523305K->522917K(524224K), 0.0023301 secs] [Times: user=0.00 sys=0.00, real=0.00 secs] 
4.128: [GC (Allocation Failure) 4.129: [DefNew: 960K->960K(960K), 0.0000268 secs]4.129: [Tenured: 522854K->523263K(523264K), 0.3604264 secs] 523814K->523523K(524224K), [Metaspace: 1790K->1790K(4480K)], 0.3605997 secs] [Times: user=0.36 sys=0.00, real=0.36 secs] 
4.490: [Full GC (Allocation Failure) 4.490: [Tenured: 523263K->523263K(523264K), 0.4350906 secs] 524159K->523982K(524224K), [Metaspace: 1790K->1790K(4480K)], 0.4352114 secs] [Times: user=0.36 sys=0.08, real=0.43 secs] 
4.926: [Full GC (Allocation Failure) 4.926: [Tenured: 523263K->515737K(523264K), 0.5575799 secs] 523982K->515737K(524224K), [Metaspace: 1790K->1790K(4480K)], 0.5576778 secs] [Times: user=0.55 sys=0.00, real=0.56 secs] 
5.485: [GC (Allocation Failure) 5.485: [DefNew: 896K->63K(960K), 0.0015624 secs] 516635K->516350K(524224K), 0.0016729 secs] [Times: user=0.00 sys=0.00, real=0.00 secs] 
5.489: [GC (Allocation Failure) 5.489: [DefNew: 959K->63K(960K), 0.0033249 secs] 517246K->516991K(524224K), 0.0034370 secs] [Times: user=0.00 sys=0.00, real=0.00 secs] 
5.493: [GC (Allocation Failure) 5.493: [DefNew: 959K->63K(960K), 0.0027316 secs] 517887K->517576K(524224K), 0.0028283 secs] [Times: user=0.00 sys=0.00, real=0.00 secs] 
5.498: [GC (Allocation Failure) 5.498: [DefNew: 959K->63K(960K), 0.0019942 secs] 518473K->518052K(524224K), 0.0020858 secs] [Times: user=0.00 sys=0.00, real=0.00 secs] 
5.501: [GC (Allocation Failure) 5.501: [DefNew: 959K->63K(960K), 0.0021588 secs] 518948K->518494K(524224K), 0.0022508 secs] [Times: user=0.00 sys=0.00, real=0.00 secs] 
5.505: [GC (Allocation Failure) 5.505: [DefNew: 959K->63K(960K), 0.0018876 secs] 519391K->518969K(524224K), 0.0019796 secs] [Times: user=0.00 sys=0.00, real=0.00 secs] 
5.509: [GC (Allocation Failure) 5.509: [DefNew: 959K->63K(960K), 0.0020203 secs] 519866K->519450K(524224K), 0.0021071 secs] [Times: user=0.00 sys=0.00, real=0.00 secs] 
5.512: [GC (Allocation Failure) 5.512: [DefNew: 959K->63K(960K), 0.0019330 secs] 520349K->519908K(524224K), 0.0020199 secs] [Times: user=0.00 sys=0.00, real=0.00 secs] 
5.519: [GC (Allocation Failure) 5.519: [DefNew: 959K->63K(960K), 0.0025263 secs] 520804K->520227K(524224K), 0.0026503 secs] [Times: user=0.00 sys=0.00, real=0.00 secs] 
5.523: [GC (Allocation Failure) 5.523: [DefNew: 959K->64K(960K), 0.0011155 secs] 521124K->520635K(524224K), 0.0011988 secs] [Times: user=0.00 sys=0.00, real=0.00 secs] 
5.526: [GC (Allocation Failure) 5.526: [DefNew: 960K->64K(960K), 0.0011112 secs] 521532K->521071K(524224K), 0.0012118 secs] [Times: user=0.00 sys=0.00, real=0.00 secs] 
5.529: [GC (Allocation Failure) 5.529: [DefNew: 960K->64K(960K), 0.0011728 secs] 521969K->521591K(524224K), 0.0012683 secs] [Times: user=0.00 sys=0.00, real=0.00 secs] 
5.531: [GC (Allocation Failure) 5.531: [DefNew: 960K->64K(960K), 0.0011791 secs] 522488K->521996K(524224K), 0.0012588 secs] [Times: user=0.02 sys=0.00, real=0.00 secs] 
5.534: [GC (Allocation Failure) 5.534: [DefNew: 960K->63K(960K), 0.0011392 secs] 522893K->522440K(524224K), 0.0012276 secs] [Times: user=0.00 sys=0.00, real=0.00 secs] 
5.536: [GC (Allocation Failure) 5.536: [DefNew: 959K->63K(960K), 0.0010942 secs] 523338K->522839K(524224K), 0.0011617 secs] [Times: user=0.00 sys=0.00, real=0.00 secs] 
5.539: [GC (Allocation Failure) 5.539: [DefNew: 959K->959K(960K), 0.0000241 secs]5.539: [Tenured: 522776K->12085K(523264K), 0.0849064 secs] 523736K->12085K(524224K), [Metaspace: 1790K->1790K(4480K)], 0.0850572 secs] [Times: user=0.08 sys=0.00, real=0.09 secs] 
5.626: [GC (Allocation Failure) 5.626: [DefNew: 896K->63K(960K), 0.0010176 secs] 12982K->12640K(524224K), 0.0011601 secs] [Times: user=0.00 sys=0.00, real=0.00 secs] 
5.628: [GC (Allocation Failure) 5.628: [DefNew: 959K->63K(960K), 0.0017653 secs] 13536K->13144K(524224K), 0.0019733 secs] [Times: user=0.00 sys=0.00, real=0.00 secs] 
5.632: [GC (Allocation Failure) 5.632: [DefNew: 959K->63K(960K), 0.0009920 secs] 14041K->13572K(524224K), 0.0010883 secs] [Times: user=0.00 sys=0.00, real=0.00 secs] 
5.634: [GC (Allocation Failure) 5.634: [DefNew: 959K->63K(960K), 0.0007200 secs] 14468K->13949K(524224K), 0.0007938 secs] [Times: user=0.00 sys=0.00, real=0.00 secs] 
5.637: [GC (Allocation Failure) 5.637: [DefNew: 959K->64K(960K), 0.0008372 secs] 14846K->14349K(524224K), 0.0009253 secs] [Times: user=0.00 sys=0.00, real=0.00 secs] 
5.640: [GC (Allocation Failure) 5.640: [DefNew: 960K->63K(960K), 0.0009332 secs] 15246K->14795K(524224K), 0.0010161 secs] [Times: user=0.01 sys=0.00, real=0.00 secs] 
5.642: [GC (Allocation Failure) 5.642: [DefNew: 959K->63K(960K), 0.0010571 secs] 15692K->15191K(524224K), 0.0011262 secs] [Times: user=0.00 sys=0.00, real=0.00 secs] 
5.645: [GC (Allocation Failure) 5.645: [DefNew: 959K->63K(960K), 0.0010393 secs] 16089K->15635K(524224K), 0.0011033 secs] [Times: user=0.00 sys=0.00, real=0.00 secs] 
5.647: [GC (Allocation Failure) 5.647: [DefNew: 959K->63K(960K), 0.0010105 secs] 16532K->16044K(524224K), 0.0010832 secs] [Times: user=0.00 sys=0.00, real=0.00 secs] 
5.650: [GC (Allocation Failure) 5.650: [DefNew: 959K->64K(960K), 0.0010472 secs] 16941K->16499K(524224K), 0.0011045 secs] [Times: user=0.00 sys=0.00, real=0.00 secs] 
5.653: [GC (Allocation Failure) 5.653: [DefNew: 960K->63K(960K), 0.0009505 secs] 17396K->16913K(524224K), 0.0010141 secs] [Times: user=0.00 sys=0.00, real=0.00 secs] 
5.655: [GC (Allocation Failure) 5.655: [DefNew: 959K->64K(960K), 0.0011617 secs] 17810K->17373K(524224K), 0.0012367 secs] [Times: user=0.00 sys=0.00, real=0.00 secs] 
5.658: [GC (Allocation Failure) 5.658: [DefNew: 960K->63K(960K), 0.0008866 secs] 18270K->17784K(524224K), 0.0009509 secs] [Times: user=0.00 sys=0.00, real=0.00 secs] 
5.660: [GC (Allocation Failure) 5.660: [DefNew: 959K->64K(960K), 0.0010812 secs] 18680K->18177K(524224K), 0.0012055 secs] [Times: user=0.00 sys=0.00, real=0.00 secs] 
5.663: [GC (Allocation Failure) 5.663: [DefNew: 960K->64K(960K), 0.0009111 secs] 19074K->18647K(524224K), 0.0009801 secs] [Times: user=0.00 sys=0.00, real=0.00 secs] 
5.666: [GC (Allocation Failure) 5.666: [DefNew: 960K->63K(960K), 0.0014222 secs] 19544K->19173K(524224K), 0.0015103 secs] [Times: user=0.00 sys=0.00, real=0.00 secs] 
5.668: [GC (Allocation Failure) 5.668: [DefNew: 959K->63K(960K), 0.0013172 secs] 20071K->19533K(524224K), 0.0013922 secs] [Times: user=0.00 sys=0.00, real=0.00 secs] 
5.676: [GC (Allocation Failure) 5.676: [DefNew: 959K->64K(960K), 0.0011021 secs] 20430K->20048K(524224K), 0.0012004 secs] [Times: user=0.00 sys=0.00, real=0.00 secs] 
5.679: [GC (Allocation Failure) 5.679: [DefNew: 960K->63K(960K), 0.0012493 secs] 20945K->20582K(524224K), 0.0013307 secs] [Times: user=0.00 sys=0.00, real=0.00 secs] 
5.682: [GC (Allocation Failure) 5.682: [DefNew: 959K->64K(960K), 0.0015414 secs] 21479K->21069K(524224K), 0.0016311 secs] [Times: user=0.00 sys=0.00, real=0.00 secs] 
5.685: [GC (Allocation Failure) 5.686: [DefNew: 960K->63K(960K), 0.0016784 secs] 21966K->21566K(524224K), 0.0017657 secs] [Times: user=0.00 sys=0.00, real=0.00 secs] 
5.690: [GC (Allocation Failure) 5.690: [DefNew: 959K->63K(960K), 0.0015707 secs] 22462K->22006K(524224K), 0.0017005 secs] [Times: user=0.00 sys=0.00, real=0.00 secs] 
5.695: [GC (Allocation Failure) 5.695: [DefNew: 959K->63K(960K), 0.0020416 secs] 22902K->22614K(524224K), 0.0022401 secs] [Times: user=0.00 sys=0.00, real=0.00 secs] 
5.698: [GC (Allocation Failure) 5.698: [DefNew: 959K->63K(960K), 0.0012268 secs] 23510K->23142K(524224K), 0.0012904 secs] [Times: user=0.00 sys=0.00, real=0.00 secs] 
5.701: [GC (Allocation Failure) 5.701: [DefNew: 959K->64K(960K), 0.0009391 secs] 24038K->23575K(524224K), 0.0009983 secs] [Times: user=0.00 sys=0.00, real=0.00 secs] 
5.703: [GC (Allocation Failure) 5.703: [DefNew: 960K->64K(960K), 0.0013899 secs] 24472K->24062K(524224K), 0.0014826 secs] [Times: user=0.00 sys=0.00, real=0.00 secs] 
5.707: [GC (Allocation Failure) 5.707: [DefNew: 960K->63K(960K), 0.0015778 secs] 24958K->24559K(524224K), 0.0016555 secs] [Times: user=0.00 sys=0.00, real=0.00 secs] 
5.710: [GC (Allocation Failure) 5.710: [DefNew: 959K->64K(960K), 0.0016887 secs] 25456K->25052K(524224K), 0.0017645 secs] [Times: user=0.00 sys=0.00, real=0.00 secs] 
5.714: [GC (Allocation Failure) 5.714: [DefNew: 960K->63K(960K), 0.0016721 secs] 25948K->25517K(524224K), 0.0017830 secs] [Times: user=0.00 sys=0.00, real=0.00 secs] 
5.718: [GC (Allocation Failure) 5.718: [DefNew: 959K->63K(960K), 0.0016713 secs] 26414K->25918K(524224K), 0.0017653 secs] [Times: user=0.00 sys=0.00, real=0.00 secs] 
5.721: [GC (Allocation Failure) 5.721: [DefNew: 959K->64K(960K), 0.0010536 secs] 26814K->26399K(524224K), 0.0011230 secs] [Times: user=0.00 sys=0.00, real=0.00 secs] 
5.724: [GC (Allocation Failure) 5.724: [DefNew: 960K->63K(960K), 0.0014037 secs] 27296K->26922K(524224K), 0.0015012 secs] [Times: user=0.00 sys=0.00, real=0.00 secs] 
5.726: [GC (Allocation Failure) 5.726: [DefNew: 959K->64K(960K), 0.0015636 secs] 27819K->27429K(524224K), 0.0016476 secs] [Times: user=0.00 sys=0.00, real=0.00 secs] 
5.730: [GC (Allocation Failure) 5.730: [DefNew: 960K->63K(960K), 0.0010800 secs] 28326K->27895K(524224K), 0.0011479 secs] [Times: user=0.00 sys=0.00, real=0.00 secs] 
5.732: [GC (Allocation Failure) 5.732: [DefNew: 959K->63K(960K), 0.0008897 secs] 28791K->28266K(524224K), 0.0009509 secs] [Times: user=0.00 sys=0.00, real=0.00 secs] 
5.735: [GC (Allocation Failure) 5.735: [DefNew: 959K->64K(960K), 0.0009221 secs] 29162K->28724K(524224K), 0.0009845 secs] [Times: user=0.00 sys=0.00, real=0.00 secs] 
5.738: [GC (Allocation Failure) 5.738: [DefNew: 960K->63K(960K), 0.0015067 secs] 29621K->29222K(524224K), 0.0015936 secs] [Times: user=0.00 sys=0.00, real=0.00 secs] 
5.741: [GC (Allocation Failure) 5.742: [DefNew: 959K->64K(960K), 0.0015663 secs] 30118K->29662K(524224K), 0.0016449 secs] [Times: user=0.00 sys=0.00, real=0.00 secs] 
5.745: [GC (Allocation Failure) 5.745: [DefNew: 960K->64K(960K), 0.0011566 secs] 30559K->30095K(524224K), 0.0012272 secs] [Times: user=0.00 sys=0.00, real=0.00 secs] 
5.748: [GC (Allocation Failure) 5.748: [DefNew: 960K->64K(960K), 0.0010038 secs] 30991K->30545K(524224K), 0.0010579 secs] [Times: user=0.00 sys=0.00, real=0.00 secs] 
5.750: [GC (Allocation Failure) 5.750: [DefNew: 960K->63K(960K), 0.0010078 secs] 31444K->30952K(524224K), 0.0010607 secs] [Times: user=0.00 sys=0.00, real=0.00 secs] 
5.753: [GC (Allocation Failure) 5.753: [DefNew: 959K->63K(960K), 0.0009809 secs] 31848K->31390K(524224K), 0.0010338 secs] [Times: user=0.00 sys=0.00, real=0.00 secs] 
5.756: [GC (Allocation Failure) 5.756: [DefNew: 959K->63K(960K), 0.0009789 secs] 32286K->31821K(524224K), 0.0010496 secs] [Times: user=0.00 sys=0.00, real=0.00 secs] 
5.758: [GC (Allocation Failure) 5.758: [DefNew: 959K->63K(960K), 0.0009564 secs] 32717K->32216K(524224K), 0.0010168 secs] [Times: user=0.00 sys=0.00, real=0.00 secs] 
5.761: [GC (Allocation Failure) 5.761: [DefNew: 959K->64K(960K), 0.0011349 secs] 33112K->32638K(524224K), 0.0012699 secs] [Times: user=0.00 sys=0.00, real=0.00 secs] 
5.763: [GC (Allocation Failure) 5.763: [DefNew: 960K->63K(960K), 0.0009186 secs] 33535K->33048K(524224K), 0.0009797 secs] [Times: user=0.00 sys=0.00, real=0.00 secs] 
5.766: [GC (Allocation Failure) 5.766: [DefNew: 959K->64K(960K), 0.0009470 secs] 33945K->33465K(524224K), 0.0010378 secs] [Times: user=0.00 sys=0.00, real=0.00 secs] 
5.768: [GC (Allocation Failure) 5.769: [DefNew: 960K->64K(960K), 0.0008889 secs] 34361K->33884K(524224K), 0.0009497 secs] [Times: user=0.00 sys=0.00, real=0.00 secs] 
5.771: [GC (Allocation Failure) 5.771: [DefNew: 960K->64K(960K), 0.0015746 secs] 34780K->34473K(524224K), 0.0017049 secs] [Times: user=0.00 sys=0.00, real=0.00 secs] 
5.775: [GC (Allocation Failure) 5.775: [DefNew: 960K->63K(960K), 0.0011139 secs] 35370K->34920K(524224K), 0.0011972 secs] [Times: user=0.00 sys=0.00, real=0.00 secs] 
5.777: [GC (Allocation Failure) 5.777: [DefNew: 959K->64K(960K), 0.0009470 secs] 35817K->35307K(524224K), 0.0010070 secs] [Times: user=0.00 sys=0.00, real=0.00 secs] 
5.780: [GC (Allocation Failure) 5.780: [DefNew: 960K->64K(960K), 0.0009876 secs] 36204K->35760K(524224K), 0.0010492 secs] [Times: user=0.02 sys=0.00, real=0.00 secs] 
5.783: [GC (Allocation Failure) 5.783: [DefNew: 960K->64K(960K), 0.0010054 secs] 36656K->36146K(524224K), 0.0010729 secs] [Times: user=0.00 sys=0.00, real=0.00 secs] 
5.785: [GC (Allocation Failure) 5.785: [DefNew: 960K->64K(960K), 0.0009939 secs] 37043K->36542K(524224K), 0.0010543 secs] [Times: user=0.00 sys=0.00, real=0.00 secs] 
5.788: [GC (Allocation Failure) 5.788: [DefNew: 960K->63K(960K), 0.0009351 secs] 37439K->36973K(524224K), 0.0009920 secs] [Times: user=0.00 sys=0.00, real=0.00 secs] 
5.790: [GC (Allocation Failure) 5.790: [DefNew: 959K->63K(960K), 0.0009967 secs] 37870K->37489K(524224K), 0.0010575 secs] [Times: user=0.00 sys=0.00, real=0.00 secs] 
5.793: [GC (Allocation Failure) 5.793: [DefNew: 959K->64K(960K), 0.0010686 secs] 38385K->37948K(524224K), 0.0011593 secs] [Times: user=0.00 sys=0.00, real=0.00 secs] 
5.795: [GC (Allocation Failure) 5.795: [DefNew: 960K->63K(960K), 0.0010472 secs] 38844K->38470K(524224K), 0.0011230 secs] [Times: user=0.00 sys=0.00, real=0.00 secs] 
5.798: [GC (Allocation Failure) 5.798: [DefNew: 959K->63K(960K), 0.0010472 secs] 39366K->38901K(524224K), 0.0011139 secs] [Times: user=0.00 sys=0.00, real=0.00 secs] 
5.801: [GC (Allocation Failure) 5.801: [DefNew: 959K->63K(960K), 0.0009868 secs] 39798K->39346K(524224K), 0.0010504 secs] [Times: user=0.00 sys=0.00, real=0.00 secs] 
5.803: [GC (Allocation Failure) 5.803: [DefNew: 959K->64K(960K), 0.0009122 secs] 40243K->39742K(524224K), 0.0009655 secs] [Times: user=0.00 sys=0.00, real=0.00 secs] 
5.806: [GC (Allocation Failure) 5.806: [DefNew: 960K->64K(960K), 0.0009746 secs] 40639K->40215K(524224K), 0.0010334 secs] [Times: user=0.00 sys=0.00, real=0.00 secs] 
5.808: [GC (Allocation Failure) 5.808: [DefNew: 960K->63K(960K), 0.0009632 secs] 41111K->40599K(524224K), 0.0010180 secs] [Times: user=0.00 sys=0.00, real=0.00 secs] 
5.811: [GC (Allocation Failure) 5.811: [DefNew: 959K->63K(960K), 0.0010318 secs] 41495K->41030K(524224K), 0.0011037 secs] [Times: user=0.00 sys=0.00, real=0.00 secs] 
5.814: [GC (Allocation Failure) 5.814: [DefNew: 959K->64K(960K), 0.0011305 secs] 41926K->41462K(524224K), 0.0012146 secs] [Times: user=0.00 sys=0.00, real=0.00 secs] 
5.816: [GC (Allocation Failure) 5.816: [DefNew: 960K->63K(960K), 0.0012047 secs] 42359K->41928K(524224K), 0.0012967 secs] [Times: user=0.00 sys=0.00, real=0.00 secs] 
5.819: [GC (Allocation Failure) 5.819: [DefNew: 959K->64K(960K), 0.0010145 secs] 42824K->42342K(524224K), 0.0010824 secs] [Times: user=0.00 sys=0.00, real=0.00 secs] 
5.821: [GC (Allocation Failure) 5.821: [DefNew: 960K->63K(960K), 0.0011645 secs] 43238K->42754K(524224K), 0.0012513 secs] [Times: user=0.00 sys=0.00, real=0.00 secs] 
5.824: [GC (Allocation Failure) 5.824: [DefNew: 959K->64K(960K), 0.0014518 secs] 43650K->43169K(524224K), 0.0015679 secs] [Times: user=0.00 sys=0.00, real=0.00 secs] 
5.828: [GC (Allocation Failure) 5.828: [DefNew: 960K->64K(960K), 0.0011672 secs] 44066K->43636K(524224K), 0.0013374 secs] [Times: user=0.00 sys=0.00, real=0.00 secs] 
5.831: [GC (Allocation Failure) 5.831: [DefNew: 960K->63K(960K), 0.0009174 secs] 44532K->44018K(524224K), 0.0009841 secs] [Times: user=0.00 sys=0.00, real=0.00 secs] 
5.834: [GC (Allocation Failure) 5.834: [DefNew: 959K->63K(960K), 0.0009493 secs] 44915K->44453K(524224K), 0.0010279 secs] [Times: user=0.00 sys=0.00, real=0.00 secs] 
5.837: [GC (Allocation Failure) 5.837: [DefNew: 959K->63K(960K), 0.0008767 secs] 45351K->44834K(524224K), 0.0009339 secs] [Times: user=0.00 sys=0.00, real=0.00 secs] 
5.839: [GC (Allocation Failure) 5.839: [DefNew: 959K->63K(960K), 0.0008313 secs] 45732K->45204K(524224K), 0.0008976 secs] [Times: user=0.00 sys=0.00, real=0.00 secs] 
5.842: [GC (Allocation Failure) 5.842: [DefNew: 959K->64K(960K), 0.0009454 secs] 46100K->45638K(524224K), 0.0010121 secs] [Times: user=0.00 sys=0.00, real=0.00 secs] 
5.844: [GC (Allocation Failure) 5.844: [DefNew: 960K->64K(960K), 0.0011704 secs] 46535K->46050K(524224K), 0.0012561 secs] [Times: user=0.00 sys=0.00, real=0.00 secs] 
5.847: [GC (Allocation Failure) 5.847: [DefNew: 960K->64K(960K), 0.0010299 secs] 46946K->46483K(524224K), 0.0011061 secs] [Times: user=0.00 sys=0.00, real=0.00 secs] 
5.849: [GC (Allocation Failure) 5.849: [DefNew: 960K->63K(960K), 0.0011736 secs] 47380K->46918K(524224K), 0.0012584 secs] [Times: user=0.00 sys=0.00, real=0.00 secs] 
5.852: [GC (Allocation Failure) 5.852: [DefNew: 959K->63K(960K), 0.0010796 secs] 47815K->47322K(524224K), 0.0011364 secs] [Times: user=0.00 sys=0.00, real=0.00 secs] 
5.855: [GC (Allocation Failure) 5.855: [DefNew: 959K->63K(960K), 0.0012928 secs] 48219K->47750K(524224K), 0.0013666 secs] [Times: user=0.00 sys=0.00, real=0.00 secs] 
5.857: [GC (Allocation Failure) 5.857: [DefNew: 959K->63K(960K), 0.0010311 secs] 48647K->48131K(524224K), 0.0010883 secs] [Times: user=0.00 sys=0.00, real=0.00 secs] 
5.860: [GC (Allocation Failure) 5.860: [DefNew: 959K->63K(960K), 0.0014199 secs] 49027K->48612K(524224K), 0.0015825 secs] [Times: user=0.00 sys=0.00, real=0.00 secs] 
5.864: [GC (Allocation Failure) 5.864: [DefNew: 959K->64K(960K), 0.0010504 secs] 49509K->49032K(524224K), 0.0011297 secs] [Times: user=0.00 sys=0.00, real=0.00 secs] 
5.866: [GC (Allocation Failure) 5.866: [DefNew: 960K->63K(960K), 0.0009288 secs] 49930K->49407K(524224K), 0.0009853 secs] [Times: user=0.00 sys=0.00, real=0.00 secs] 
5.869: [GC (Allocation Failure) 5.869: [DefNew: 959K->64K(960K), 0.0009387 secs] 50304K->49839K(524224K), 0.0009971 secs] [Times: user=0.00 sys=0.00, real=0.00 secs] 
5.871: [GC (Allocation Failure) 5.871: [DefNew: 960K->63K(960K), 0.0013780 secs] 50737K->50209K(524224K), 0.0014961 secs] [Times: user=0.00 sys=0.00, real=0.00 secs] 
5.874: [GC (Allocation Failure) 5.874: [DefNew: 959K->64K(960K), 0.0013942 secs] 51105K->50814K(524224K), 0.0014858 secs] [Times: user=0.02 sys=0.00, real=0.00 secs] 
5.877: [GC (Allocation Failure) 5.878: [DefNew: 960K->63K(960K), 0.0012679 secs] 51711K->51282K(524224K), 0.0013417 secs] [Times: user=0.00 sys=0.00, real=0.00 secs] 
5.880: [GC (Allocation Failure) 5.880: [DefNew: 959K->63K(960K), 0.0009876 secs] 52180K->51683K(524224K), 0.0010445 secs] [Times: user=0.00 sys=0.00, real=0.00 secs] 
5.883: [GC (Allocation Failure) 5.883: [DefNew: 959K->64K(960K), 0.0009876 secs] 52580K->52116K(524224K), 0.0010413 secs] [Times: user=0.00 sys=0.00, real=0.00 secs] 
5.885: [GC (Allocation Failure) 5.885: [DefNew: 960K->63K(960K), 0.0010089 secs] 53012K->52490K(524224K), 0.0010749 secs] [Times: user=0.00 sys=0.00, real=0.00 secs] 
5.888: [GC (Allocation Failure) 5.888: [DefNew: 959K->63K(960K), 0.0009880 secs] 53387K->52907K(524224K), 0.0010686 secs] [Times: user=0.00 sys=0.00, real=0.00 secs] 
5.891: [GC (Allocation Failure) 5.891: [DefNew: 959K->64K(960K), 0.0012355 secs] 53803K->53352K(524224K), 0.0013082 secs] [Times: user=0.00 sys=0.00, real=0.00 secs] 
5.893: [GC (Allocation Failure) 5.893: [DefNew: 960K->64K(960K), 0.0011613 secs] 54248K->53785K(524224K), 0.0013137 secs] [Times: user=0.00 sys=0.00, real=0.00 secs] 
5.896: [GC (Allocation Failure) 5.896: [DefNew: 960K->64K(960K), 0.0011495 secs] 54682K->54332K(524224K), 0.0012276 secs] [Times: user=0.00 sys=0.00, real=0.00 secs] 
5.898: [GC (Allocation Failure) 5.898: [DefNew: 960K->64K(960K), 0.0010070 secs] 55230K->54728K(524224K), 0.0010689 secs] [Times: user=0.00 sys=0.00, real=0.00 secs] 
5.901: [GC (Allocation Failure) 5.901: [DefNew: 960K->64K(960K), 0.0008751 secs] 55625K->55155K(524224K), 0.0009407 secs] [Times: user=0.00 sys=0.00, real=0.00 secs] 
5.904: [GC (Allocation Failure) 5.904: [DefNew: 960K->63K(960K), 0.0008057 secs] 56052K->55541K(524224K), 0.0008593 secs] [Times: user=0.00 sys=0.00, real=0.00 secs] 
5.906: [GC (Allocation Failure) 5.906: [DefNew: 959K->63K(960K), 0.0009237 secs] 56437K->55930K(524224K), 0.0009924 secs] [Times: user=0.00 sys=0.00, real=0.00 secs] 
5.909: [GC (Allocation Failure) 5.909: [DefNew: 959K->64K(960K), 0.0010196 secs] 56827K->56349K(524224K), 0.0010764 secs] [Times: user=0.00 sys=0.00, real=0.00 secs] 
5.911: [GC (Allocation Failure) 5.911: [DefNew: 960K->64K(960K), 0.0009920 secs] 57245K->56731K(524224K), 0.0010484 secs] [Times: user=0.00 sys=0.00, real=0.00 secs] 
5.914: [GC (Allocation Failure) 5.914: [DefNew: 960K->63K(960K), 0.0009711 secs] 57627K->57168K(524224K), 0.0010354 secs] [Times: user=0.00 sys=0.00, real=0.00 secs] 
5.917: [GC (Allocation Failure) 5.917: [DefNew: 959K->63K(960K), 0.0010757 secs] 58065K->57609K(524224K), 0.0011400 secs] [Times: user=0.00 sys=0.00, real=0.00 secs] 
5.919: [GC (Allocation Failure) 5.919: [DefNew: 959K->63K(960K), 0.0012261 secs] 58506K->58101K(524224K), 0.0012857 secs] [Times: user=0.00 sys=0.00, real=0.00 secs] 
5.922: [GC (Allocation Failure) 5.922: [DefNew: 959K->63K(960K), 0.0012738 secs] 58998K->58521K(524224K), 0.0013599 secs] [Times: user=0.00 sys=0.00, real=0.00 secs] 
5.924: [GC (Allocation Failure) 5.924: [DefNew: 959K->63K(960K), 0.0013536 secs] 59417K->58928K(524224K), 0.0014511 secs] [Times: user=0.00 sys=0.00, real=0.00 secs] 
5.928: [GC (Allocation Failure) 5.928: [DefNew: 959K->64K(960K), 0.0015770 secs] 59825K->59438K(524224K), 0.0017613 secs] [Times: user=0.00 sys=0.00, real=0.00 secs] 
5.932: [GC (Allocation Failure) 5.932: [DefNew: 960K->64K(960K), 0.0010922 secs] 60335K->59836K(524224K), 0.0011578 secs] [Times: user=0.00 sys=0.00, real=0.00 secs] 
5.934: [GC (Allocation Failure) 5.934: [DefNew: 960K->64K(960K), 0.0009616 secs] 60733K->60225K(524224K), 0.0010334 secs] [Times: user=0.00 sys=0.00, real=0.00 secs] 
5.937: [GC (Allocation Failure) 5.937: [DefNew: 960K->64K(960K), 0.0009651 secs] 61121K->60616K(524224K), 0.0010303 secs] [Times: user=0.00 sys=0.00, real=0.00 secs] 
5.939: [GC (Allocation Failure) 5.939: [DefNew: 960K->64K(960K), 0.0009588 secs] 61512K->60982K(524224K), 0.0010172 secs] [Times: user=0.00 sys=0.00, real=0.00 secs] 
5.942: [GC (Allocation Failure) 5.942: [DefNew: 960K->63K(960K), 0.0010007 secs] 61878K->61402K(524224K), 0.0010567 secs] [Times: user=0.00 sys=0.00, real=0.00 secs] 
5.944: [GC (Allocation Failure) 5.945: [DefNew: 959K->63K(960K), 0.0015363 secs] 62299K->61812K(524224K), 0.0016654 secs] [Times: user=0.00 sys=0.00, real=0.00 secs] 
5.948: [GC (Allocation Failure) 5.948: [DefNew: 959K->63K(960K), 0.0010539 secs] 62710K->62203K(524224K), 0.0011218 secs] [Times: user=0.00 sys=0.00, real=0.00 secs] 
5.951: [GC (Allocation Failure) 5.951: [DefNew: 959K->63K(960K), 0.0010247 secs] 63100K->62634K(524224K), 0.0010800 secs] [Times: user=0.00 sys=0.00, real=0.00 secs] 
5.953: [GC (Allocation Failure) 5.953: [DefNew: 959K->64K(960K), 0.0010772 secs] 63532K->62993K(524224K), 0.0011447 secs] [Times: user=0.00 sys=0.00, real=0.00 secs] 
5.956: [GC (Allocation Failure) 5.956: [DefNew: 960K->64K(960K), 0.0010567 secs] 63889K->63421K(524224K), 0.0011289 secs] [Times: user=0.00 sys=0.00, real=0.00 secs] 
5.959: [GC (Allocation Failure) 5.959: [DefNew: 960K->64K(960K), 0.0010086 secs] 64318K->63856K(524224K), 0.0011313 secs] [Times: user=0.00 sys=0.00, real=0.00 secs] 
5.961: [GC (Allocation Failure) 5.961: [DefNew: 960K->63K(960K), 0.0015087 secs] 64753K->64257K(524224K), 0.0016318 secs] [Times: user=0.00 sys=0.00, real=0.00 secs] 
5.965: [GC (Allocation Failure) 5.965: [DefNew: 959K->64K(960K), 0.0010867 secs] 65153K->64710K(524224K), 0.0011589 secs] [Times: user=0.00 sys=0.00, real=0.00 secs] 
5.967: [GC (Allocation Failure) 5.967: [DefNew: 960K->63K(960K), 0.0008657 secs] 65608K->65067K(524224K), 0.0009268 secs] [Times: user=0.00 sys=0.00, real=0.00 secs] 
5.970: [GC (Allocation Failure) 5.970: [DefNew: 959K->63K(960K), 0.0009032 secs] 65963K->65474K(524224K), 0.0009758 secs] [Times: user=0.00 sys=0.00, real=0.00 secs] 
5.975: [GC (Allocation Failure) 5.975: [DefNew: 959K->63K(960K), 0.0011088 secs] 66372K->65860K(524224K), 0.0012209 secs] [Times: user=0.00 sys=0.00, real=0.00 secs] 
5.977: [GC (Allocation Failure) 5.977: [DefNew: 959K->63K(960K), 0.0010125 secs] 66758K->66223K(524224K), 0.0010796 secs] [Times: user=0.00 sys=0.00, real=0.00 secs] 
5.980: [GC (Allocation Failure) 5.980: [DefNew: 959K->64K(960K), 0.0010366 secs] 67120K->66646K(524224K), 0.0010978 secs] [Times: user=0.00 sys=0.00, real=0.00 secs] 
5.982: [GC (Allocation Failure) 5.983: [DefNew: 960K->63K(960K), 0.0010176 secs] 67544K->67051K(524224K), 0.0010753 secs] [Times: user=0.01 sys=0.00, real=0.00 secs] 
5.985: [GC (Allocation Failure) 5.985: [DefNew: 959K->64K(960K), 0.0010461 secs] 67948K->67427K(524224K), 0.0011080 secs] [Times: user=0.00 sys=0.00, real=0.00 secs] 
5.988: [GC (Allocation Failure) 5.988: [DefNew: 960K->64K(960K), 0.0010532 secs] 68323K->67854K(524224K), 0.0011199 secs] [Times: user=0.00 sys=0.00, real=0.00 secs] 
5.990: [GC (Allocation Failure) 5.990: [DefNew: 960K->63K(960K), 0.0009355 secs] 68752K->68220K(524224K), 0.0009900 secs] [Times: user=0.00 sys=0.00, real=0.00 secs] 
5.993: [GC (Allocation Failure) 5.993: [DefNew: 959K->64K(960K), 0.0011420 secs] 69116K->68658K(524224K), 0.0012391 secs] [Times: user=0.00 sys=0.00, real=0.00 secs] 
5.996: [GC (Allocation Failure) 5.996: [DefNew: 960K->63K(960K), 0.0011459 secs] 69554K->69188K(524224K), 0.0012209 secs] [Times: user=0.00 sys=0.00, real=0.00 secs] 
5.998: [GC (Allocation Failure) 5.998: [DefNew: 959K->64K(960K), 0.0010820 secs] 70086K->69599K(524224K), 0.0011412 secs] [Times: user=0.00 sys=0.00, real=0.00 secs] 
6.001: [GC (Allocation Failure) 6.001: [DefNew: 960K->64K(960K), 0.0009711 secs] 70496K->70008K(524224K), 0.0010378 secs] [Times: user=0.00 sys=0.00, real=0.00 secs] 
6.003: [GC (Allocation Failure) 6.003: [DefNew: 960K->63K(960K), 0.0009837 secs] 70905K->70399K(524224K), 0.0010492 secs] [Times: user=0.00 sys=0.00, real=0.00 secs] 
6.006: [GC (Allocation Failure) 6.006: [DefNew: 959K->64K(960K), 0.0009849 secs] 71296K->70782K(524224K), 0.0010492 secs] [Times: user=0.00 sys=0.00, real=0.00 secs] 
6.009: [GC (Allocation Failure) 6.009: [DefNew: 960K->64K(960K), 0.0010137 secs] 71678K->71194K(524224K), 0.0010725 secs] [Times: user=0.00 sys=0.00, real=0.00 secs] 
6.011: [GC (Allocation Failure) 6.011: [DefNew: 960K->63K(960K), 0.0010070 secs] 72093K->71585K(524224K), 0.0010658 secs] [Times: user=0.00 sys=0.00, real=0.00 secs] 
6.014: [GC (Allocation Failure) 6.014: [DefNew: 959K->64K(960K), 0.0010682 secs] 72483K->72012K(524224K), 0.0011282 secs] [Times: user=0.02 sys=0.00, real=0.00 secs] 
6.016: [GC (Allocation Failure) 6.016: [DefNew: 960K->63K(960K), 0.0011175 secs] 72910K->72429K(524224K), 0.0011795 secs] [Times: user=0.00 sys=0.00, real=0.00 secs] 
6.019: [GC (Allocation Failure) 6.019: [DefNew: 959K->64K(960K), 0.0010851 secs] 73325K->72854K(524224K), 0.0011499 secs] [Times: user=0.00 sys=0.00, real=0.00 secs] 
6.022: [GC (Allocation Failure) 6.022: [DefNew: 960K->63K(960K), 0.0010997 secs] 73751K->73288K(524224K), 0.0011633 secs] [Times: user=0.00 sys=0.00, real=0.00 secs] 
6.024: [GC (Allocation Failure) 6.024: [DefNew: 959K->64K(960K), 0.0010295 secs] 74185K->73680K(524224K), 0.0010907 secs] [Times: user=0.00 sys=0.00, real=0.00 secs] 
6.027: [GC (Allocation Failure) 6.027: [DefNew: 960K->63K(960K), 0.0013686 secs] 74576K->74065K(524224K), 0.0014534 secs] [Times: user=0.00 sys=0.00, real=0.00 secs] 
6.029: [GC (Allocation Failure) 6.029: [DefNew: 959K->63K(960K), 0.0009734 secs] 74963K->74434K(524224K), 0.0010314 secs] [Times: user=0.00 sys=0.00, real=0.00 secs] 
6.032: [GC (Allocation Failure) 6.032: [DefNew: 959K->64K(960K), 0.0009561 secs] 75330K->74866K(524224K), 0.0010121 secs] [Times: user=0.00 sys=0.00, real=0.00 secs] 
6.035: [GC (Allocation Failure) 6.035: [DefNew: 960K->64K(960K), 0.0010208 secs] 75763K->75275K(524224K), 0.0010922 secs] [Times: user=0.00 sys=0.00, real=0.00 secs] 
6.037: [GC (Allocation Failure) 6.037: [DefNew: 960K->63K(960K), 0.0009197 secs] 76173K->75643K(524224K), 0.0009758 secs] [Times: user=0.00 sys=0.00, real=0.00 secs] 
6.040: [GC (Allocation Failure) 6.040: [DefNew: 959K->64K(960K), 0.0009209 secs] 76540K->76072K(524224K), 0.0009774 secs] [Times: user=0.00 sys=0.00, real=0.00 secs] 
6.042: [GC (Allocation Failure) 6.042: [DefNew: 960K->64K(960K), 0.0009667 secs] 76969K->76467K(524224K), 0.0010228 secs] [Times: user=0.00 sys=0.00, real=0.00 secs] 
6.045: [GC (Allocation Failure) 6.045: [DefNew: 960K->64K(960K), 0.0010804 secs] 77364K->76925K(524224K), 0.0011475 secs] [Times: user=0.00 sys=0.00, real=0.00 secs] 
6.048: [GC (Allocation Failure) 6.048: [DefNew: 960K->63K(960K), 0.0010741 secs] 77822K->77327K(524224K), 0.0011451 secs] [Times: user=0.00 sys=0.00, real=0.00 secs] 
6.050: [GC (Allocation Failure) 6.050: [DefNew: 959K->63K(960K), 0.0010662 secs] 78223K->77736K(524224K), 0.0011258 secs] [Times: user=0.00 sys=0.00, real=0.00 secs] 
6.053: [GC (Allocation Failure) 6.053: [DefNew: 959K->63K(960K), 0.0010547 secs] 78632K->78179K(524224K), 0.0011120 secs] [Times: user=0.00 sys=0.00, real=0.00 secs] 
6.055: [GC (Allocation Failure) 6.055: [DefNew: 959K->63K(960K), 0.0011349 secs] 79078K->78541K(524224K), 0.0011988 secs] [Times: user=0.00 sys=0.00, real=0.00 secs] 
6.058: [GC (Allocation Failure) 6.058: [DefNew: 959K->64K(960K), 0.0010472 secs] 79438K->78991K(524224K), 0.0011049 secs] [Times: user=0.00 sys=0.00, real=0.00 secs] 
6.061: [GC (Allocation Failure) 6.061: [DefNew: 960K->63K(960K), 0.0017289 secs] 79887K->79445K(524224K), 0.0018726 secs] [Times: user=0.02 sys=0.00, real=0.00 secs] 
6.064: [GC (Allocation Failure) 6.064: [DefNew: 959K->64K(960K), 0.0010157 secs] 80342K->79844K(524224K), 0.0010875 secs] [Times: user=0.00 sys=0.00, real=0.00 secs] 
6.067: [GC (Allocation Failure) 6.067: [DefNew: 960K->63K(960K), 0.0009545 secs] 80740K->80264K(524224K), 0.0010164 secs] [Times: user=0.00 sys=0.00, real=0.00 secs] 
6.070: [GC (Allocation Failure) 6.070: [DefNew: 959K->64K(960K), 0.0010334 secs] 81161K->80658K(524224K), 0.0010954 secs] [Times: user=0.00 sys=0.00, real=0.00 secs] 
6.075: [GC (Allocation Failure) 6.075: [DefNew: 960K->63K(960K), 0.0012257 secs] 81556K->81096K(524224K), 0.0013389 secs] [Times: user=0.00 sys=0.00, real=0.00 secs] 
6.078: [GC (Allocation Failure) 6.078: [DefNew: 959K->63K(960K), 0.0010986 secs] 81993K->81500K(524224K), 0.0011716 secs] [Times: user=0.00 sys=0.00, real=0.00 secs] 
6.080: [GC (Allocation Failure) 6.080: [DefNew: 959K->64K(960K), 0.0011368 secs] 82396K->81911K(524224K), 0.0012000 secs] [Times: user=0.00 sys=0.00, real=0.00 secs] 
6.083: [GC (Allocation Failure) 6.083: [DefNew: 960K->63K(960K), 0.0011364 secs] 82809K->82354K(524224K), 0.0011957 secs] [Times: user=0.00 sys=0.00, real=0.00 secs] 
6.086: [GC (Allocation Failure) 6.086: [DefNew: 959K->63K(960K), 0.0011132 secs] 83252K->82769K(524224K), 0.0011787 secs] [Times: user=0.00 sys=0.00, real=0.00 secs] 
6.088: [GC (Allocation Failure) 6.088: [DefNew: 959K->64K(960K), 0.0011921 secs] 83665K->83163K(524224K), 0.0012592 secs] [Times: user=0.00 sys=0.00, real=0.00 secs] 
6.091: [GC (Allocation Failure) 6.091: [DefNew: 960K->64K(960K), 0.0010504 secs] 84059K->83610K(524224K), 0.0011084 secs] [Times: user=0.00 sys=0.00, real=0.00 secs] 
6.093: [GC (Allocation Failure) 6.093: [DefNew: 960K->64K(960K), 0.0019599 secs] 84506K->84020K(524224K), 0.0020455 secs] [Times: user=0.00 sys=0.00, real=0.00 secs] 
6.097: [GC (Allocation Failure) 6.097: [DefNew: 960K->63K(960K), 0.0011929 secs] 84917K->84480K(524224K), 0.0012655 secs] [Times: user=0.00 sys=0.00, real=0.00 secs] 
6.100: [GC (Allocation Failure) 6.100: [DefNew: 959K->63K(960K), 0.0010599 secs] 85376K->84913K(524224K), 0.0011167 secs] [Times: user=0.00 sys=0.00, real=0.00 secs] 
6.102: [GC (Allocation Failure) 6.102: [DefNew: 959K->63K(960K), 0.0010800 secs] 85809K->85318K(524224K), 0.0011459 secs] [Times: user=0.00 sys=0.00, real=0.00 secs] 
6.105: [GC (Allocation Failure) 6.105: [DefNew: 959K->63K(960K), 0.0012055 secs] 86215K->85700K(524224K), 0.0013168 secs] [Times: user=0.00 sys=0.00, real=0.00 secs] 
6.107: [GC (Allocation Failure) 6.107: [DefNew: 959K->63K(960K), 0.0010634 secs] 86596K->86108K(524224K), 0.0011222 secs] [Times: user=0.00 sys=0.00, real=0.00 secs] 
6.110: [GC (Allocation Failure) 6.110: [DefNew: 959K->63K(960K), 0.0012620 secs] 87006K->86551K(524224K), 0.0013461 secs] [Times: user=0.00 sys=0.00, real=0.00 secs] 
6.113: [GC (Allocation Failure) 6.113: [DefNew: 959K->64K(960K), 0.0012268 secs] 87447K->86937K(524224K), 0.0013070 secs] [Times: user=0.00 sys=0.00, real=0.00 secs] 
6.115: [GC (Allocation Failure) 6.115: [DefNew: 960K->63K(960K), 0.0011684 secs] 87834K->87343K(524224K), 0.0012383 secs] [Times: user=0.00 sys=0.00, real=0.00 secs] 
6.118: [GC (Allocation Failure) 6.118: [DefNew: 959K->64K(960K), 0.0011384 secs] 88239K->87783K(524224K), 0.0012008 secs] [Times: user=0.00 sys=0.00, real=0.00 secs] 
6.122: [GC (Allocation Failure) 6.122: [DefNew: 960K->63K(960K), 0.0012336 secs] 88681K->88148K(524224K), 0.0013441 secs] [Times: user=0.00 sys=0.00, real=0.00 secs] 
6.125: [GC (Allocation Failure) 6.125: [DefNew: 959K->64K(960K), 0.0012857 secs] 89044K->88549K(524224K), 0.0014029 secs] [Times: user=0.00 sys=0.00, real=0.00 secs] 
6.129: [GC (Allocation Failure) 6.129: [DefNew: 960K->64K(960K), 0.0016721 secs] 89446K->89132K(524224K), 0.0017964 secs] [Times: user=0.00 sys=0.00, real=0.00 secs] 
6.132: [GC (Allocation Failure) 6.132: [DefNew: 960K->64K(960K), 0.0012789 secs] 90029K->89604K(524224K), 0.0013484 secs] [Times: user=0.00 sys=0.00, real=0.00 secs] 
6.135: [GC (Allocation Failure) 6.135: [DefNew: 960K->64K(960K), 0.0012489 secs] 90502K->90015K(524224K), 0.0013228 secs] [Times: user=0.00 sys=0.00, real=0.00 secs] 
6.137: [GC (Allocation Failure) 6.137: [DefNew: 960K->64K(960K), 0.0010792 secs] 90911K->90425K(524224K), 0.0012091 secs] [Times: user=0.00 sys=0.00, real=0.00 secs] 
6.140: [GC (Allocation Failure) 6.140: [DefNew: 960K->64K(960K), 0.0010970 secs] 91321K->90859K(524224K), 0.0011621 secs] [Times: user=0.00 sys=0.00, real=0.00 secs] 
6.143: [GC (Allocation Failure) 6.143: [DefNew: 960K->63K(960K), 0.0012671 secs] 91756K->91275K(524224K), 0.0013614 secs] [Times: user=0.00 sys=0.00, real=0.00 secs] 
6.146: [GC (Allocation Failure) 6.146: [DefNew: 959K->63K(960K), 0.0014459 secs] 92171K->91654K(524224K), 0.0015324 secs] [Times: user=0.00 sys=0.00, real=0.00 secs] 
6.149: [GC (Allocation Failure) 6.149: [DefNew: 959K->64K(960K), 0.0011100 secs] 92551K->92100K(524224K), 0.0011684 secs] [Times: user=0.00 sys=0.00, real=0.00 secs] 
6.151: [GC (Allocation Failure) 6.151: [DefNew: 960K->64K(960K), 0.0010989 secs] 92998K->92461K(524224K), 0.0011672 secs] [Times: user=0.00 sys=0.00, real=0.00 secs] 
6.154: [GC (Allocation Failure) 6.154: [DefNew: 960K->63K(960K), 0.0011353 secs] 93357K->92899K(524224K), 0.0011976 secs] [Times: user=0.00 sys=0.00, real=0.00 secs] 
6.157: [GC (Allocation Failure) 6.157: [DefNew: 959K->64K(960K), 0.0011708 secs] 93796K->93322K(524224K), 0.0012359 secs] [Times: user=0.00 sys=0.00, real=0.00 secs] 
6.159: [GC (Allocation Failure) 6.159: [DefNew: 960K->63K(960K), 0.0011937 secs] 94220K->93686K(524224K), 0.0012722 secs] [Times: user=0.00 sys=0.00, real=0.00 secs] 
6.162: [GC (Allocation Failure) 6.162: [DefNew: 959K->64K(960K), 0.0012087 secs] 94583K->94254K(524224K), 0.0012947 secs] [Times: user=0.00 sys=0.00, real=0.00 secs] 
6.164: [GC (Allocation Failure) 6.164: [DefNew: 960K->63K(960K), 0.0011684 secs] 95150K->94657K(524224K), 0.0012316 secs] [Times: user=0.00 sys=0.00, real=0.00 secs] 
6.167: [GC (Allocation Failure) 6.167: [DefNew: 959K->64K(960K), 0.0010168 secs] 95555K->95067K(524224K), 0.0010875 secs] [Times: user=0.00 sys=0.00, real=0.00 secs] 
6.170: [GC (Allocation Failure) 6.170: [DefNew: 960K->63K(960K), 0.0014341 secs] 95964K->95499K(524224K), 0.0015122 secs] [Times: user=0.02 sys=0.00, real=0.00 secs] 
6.175: [GC (Allocation Failure) 6.175: [DefNew: 959K->63K(960K), 0.0012363 secs] 96396K->95887K(524224K), 0.0013776 secs] [Times: user=0.00 sys=0.00, real=0.00 secs] 
6.179: [GC (Allocation Failure) 6.179: [DefNew: 959K->64K(960K), 0.0011159 secs] 96783K->96304K(524224K), 0.0011909 secs] [Times: user=0.00 sys=0.00, real=0.00 secs] 
6.182: [GC (Allocation Failure) 6.182: [DefNew: 960K->63K(960K), 0.0011913 secs] 97202K->96719K(524224K), 0.0012647 secs] [Times: user=0.00 sys=0.00, real=0.00 secs] 
6.184: [GC (Allocation Failure) 6.184: [DefNew: 959K->64K(960K), 0.0011313 secs] 97615K->97128K(524224K), 0.0011961 secs] [Times: user=0.00 sys=0.00, real=0.00 secs] 
6.187: [GC (Allocation Failure) 6.187: [DefNew: 960K->64K(960K), 0.0011763 secs] 98025K->97528K(524224K), 0.0012596 secs] [Times: user=0.00 sys=0.00, real=0.00 secs] 
6.189: [GC (Allocation Failure) 6.189: [DefNew: 960K->63K(960K), 0.0012391 secs] 98424K->97938K(524224K), 0.0013089 secs] [Times: user=0.00 sys=0.00, real=0.00 secs] 
6.192: [GC (Allocation Failure) 6.192: [DefNew: 959K->63K(960K), 0.0010378 secs] 98835K->98342K(524224K), 0.0011013 secs] [Times: user=0.00 sys=0.00, real=0.00 secs] 
6.195: [GC (Allocation Failure) 6.195: [DefNew: 959K->63K(960K), 0.0012000 secs] 99238K->98780K(524224K), 0.0012936 secs] [Times: user=0.00 sys=0.00, real=0.00 secs] 
6.197: [GC (Allocation Failure) 6.197: [DefNew: 959K->63K(960K), 0.0010018 secs] 99677K->99181K(524224K), 0.0010614 secs] [Times: user=0.00 sys=0.00, real=0.00 secs] 
6.200: [GC (Allocation Failure) 6.200: [DefNew: 959K->63K(960K), 0.0010366 secs] 100079K->99602K(524224K), 0.0011112 secs] [Times: user=0.00 sys=0.00, real=0.00 secs] 
6.202: [GC (Allocation Failure) 6.202: [DefNew: 959K->63K(960K), 0.0010330 secs] 100500K->100011K(524224K), 0.0010934 secs] [Times: user=0.02 sys=0.00, real=0.00 secs] 
6.205: [GC (Allocation Failure) 6.205: [DefNew: 959K->64K(960K), 0.0010030 secs] 100908K->100414K(524224K), 0.0010642 secs] [Times: user=0.00 sys=0.00, real=0.00 secs] 
6.207: [GC (Allocation Failure) 6.208: [DefNew: 960K->64K(960K), 0.0009880 secs] 101313K->100782K(524224K), 0.0010547 secs] [Times: user=0.00 sys=0.00, real=0.00 secs] 
6.210: [GC (Allocation Failure) 6.210: [DefNew: 960K->64K(960K), 0.0009557 secs] 101679K->101183K(524224K), 0.0010157 secs] [Times: user=0.00 sys=0.00, real=0.00 secs] 
6.213: [GC (Allocation Failure) 6.213: [DefNew: 960K->63K(960K), 0.0011124 secs] 102079K->101661K(524224K), 0.0011736 secs] [Times: user=0.00 sys=0.00, real=0.00 secs] 
6.215: [GC (Allocation Failure) 6.215: [DefNew: 959K->64K(960K), 0.0010812 secs] 102558K->102026K(524224K), 0.0011372 secs] [Times: user=0.00 sys=0.00, real=0.00 secs] 
6.218: [GC (Allocation Failure) 6.218: [DefNew: 960K->64K(960K), 0.0010536 secs] 102922K->102471K(524224K), 0.0011092 secs] [Times: user=0.00 sys=0.00, real=0.00 secs] 
6.221: [GC (Allocation Failure) 6.221: [DefNew: 960K->64K(960K), 0.0011957 secs] 103367K->102901K(524224K), 0.0012620 secs] [Times: user=0.00 sys=0.00, real=0.00 secs] 
6.223: [GC (Allocation Failure) 6.223: [DefNew: 960K->63K(960K), 0.0011953 secs] 103798K->103298K(524224K), 0.0012667 secs] [Times: user=0.00 sys=0.00, real=0.00 secs] 
6.226: [GC (Allocation Failure) 6.226: [DefNew: 959K->64K(960K), 0.0011518 secs] 104195K->103675K(524224K), 0.0012493 secs] [Times: user=0.00 sys=0.00, real=0.00 secs] 
6.229: [GC (Allocation Failure) 6.229: [DefNew: 960K->63K(960K), 0.0013745 secs] 104571K->104291K(524224K), 0.0014949 secs] [Times: user=0.00 sys=0.00, real=0.00 secs] 
6.233: [GC (Allocation Failure) 6.233: [DefNew: 959K->64K(960K), 0.0013978 secs] 105187K->104761K(524224K), 0.0014593 secs] [Times: user=0.01 sys=0.00, real=0.00 secs] 
6.236: [GC (Allocation Failure) 6.236: [DefNew: 960K->63K(960K), 0.0010650 secs] 105659K->105158K(524224K), 0.0011313 secs] [Times: user=0.00 sys=0.00, real=0.00 secs] 
6.238: [GC (Allocation Failure) 6.238: [DefNew: 959K->63K(960K), 0.0009695 secs] 106055K->105539K(524224K), 0.0010255 secs] [Times: user=0.00 sys=0.00, real=0.00 secs] 
6.241: [GC (Allocation Failure) 6.241: [DefNew: 959K->63K(960K), 0.0010622 secs] 106436K->105987K(524224K), 0.0011242 secs] [Times: user=0.00 sys=0.00, real=0.00 secs] 
6.243: [GC (Allocation Failure) 6.243: [DefNew: 959K->64K(960K), 0.0010176 secs] 106883K->106388K(524224K), 0.0010717 secs] [Times: user=0.00 sys=0.00, real=0.00 secs] 
6.246: [GC (Allocation Failure) 6.246: [DefNew: 960K->64K(960K), 0.0012059 secs] 107285K->106793K(524224K), 0.0013082 secs] [Times: user=0.00 sys=0.00, real=0.00 secs] 
6.249: [GC (Allocation Failure) 6.249: [DefNew: 960K->64K(960K), 0.0012008 secs] 107689K->107230K(524224K), 0.0012683 secs] [Times: user=0.00 sys=0.00, real=0.00 secs] 
6.251: [GC (Allocation Failure) 6.251: [DefNew: 960K->64K(960K), 0.0011870 secs] 108128K->107636K(524224K), 0.0012474 secs] [Times: user=0.00 sys=0.00, real=0.00 secs] 
6.254: [GC (Allocation Failure) 6.254: [DefNew: 960K->63K(960K), 0.0011147 secs] 108534K->108057K(524224K), 0.0011728 secs] [Times: user=0.00 sys=0.00, real=0.00 secs] 
6.257: [GC (Allocation Failure) 6.257: [DefNew: 959K->64K(960K), 0.0011416 secs] 108955K->108446K(524224K), 0.0012067 secs] [Times: user=0.00 sys=0.00, real=0.00 secs] 
6.259: [GC (Allocation Failure) 6.259: [DefNew: 960K->64K(960K), 0.0012008 secs] 109342K->108863K(524224K), 0.0012699 secs] [Times: user=0.00 sys=0.00, real=0.00 secs] 
6.262: [GC (Allocation Failure) 6.262: [DefNew: 960K->63K(960K), 0.0014234 secs] 109760K->109308K(524224K), 0.0015174 secs] [Times: user=0.00 sys=0.00, real=0.00 secs] 
6.264: [GC (Allocation Failure) 6.264: [DefNew: 959K->64K(960K), 0.0013358 secs] 110204K->109715K(524224K), 0.0014136 secs] [Times: user=0.02 sys=0.00, real=0.00 secs] 
6.267: [GC (Allocation Failure) 6.267: [DefNew: 960K->64K(960K), 0.0010918 secs] 110611K->110166K(524224K), 0.0011593 secs] [Times: user=0.00 sys=0.00, real=0.00 secs] 
6.270: [GC (Allocation Failure) 6.270: [DefNew: 960K->63K(960K), 0.0011988 secs] 111063K->110572K(524224K), 0.0012714 secs] [Times: user=0.00 sys=0.00, real=0.00 secs] 
6.274: [GC (Allocation Failure) 6.274: [DefNew: 959K->63K(960K), 0.0014542 secs] 111469K->110973K(524224K), 0.0015821 secs] [Times: user=0.00 sys=0.00, real=0.00 secs] 
6.281: [GC (Allocation Failure) 6.281: [DefNew: 959K->63K(960K), 0.0015205 secs] 111869K->111460K(524224K), 0.0016579 secs] [Times: user=0.00 sys=0.00, real=0.00 secs] 
6.287: [GC (Allocation Failure) 6.287: [DefNew: 959K->64K(960K), 0.0012991 secs] 112357K->111840K(524224K), 0.0014128 secs] [Times: user=0.00 sys=0.00, real=0.00 secs] 
6.296: [GC (Allocation Failure) 6.296: [DefNew: 960K->63K(960K), 0.0016705 secs] 112736K->112325K(524224K), 0.0018351 secs] [Times: user=0.00 sys=0.00, real=0.00 secs] 
6.300: [GC (Allocation Failure) 6.300: [DefNew: 959K->64K(960K), 0.0012778 secs] 113223K->112830K(524224K), 0.0013614 secs] [Times: user=0.00 sys=0.00, real=0.00 secs] 
6.302: [GC (Allocation Failure) 6.302: [DefNew: 960K->63K(960K), 0.0011499 secs] 113729K->113257K(524224K), 0.0012189 secs] [Times: user=0.00 sys=0.00, real=0.00 secs] 
6.305: [GC (Allocation Failure) 6.305: [DefNew: 959K->63K(960K), 0.0010445 secs] 114154K->113664K(524224K), 0.0011333 secs] [Times: user=0.00 sys=0.00, real=0.00 secs] 
6.307: [GC (Allocation Failure) 6.307: [DefNew: 959K->64K(960K), 0.0010386 secs] 114562K->114076K(524224K), 0.0011080 secs] [Times: user=0.00 sys=0.00, real=0.00 secs] 
6.310: [GC (Allocation Failure) 6.310: [DefNew: 960K->63K(960K), 0.0011242 secs] 114973K->114539K(524224K), 0.0011925 secs] [Times: user=0.00 sys=0.00, real=0.00 secs] 
6.313: [GC (Allocation Failure) 6.313: [DefNew: 959K->64K(960K), 0.0013670 secs] 115435K->115048K(524224K), 0.0014775 secs] [Times: user=0.00 sys=0.00, real=0.00 secs] 
6.316: [GC (Allocation Failure) 6.316: [DefNew: 960K->63K(960K), 0.0013682 secs] 115944K->115470K(524224K), 0.0014518 secs] [Times: user=0.00 sys=0.00, real=0.00 secs] 
6.319: [GC (Allocation Failure) 6.319: [DefNew: 959K->63K(960K), 0.0011897 secs] 116367K->115919K(524224K), 0.0012699 secs] [Times: user=0.00 sys=0.00, real=0.00 secs] 
6.321: [GC (Allocation Failure) 6.321: [DefNew: 959K->63K(960K), 0.0011889 secs] 116815K->116346K(524224K), 0.0012580 secs] [Times: user=0.00 sys=0.00, real=0.00 secs] 
6.324: [GC (Allocation Failure) 6.324: [DefNew: 959K->64K(960K), 0.0015497 secs] 117243K->116846K(524224K), 0.0016670 secs] [Times: user=0.00 sys=0.00, real=0.00 secs] 
6.328: [GC (Allocation Failure) 6.328: [DefNew: 960K->64K(960K), 0.0013480 secs] 117743K->117369K(524224K), 0.0014574 secs] [Times: user=0.00 sys=0.00, real=0.00 secs] 
6.330: [GC (Allocation Failure) 6.330: [DefNew: 960K->63K(960K), 0.0012158 secs] 118268K->117794K(524224K), 0.0013042 secs] [Times: user=0.00 sys=0.00, real=0.00 secs] 
6.333: [GC (Allocation Failure) 6.333: [DefNew: 959K->63K(960K), 0.0010607 secs] 118690K->118220K(524224K), 0.0011305 secs] [Times: user=0.00 sys=0.00, real=0.00 secs] 
6.335: [GC (Allocation Failure) 6.335: [DefNew: 959K->64K(960K), 0.0010918 secs] 119117K->118649K(524224K), 0.0011637 secs] [Times: user=0.00 sys=0.00, real=0.00 secs] 
6.338: [GC (Allocation Failure) 6.338: [DefNew: 960K->64K(960K), 0.0010966 secs] 119546K->119083K(524224K), 0.0011621 secs] [Times: user=0.00 sys=0.00, real=0.00 secs] 
6.341: [GC (Allocation Failure) 6.341: [DefNew: 960K->63K(960K), 0.0010966 secs] 119980K->119507K(524224K), 0.0011676 secs] [Times: user=0.00 sys=0.00, real=0.00 secs] 
6.343: [GC (Allocation Failure) 6.343: [DefNew: 959K->64K(960K), 0.0011076 secs] 120403K->119908K(524224K), 0.0011771 secs] [Times: user=0.00 sys=0.00, real=0.00 secs] 
6.346: [GC (Allocation Failure) 6.346: [DefNew: 960K->64K(960K), 0.0011057 secs] 120804K->120340K(524224K), 0.0011724 secs] [Times: user=0.00 sys=0.00, real=0.00 secs] 
6.348: [GC (Allocation Failure) 6.348: [DefNew: 960K->63K(960K), 0.0013204 secs] 121236K->120823K(524224K), 0.0013946 secs] [Times: user=0.00 sys=0.00, real=0.00 secs] 
6.351: [GC (Allocation Failure) 6.351: [DefNew: 959K->63K(960K), 0.0013086 secs] 121720K->121274K(524224K), 0.0013824 secs] [Times: user=0.00 sys=0.00, real=0.00 secs] 
6.354: [GC (Allocation Failure) 6.354: [DefNew: 959K->64K(960K), 0.0012967 secs] 122171K->121703K(524224K), 0.0013788 secs] [Times: user=0.00 sys=0.00, real=0.00 secs] 
6.356: [GC (Allocation Failure) 6.356: [DefNew: 960K->64K(960K), 0.0012233 secs] 122600K->122170K(524224K), 0.0012849 secs] [Times: user=0.00 sys=0.00, real=0.00 secs] 
6.359: [GC (Allocation Failure) 6.359: [DefNew: 960K->64K(960K), 0.0014009 secs] 123067K->122606K(524224K), 0.0015186 secs] [Times: user=0.00 sys=0.00, real=0.00 secs] 
6.362: [GC (Allocation Failure) 6.362: [DefNew: 960K->64K(960K), 0.0013528 secs] 123503K->123126K(524224K), 0.0014305 secs] [Times: user=0.00 sys=0.00, real=0.00 secs] 
6.365: [GC (Allocation Failure) 6.365: [DefNew: 960K->63K(960K), 0.0012347 secs] 124022K->123541K(524224K), 0.0013149 secs] [Times: user=0.00 sys=0.00, real=0.00 secs] 
6.368: [GC (Allocation Failure) 6.368: [DefNew: 959K->64K(960K), 0.0010630 secs] 124438K->123941K(524224K), 0.0011361 secs] [Times: user=0.00 sys=0.00, real=0.00 secs] 
6.370: [GC (Allocation Failure) 6.370: [DefNew: 960K->64K(960K), 0.0015778 secs] 124839K->124350K(524224K), 0.0017021 secs] [Times: user=0.00 sys=0.00, real=0.00 secs] 
6.374: [GC (Allocation Failure) 6.374: [DefNew: 960K->63K(960K), 0.0018845 secs] 125246K->124985K(524224K), 0.0019863 secs] [Times: user=0.00 sys=0.00, real=0.00 secs] 
6.377: [GC (Allocation Failure) 6.377: [DefNew: 959K->64K(960K), 0.0015549 secs] 125881K->125477K(524224K), 0.0016441 secs] [Times: user=0.00 sys=0.00, real=0.00 secs] 
6.381: [GC (Allocation Failure) 6.381: [DefNew: 960K->63K(960K), 0.0014128 secs] 126373K->125951K(524224K), 0.0015284 secs] [Times: user=0.00 sys=0.00, real=0.00 secs] 
6.384: [GC (Allocation Failure) 6.384: [DefNew: 959K->64K(960K), 0.0012482 secs] 126848K->126307K(524224K), 0.0013366 secs] [Times: user=0.00 sys=0.00, real=0.00 secs] 
6.386: [GC (Allocation Failure) 6.386: [DefNew: 960K->64K(960K), 0.0011349 secs] 127203K->126699K(524224K), 0.0012150 secs] [Times: user=0.00 sys=0.00, real=0.00 secs] 
6.389: [GC (Allocation Failure) 6.389: [DefNew: 960K->63K(960K), 0.0014467 secs] 127596K->127139K(524224K), 0.0015450 secs] [Times: user=0.01 sys=0.00, real=0.00 secs] 
6.392: [GC (Allocation Failure) 6.392: [DefNew: 959K->64K(960K), 0.0013883 secs] 128035K->127556K(524224K), 0.0014968 secs] [Times: user=0.00 sys=0.00, real=0.00 secs] 
6.395: [GC (Allocation Failure) 6.395: [DefNew: 960K->63K(960K), 0.0017842 secs] 128453K->128049K(524224K), 0.0018975 secs] [Times: user=0.00 sys=0.00, real=0.00 secs] 
6.399: [GC (Allocation Failure) 6.399: [DefNew: 959K->64K(960K), 0.0012959 secs] 128945K->128518K(524224K), 0.0013729 secs] [Times: user=0.00 sys=0.00, real=0.00 secs] 
6.401: [GC (Allocation Failure) 6.401: [DefNew: 960K->64K(960K), 0.0012036 secs] 129417K->128947K(524224K), 0.0012774 secs] [Times: user=0.00 sys=0.00, real=0.00 secs] 
6.404: [GC (Allocation Failure) 6.404: [DefNew: 960K->64K(960K), 0.0012253 secs] 129845K->129416K(524224K), 0.0013030 secs] [Times: user=0.02 sys=0.00, real=0.00 secs] 
6.406: [GC (Allocation Failure) 6.406: [DefNew: 960K->64K(960K), 0.0012553 secs] 130312K->129825K(524224K), 0.0013413 secs] [Times: user=0.00 sys=0.00, real=0.00 secs] 
6.409: [GC (Allocation Failure) 6.409: [DefNew: 960K->63K(960K), 0.0011976 secs] 130722K->130281K(524224K), 0.0012711 secs] [Times: user=0.00 sys=0.00, real=0.00 secs] 
6.412: [GC (Allocation Failure) 6.412: [DefNew: 959K->64K(960K), 0.0012276 secs] 131177K->130728K(524224K), 0.0013007 secs] [Times: user=0.00 sys=0.00, real=0.00 secs] 
6.414: [GC (Allocation Failure) 6.414: [DefNew: 960K->63K(960K), 0.0014250 secs] 131624K->131139K(524224K), 0.0015379 secs] [Times: user=0.00 sys=0.00, real=0.00 secs] 
6.418: [GC (Allocation Failure) 6.418: [DefNew: 959K->64K(960K), 0.0019480 secs] 132036K->131660K(524224K), 0.0020775 secs] [Times: user=0.00 sys=0.00, real=0.00 secs] 
6.421: [GC (Allocation Failure) 6.421: [DefNew: 960K->63K(960K), 0.0021225 secs] 132557K->132137K(524224K), 0.0022401 secs] [Times: user=0.00 sys=0.00, real=0.00 secs] 
6.425: [GC (Allocation Failure) 6.425: [DefNew: 959K->64K(960K), 0.0024407 secs] 133033K->132706K(524224K), 0.0026507 secs] [Times: user=0.00 sys=0.00, real=0.00 secs] 
6.432: [GC (Allocation Failure) 6.432: [DefNew: 960K->64K(960K), 0.0028666 secs] 133603K->133272K(524224K), 0.0031776 secs] [Times: user=0.00 sys=0.00, real=0.00 secs] 
6.437: [GC (Allocation Failure) 6.437: [DefNew: 960K->63K(960K), 0.0019184 secs] 134169K->133826K(524224K), 0.0020471 secs] [Times: user=0.00 sys=0.00, real=0.00 secs] 
6.441: [GC (Allocation Failure) 6.441: [DefNew: 959K->64K(960K), 0.0017874 secs] 134722K->134413K(524224K), 0.0018900 secs] [Times: user=0.00 sys=0.00, real=0.00 secs] 
6.444: [GC (Allocation Failure) 6.444: [DefNew: 960K->64K(960K), 0.0026112 secs] 135310K->134884K(524224K), 0.0028654 secs] [Times: user=0.00 sys=0.00, real=0.00 secs] 
6.449: [GC (Allocation Failure) 6.449: [DefNew: 960K->64K(960K), 0.0014716 secs] 135781K->135361K(524224K), 0.0015920 secs] [Times: user=0.00 sys=0.00, real=0.00 secs] 
6.452: [GC (Allocation Failure) 6.452: [DefNew: 960K->64K(960K), 0.0015793 secs] 136258K->135930K(524224K), 0.0016974 secs] [Times: user=0.00 sys=0.00, real=0.00 secs] 
6.456: [GC (Allocation Failure) 6.456: [DefNew: 960K->63K(960K), 0.0015947 secs] 136826K->136537K(524224K), 0.0016958 secs] [Times: user=0.00 sys=0.00, real=0.00 secs] 
6.460: [GC (Allocation Failure) 6.460: [DefNew: 959K->63K(960K), 0.0018924 secs] 137435K->136967K(524224K), 0.0019993 secs] [Times: user=0.00 sys=0.00, real=0.00 secs] 
6.463: [GC (Allocation Failure) 6.463: [DefNew: 959K->63K(960K), 0.0012853 secs] 137866K->137461K(524224K), 0.0014120 secs] [Times: user=0.00 sys=0.00, real=0.00 secs] 
6.466: [GC (Allocation Failure) 6.466: [DefNew: 959K->63K(960K), 0.0012332 secs] 138358K->137925K(524224K), 0.0013161 secs] [Times: user=0.00 sys=0.00, real=0.00 secs] 
6.468: [GC (Allocation Failure) 6.468: [DefNew: 959K->64K(960K), 0.0012888 secs] 138822K->138410K(524224K), 0.0013796 secs] [Times: user=0.00 sys=0.00, real=0.00 secs] 
6.471: [GC (Allocation Failure) 6.471: [DefNew: 960K->64K(960K), 0.0016622 secs] 139306K->138966K(524224K), 0.0018016 secs] [Times: user=0.00 sys=0.00, real=0.00 secs] 
6.474: [GC (Allocation Failure) 6.475: [DefNew: 960K->64K(960K), 0.0013066 secs] 139863K->139383K(524224K), 0.0014155 secs] [Times: user=0.00 sys=0.00, real=0.00 secs] 
6.477: [GC (Allocation Failure) 6.477: [DefNew: 960K->64K(960K), 0.0012458 secs] 140280K->139806K(524224K), 0.0013239 secs] [Times: user=0.00 sys=0.00, real=0.00 secs] 
6.480: [GC (Allocation Failure) 6.480: [DefNew: 960K->63K(960K), 0.0017925 secs] 140702K->140275K(524224K), 0.0019907 secs] [Times: user=0.00 sys=0.00, real=0.00 secs] 
6.483: [GC (Allocation Failure) 6.483: [DefNew: 959K->63K(960K), 0.0015276 secs] 141172K->140695K(524224K), 0.0016216 secs] [Times: user=0.00 sys=0.00, real=0.00 secs] 
6.487: [GC (Allocation Failure) 6.487: [DefNew: 959K->63K(960K), 0.0013082 secs] 141591K->141146K(524224K), 0.0014005 secs] [Times: user=0.00 sys=0.00, real=0.00 secs] 
6.489: [GC (Allocation Failure) 6.489: [DefNew: 959K->64K(960K), 0.0013741 secs] 142043K->141685K(524224K), 0.0014597 secs] [Times: user=0.00 sys=0.00, real=0.00 secs] 
6.492: [GC (Allocation Failure) 6.492: [DefNew: 960K->63K(960K), 0.0013982 secs] 142581K->142103K(524224K), 0.0014818 secs] [Times: user=0.00 sys=0.00, real=0.00 secs] 
6.495: [GC (Allocation Failure) 6.495: [DefNew: 959K->63K(960K), 0.0012888 secs] 142999K->142575K(524224K), 0.0013899 secs] [Times: user=0.00 sys=0.00, real=0.00 secs] 
6.498: [GC (Allocation Failure) 6.498: [DefNew: 959K->63K(960K), 0.0014021 secs] 143471K->142980K(524224K), 0.0014917 secs] [Times: user=0.02 sys=0.00, real=0.00 secs] 
6.501: [GC (Allocation Failure) 6.501: [DefNew: 959K->63K(960K), 0.0011211 secs] 143876K->143410K(524224K), 0.0011850 secs] [Times: user=0.00 sys=0.00, real=0.00 secs] 
6.504: [GC (Allocation Failure) 6.504: [DefNew: 959K->63K(960K), 0.0010650 secs] 144307K->143822K(524224K), 0.0011214 secs] [Times: user=0.00 sys=0.00, real=0.00 secs] 
6.506: [GC (Allocation Failure) 6.506: [DefNew: 959K->63K(960K), 0.0011968 secs] 144718K->144269K(524224K), 0.0012774 secs] [Times: user=0.00 sys=0.00, real=0.00 secs] 
6.509: [GC (Allocation Failure) 6.509: [DefNew: 959K->63K(960K), 0.0011732 secs] 145165K->144714K(524224K), 0.0012454 secs] [Times: user=0.00 sys=0.00, real=0.00 secs] 
6.511: [GC (Allocation Failure) 6.511: [DefNew: 959K->64K(960K), 0.0011451 secs] 145610K->145113K(524224K), 0.0012032 secs] [Times: user=0.00 sys=0.00, real=0.00 secs] 
6.514: [GC (Allocation Failure) 6.514: [DefNew: 960K->63K(960K), 0.0012197 secs] 146010K->145571K(524224K), 0.0012963 secs] [Times: user=0.02 sys=0.00, real=0.00 secs] 
6.517: [GC (Allocation Failure) 6.517: [DefNew: 959K->64K(960K), 0.0012809 secs] 146468K->146008K(524224K), 0.0013401 secs] [Times: user=0.00 sys=0.00, real=0.00 secs] 
6.519: [GC (Allocation Failure) 6.519: [DefNew: 960K->64K(960K), 0.0013528 secs] 146904K->146473K(524224K), 0.0014230 secs] [Times: user=0.00 sys=0.00, real=0.00 secs] 
6.522: [GC (Allocation Failure) 6.522: [DefNew: 960K->63K(960K), 0.0012636 secs] 147369K->146914K(524224K), 0.0013271 secs] [Times: user=0.00 sys=0.00, real=0.00 secs] 
6.524: [GC (Allocation Failure) 6.524: [DefNew: 959K->64K(960K), 0.0012612 secs] 147810K->147320K(524224K), 0.0013232 secs] [Times: user=0.00 sys=0.00, real=0.00 secs] 
6.527: [GC (Allocation Failure) 6.527: [DefNew: 960K->64K(960K), 0.0017136 secs] 148217K->147859K(524224K), 0.0018308 secs] [Times: user=0.00 sys=0.00, real=0.00 secs] 
6.530: [GC (Allocation Failure) 6.530: [DefNew: 960K->63K(960K), 0.0018280 secs] 148755K->148371K(524224K), 0.0019307 secs] [Times: user=0.00 sys=0.00, real=0.00 secs] 
6.534: [GC (Allocation Failure) 6.534: [DefNew: 959K->64K(960K), 0.0015249 secs] 149268K->148965K(524224K), 0.0016030 secs] [Times: user=0.00 sys=0.00, real=0.00 secs] 
6.538: [GC (Allocation Failure) 6.538: [DefNew: 960K->64K(960K), 0.0013413 secs] 149863K->149433K(524224K), 0.0014029 secs] [Times: user=0.00 sys=0.00, real=0.00 secs] 
6.540: [GC (Allocation Failure) 6.540: [DefNew: 960K->63K(960K), 0.0011096 secs] 150329K->149840K(524224K), 0.0011649 secs] [Times: user=0.00 sys=0.00, real=0.00 secs] 
6.543: [GC (Allocation Failure) 6.543: [DefNew: 959K->63K(960K), 0.0011100 secs] 150738K->150300K(524224K), 0.0011621 secs] [Times: user=0.00 sys=0.00, real=0.00 secs] 
6.545: [GC (Allocation Failure) 6.545: [DefNew: 959K->64K(960K), 0.0016389 secs] 151197K->150698K(524224K), 0.0017325 secs] [Times: user=0.02 sys=0.00, real=0.00 secs] 
6.549: [GC (Allocation Failure) 6.549: [DefNew: 960K->63K(960K), 0.0013003 secs] 151594K->151151K(524224K), 0.0013658 secs] [Times: user=0.00 sys=0.00, real=0.00 secs] 
6.552: [GC (Allocation Failure) 6.552: [DefNew: 959K->63K(960K), 0.0012557 secs] 152047K->151613K(524224K), 0.0013093 secs] [Times: user=0.00 sys=0.00, real=0.00 secs] 
6.554: [GC (Allocation Failure) 6.554: [DefNew: 959K->64K(960K), 0.0012789 secs] 152511K->152025K(524224K), 0.0013413 secs] [Times: user=0.00 sys=0.00, real=0.00 secs] 
6.557: [GC (Allocation Failure) 6.557: [DefNew: 960K->64K(960K), 0.0013050 secs] 152922K->152550K(524224K), 0.0013662 secs] [Times: user=0.00 sys=0.00, real=0.00 secs] 
6.559: [GC (Allocation Failure) 6.559: [DefNew: 960K->63K(960K), 0.0013133 secs] 153448K->152962K(524224K), 0.0013946 secs] [Times: user=0.00 sys=0.00, real=0.00 secs] 
6.562: [GC (Allocation Failure) 6.562: [DefNew: 959K->63K(960K), 0.0014380 secs] 153859K->153571K(524224K), 0.0015174 secs] [Times: user=0.00 sys=0.00, real=0.00 secs] 
6.565: [GC (Allocation Failure) 6.565: [DefNew: 959K->64K(960K), 0.0013457 secs] 154468K->153952K(524224K), 0.0014092 secs] [Times: user=0.00 sys=0.00, real=0.00 secs] 
6.567: [GC (Allocation Failure) 6.567: [DefNew: 960K->64K(960K), 0.0011096 secs] 154848K->154355K(524224K), 0.0011641 secs] [Times: user=0.00 sys=0.00, real=0.00 secs] 
6.570: [GC (Allocation Failure) 6.570: [DefNew: 960K->63K(960K), 0.0017171 secs] 155252K->154866K(524224K), 0.0018249 secs] [Times: user=0.00 sys=0.00, real=0.00 secs] 
6.573: [GC (Allocation Failure) 6.573: [DefNew: 959K->63K(960K), 0.0022686 secs] 155762K->155502K(524224K), 0.0023850 secs] [Times: user=0.00 sys=0.00, real=0.00 secs] 
6.577: [GC (Allocation Failure) 6.577: [DefNew: 959K->63K(960K), 0.0018801 secs] 156399K->155987K(524224K), 0.0019855 secs] [Times: user=0.00 sys=0.00, real=0.00 secs] 
6.581: [GC (Allocation Failure) 6.581: [DefNew: 959K->63K(960K), 0.0020451 secs] 156884K->156477K(524224K), 0.0021766 secs] [Times: user=0.00 sys=0.00, real=0.00 secs] 
6.584: [GC (Allocation Failure) 6.584: [DefNew: 959K->64K(960K), 0.0013559 secs] 157374K->156883K(524224K), 0.0014333 secs] [Times: user=0.00 sys=0.00, real=0.00 secs] 
6.587: [GC (Allocation Failure) 6.587: [DefNew: 960K->63K(960K), 0.0012675 secs] 157780K->157327K(524224K), 0.0013397 secs] [Times: user=0.00 sys=0.00, real=0.00 secs] 
6.589: [GC (Allocation Failure) 6.589: [DefNew: 959K->63K(960K), 0.0013267 secs] 158224K->157746K(524224K), 0.0014045 secs] [Times: user=0.00 sys=0.00, real=0.00 secs] 
6.592: [GC (Allocation Failure) 6.592: [DefNew: 959K->63K(960K), 0.0013255 secs] 158642K->158199K(524224K), 0.0013982 secs] [Times: user=0.02 sys=0.00, real=0.00 secs] 
6.595: [GC (Allocation Failure) 6.595: [DefNew: 959K->64K(960K), 0.0013259 secs] 159097K->158665K(524224K), 0.0014376 secs] [Times: user=0.00 sys=0.00, real=0.00 secs] 
6.598: [GC (Allocation Failure) 6.598: [DefNew: 960K->64K(960K), 0.0012071 secs] 159562K->159083K(524224K), 0.0012782 secs] [Times: user=0.00 sys=0.00, real=0.00 secs] 
6.601: [GC (Allocation Failure) 6.601: [DefNew: 960K->63K(960K), 0.0011313 secs] 159980K->159530K(524224K), 0.0011913 secs] [Times: user=0.00 sys=0.00, real=0.00 secs] 
6.603: [GC (Allocation Failure) 6.603: [DefNew: 959K->64K(960K), 0.0010591 secs] 160428K->159951K(524224K), 0.0011116 secs] [Times: user=0.00 sys=0.00, real=0.00 secs] 
6.606: [GC (Allocation Failure) 6.606: [DefNew: 960K->64K(960K), 0.0012087 secs] 160847K->160440K(524224K), 0.0012730 secs] [Times: user=0.00 sys=0.00, real=0.00 secs] 
6.609: [GC (Allocation Failure) 6.609: [DefNew: 960K->63K(960K), 0.0013508 secs] 161337K->160858K(524224K), 0.0014195 secs] [Times: user=0.00 sys=0.00, real=0.00 secs] 
6.611: [GC (Allocation Failure) 6.611: [DefNew: 959K->63K(960K), 0.0012730 secs] 161754K->161283K(524224K), 0.0013362 secs] [Times: user=0.00 sys=0.00, real=0.00 secs] 
6.614: [GC (Allocation Failure) 6.614: [DefNew: 959K->63K(960K), 0.0012628 secs] 162180K->161731K(524224K), 0.0013251 secs] [Times: user=0.00 sys=0.00, real=0.00 secs] 
6.616: [GC (Allocation Failure) 6.616: [DefNew: 959K->63K(960K), 0.0011771 secs] 162627K->162132K(524224K), 0.0012320 secs] [Times: user=0.00 sys=0.00, real=0.00 secs] 
6.619: [GC (Allocation Failure) 6.619: [DefNew: 959K->64K(960K), 0.0012450 secs] 163030K->162590K(524224K), 0.0013125 secs] [Times: user=0.00 sys=0.00, real=0.00 secs] 
6.622: [GC (Allocation Failure) 6.622: [DefNew: 960K->63K(960K), 0.0013366 secs] 163488K->163041K(524224K), 0.0014013 secs] [Times: user=0.00 sys=0.00, real=0.00 secs] 
6.624: [GC (Allocation Failure) 6.624: [DefNew: 959K->64K(960K), 0.0013145 secs] 163937K->163451K(524224K), 0.0013875 secs] [Times: user=0.00 sys=0.00, real=0.00 secs] 
6.627: [GC (Allocation Failure) 6.627: [DefNew: 960K->64K(960K), 0.0019172 secs] 164347K->163951K(524224K), 0.0020507 secs] [Times: user=0.00 sys=0.00, real=0.00 secs] 
6.630: [GC (Allocation Failure) 6.630: [DefNew: 960K->64K(960K), 0.0013026 secs] 164848K->164369K(524224K), 0.0013674 secs] [Times: user=0.00 sys=0.00, real=0.00 secs] 
6.633: [GC (Allocation Failure) 6.633: [DefNew: 960K->64K(960K), 0.0012059 secs] 165266K->164820K(524224K), 0.0012620 secs] [Times: user=0.00 sys=0.00, real=0.00 secs] 
6.636: [GC (Allocation Failure) 6.636: [DefNew: 960K->64K(960K), 0.0012233 secs] 165717K->165294K(524224K), 0.0012841 secs] [Times: user=0.00 sys=0.00, real=0.00 secs] 
6.638: [GC (Allocation Failure) 6.638: [DefNew: 960K->63K(960K), 0.0011984 secs] 166191K->165714K(524224K), 0.0012679 secs] [Times: user=0.02 sys=0.00, real=0.00 secs] 
6.641: [GC (Allocation Failure) 6.641: [DefNew: 959K->64K(960K), 0.0014005 secs] 166610K->166242K(524224K), 0.0014862 secs] [Times: user=0.00 sys=0.00, real=0.00 secs] 
6.643: [GC (Allocation Failure) 6.643: [DefNew: 960K->63K(960K), 0.0012861 secs] 167140K->166668K(524224K), 0.0013532 secs] [Times: user=0.00 sys=0.00, real=0.00 secs] 
6.646: [GC (Allocation Failure) 6.646: [DefNew: 959K->63K(960K), 0.0012932 secs] 167565K->167136K(524224K), 0.0013591 secs] [Times: user=0.00 sys=0.00, real=0.00 secs] 
6.649: [GC (Allocation Failure) 6.649: [DefNew: 959K->64K(960K), 0.0012766 secs] 168032K->167587K(524224K), 0.0013338 secs] [Times: user=0.00 sys=0.00, real=0.00 secs] 
6.651: [GC (Allocation Failure) 6.651: [DefNew: 960K->63K(960K), 0.0011988 secs] 168483K->168006K(524224K), 0.0012513 secs] [Times: user=0.00 sys=0.00, real=0.00 secs] 
6.654: [GC (Allocation Failure) 6.654: [DefNew: 959K->63K(960K), 0.0013022 secs] 168902K->168445K(524224K), 0.0013650 secs] [Times: user=0.02 sys=0.00, real=0.00 secs] 
6.656: [GC (Allocation Failure) 6.656: [DefNew: 959K->63K(960K), 0.0013642 secs] 169342K->168931K(524224K), 0.0014325 secs] [Times: user=0.00 sys=0.00, real=0.00 secs] 
6.659: [GC (Allocation Failure) 6.659: [DefNew: 959K->64K(960K), 0.0014017 secs] 169828K->169442K(524224K), 0.0014968 secs] [Times: user=0.00 sys=0.00, real=0.00 secs] 
6.662: [GC (Allocation Failure) 6.662: [DefNew: 960K->64K(960K), 0.0015537 secs] 170338K->170015K(524224K), 0.0016303 secs] [Times: user=0.00 sys=0.00, real=0.00 secs] 
6.665: [GC (Allocation Failure) 6.665: [DefNew: 960K->63K(960K), 0.0013279 secs] 170912K->170441K(524224K), 0.0013891 secs] [Times: user=0.00 sys=0.00, real=0.00 secs] 
6.668: [GC (Allocation Failure) 6.668: [DefNew: 959K->63K(960K), 0.0011704 secs] 171339K->170891K(524224K), 0.0012276 secs] [Times: user=0.00 sys=0.00, real=0.00 secs] 
6.670: [GC (Allocation Failure) 6.670: [DefNew: 959K->64K(960K), 0.0019405 secs] 171787K->171400K(524224K), 0.0020645 secs] [Times: user=0.01 sys=0.00, real=0.00 secs] 
6.674: [GC (Allocation Failure) 6.674: [DefNew: 960K->64K(960K), 0.0019145 secs] 172296K->172039K(524224K), 0.0020215 secs] [Times: user=0.00 sys=0.00, real=0.00 secs] 
6.678: [GC (Allocation Failure) 6.678: [DefNew: 960K->63K(960K), 0.0017451 secs] 172937K->172495K(524224K), 0.0018486 secs] [Times: user=0.00 sys=0.00, real=0.00 secs] 
6.681: [GC (Allocation Failure) 6.681: [DefNew: 959K->64K(960K), 0.0015411 secs] 173392K->172990K(524224K), 0.0016271 secs] [Times: user=0.00 sys=0.00, real=0.00 secs] 
6.685: [GC (Allocation Failure) 6.685: [DefNew: 960K->64K(960K), 0.0014850 secs] 173887K->173457K(524224K), 0.0015521 secs] [Times: user=0.02 sys=0.00, real=0.00 secs] 
6.687: [GC (Allocation Failure) 6.687: [DefNew: 960K->63K(960K), 0.0012722 secs] 174355K->173866K(524224K), 0.0013461 secs] [Times: user=0.00 sys=0.00, real=0.00 secs] 
6.690: [GC (Allocation Failure) 6.690: [DefNew: 959K->64K(960K), 0.0013267 secs] 174762K->174310K(524224K), 0.0013993 secs] [Times: user=0.00 sys=0.00, real=0.00 secs] 
6.693: [GC (Allocation Failure) 6.693: [DefNew: 960K->64K(960K), 0.0018047 secs] 175208K->174737K(524224K), 0.0020479 secs] [Times: user=0.00 sys=0.00, real=0.00 secs] 
6.696: [GC (Allocation Failure) 6.696: [DefNew: 960K->63K(960K), 0.0013346 secs] 175634K->175184K(524224K), 0.0014155 secs] [Times: user=0.00 sys=0.00, real=0.00 secs] 
6.699: [GC (Allocation Failure) 6.699: [DefNew: 959K->64K(960K), 0.0012209 secs] 176083K->175632K(524224K), 0.0012801 secs] [Times: user=0.00 sys=0.00, real=0.00 secs] 
6.701: [GC (Allocation Failure) 6.701: [DefNew: 960K->63K(960K), 0.0013200 secs] 176530K->176047K(524224K), 0.0013958 secs] [Times: user=0.01 sys=0.00, real=0.00 secs] 
6.704: [GC (Allocation Failure) 6.704: [DefNew: 959K->63K(960K), 0.0011929 secs] 176944K->176488K(524224K), 0.0012604 secs] [Times: user=0.00 sys=0.00, real=0.00 secs] 
6.707: [GC (Allocation Failure) 6.707: [DefNew: 959K->63K(960K), 0.0012201 secs] 177384K->176932K(524224K), 0.0012900 secs] [Times: user=0.00 sys=0.00, real=0.00 secs] 
6.709: [GC (Allocation Failure) 6.709: [DefNew: 959K->64K(960K), 0.0011424 secs] 177830K->177345K(524224K), 0.0012032 secs] [Times: user=0.00 sys=0.00, real=0.00 secs] 
6.712: [GC (Allocation Failure) 6.712: [DefNew: 960K->64K(960K), 0.0011755 secs] 178242K->177794K(524224K), 0.0012418 secs] [Times: user=0.00 sys=0.00, real=0.00 secs] 
6.714: [GC (Allocation Failure) 6.714: [DefNew: 960K->63K(960K), 0.0012730 secs] 178692K->178205K(524224K), 0.0013358 secs] [Times: user=0.00 sys=0.00, real=0.00 secs] 
6.717: [GC (Allocation Failure) 6.717: [DefNew: 959K->64K(960K), 0.0014854 secs] 179101K->178646K(524224K), 0.0015766 secs] [Times: user=0.00 sys=0.00, real=0.00 secs] 
6.720: [GC (Allocation Failure) 6.720: [DefNew: 960K->63K(960K), 0.0012707 secs] 179543K->179067K(524224K), 0.0013299 secs] [Times: user=0.00 sys=0.00, real=0.00 secs] 
6.722: [GC (Allocation Failure) 6.722: [DefNew: 959K->64K(960K), 0.0012308 secs] 179963K->179477K(524224K), 0.0012971 secs] [Times: user=0.00 sys=0.00, real=0.00 secs] 
6.725: [GC (Allocation Failure) 6.725: [DefNew: 960K->64K(960K), 0.0014116 secs] 180373K->179944K(524224K), 0.0014826 secs] [Times: user=0.00 sys=0.00, real=0.00 secs] 
6.727: [GC (Allocation Failure) 6.727: [DefNew: 960K->63K(960K), 0.0017404 secs] 180841K->180331K(524224K), 0.0018387 secs] [Times: user=0.00 sys=0.00, real=0.00 secs] 
6.731: [GC (Allocation Failure) 6.731: [DefNew: 959K->64K(960K), 0.0012047 secs] 181228K->180742K(524224K), 0.0012983 secs] [Times: user=0.00 sys=0.00, real=0.00 secs] 
6.734: [GC (Allocation Failure) 6.734: [DefNew: 960K->64K(960K), 0.0013129 secs] 181639K->181253K(524224K), 0.0013879 secs] [Times: user=0.00 sys=0.00, real=0.00 secs] 
6.736: [GC (Allocation Failure) 6.736: [DefNew: 960K->64K(960K), 0.0012478 secs] 182150K->181669K(524224K), 0.0013145 secs] [Times: user=0.00 sys=0.00, real=0.00 secs] 
6.739: [GC (Allocation Failure) 6.739: [DefNew: 960K->64K(960K), 0.0011724 secs] 182566K->182113K(524224K), 0.0012300 secs] [Times: user=0.00 sys=0.00, real=0.00 secs] 
6.741: [GC (Allocation Failure) 6.741: [DefNew: 960K->64K(960K), 0.0011582 secs] 183010K->182542K(524224K), 0.0012118 secs] [Times: user=0.00 sys=0.00, real=0.00 secs] 
6.744: [GC (Allocation Failure) 6.744: [DefNew: 960K->63K(960K), 0.0012920 secs] 183440K->182998K(524224K), 0.0013674 secs] [Times: user=0.00 sys=0.00, real=0.00 secs] 
6.747: [GC (Allocation Failure) 6.747: [DefNew: 959K->63K(960K), 0.0013121 secs] 183894K->183449K(524224K), 0.0013914 secs] [Times: user=0.00 sys=0.00, real=0.00 secs] 
6.749: [GC (Allocation Failure) 6.749: [DefNew: 959K->63K(960K), 0.0012454 secs] 184346K->183857K(524224K), 0.0013050 secs] [Times: user=0.00 sys=0.00, real=0.00 secs] 
6.752: [GC (Allocation Failure) 6.752: [DefNew: 959K->64K(960K), 0.0012916 secs] 184753K->184292K(524224K), 0.0013567 secs] [Times: user=0.00 sys=0.00, real=0.00 secs] 
6.755: [GC (Allocation Failure) 6.755: [DefNew: 960K->63K(960K), 0.0013334 secs] 185188K->184678K(524224K), 0.0014017 secs] [Times: user=0.00 sys=0.00, real=0.00 secs] 
6.757: [GC (Allocation Failure) 6.757: [DefNew: 959K->64K(960K), 0.0013216 secs] 185575K->185092K(524224K), 0.0014001 secs] [Times: user=0.00 sys=0.00, real=0.00 secs] 
6.760: [GC (Allocation Failure) 6.760: [DefNew: 960K->63K(960K), 0.0018403 secs] 185989K->185488K(524224K), 0.0019437 secs] [Times: user=0.00 sys=0.00, real=0.00 secs] 
6.763: [GC (Allocation Failure) 6.763: [DefNew: 959K->64K(960K), 0.0012395 secs] 186384K->185869K(524224K), 0.0013157 secs] [Times: user=0.02 sys=0.00, real=0.00 secs] 
6.766: [GC (Allocation Failure) 6.766: [DefNew: 960K->63K(960K), 0.0011664 secs] 186765K->186249K(524224K), 0.0012450 secs] [Times: user=0.00 sys=0.00, real=0.00 secs] 
6.769: [GC (Allocation Failure) 6.769: [DefNew: 959K->63K(960K), 0.0015975 secs] 187147K->186631K(524224K), 0.0016792 secs] [Times: user=0.00 sys=0.00, real=0.00 secs] 
6.776: [GC (Allocation Failure) 6.776: [DefNew: 959K->63K(960K), 0.0012959 secs] 187527K->187015K(524224K), 0.0014258 secs] [Times: user=0.00 sys=0.00, real=0.00 secs] 
6.780: [GC (Allocation Failure) 6.780: [DefNew: 959K->64K(960K), 0.0013161 secs] 187911K->187431K(524224K), 0.0014305 secs] [Times: user=0.00 sys=0.00, real=0.00 secs] 
6.783: [GC (Allocation Failure) 6.783: [DefNew: 960K->64K(960K), 0.0013307 secs] 188328K->187816K(524224K), 0.0014151 secs] [Times: user=0.00 sys=0.00, real=0.00 secs] 
6.786: [GC (Allocation Failure) 6.786: [DefNew: 960K->64K(960K), 0.0011692 secs] 188715K->188191K(524224K), 0.0012486 secs] [Times: user=0.00 sys=0.00, real=0.00 secs] 
6.789: [GC (Allocation Failure) 6.789: [DefNew: 960K->63K(960K), 0.0013824 secs] 189087K->188592K(524224K), 0.0014791 secs] [Times: user=0.00 sys=0.00, real=0.00 secs] 
6.791: [GC (Allocation Failure) 6.791: [DefNew: 959K->63K(960K), 0.0012347 secs] 189490K->188974K(524224K), 0.0013003 secs] [Times: user=0.00 sys=0.00, real=0.00 secs] 
6.794: [GC (Allocation Failure) 6.794: [DefNew: 959K->64K(960K), 0.0016918 secs] 189871K->189424K(524224K), 0.0018063 secs] [Times: user=0.02 sys=0.00, real=0.00 secs] 
6.797: [GC (Allocation Failure) 6.797: [DefNew: 960K->64K(960K), 0.0013780 secs] 190321K->189845K(524224K), 0.0014471 secs] [Times: user=0.00 sys=0.00, real=0.00 secs] 
6.800: [GC (Allocation Failure) 6.800: [DefNew: 960K->63K(960K), 0.0012126 secs] 190741K->190294K(524224K), 0.0012730 secs] [Times: user=0.00 sys=0.00, real=0.00 secs] 
6.803: [GC (Allocation Failure) 6.803: [DefNew: 959K->64K(960K), 0.0012225 secs] 191191K->190739K(524224K), 0.0012825 secs] [Times: user=0.00 sys=0.00, real=0.00 secs] 
6.805: [GC (Allocation Failure) 6.805: [DefNew: 960K->63K(960K), 0.0012651 secs] 191635K->191160K(524224K), 0.0013267 secs] [Times: user=0.00 sys=0.00, real=0.00 secs] 
6.808: [GC (Allocation Failure) 6.808: [DefNew: 959K->63K(960K), 0.0012118 secs] 192056K->191625K(524224K), 0.0012695 secs] [Times: user=0.00 sys=0.00, real=0.00 secs] 
6.810: [GC (Allocation Failure) 6.810: [DefNew: 959K->64K(960K), 0.0012047 secs] 192522K->192034K(524224K), 0.0012647 secs] [Times: user=0.02 sys=0.00, real=0.00 secs] 
6.813: [GC (Allocation Failure) 6.813: [DefNew: 960K->63K(960K), 0.0012639 secs] 192931K->192440K(524224K), 0.0013370 secs] [Times: user=0.00 sys=0.00, real=0.00 secs] 
6.816: [GC (Allocation Failure) 6.816: [DefNew: 959K->63K(960K), 0.0013693 secs] 193337K->192870K(524224K), 0.0014443 secs] [Times: user=0.00 sys=0.00, real=0.00 secs] 
6.818: [GC (Allocation Failure) 6.818: [DefNew: 959K->64K(960K), 0.0013618 secs] 193767K->193287K(524224K), 0.0014191 secs] [Times: user=0.00 sys=0.00, real=0.00 secs] 
6.821: [GC (Allocation Failure) 6.821: [DefNew: 960K->63K(960K), 0.0012955 secs] 194185K->193730K(524224K), 0.0013512 secs] [Times: user=0.00 sys=0.00, real=0.00 secs] 
6.824: [GC (Allocation Failure) 6.824: [DefNew: 959K->63K(960K), 0.0013468 secs] 194627K->194159K(524224K), 0.0014159 secs] [Times: user=0.00 sys=0.00, real=0.00 secs] 
6.826: [GC (Allocation Failure) 6.826: [DefNew: 959K->63K(960K), 0.0018478 secs] 195056K->194592K(524224K), 0.0019737 secs] [Times: user=0.02 sys=0.00, real=0.00 secs] 
6.830: [GC (Allocation Failure) 6.830: [DefNew: 959K->64K(960K), 0.0015438 secs] 195489K->195029K(524224K), 0.0016595 secs] [Times: user=0.00 sys=0.00, real=0.00 secs] 
6.833: [GC (Allocation Failure) 6.833: [DefNew: 960K->63K(960K), 0.0013520 secs] 195926K->195427K(524224K), 0.0014617 secs] [Times: user=0.00 sys=0.00, real=0.00 secs] 
6.837: [GC (Allocation Failure) 6.837: [DefNew: 959K->64K(960K), 0.0012829 secs] 196323K->195875K(524224K), 0.0013559 secs] [Times: user=0.00 sys=0.00, real=0.00 secs] 
6.840: [GC (Allocation Failure) 6.840: [DefNew: 960K->63K(960K), 0.0012320 secs] 196772K->196315K(524224K), 0.0012928 secs] [Times: user=0.00 sys=0.00, real=0.00 secs] 
6.842: [GC (Allocation Failure) 6.842: [DefNew: 959K->63K(960K), 0.0012189 secs] 197211K->196743K(524224K), 0.0012821 secs] [Times: user=0.00 sys=0.00, real=0.00 secs] 
6.845: [GC (Allocation Failure) 6.845: [DefNew: 959K->64K(960K), 0.0013243 secs] 197639K->197165K(524224K), 0.0014167 secs] [Times: user=0.00 sys=0.00, real=0.00 secs] 
6.847: [GC (Allocation Failure) 6.847: [DefNew: 960K->64K(960K), 0.0012691 secs] 198061K->197549K(524224K), 0.0013689 secs] [Times: user=0.00 sys=0.00, real=0.00 secs] 
6.850: [GC (Allocation Failure) 6.850: [DefNew: 960K->64K(960K), 0.0013283 secs] 198446K->198008K(524224K), 0.0014021 secs] [Times: user=0.00 sys=0.00, real=0.00 secs] 
6.853: [GC (Allocation Failure) 6.853: [DefNew: 960K->64K(960K), 0.0012805 secs] 198905K->198420K(524224K), 0.0013595 secs] [Times: user=0.00 sys=0.00, real=0.00 secs] 
6.855: [GC (Allocation Failure) 6.855: [DefNew: 960K->64K(960K), 0.0014325 secs] 199317K->198845K(524224K), 0.0015067 secs] [Times: user=0.00 sys=0.00, real=0.00 secs] 
6.858: [GC (Allocation Failure) 6.858: [DefNew: 960K->64K(960K), 0.0013279 secs] 199741K->199305K(524224K), 0.0013934 secs] [Times: user=0.00 sys=0.00, real=0.00 secs] 
6.860: [GC (Allocation Failure) 6.860: [DefNew: 960K->63K(960K), 0.0016275 secs] 200204K->199719K(524224K), 0.0017049 secs] [Times: user=0.00 sys=0.00, real=0.00 secs] 
6.864: [GC (Allocation Failure) 6.864: [DefNew: 959K->64K(960K), 0.0013500 secs] 200615K->200180K(524224K), 0.0014218 secs] [Times: user=0.00 sys=0.00, real=0.00 secs] 
6.867: [GC (Allocation Failure) 6.867: [DefNew: 960K->63K(960K), 0.0012036 secs] 201076K->200584K(524224K), 0.0012675 secs] [Times: user=0.00 sys=0.00, real=0.00 secs] 
6.869: [GC (Allocation Failure) 6.869: [DefNew: 959K->64K(960K), 0.0012008 secs] 201480K->200986K(524224K), 0.0012691 secs] [Times: user=0.00 sys=0.00, real=0.00 secs] 
6.876: [GC (Allocation Failure) 6.876: [DefNew: 960K->64K(960K), 0.0013078 secs] 201882K->201438K(524224K), 0.0014207 secs] [Times: user=0.00 sys=0.00, real=0.00 secs] 
6.878: [GC (Allocation Failure) 6.878: [DefNew: 960K->64K(960K), 0.0011854 secs] 202334K->201826K(524224K), 0.0012675 secs] [Times: user=0.00 sys=0.00, real=0.00 secs] 
6.881: [GC (Allocation Failure) 6.881: [DefNew: 960K->64K(960K), 0.0012643 secs] 202722K->202277K(524224K), 0.0013405 secs] [Times: user=0.00 sys=0.00, real=0.00 secs] 
6.884: [GC (Allocation Failure) 6.884: [DefNew: 960K->63K(960K), 0.0013784 secs] 203175K->202723K(524224K), 0.0014617 secs] [Times: user=0.00 sys=0.00, real=0.00 secs] 
6.886: [GC (Allocation Failure) 6.886: [DefNew: 959K->63K(960K), 0.0013208 secs] 203620K->203144K(524224K), 0.0013950 secs] [Times: user=0.00 sys=0.00, real=0.00 secs] 
6.889: [GC (Allocation Failure) 6.889: [DefNew: 959K->64K(960K), 0.0013342 secs] 204041K->203555K(524224K), 0.0014282 secs] [Times: user=0.00 sys=0.00, real=0.00 secs] 
6.892: [GC (Allocation Failure) 6.892: [DefNew: 960K->64K(960K), 0.0013536 secs] 204451K->203979K(524224K), 0.0014329 secs] [Times: user=0.00 sys=0.00, real=0.00 secs] 
6.895: [GC (Allocation Failure) 6.895: [DefNew: 960K->64K(960K), 0.0013764 secs] 204876K->204459K(524224K), 0.0014586 secs] [Times: user=0.00 sys=0.00, real=0.00 secs] 
6.899: [GC (Allocation Failure) 6.899: [DefNew: 960K->64K(960K), 0.0014183 secs] 205356K->204927K(524224K), 0.0014795 secs] [Times: user=0.00 sys=0.00, real=0.00 secs] 
6.901: [GC (Allocation Failure) 6.901: [DefNew: 960K->63K(960K), 0.0012497 secs] 205824K->205340K(524224K), 0.0013161 secs] [Times: user=0.00 sys=0.00, real=0.00 secs] 
6.904: [GC (Allocation Failure) 6.904: [DefNew: 959K->64K(960K), 0.0013788 secs] 206237K->205793K(524224K), 0.0014471 secs] [Times: user=0.02 sys=0.00, real=0.00 secs] 
6.906: [GC (Allocation Failure) 6.906: [DefNew: 960K->63K(960K), 0.0012714 secs] 206690K->206218K(524224K), 0.0013382 secs] [Times: user=0.00 sys=0.00, real=0.00 secs] 
6.909: [GC (Allocation Failure) 6.909: [DefNew: 959K->64K(960K), 0.0012221 secs] 207115K->206669K(524224K), 0.0012797 secs] [Times: user=0.00 sys=0.00, real=0.00 secs] 
6.912: [GC (Allocation Failure) 6.912: [DefNew: 960K->64K(960K), 0.0012454 secs] 207566K->207109K(524224K), 0.0013082 secs] [Times: user=0.00 sys=0.00, real=0.00 secs] 
6.914: [GC (Allocation Failure) 6.914: [DefNew: 960K->64K(960K), 0.0012936 secs] 208005K->207540K(524224K), 0.0013539 secs] [Times: user=0.00 sys=0.00, real=0.00 secs] 
6.917: [GC (Allocation Failure) 6.917: [DefNew: 960K->63K(960K), 0.0012932 secs] 208436K->207985K(524224K), 0.0013599 secs] [Times: user=0.00 sys=0.00, real=0.00 secs] 
6.920: [GC (Allocation Failure) 6.920: [DefNew: 959K->63K(960K), 0.0012880 secs] 208881K->208403K(524224K), 0.0013453 secs] [Times: user=0.00 sys=0.00, real=0.00 secs] 
6.922: [GC (Allocation Failure) 6.922: [DefNew: 959K->64K(960K), 0.0013295 secs] 209300K->208792K(524224K), 0.0013926 secs] [Times: user=0.00 sys=0.00, real=0.00 secs] 
6.925: [GC (Allocation Failure) 6.925: [DefNew: 960K->63K(960K), 0.0013089 secs] 209688K->209232K(524224K), 0.0013776 secs] [Times: user=0.00 sys=0.00, real=0.00 secs] 
6.927: [GC (Allocation Failure) 6.927: [DefNew: 959K->64K(960K), 0.0015584 secs] 210129K->209635K(524224K), 0.0016409 secs] [Times: user=0.00 sys=0.00, real=0.00 secs] 
6.931: [GC (Allocation Failure) 6.931: [DefNew: 960K->63K(960K), 0.0013764 secs] 210531K->210089K(524224K), 0.0014566 secs] [Times: user=0.00 sys=0.00, real=0.00 secs] 
6.934: [GC (Allocation Failure) 6.934: [DefNew: 959K->64K(960K), 0.0011822 secs] 210985K->210487K(524224K), 0.0012430 secs] [Times: user=0.00 sys=0.00, real=0.00 secs] 
6.936: [GC (Allocation Failure) 6.936: [DefNew: 960K->63K(960K), 0.0012189 secs] 211383K->210886K(524224K), 0.0012876 secs] [Times: user=0.00 sys=0.00, real=0.00 secs] 
6.940: [GC (Allocation Failure) 6.940: [DefNew: 959K->63K(960K), 0.0013338 secs] 211782K->211368K(524224K), 0.0014017 secs] [Times: user=0.00 sys=0.00, real=0.00 secs] 
6.942: [GC (Allocation Failure) 6.942: [DefNew: 959K->63K(960K), 0.0012703 secs] 212264K->211790K(524224K), 0.0013303 secs] [Times: user=0.00 sys=0.00, real=0.00 secs] 
6.945: [GC (Allocation Failure) 6.945: [DefNew: 959K->63K(960K), 0.0012738 secs] 212686K->212219K(524224K), 0.0013417 secs] [Times: user=0.00 sys=0.00, real=0.00 secs] 
6.948: [GC (Allocation Failure) 6.948: [DefNew: 959K->64K(960K), 0.0012959 secs] 213116K->212671K(524224K), 0.0013532 secs] [Times: user=0.00 sys=0.00, real=0.00 secs] 
6.950: [GC (Allocation Failure) 6.950: [DefNew: 960K->63K(960K), 0.0013050 secs] 213568K->213087K(524224K), 0.0013686 secs] [Times: user=0.02 sys=0.00, real=0.00 secs] 
6.953: [GC (Allocation Failure) 6.953: [DefNew: 959K->63K(960K), 0.0012730 secs] 213984K->213518K(524224K), 0.0013342 secs] [Times: user=0.00 sys=0.00, real=0.00 secs] 
6.955: [GC (Allocation Failure) 6.955: [DefNew: 959K->63K(960K), 0.0014029 secs] 214416K->213908K(524224K), 0.0014771 secs] [Times: user=0.00 sys=0.00, real=0.00 secs] 
6.958: [GC (Allocation Failure) 6.958: [DefNew: 959K->64K(960K), 0.0013417 secs] 214804K->214362K(524224K), 0.0014049 secs] [Times: user=0.00 sys=0.00, real=0.00 secs] 
6.961: [GC (Allocation Failure) 6.961: [DefNew: 960K->63K(960K), 0.0015580 secs] 215258K->214787K(524224K), 0.0017057 secs] [Times: user=0.00 sys=0.00, real=0.00 secs] 
6.964: [GC (Allocation Failure) 6.964: [DefNew: 959K->64K(960K), 0.0013125 secs] 215684K->215193K(524224K), 0.0013792 secs] [Times: user=0.00 sys=0.00, real=0.00 secs] 
6.967: [GC (Allocation Failure) 6.967: [DefNew: 960K->64K(960K), 0.0012762 secs] 216089K->215618K(524224K), 0.0013409 secs] [Times: user=0.00 sys=0.00, real=0.00 secs] 
6.969: [GC (Allocation Failure) 6.969: [DefNew: 960K->64K(960K), 0.0012955 secs] 216516K->216043K(524224K), 0.0013571 secs] [Times: user=0.00 sys=0.00, real=0.00 secs] 
6.975: [GC (Allocation Failure) 6.975: [DefNew: 960K->64K(960K), 0.0014104 secs] 216939K->216491K(524224K), 0.0015146 secs] [Times: user=0.00 sys=0.00, real=0.00 secs] 
6.978: [GC (Allocation Failure) 6.978: [DefNew: 960K->64K(960K), 0.0012683 secs] 217387K->216944K(524224K), 0.0013464 secs] [Times: user=0.00 sys=0.00, real=0.00 secs] 
6.980: [GC (Allocation Failure) 6.980: [DefNew: 960K->63K(960K), 0.0013046 secs] 217840K->217369K(524224K), 0.0013749 secs] [Times: user=0.00 sys=0.00, real=0.00 secs] 
6.983: [GC (Allocation Failure) 6.983: [DefNew: 959K->63K(960K), 0.0012675 secs] 218266K->217818K(524224K), 0.0013236 secs] [Times: user=0.00 sys=0.00, real=0.00 secs] 
6.985: [GC (Allocation Failure) 6.985: [DefNew: 959K->63K(960K), 0.0013603 secs] 218717K->218235K(524224K), 0.0014270 secs] [Times: user=0.00 sys=0.00, real=0.00 secs] 
6.988: [GC (Allocation Failure) 6.988: [DefNew: 959K->63K(960K), 0.0013776 secs] 219131K->218638K(524224K), 0.0014566 secs] [Times: user=0.00 sys=0.00, real=0.00 secs] 
6.991: [GC (Allocation Failure) 6.991: [DefNew: 959K->63K(960K), 0.0013354 secs] 219535K->219097K(524224K), 0.0014013 secs] [Times: user=0.00 sys=0.00, real=0.00 secs] 
6.993: [GC (Allocation Failure) 6.993: [DefNew: 959K->64K(960K), 0.0016800 secs] 219993K->219487K(524224K), 0.0018233 secs] [Times: user=0.00 sys=0.00, real=0.00 secs] 
6.997: [GC (Allocation Failure) 6.997: [DefNew: 960K->63K(960K), 0.0012872 secs] 220383K->219929K(524224K), 0.0013559 secs] [Times: user=0.02 sys=0.00, real=0.00 secs] 
7.000: [GC (Allocation Failure) 7.000: [DefNew: 959K->64K(960K), 0.0012478 secs] 220827K->220323K(524224K), 0.0013141 secs] [Times: user=0.00 sys=0.00, real=0.00 secs] 
7.002: [GC (Allocation Failure) 7.002: [DefNew: 960K->64K(960K), 0.0011771 secs] 221221K->220747K(524224K), 0.0012403 secs] [Times: user=0.00 sys=0.00, real=0.00 secs] 
7.005: [GC (Allocation Failure) 7.005: [DefNew: 960K->63K(960K), 0.0013986 secs] 221645K->221210K(524224K), 0.0051063 secs] [Times: user=0.00 sys=0.00, real=0.01 secs] 
7.011: [GC (Allocation Failure) 7.011: [DefNew: 959K->64K(960K), 0.0012951 secs] 222108K->221622K(524224K), 0.0013536 secs] [Times: user=0.00 sys=0.00, real=0.00 secs] 
7.014: [GC (Allocation Failure) 7.014: [DefNew: 960K->63K(960K), 0.0013421 secs] 222518K->222072K(524224K), 0.0014171 secs] [Times: user=0.00 sys=0.00, real=0.00 secs] 
7.017: [GC (Allocation Failure) 7.017: [DefNew: 959K->64K(960K), 0.0013457 secs] 222968K->222502K(524224K), 0.0014120 secs] [Times: user=0.00 sys=0.00, real=0.00 secs] 
7.019: [GC (Allocation Failure) 7.019: [DefNew: 960K->64K(960K), 0.0013405 secs] 223398K->222933K(524224K), 0.0014001 secs] [Times: user=0.00 sys=0.00, real=0.00 secs] 
7.022: [GC (Allocation Failure) 7.022: [DefNew: 960K->63K(960K), 0.0012513 secs] 223829K->223367K(524224K), 0.0013149 secs] [Times: user=0.00 sys=0.00, real=0.00 secs] 
7.024: [GC (Allocation Failure) 7.024: [DefNew: 959K->64K(960K), 0.0013074 secs] 224264K->223781K(524224K), 0.0013705 secs] [Times: user=0.00 sys=0.00, real=0.00 secs] 
7.027: [GC (Allocation Failure) 7.027: [DefNew: 960K->64K(960K), 0.0015213 secs] 224677K->224225K(524224K), 0.0015995 secs] [Times: user=0.00 sys=0.00, real=0.00 secs] 
7.031: [GC (Allocation Failure) 7.031: [DefNew: 960K->63K(960K), 0.0014104 secs] 225122K->224623K(524224K), 0.0015091 secs] [Times: user=0.00 sys=0.00, real=0.00 secs] 
7.033: [GC (Allocation Failure) 7.033: [DefNew: 959K->64K(960K), 0.0012876 secs] 225519K->225049K(524224K), 0.0013607 secs] [Times: user=0.00 sys=0.00, real=0.00 secs] 
7.036: [GC (Allocation Failure) 7.036: [DefNew: 960K->64K(960K), 0.0012833 secs] 225947K->225487K(524224K), 0.0013453 secs] [Times: user=0.00 sys=0.00, real=0.00 secs] 
7.038: [GC (Allocation Failure) 7.038: [DefNew: 960K->64K(960K), 0.0012596 secs] 226385K->225918K(524224K), 0.0013208 secs] [Times: user=0.00 sys=0.00, real=0.00 secs] 
7.041: [GC (Allocation Failure) 7.041: [DefNew: 960K->64K(960K), 0.0012553 secs] 226816K->226384K(524224K), 0.0013161 secs] [Times: user=0.00 sys=0.00, real=0.00 secs] 
7.044: [GC (Allocation Failure) 7.044: [DefNew: 960K->64K(960K), 0.0015596 secs] 227280K->226823K(524224K), 0.0016445 secs] [Times: user=0.02 sys=0.00, real=0.00 secs] 
7.047: [GC (Allocation Failure) 7.047: [DefNew: 960K->63K(960K), 0.0013634 secs] 227719K->227251K(524224K), 0.0014384 secs] [Times: user=0.00 sys=0.00, real=0.00 secs] 
7.050: [GC (Allocation Failure) 7.050: [DefNew: 959K->63K(960K), 0.0013409 secs] 228147K->227700K(524224K), 0.0013982 secs] [Times: user=0.00 sys=0.00, real=0.00 secs] 
7.052: [GC (Allocation Failure) 7.052: [DefNew: 959K->63K(960K), 0.0013800 secs] 228596K->228116K(524224K), 0.0014455 secs] [Times: user=0.00 sys=0.00, real=0.00 secs] 
7.055: [GC (Allocation Failure) 7.055: [DefNew: 959K->64K(960K), 0.0014203 secs] 229014K->228557K(524224K), 0.0014886 secs] [Times: user=0.00 sys=0.00, real=0.00 secs] 
7.058: [GC (Allocation Failure) 7.058: [DefNew: 960K->63K(960K), 0.0013883 secs] 229454K->229020K(524224K), 0.0014487 secs] [Times: user=0.00 sys=0.00, real=0.00 secs] 
7.060: [GC (Allocation Failure) 7.060: [DefNew: 959K->64K(960K), 0.0014364 secs] 229917K->229455K(524224K), 0.0015193 secs] [Times: user=0.01 sys=0.00, real=0.00 secs] 
7.063: [GC (Allocation Failure) 7.063: [DefNew: 960K->64K(960K), 0.0014297 secs] 230352K->229934K(524224K), 0.0015114 secs] [Times: user=0.00 sys=0.00, real=0.00 secs] 
7.065: [GC (Allocation Failure) 7.065: [DefNew: 960K->64K(960K), 0.0013480 secs] 230830K->230351K(524224K), 0.0014159 secs] [Times: user=0.00 sys=0.00, real=0.00 secs] 
7.068: [GC (Allocation Failure) 7.068: [DefNew: 960K->64K(960K), 0.0012624 secs] 231247K->230813K(524224K), 0.0013239 secs] [Times: user=0.00 sys=0.00, real=0.00 secs] 
7.073: [GC (Allocation Failure) 7.073: [DefNew: 960K->63K(960K), 0.0013749 secs] 231709K->231214K(524224K), 0.0014759 secs] [Times: user=0.00 sys=0.00, real=0.00 secs] 
7.076: [GC (Allocation Failure) 7.076: [DefNew: 959K->63K(960K), 0.0012667 secs] 232110K->231612K(524224K), 0.0013382 secs] [Times: user=0.00 sys=0.00, real=0.00 secs] 
7.080: [GC (Allocation Failure) 7.080: [DefNew: 959K->63K(960K), 0.0013476 secs] 232509K->232078K(524224K), 0.0014100 secs] [Times: user=0.00 sys=0.00, real=0.00 secs] 
7.082: [GC (Allocation Failure) 7.082: [DefNew: 959K->63K(960K), 0.0012616 secs] 232974K->232490K(524224K), 0.0013184 secs] [Times: user=0.00 sys=0.00, real=0.00 secs] 
7.085: [GC (Allocation Failure) 7.085: [DefNew: 959K->63K(960K), 0.0013532 secs] 233386K->232939K(524224K), 0.0014254 secs] [Times: user=0.00 sys=0.00, real=0.00 secs] 
7.088: [GC (Allocation Failure) 7.088: [DefNew: 959K->63K(960K), 0.0013974 secs] 233835K->233349K(524224K), 0.0014676 secs] [Times: user=0.00 sys=0.00, real=0.00 secs] 
7.090: [GC (Allocation Failure) 7.090: [DefNew: 959K->64K(960K), 0.0013366 secs] 234245K->233756K(524224K), 0.0013997 secs] [Times: user=0.00 sys=0.00, real=0.00 secs] 
7.093: [GC (Allocation Failure) 7.093: [DefNew: 960K->64K(960K), 0.0017495 secs] 234652K->234181K(524224K), 0.0019121 secs] [Times: user=0.00 sys=0.00, real=0.00 secs] 
7.097: [GC (Allocation Failure) 7.097: [DefNew: 960K->64K(960K), 0.0014116 secs] 235079K->234599K(524224K), 0.0014807 secs] [Times: user=0.00 sys=0.00, real=0.00 secs] 
7.099: [GC (Allocation Failure) 7.099: [DefNew: 960K->64K(960K), 0.0013255 secs] 235495K->235011K(524224K), 0.0013812 secs] [Times: user=0.00 sys=0.00, real=0.00 secs] 
7.102: [GC (Allocation Failure) 7.102: [DefNew: 960K->63K(960K), 0.0013283 secs] 235907K->235469K(524224K), 0.0013918 secs] [Times: user=0.00 sys=0.00, real=0.00 secs] 
7.104: [GC (Allocation Failure) 7.104: [DefNew: 959K->64K(960K), 0.0013232 secs] 236367K->235865K(524224K), 0.0013863 secs] [Times: user=0.00 sys=0.00, real=0.00 secs] 
7.107: [GC (Allocation Failure) 7.107: [DefNew: 960K->64K(960K), 0.0012971 secs] 236762K->236315K(524224K), 0.0013662 secs] [Times: user=0.00 sys=0.00, real=0.00 secs] 
7.110: [GC (Allocation Failure) 7.110: [DefNew: 960K->64K(960K), 0.0012699 secs] 237212K->236738K(524224K), 0.0013295 secs] [Times: user=0.00 sys=0.00, real=0.00 secs] 
7.112: [GC (Allocation Failure) 7.112: [DefNew: 960K->64K(960K), 0.0012762 secs] 237635K->237163K(524224K), 0.0013330 secs] [Times: user=0.00 sys=0.00, real=0.00 secs] 
7.115: [GC (Allocation Failure) 7.115: [DefNew: 960K->63K(960K), 0.0013587 secs] 238060K->237630K(524224K), 0.0014274 secs] [Times: user=0.00 sys=0.00, real=0.00 secs] 
7.117: [GC (Allocation Failure) 7.117: [DefNew: 959K->64K(960K), 0.0014096 secs] 238528K->238045K(524224K), 0.0014712 secs] [Times: user=0.00 sys=0.00, real=0.00 secs] 
7.120: [GC (Allocation Failure) 7.120: [DefNew: 960K->63K(960K), 0.0013263 secs] 238941K->238475K(524224K), 0.0013847 secs] [Times: user=0.00 sys=0.00, real=0.00 secs] 
7.123: [GC (Allocation Failure) 7.123: [DefNew: 959K->64K(960K), 0.0014128 secs] 239371K->238918K(524224K), 0.0014811 secs] [Times: user=0.00 sys=0.00, real=0.00 secs] 
7.126: [GC (Allocation Failure) 7.126: [DefNew: 960K->64K(960K), 0.0017874 secs] 239815K->239339K(524224K), 0.0019062 secs] [Times: user=0.00 sys=0.00, real=0.00 secs] 
7.130: [GC (Allocation Failure) 7.130: [DefNew: 960K->64K(960K), 0.0016441 secs] 240236K->239824K(524224K), 0.0017491 secs] [Times: user=0.00 sys=0.00, real=0.00 secs] 
7.133: [GC (Allocation Failure) 7.133: [DefNew: 960K->63K(960K), 0.0015059 secs] 240720K->240243K(524224K), 0.0016145 secs] [Times: user=0.00 sys=0.00, real=0.00 secs] 
7.137: [GC (Allocation Failure) 7.137: [DefNew: 959K->63K(960K), 0.0012991 secs] 241139K->240681K(524224K), 0.0013658 secs] [Times: user=0.00 sys=0.00, real=0.00 secs] 
7.140: [GC (Allocation Failure) 7.140: [DefNew: 959K->64K(960K), 0.0013307 secs] 241580K->241146K(524224K), 0.0014017 secs] [Times: user=0.00 sys=0.00, real=0.00 secs] 
7.142: [GC (Allocation Failure) 7.142: [DefNew: 960K->63K(960K), 0.0015020 secs] 242043K->241584K(524224K), 0.0015636 secs] [Times: user=0.00 sys=0.00, real=0.00 secs] 
7.146: [GC (Allocation Failure) 7.146: [DefNew: 959K->63K(960K), 0.0015063 secs] 242480K->241995K(524224K), 0.0016161 secs] [Times: user=0.00 sys=0.00, real=0.00 secs] 
7.149: [GC (Allocation Failure) 7.149: [DefNew: 959K->63K(960K), 0.0017250 secs] 242892K->242412K(524224K), 0.0018343 secs] [Times: user=0.00 sys=0.00, real=0.00 secs] 
7.153: [GC (Allocation Failure) 7.153: [DefNew: 959K->64K(960K), 0.0016247 secs] 243309K->242814K(524224K), 0.0018158 secs] [Times: user=0.02 sys=0.00, real=0.00 secs] 
7.157: [GC (Allocation Failure) 7.157: [DefNew: 960K->64K(960K), 0.0014554 secs] 243710K->243233K(524224K), 0.0015541 secs] [Times: user=0.00 sys=0.00, real=0.00 secs] 
7.160: [GC (Allocation Failure) 7.160: [DefNew: 960K->64K(960K), 0.0021383 secs] 244129K->243630K(524224K), 0.0022792 secs] [Times: user=0.00 sys=0.00, real=0.00 secs] 
7.165: [GC (Allocation Failure) 7.165: [DefNew: 960K->63K(960K), 0.0015564 secs] 244526K->244066K(524224K), 0.0016563 secs] [Times: user=0.00 sys=0.00, real=0.00 secs] 
7.168: [GC (Allocation Failure) 7.168: [DefNew: 959K->64K(960K), 0.0013993 secs] 244963K->244471K(524224K), 0.0014755 secs] [Times: user=0.00 sys=0.00, real=0.00 secs] 
7.182: [GC (Allocation Failure) 7.182: [DefNew: 960K->64K(960K), 0.0015371 secs] 245367K->244913K(524224K), 0.0016654 secs] [Times: user=0.00 sys=0.00, real=0.00 secs] 
7.186: [GC (Allocation Failure) 7.186: [DefNew: 960K->64K(960K), 0.0014037 secs] 245809K->245310K(524224K), 0.0015221 secs] [Times: user=0.00 sys=0.00, real=0.00 secs] 
7.189: [GC (Allocation Failure) 7.189: [DefNew: 960K->64K(960K), 0.0014830 secs] 246207K->245708K(524224K), 0.0016066 secs] [Times: user=0.00 sys=0.00, real=0.00 secs] 
7.193: [GC (Allocation Failure) 7.193: [DefNew: 960K->63K(960K), 0.0014072 secs] 246604K->246110K(524224K), 0.0015221 secs] [Times: user=0.00 sys=0.00, real=0.00 secs] 
7.196: [GC (Allocation Failure) 7.196: [DefNew: 959K->64K(960K), 0.0019243 secs] 247006K->246688K(524224K), 0.0020495 secs] [Times: user=0.00 sys=0.00, real=0.00 secs] 
7.200: [GC (Allocation Failure) 7.200: [DefNew: 960K->63K(960K), 0.0021249 secs] 247585K->247214K(524224K), 0.0022496 secs] [Times: user=0.02 sys=0.00, real=0.00 secs] 
7.204: [GC (Allocation Failure) 7.204: [DefNew: 959K->64K(960K), 0.0016054 secs] 248111K->247634K(524224K), 0.0017147 secs] [Times: user=0.00 sys=0.00, real=0.00 secs] 
7.207: [GC (Allocation Failure) 7.207: [DefNew: 960K->64K(960K), 0.0015241 secs] 248531K->248061K(524224K), 0.0016311 secs] [Times: user=0.00 sys=0.00, real=0.00 secs] 
7.211: [GC (Allocation Failure) 7.211: [DefNew: 960K->63K(960K), 0.0015276 secs] 248957K->248488K(524224K), 0.0016389 secs] [Times: user=0.00 sys=0.00, real=0.00 secs] 
7.214: [GC (Allocation Failure) 7.214: [DefNew: 959K->64K(960K), 0.0016682 secs] 249384K->248895K(524224K), 0.0017834 secs] [Times: user=0.00 sys=0.00, real=0.00 secs] 
7.218: [GC (Allocation Failure) 7.218: [DefNew: 960K->64K(960K), 0.0016168 secs] 249792K->249477K(524224K), 0.0017317 secs] [Times: user=0.00 sys=0.00, real=0.00 secs] 
7.222: [GC (Allocation Failure) 7.222: [DefNew: 960K->64K(960K), 0.0018722 secs] 250373K->249936K(524224K), 0.0019697 secs] [Times: user=0.00 sys=0.00, real=0.00 secs] 
7.225: [GC (Allocation Failure) 7.225: [DefNew: 960K->64K(960K), 0.0014333 secs] 250832K->250364K(524224K), 0.0015032 secs] [Times: user=0.00 sys=0.00, real=0.00 secs] 
7.228: [GC (Allocation Failure) 7.228: [DefNew: 960K->64K(960K), 0.0015624 secs] 251260K->250854K(524224K), 0.0016962 secs] [Times: user=0.00 sys=0.00, real=0.00 secs] 
7.231: [GC (Allocation Failure) 7.231: [DefNew: 960K->64K(960K), 0.0014905 secs] 251751K->251306K(524224K), 0.0015639 secs] [Times: user=0.02 sys=0.00, real=0.00 secs] 
7.234: [GC (Allocation Failure) 7.234: [DefNew: 960K->63K(960K), 0.0015726 secs] 252203K->251850K(524224K), 0.0016630 secs] [Times: user=0.00 sys=0.00, real=0.00 secs] 
7.238: [GC (Allocation Failure) 7.238: [DefNew: 959K->64K(960K), 0.0015805 secs] 252747K->252309K(524224K), 0.0016520 secs] [Times: user=0.00 sys=0.00, real=0.00 secs] 
7.241: [GC (Allocation Failure) 7.241: [DefNew: 960K->64K(960K), 0.0013429 secs] 253206K->252739K(524224K), 0.0014005 secs] [Times: user=0.00 sys=0.00, real=0.00 secs] 
7.244: [GC (Allocation Failure) 7.244: [DefNew: 960K->64K(960K), 0.0013326 secs] 253635K->253187K(524224K), 0.0014207 secs] [Times: user=0.00 sys=0.00, real=0.00 secs] 
7.246: [GC (Allocation Failure) 7.246: [DefNew: 960K->63K(960K), 0.0012568 secs] 254083K->253608K(524224K), 0.0013295 secs] [Times: user=0.00 sys=0.00, real=0.00 secs] 
7.249: [GC (Allocation Failure) 7.249: [DefNew: 959K->64K(960K), 0.0014124 secs] 254506K->254060K(524224K), 0.0014897 secs] [Times: user=0.00 sys=0.00, real=0.00 secs] 
7.252: [GC (Allocation Failure) 7.252: [DefNew: 960K->63K(960K), 0.0014570 secs] 254956K->254512K(524224K), 0.0015308 secs] [Times: user=0.00 sys=0.00, real=0.00 secs] 
7.254: [GC (Allocation Failure) 7.254: [DefNew: 959K->63K(960K), 0.0014439 secs] 255408K->254886K(524224K), 0.0015268 secs] [Times: user=0.00 sys=0.00, real=0.00 secs] 
7.257: [GC (Allocation Failure) 7.257: [DefNew: 959K->64K(960K), 0.0013737 secs] 255783K->255394K(524224K), 0.0014467 secs] [Times: user=0.00 sys=0.00, real=0.00 secs] 
7.259: [GC (Allocation Failure) 7.259: [DefNew: 960K->63K(960K), 0.0016311 secs] 256291K->255869K(524224K), 0.0017467 secs] [Times: user=0.00 sys=0.00, real=0.00 secs] 
7.263: [GC (Allocation Failure) 7.263: [DefNew: 959K->63K(960K), 0.0015079 secs] 256766K->256307K(524224K), 0.0015991 secs] [Times: user=0.00 sys=0.00, real=0.00 secs] 
7.267: [GC (Allocation Failure) 7.267: [DefNew: 959K->64K(960K), 0.0014854 secs] 257204K->256792K(524224K), 0.0015762 secs] [Times: user=0.00 sys=0.00, real=0.00 secs] 
7.270: [GC (Allocation Failure) 7.270: [DefNew: 960K->63K(960K), 0.0021193 secs] 257691K->257236K(524224K), 0.0022433 secs] [Times: user=0.00 sys=0.00, real=0.00 secs] 
7.274: [GC (Allocation Failure) 7.274: [DefNew: 959K->63K(960K), 0.0016678 secs] 258135K->257880K(524224K), 0.0017743 secs] [Times: user=0.00 sys=0.00, real=0.00 secs] 
7.277: [GC (Allocation Failure) 7.277: [DefNew: 959K->63K(960K), 0.0015667 secs] 258777K->258296K(524224K), 0.0016788 secs] [Times: user=0.00 sys=0.02, real=0.00 secs] 
7.281: [GC (Allocation Failure) 7.281: [DefNew: 959K->64K(960K), 0.0013208 secs] 259193K->258726K(524224K), 0.0014001 secs] [Times: user=0.00 sys=0.00, real=0.00 secs] 
7.284: [GC (Allocation Failure) 7.284: [DefNew: 960K->64K(960K), 0.0014072 secs] 259622K->259169K(524224K), 0.0014791 secs] [Times: user=0.00 sys=0.00, real=0.00 secs] 
7.286: [GC (Allocation Failure) 7.286: [DefNew: 960K->64K(960K), 0.0014866 secs] 260065K->259588K(524224K), 0.0015786 secs] [Times: user=0.00 sys=0.00, real=0.00 secs] 
7.290: [GC (Allocation Failure) 7.290: [DefNew: 960K->64K(960K), 0.0014755 secs] 260485K->260060K(524224K), 0.0015786 secs] [Times: user=0.00 sys=0.00, real=0.00 secs] 
7.293: [GC (Allocation Failure) 7.293: [DefNew: 960K->64K(960K), 0.0020732 secs] 260956K->260487K(524224K), 0.0021916 secs] [Times: user=0.02 sys=0.00, real=0.00 secs] 
7.297: [GC (Allocation Failure) 7.297: [DefNew: 960K->64K(960K), 0.0015308 secs] 261383K->260954K(524224K), 0.0016200 secs] [Times: user=0.00 sys=0.00, real=0.00 secs] 
7.301: [GC (Allocation Failure) 7.301: [DefNew: 960K->64K(960K), 0.0015407 secs] 261851K->261418K(524224K), 0.0016188 secs] [Times: user=0.00 sys=0.00, real=0.00 secs] 
7.304: [GC (Allocation Failure) 7.304: [DefNew: 960K->63K(960K), 0.0015296 secs] 262315K->261878K(524224K), 0.0016121 secs] [Times: user=0.00 sys=0.00, real=0.00 secs] 
7.308: [GC (Allocation Failure) 7.308: [DefNew: 959K->64K(960K), 0.0013678 secs] 262775K->262333K(524224K), 0.0014439 secs] [Times: user=0.00 sys=0.00, real=0.00 secs] 
7.310: [GC (Allocation Failure) 7.310: [DefNew: 960K->63K(960K), 0.0015071 secs] 263230K->262743K(524224K), 0.0016082 secs] [Times: user=0.00 sys=0.00, real=0.00 secs] 
7.314: [GC (Allocation Failure) 7.314: [DefNew: 959K->64K(960K), 0.0014518 secs] 263640K->263212K(524224K), 0.0015320 secs] [Times: user=0.00 sys=0.00, real=0.00 secs] 
7.318: [GC (Allocation Failure) 7.318: [DefNew: 960K->64K(960K), 0.0014917 secs] 264109K->263676K(524224K), 0.0015671 secs] [Times: user=0.00 sys=0.00, real=0.00 secs] 
7.320: [GC (Allocation Failure) 7.320: [DefNew: 960K->63K(960K), 0.0013867 secs] 264572K->264056K(524224K), 0.0014593 secs] [Times: user=0.00 sys=0.00, real=0.00 secs] 
7.323: [GC (Allocation Failure) 7.323: [DefNew: 959K->63K(960K), 0.0013042 secs] 264952K->264503K(524224K), 0.0013701 secs] [Times: user=0.00 sys=0.00, real=0.00 secs] 
7.325: [GC (Allocation Failure) 7.325: [DefNew: 959K->63K(960K), 0.0014455 secs] 265399K->264903K(524224K), 0.0015217 secs] [Times: user=0.02 sys=0.00, real=0.00 secs] 
7.328: [GC (Allocation Failure) 7.328: [DefNew: 959K->63K(960K), 0.0016618 secs] 265799K->265414K(524224K), 0.0018126 secs] [Times: user=0.00 sys=0.00, real=0.00 secs] 
7.332: [GC (Allocation Failure) 7.332: [DefNew: 959K->64K(960K), 0.0020045 secs] 266311K->266004K(524224K), 0.0021316 secs] [Times: user=0.00 sys=0.00, real=0.00 secs] 
7.335: [GC (Allocation Failure) 7.335: [DefNew: 960K->64K(960K), 0.0017518 secs] 266900K->266493K(524224K), 0.0018367 secs] [Times: user=0.00 sys=0.00, real=0.00 secs] 
7.339: [GC (Allocation Failure) 7.339: [DefNew: 960K->63K(960K), 0.0014684 secs] 267389K->266974K(524224K), 0.0015446 secs] [Times: user=0.00 sys=0.00, real=0.00 secs] 
7.341: [GC (Allocation Failure) 7.341: [DefNew: 959K->64K(960K), 0.0016149 secs] 267870K->267397K(524224K), 0.0017128 secs] [Times: user=0.00 sys=0.00, real=0.00 secs] 
7.345: [GC (Allocation Failure) 7.345: [DefNew: 960K->63K(960K), 0.0014447 secs] 268293K->267834K(524224K), 0.0015351 secs] [Times: user=0.00 sys=0.00, real=0.00 secs] 
7.348: [GC (Allocation Failure) 7.348: [DefNew: 959K->63K(960K), 0.0014653 secs] 268733K->268298K(524224K), 0.0015482 secs] [Times: user=0.00 sys=0.00, real=0.00 secs] 
7.350: [GC (Allocation Failure) 7.350: [DefNew: 959K->63K(960K), 0.0014368 secs] 269197K->268677K(524224K), 0.0015186 secs] [Times: user=0.00 sys=0.00, real=0.00 secs] 
7.353: [GC (Allocation Failure) 7.353: [DefNew: 959K->63K(960K), 0.0013117 secs] 269574K->269118K(524224K), 0.0013832 secs] [Times: user=0.00 sys=0.00, real=0.00 secs] 
7.355: [GC (Allocation Failure) 7.355: [DefNew: 959K->64K(960K), 0.0016141 secs] 270014K->269633K(524224K), 0.0016993 secs] [Times: user=0.02 sys=0.00, real=0.00 secs] 
7.359: [GC (Allocation Failure) 7.359: [DefNew: 960K->63K(960K), 0.0018529 secs] 270530K->270145K(524224K), 0.0019958 secs] [Times: user=0.00 sys=0.00, real=0.00 secs] 
7.363: [GC (Allocation Failure) 7.363: [DefNew: 959K->63K(960K), 0.0017376 secs] 271042K->270656K(524224K), 0.0018454 secs] [Times: user=0.00 sys=0.00, real=0.00 secs] 
7.366: [GC (Allocation Failure) 7.366: [DefNew: 959K->63K(960K), 0.0015825 secs] 271552K->271085K(524224K), 0.0016733 secs] [Times: user=0.00 sys=0.00, real=0.00 secs] 
7.370: [GC (Allocation Failure) 7.370: [DefNew: 959K->63K(960K), 0.0020522 secs] 271982K->271548K(524224K), 0.0021746 secs] [Times: user=0.00 sys=0.00, real=0.00 secs] 
7.375: [GC (Allocation Failure) 7.375: [DefNew: 959K->64K(960K), 0.0019883 secs] 272444K->272094K(524224K), 0.0021115 secs] [Times: user=0.00 sys=0.00, real=0.00 secs] 
7.379: [GC (Allocation Failure) 7.379: [DefNew: 960K->63K(960K), 0.0015024 secs] 272991K->272532K(524224K), 0.0015793 secs] [Times: user=0.00 sys=0.00, real=0.00 secs] 
7.383: [GC (Allocation Failure) 7.383: [DefNew: 959K->63K(960K), 0.0014538 secs] 273428K->272982K(524224K), 0.0015363 secs] [Times: user=0.00 sys=0.00, real=0.00 secs] 
7.385: [GC (Allocation Failure) 7.385: [DefNew: 959K->64K(960K), 0.0013946 secs] 273879K->273407K(524224K), 0.0014684 secs] [Times: user=0.00 sys=0.00, real=0.00 secs] 
7.389: [GC (Allocation Failure) 7.389: [DefNew: 960K->64K(960K), 0.0015564 secs] 274304K->273869K(524224K), 0.0016480 secs] [Times: user=0.00 sys=0.00, real=0.00 secs] 
7.392: [GC (Allocation Failure) 7.392: [DefNew: 960K->63K(960K), 0.0014870 secs] 274765K->274289K(524224K), 0.0015545 secs] [Times: user=0.00 sys=0.00, real=0.00 secs] 
7.396: [GC (Allocation Failure) 7.396: [DefNew: 959K->64K(960K), 0.0017704 secs] 275186K->274874K(524224K), 0.0018703 secs] [Times: user=0.00 sys=0.00, real=0.00 secs] 
7.400: [GC (Allocation Failure) 7.400: [DefNew: 960K->64K(960K), 0.0016686 secs] 275772K->275312K(524224K), 0.0017507 secs] [Times: user=0.00 sys=0.00, real=0.00 secs] 
7.403: [GC (Allocation Failure) 7.403: [DefNew: 960K->64K(960K), 0.0013251 secs] 276209K->275751K(524224K), 0.0013859 secs] [Times: user=0.02 sys=0.00, real=0.00 secs] 
7.406: [GC (Allocation Failure) 7.406: [DefNew: 960K->63K(960K), 0.0014388 secs] 276648K->276207K(524224K), 0.0015107 secs] [Times: user=0.00 sys=0.00, real=0.00 secs] 
7.409: [GC (Allocation Failure) 7.409: [DefNew: 959K->64K(960K), 0.0013682 secs] 277105K->276623K(524224K), 0.0014439 secs] [Times: user=0.00 sys=0.00, real=0.00 secs] 
7.412: [GC (Allocation Failure) 7.412: [DefNew: 960K->63K(960K), 0.0013441 secs] 277520K->277051K(524224K), 0.0014045 secs] [Times: user=0.00 sys=0.00, real=0.00 secs] 
7.415: [GC (Allocation Failure) 7.415: [DefNew: 959K->63K(960K), 0.0013311 secs] 277947K->277470K(524224K), 0.0013982 secs] [Times: user=0.00 sys=0.00, real=0.00 secs] 
7.417: [GC (Allocation Failure) 7.417: [DefNew: 959K->63K(960K), 0.0013954 secs] 278366K->277903K(524224K), 0.0014597 secs] [Times: user=0.00 sys=0.00, real=0.00 secs] 
7.420: [GC (Allocation Failure) 7.420: [DefNew: 959K->64K(960K), 0.0015442 secs] 278800K->278353K(524224K), 0.0016224 secs] [Times: user=0.00 sys=0.00, real=0.00 secs] 
7.423: [GC (Allocation Failure) 7.423: [DefNew: 960K->63K(960K), 0.0015217 secs] 279250K->278773K(524224K), 0.0015967 secs] [Times: user=0.00 sys=0.00, real=0.00 secs] 
7.427: [GC (Allocation Failure) 7.427: [DefNew: 959K->64K(960K), 0.0017424 secs] 279670K->279229K(524224K), 0.0018284 secs] [Times: user=0.00 sys=0.00, real=0.00 secs] 
7.431: [GC (Allocation Failure) 7.431: [DefNew: 960K->64K(960K), 0.0017238 secs] 280126K->279749K(524224K), 0.0018616 secs] [Times: user=0.00 sys=0.00, real=0.00 secs] 
7.434: [GC (Allocation Failure) 7.434: [DefNew: 960K->64K(960K), 0.0027774 secs] 280646K->280383K(524224K), 0.0029136 secs] [Times: user=0.01 sys=0.00, real=0.00 secs] 
7.439: [GC (Allocation Failure) 7.439: [DefNew: 960K->63K(960K), 0.0017676 secs] 281279K->280900K(524224K), 0.0018580 secs] [Times: user=0.00 sys=0.00, real=0.00 secs] 
7.442: [GC (Allocation Failure) 7.442: [DefNew: 959K->64K(960K), 0.0014333 secs] 281796K->281324K(524224K), 0.0015012 secs] [Times: user=0.00 sys=0.00, real=0.00 secs] 
7.445: [GC (Allocation Failure) 7.445: [DefNew: 960K->63K(960K), 0.0016520 secs] 282220K->281774K(524224K), 0.0017479 secs] [Times: user=0.00 sys=0.00, real=0.00 secs] 
7.449: [GC (Allocation Failure) 7.449: [DefNew: 959K->64K(960K), 0.0013970 secs] 282670K->282209K(524224K), 0.0014649 secs] [Times: user=0.02 sys=0.00, real=0.00 secs] 
7.451: [GC (Allocation Failure) 7.451: [DefNew: 960K->63K(960K), 0.0015091 secs] 283105K->282682K(524224K), 0.0015817 secs] [Times: user=0.00 sys=0.00, real=0.00 secs] 
7.455: [GC (Allocation Failure) 7.455: [DefNew: 959K->64K(960K), 0.0017317 secs] 283578K->283107K(524224K), 0.0018174 secs] [Times: user=0.00 sys=0.00, real=0.00 secs] 
7.458: [GC (Allocation Failure) 7.458: [DefNew: 960K->64K(960K), 0.0013741 secs] 284003K->283519K(524224K), 0.0014325 secs] [Times: user=0.00 sys=0.00, real=0.00 secs] 
7.461: [GC (Allocation Failure) 7.461: [DefNew: 960K->63K(960K), 0.0017301 secs] 284416K->284043K(524224K), 0.0018580 secs] [Times: user=0.00 sys=0.00, real=0.00 secs] 
7.465: [GC (Allocation Failure) 7.465: [DefNew: 959K->63K(960K), 0.0015880 secs] 284940K->284485K(524224K), 0.0016591 secs] [Times: user=0.01 sys=0.00, real=0.00 secs] 
7.468: [GC (Allocation Failure) 7.468: [DefNew: 959K->64K(960K), 0.0014400 secs] 285381K->284925K(524224K), 0.0015059 secs] [Times: user=0.00 sys=0.00, real=0.00 secs] 
7.471: [GC (Allocation Failure) 7.471: [DefNew: 960K->63K(960K), 0.0023065 secs] 285822K->285514K(524224K), 0.0024407 secs] [Times: user=0.00 sys=0.00, real=0.00 secs] 
7.475: [GC (Allocation Failure) 7.475: [DefNew: 959K->63K(960K), 0.0018659 secs] 286410K->286025K(524224K), 0.0019437 secs] [Times: user=0.00 sys=0.00, real=0.00 secs] 
7.479: [GC (Allocation Failure) 7.479: [DefNew: 959K->64K(960K), 0.0014949 secs] 286921K->286461K(524224K), 0.0015624 secs] [Times: user=0.00 sys=0.00, real=0.00 secs] 
7.482: [GC (Allocation Failure) 7.482: [DefNew: 960K->64K(960K), 0.0015868 secs] 287358K->286868K(524224K), 0.0016737 secs] [Times: user=0.00 sys=0.00, real=0.00 secs] 
7.485: [GC (Allocation Failure) 7.485: [DefNew: 960K->64K(960K), 0.0017029 secs] 287764K->287404K(524224K), 0.0017957 secs] [Times: user=0.00 sys=0.00, real=0.00 secs] 
7.489: [GC (Allocation Failure) 7.489: [DefNew: 960K->63K(960K), 0.0017254 secs] 288301K->287872K(524224K), 0.0018079 secs] [Times: user=0.00 sys=0.00, real=0.00 secs] 
7.492: [GC (Allocation Failure) 7.492: [DefNew: 959K->63K(960K), 0.0014175 secs] 288768K->288278K(524224K), 0.0014830 secs] [Times: user=0.00 sys=0.00, real=0.00 secs] 
7.495: [GC (Allocation Failure) 7.495: [DefNew: 959K->64K(960K), 0.0016808 secs] 289175K->288810K(524224K), 0.0017822 secs] [Times: user=0.02 sys=0.00, real=0.00 secs] 
7.499: [GC (Allocation Failure) 7.499: [DefNew: 960K->64K(960K), 0.0016117 secs] 289707K->289228K(524224K), 0.0016855 secs] [Times: user=0.00 sys=0.00, real=0.00 secs] 
7.502: [GC (Allocation Failure) 7.502: [DefNew: 960K->64K(960K), 0.0014467 secs] 290125K->289653K(524224K), 0.0015142 secs] [Times: user=0.00 sys=0.00, real=0.00 secs] 
7.505: [GC (Allocation Failure) 7.505: [DefNew: 960K->64K(960K), 0.0015004 secs] 290549K->290130K(524224K), 0.0015722 secs] [Times: user=0.00 sys=0.00, real=0.00 secs] 
7.508: [GC (Allocation Failure) 7.508: [DefNew: 960K->64K(960K), 0.0013895 secs] 291026K->290545K(524224K), 0.0014518 secs] [Times: user=0.00 sys=0.00, real=0.00 secs] 
7.511: [GC (Allocation Failure) 7.511: [DefNew: 960K->64K(960K), 0.0013666 secs] 291442K->290992K(524224K), 0.0014376 secs] [Times: user=0.00 sys=0.00, real=0.00 secs] 
7.514: [GC (Allocation Failure) 7.514: [DefNew: 960K->63K(960K), 0.0014562 secs] 291889K->291464K(524224K), 0.0015261 secs] [Times: user=0.00 sys=0.00, real=0.00 secs] 
7.517: [GC (Allocation Failure) 7.517: [DefNew: 959K->63K(960K), 0.0015004 secs] 292361K->291907K(524224K), 0.0015639 secs] [Times: user=0.00 sys=0.00, real=0.00 secs] 
7.521: [GC (Allocation Failure) 7.521: [DefNew: 959K->63K(960K), 0.0015793 secs] 292803K->292361K(524224K), 0.0016480 secs] [Times: user=0.00 sys=0.00, real=0.00 secs] 
7.524: [GC (Allocation Failure) 7.524: [DefNew: 959K->64K(960K), 0.0014992 secs] 293258K->292798K(524224K), 0.0015612 secs] [Times: user=0.00 sys=0.00, real=0.00 secs] 
7.528: [GC (Allocation Failure) 7.528: [DefNew: 960K->64K(960K), 0.0015359 secs] 293694K->293247K(524224K), 0.0016828 secs] [Times: user=0.00 sys=0.00, real=0.00 secs] 
7.532: [GC (Allocation Failure) 7.532: [DefNew: 960K->63K(960K), 0.0015470 secs] 294143K->293644K(524224K), 0.0016547 secs] [Times: user=0.00 sys=0.00, real=0.00 secs] 
7.535: [GC (Allocation Failure) 7.535: [DefNew: 959K->63K(960K), 0.0014811 secs] 294541K->294050K(524224K), 0.0015608 secs] [Times: user=0.00 sys=0.00, real=0.00 secs] 
7.539: [GC (Allocation Failure) 7.539: [DefNew: 959K->64K(960K), 0.0013851 secs] 294946K->294498K(524224K), 0.0014554 secs] [Times: user=0.00 sys=0.00, real=0.00 secs] 
7.541: [GC (Allocation Failure) 7.541: [DefNew: 960K->63K(960K), 0.0013192 secs] 295395K->294921K(524224K), 0.0013788 secs] [Times: user=0.00 sys=0.00, real=0.00 secs] 
7.544: [GC (Allocation Failure) 7.544: [DefNew: 959K->64K(960K), 0.0016824 secs] 295818K->295351K(524224K), 0.0017732 secs] [Times: user=0.00 sys=0.00, real=0.00 secs] 
7.548: [GC (Allocation Failure) 7.548: [DefNew: 960K->63K(960K), 0.0014964 secs] 296248K->295824K(524224K), 0.0015584 secs] [Times: user=0.00 sys=0.00, real=0.00 secs] 
7.551: [GC (Allocation Failure) 7.551: [DefNew: 959K->64K(960K), 0.0015205 secs] 296721K->296238K(524224K), 0.0015912 secs] [Times: user=0.00 sys=0.00, real=0.00 secs] 
7.555: [GC (Allocation Failure) 7.555: [DefNew: 960K->63K(960K), 0.0015722 secs] 297135K->296696K(524224K), 0.0016453 secs] [Times: user=0.00 sys=0.00, real=0.00 secs] 
7.558: [GC (Allocation Failure) 7.558: [DefNew: 959K->64K(960K), 0.0014980 secs] 297592K->297123K(524224K), 0.0015636 secs] [Times: user=0.00 sys=0.00, real=0.00 secs] 
7.562: [GC (Allocation Failure) 7.562: [DefNew: 960K->64K(960K), 0.0016614 secs] 298020K->297654K(524224K), 0.0017736 secs] [Times: user=0.00 sys=0.00, real=0.00 secs] 
7.566: [GC (Allocation Failure) 7.566: [DefNew: 960K->63K(960K), 0.0016437 secs] 298551K->298107K(524224K), 0.0017100 secs] [Times: user=0.00 sys=0.00, real=0.00 secs] 
7.569: [GC (Allocation Failure) 7.569: [DefNew: 959K->64K(960K), 0.0014949 secs] 299004K->298541K(524224K), 0.0015576 secs] [Times: user=0.00 sys=0.00, real=0.00 secs] 
7.575: [GC (Allocation Failure) 7.575: [DefNew: 960K->63K(960K), 0.0015505 secs] 299438K->298978K(524224K), 0.0016701 secs] [Times: user=0.00 sys=0.00, real=0.00 secs] 
7.578: [GC (Allocation Failure) 7.578: [DefNew: 959K->64K(960K), 0.0013974 secs] 299874K->299405K(524224K), 0.0014676 secs] [Times: user=0.00 sys=0.00, real=0.00 secs] 
7.581: [GC (Allocation Failure) 7.581: [DefNew: 960K->63K(960K), 0.0014297 secs] 300302K->299866K(524224K), 0.0014933 secs] [Times: user=0.00 sys=0.00, real=0.00 secs] 
7.584: [GC (Allocation Failure) 7.584: [DefNew: 959K->63K(960K), 0.0014633 secs] 300763K->300290K(524224K), 0.0015351 secs] [Times: user=0.00 sys=0.00, real=0.00 secs] 
7.586: [GC (Allocation Failure) 7.586: [DefNew: 959K->64K(960K), 0.0013899 secs] 301188K->300673K(524224K), 0.0014518 secs] [Times: user=0.00 sys=0.00, real=0.00 secs] 
7.589: [GC (Allocation Failure) 7.589: [DefNew: 960K->64K(960K), 0.0014530 secs] 301569K->301122K(524224K), 0.0015205 secs] [Times: user=0.00 sys=0.00, real=0.00 secs] 
7.591: [GC (Allocation Failure) 7.591: [DefNew: 960K->64K(960K), 0.0013780 secs] 302019K->301532K(524224K), 0.0014432 secs] [Times: user=0.00 sys=0.00, real=0.00 secs] 
7.595: [GC (Allocation Failure) 7.595: [DefNew: 960K->63K(960K), 0.0016930 secs] 302428K->302033K(524224K), 0.0017961 secs] [Times: user=0.00 sys=0.00, real=0.00 secs] 
7.599: [GC (Allocation Failure) 7.599: [DefNew: 959K->64K(960K), 0.0016622 secs] 302929K->302458K(524224K), 0.0017345 secs] [Times: user=0.00 sys=0.00, real=0.00 secs] 
7.602: [GC (Allocation Failure) 7.602: [DefNew: 960K->63K(960K), 0.0014112 secs] 303356K->302891K(524224K), 0.0014700 secs] [Times: user=0.00 sys=0.00, real=0.00 secs] 
7.605: [GC (Allocation Failure) 7.605: [DefNew: 959K->64K(960K), 0.0013504 secs] 303787K->303316K(524224K), 0.0014203 secs] [Times: user=0.02 sys=0.00, real=0.00 secs] 
7.607: [GC (Allocation Failure) 7.607: [DefNew: 960K->63K(960K), 0.0013038 secs] 304214K->303715K(524224K), 0.0013682 secs] [Times: user=0.00 sys=0.00, real=0.00 secs] 
7.610: [GC (Allocation Failure) 7.610: [DefNew: 959K->63K(960K), 0.0013978 secs] 304611K->304163K(524224K), 0.0014593 secs] [Times: user=0.00 sys=0.00, real=0.00 secs] 
7.613: [GC (Allocation Failure) 7.613: [DefNew: 959K->63K(960K), 0.0014432 secs] 305059K->304635K(524224K), 0.0015091 secs] [Times: user=0.00 sys=0.00, real=0.00 secs] 
7.616: [GC (Allocation Failure) 7.616: [DefNew: 959K->64K(960K), 0.0015047 secs] 305532K->305083K(524224K), 0.0015750 secs] [Times: user=0.00 sys=0.00, real=0.00 secs] 
7.620: [GC (Allocation Failure) 7.620: [DefNew: 960K->63K(960K), 0.0014424 secs] 305979K->305564K(524224K), 0.0015028 secs] [Times: user=0.00 sys=0.00, real=0.00 secs] 
7.622: [GC (Allocation Failure) 7.622: [DefNew: 959K->64K(960K), 0.0015284 secs] 306461K->305987K(524224K), 0.0015995 secs] [Times: user=0.00 sys=0.00, real=0.00 secs] 
7.626: [GC (Allocation Failure) 7.626: [DefNew: 960K->64K(960K), 0.0020882 secs] 306884K->306428K(524224K), 0.0022228 secs] [Times: user=0.00 sys=0.00, real=0.00 secs] 
7.630: [GC (Allocation Failure) 7.630: [DefNew: 960K->63K(960K), 0.0017376 secs] 307325K->306862K(524224K), 0.0018336 secs] [Times: user=0.00 sys=0.00, real=0.00 secs] 
7.633: [GC (Allocation Failure) 7.633: [DefNew: 959K->63K(960K), 0.0015150 secs] 307758K->307304K(524224K), 0.0016200 secs] [Times: user=0.00 sys=0.00, real=0.00 secs] 
7.637: [GC (Allocation Failure) 7.637: [DefNew: 959K->64K(960K), 0.0016275 secs] 308200K->307769K(524224K), 0.0017084 secs] [Times: user=0.02 sys=0.00, real=0.00 secs] 
7.640: [GC (Allocation Failure) 7.640: [DefNew: 960K->64K(960K), 0.0015055 secs] 308666K->308183K(524224K), 0.0015833 secs] [Times: user=0.00 sys=0.00, real=0.00 secs] 
7.644: [GC (Allocation Failure) 7.644: [DefNew: 960K->63K(960K), 0.0015316 secs] 309080K->308672K(524224K), 0.0015959 secs] [Times: user=0.00 sys=0.00, real=0.00 secs] 
7.648: [GC (Allocation Failure) 7.648: [DefNew: 959K->63K(960K), 0.0014826 secs] 309569K->309113K(524224K), 0.0015588 secs] [Times: user=0.00 sys=0.00, real=0.00 secs] 
7.651: [GC (Allocation Failure) 7.651: [DefNew: 959K->63K(960K), 0.0014503 secs] 310009K->309545K(524224K), 0.0015150 secs] [Times: user=0.00 sys=0.00, real=0.00 secs] 
7.655: [GC (Allocation Failure) 7.655: [DefNew: 959K->64K(960K), 0.0015545 secs] 310443K->310026K(524224K), 0.0016283 secs] [Times: user=0.00 sys=0.00, real=0.00 secs] 
7.659: [GC (Allocation Failure) 7.659: [DefNew: 960K->64K(960K), 0.0016918 secs] 310924K->310447K(524224K), 0.0018071 secs] [Times: user=0.00 sys=0.00, real=0.00 secs] 
7.662: [GC (Allocation Failure) 7.662: [DefNew: 960K->63K(960K), 0.0017984 secs] 311344K->311037K(524224K), 0.0018900 secs] [Times: user=0.00 sys=0.00, real=0.00 secs] 
7.666: [GC (Allocation Failure) 7.666: [DefNew: 959K->64K(960K), 0.0017084 secs] 311933K->311480K(524224K), 0.0017747 secs] [Times: user=0.00 sys=0.00, real=0.00 secs] 
7.669: [GC (Allocation Failure) 7.669: [DefNew: 960K->64K(960K), 0.0015095 secs] 312376K->311927K(524224K), 0.0016105 secs] [Times: user=0.00 sys=0.00, real=0.00 secs] 
7.675: [GC (Allocation Failure) 7.675: [DefNew: 960K->64K(960K), 0.0015292 secs] 312824K->312369K(524224K), 0.0016378 secs] [Times: user=0.00 sys=0.00, real=0.00 secs] 
7.679: [GC (Allocation Failure) 7.679: [DefNew: 960K->63K(960K), 0.0014301 secs] 313266K->312787K(524224K), 0.0015008 secs] [Times: user=0.00 sys=0.00, real=0.00 secs] 
7.681: [GC (Allocation Failure) 7.681: [DefNew: 959K->63K(960K), 0.0014017 secs] 313684K->313191K(524224K), 0.0014649 secs] [Times: user=0.00 sys=0.00, real=0.00 secs] 
7.684: [GC (Allocation Failure) 7.684: [DefNew: 959K->64K(960K), 0.0017968 secs] 314087K->313629K(524224K), 0.0018722 secs] [Times: user=0.00 sys=0.00, real=0.00 secs] 
7.687: [GC (Allocation Failure) 7.687: [DefNew: 960K->64K(960K), 0.0014601 secs] 314525K->314033K(524224K), 0.0015339 secs] [Times: user=0.00 sys=0.00, real=0.00 secs] 
7.691: [GC (Allocation Failure) 7.691: [DefNew: 960K->63K(960K), 0.0014803 secs] 314929K->314474K(524224K), 0.0015474 secs] [Times: user=0.00 sys=0.00, real=0.00 secs] 
7.695: [GC (Allocation Failure) 7.695: [DefNew: 959K->64K(960K), 0.0018284 secs] 315370K->314943K(524224K), 0.0020404 secs] [Times: user=0.00 sys=0.00, real=0.00 secs] 
7.698: [GC (Allocation Failure) 7.698: [DefNew: 960K->64K(960K), 0.0015493 secs] 315839K->315351K(524224K), 0.0016291 secs] [Times: user=0.00 sys=0.00, real=0.00 secs] 
7.702: [GC (Allocation Failure) 7.702: [DefNew: 960K->63K(960K), 0.0015059 secs] 316247K->315796K(524224K), 0.0015837 secs] [Times: user=0.00 sys=0.00, real=0.00 secs] 
7.704: [GC (Allocation Failure) 7.704: [DefNew: 959K->64K(960K), 0.0014546 secs] 316693K->316207K(524224K), 0.0015217 secs] [Times: user=0.00 sys=0.00, real=0.00 secs] 
7.707: [GC (Allocation Failure) 7.707: [DefNew: 960K->63K(960K), 0.0013326 secs] 317104K->316654K(524224K), 0.0014037 secs] [Times: user=0.00 sys=0.00, real=0.00 secs] 
7.710: [GC (Allocation Failure) 7.710: [DefNew: 959K->64K(960K), 0.0014345 secs] 317552K->317092K(524224K), 0.0015039 secs] [Times: user=0.00 sys=0.00, real=0.00 secs] 
7.713: [GC (Allocation Failure) 7.713: [DefNew: 960K->64K(960K), 0.0014325 secs] 317988K->317506K(524224K), 0.0015087 secs] [Times: user=0.00 sys=0.00, real=0.00 secs] 
7.716: [GC (Allocation Failure) 7.716: [DefNew: 960K->64K(960K), 0.0013749 secs] 318402K->317895K(524224K), 0.0014609 secs] [Times: user=0.00 sys=0.00, real=0.00 secs] 
7.719: [GC (Allocation Failure) 7.719: [DefNew: 960K->64K(960K), 0.0013464 secs] 318792K->318289K(524224K), 0.0014183 secs] [Times: user=0.00 sys=0.00, real=0.00 secs] 
7.722: [GC (Allocation Failure) 7.722: [DefNew: 960K->64K(960K), 0.0014317 secs] 319185K->318723K(524224K), 0.0014988 secs] [Times: user=0.00 sys=0.00, real=0.00 secs] 
7.725: [GC (Allocation Failure) 7.725: [DefNew: 960K->64K(960K), 0.0015699 secs] 319619K->319179K(524224K), 0.0016393 secs] [Times: user=0.00 sys=0.00, real=0.00 secs] 
7.728: [GC (Allocation Failure) 7.728: [DefNew: 960K->64K(960K), 0.0016228 secs] 320076K->319675K(524224K), 0.0017159 secs] [Times: user=0.00 sys=0.00, real=0.00 secs] 
7.732: [GC (Allocation Failure) 7.732: [DefNew: 960K->64K(960K), 0.0018411 secs] 320572K->320130K(524224K), 0.0019571 secs] [Times: user=0.00 sys=0.00, real=0.00 secs] 
7.735: [GC (Allocation Failure) 7.735: [DefNew: 960K->63K(960K), 0.0016255 secs] 321027K->320585K(524224K), 0.0017258 secs] [Times: user=0.00 sys=0.00, real=0.00 secs] 
7.739: [GC (Allocation Failure) 7.739: [DefNew: 959K->63K(960K), 0.0014791 secs] 321481K->321031K(524224K), 0.0015493 secs] [Times: user=0.00 sys=0.00, real=0.00 secs] 
7.743: [GC (Allocation Failure) 7.743: [DefNew: 959K->63K(960K), 0.0014061 secs] 321930K->321456K(524224K), 0.0014704 secs] [Times: user=0.00 sys=0.00, real=0.00 secs] 
7.745: [GC (Allocation Failure) 7.745: [DefNew: 959K->64K(960K), 0.0015032 secs] 322353K->321881K(524224K), 0.0015971 secs] [Times: user=0.00 sys=0.00, real=0.00 secs] 
7.749: [GC (Allocation Failure) 7.749: [DefNew: 960K->64K(960K), 0.0016153 secs] 322777K->322367K(524224K), 0.0016993 secs] [Times: user=0.00 sys=0.00, real=0.00 secs] 
7.752: [GC (Allocation Failure) 7.752: [DefNew: 960K->64K(960K), 0.0014811 secs] 323265K->322783K(524224K), 0.0015525 secs] [Times: user=0.00 sys=0.00, real=0.00 secs] 
7.756: [GC (Allocation Failure) 7.756: [DefNew: 960K->64K(960K), 0.0015166 secs] 323679K->323232K(524224K), 0.0015857 secs] [Times: user=0.00 sys=0.00, real=0.00 secs] 
7.759: [GC (Allocation Failure) 7.759: [DefNew: 960K->63K(960K), 0.0015359 secs] 324128K->323650K(524224K), 0.0016354 secs] [Times: user=0.00 sys=0.00, real=0.00 secs] 
7.762: [GC (Allocation Failure) 7.762: [DefNew: 959K->63K(960K), 0.0015904 secs] 324546K->324124K(524224K), 0.0016737 secs] [Times: user=0.00 sys=0.00, real=0.00 secs] 
7.766: [GC (Allocation Failure) 7.766: [DefNew: 959K->63K(960K), 0.0016188 secs] 325020K->324572K(524224K), 0.0016942 secs] [Times: user=0.00 sys=0.00, real=0.00 secs] 
7.769: [GC (Allocation Failure) 7.769: [DefNew: 959K->64K(960K), 0.0014822 secs] 325469K->324977K(524224K), 0.0015458 secs] [Times: user=0.00 sys=0.00, real=0.00 secs] 
7.775: [GC (Allocation Failure) 7.775: [DefNew: 960K->64K(960K), 0.0016058 secs] 325874K->325460K(524224K), 0.0017392 secs] [Times: user=0.00 sys=0.00, real=0.00 secs] 
7.779: [GC (Allocation Failure) 7.779: [DefNew: 960K->64K(960K), 0.0014120 secs] 326357K->325909K(524224K), 0.0014779 secs] [Times: user=0.00 sys=0.00, real=0.00 secs] 
7.781: [GC (Allocation Failure) 7.781: [DefNew: 960K->64K(960K), 0.0014732 secs] 326807K->326346K(524224K), 0.0015418 secs] [Times: user=0.00 sys=0.00, real=0.00 secs] 
7.785: [GC (Allocation Failure) 7.785: [DefNew: 960K->63K(960K), 0.0015039 secs] 327243K->326825K(524224K), 0.0015789 secs] [Times: user=0.00 sys=0.00, real=0.00 secs] 
7.787: [GC (Allocation Failure) 7.787: [DefNew: 959K->63K(960K), 0.0013832 secs] 327721K->327186K(524224K), 0.0014428 secs] [Times: user=0.00 sys=0.00, real=0.00 secs] 
7.790: [GC (Allocation Failure) 7.790: [DefNew: 959K->63K(960K), 0.0014218 secs] 328083K->327625K(524224K), 0.0014937 secs] [Times: user=0.00 sys=0.00, real=0.00 secs] 
7.793: [GC (Allocation Failure) 7.793: [DefNew: 959K->64K(960K), 0.0019271 secs] 328521K->328058K(524224K), 0.0020116 secs] [Times: user=0.02 sys=0.00, real=0.00 secs] 
7.796: [GC (Allocation Failure) 7.796: [DefNew: 960K->64K(960K), 0.0017878 secs] 328954K->328487K(524224K), 0.0018754 secs] [Times: user=0.00 sys=0.00, real=0.00 secs] 
7.800: [GC (Allocation Failure) 7.800: [DefNew: 960K->64K(960K), 0.0015178 secs] 329383K->328945K(524224K), 0.0015853 secs] [Times: user=0.00 sys=0.00, real=0.00 secs] 
7.803: [GC (Allocation Failure) 7.803: [DefNew: 960K->64K(960K), 0.0014128 secs] 329841K->329386K(524224K), 0.0014704 secs] [Times: user=0.00 sys=0.00, real=0.00 secs] 
7.806: [GC (Allocation Failure) 7.806: [DefNew: 960K->63K(960K), 0.0013859 secs] 330282K->329825K(524224K), 0.0014550 secs] [Times: user=0.00 sys=0.00, real=0.00 secs] 
7.809: [GC (Allocation Failure) 7.809: [DefNew: 959K->63K(960K), 0.0016007 secs] 330722K->330276K(524224K), 0.0016678 secs] [Times: user=0.00 sys=0.00, real=0.00 secs] 
7.812: [GC (Allocation Failure) 7.812: [DefNew: 959K->63K(960K), 0.0014230 secs] 331174K->330725K(524224K), 0.0014886 secs] [Times: user=0.00 sys=0.00, real=0.00 secs] 
7.815: [GC (Allocation Failure) 7.815: [DefNew: 959K->64K(960K), 0.0015043 secs] 331622K->331161K(524224K), 0.0015699 secs] [Times: user=0.00 sys=0.00, real=0.00 secs] 
7.819: [GC (Allocation Failure) 7.819: [DefNew: 960K->63K(960K), 0.0014807 secs] 332057K->331592K(524224K), 0.0015470 secs] [Times: user=0.00 sys=0.00, real=0.00 secs] 
7.821: [GC (Allocation Failure) 7.821: [DefNew: 959K->64K(960K), 0.0014763 secs] 332489K->332014K(524224K), 0.0015541 secs] [Times: user=0.00 sys=0.00, real=0.00 secs] 
7.825: [GC (Allocation Failure) 7.825: [DefNew: 960K->64K(960K), 0.0015193 secs] 332910K->332436K(524224K), 0.0016184 secs] [Times: user=0.00 sys=0.00, real=0.00 secs] 
7.828: [GC (Allocation Failure) 7.828: [DefNew: 960K->63K(960K), 0.0016382 secs] 333332K->332913K(524224K), 0.0017230 secs] [Times: user=0.00 sys=0.00, real=0.00 secs] 
7.832: [GC (Allocation Failure) 7.832: [DefNew: 959K->64K(960K), 0.0017479 secs] 333809K->333369K(524224K), 0.0018430 secs] [Times: user=0.00 sys=0.00, real=0.00 secs] 
7.836: [GC (Allocation Failure) 7.836: [DefNew: 960K->63K(960K), 0.0016168 secs] 334266K->333826K(524224K), 0.0017041 secs] [Times: user=0.00 sys=0.00, real=0.00 secs] 
7.839: [GC (Allocation Failure) 7.839: [DefNew: 959K->63K(960K), 0.0015114 secs] 334723K->334245K(524224K), 0.0015825 secs] [Times: user=0.02 sys=0.00, real=0.00 secs] 
7.843: [GC (Allocation Failure) 7.843: [DefNew: 959K->64K(960K), 0.0014984 secs] 335141K->334718K(524224K), 0.0015604 secs] [Times: user=0.00 sys=0.00, real=0.00 secs] 
7.846: [GC (Allocation Failure) 7.846: [DefNew: 960K->63K(960K), 0.0015703 secs] 335614K->335171K(524224K), 0.0016480 secs] [Times: user=0.00 sys=0.00, real=0.00 secs] 
7.850: [GC (Allocation Failure) 7.850: [DefNew: 959K->64K(960K), 0.0014945 secs] 336067K->335631K(524224K), 0.0015703 secs] [Times: user=0.00 sys=0.00, real=0.00 secs] 
7.853: [GC (Allocation Failure) 7.853: [DefNew: 960K->64K(960K), 0.0014045 secs] 336529K->336035K(524224K), 0.0014657 secs] [Times: user=0.00 sys=0.00, real=0.00 secs] 
7.855: [GC (Allocation Failure) 7.855: [DefNew: 960K->63K(960K), 0.0016054 secs] 336932K->336466K(524224K), 0.0016713 secs] [Times: user=0.01 sys=0.00, real=0.00 secs] 
7.859: [GC (Allocation Failure) 7.859: [DefNew: 959K->63K(960K), 0.0018114 secs] 337363K->336942K(524224K), 0.0019346 secs] [Times: user=0.00 sys=0.00, real=0.00 secs] 
7.862: [GC (Allocation Failure) 7.862: [DefNew: 959K->63K(960K), 0.0018083 secs] 337839K->337480K(524224K), 0.0019022 secs] [Times: user=0.00 sys=0.00, real=0.00 secs] 
7.866: [GC (Allocation Failure) 7.866: [DefNew: 959K->63K(960K), 0.0017226 secs] 338377K->337929K(524224K), 0.0018111 secs] [Times: user=0.00 sys=0.00, real=0.00 secs] 
7.870: [GC (Allocation Failure) 7.870: [DefNew: 959K->64K(960K), 0.0015079 secs] 338826K->338367K(524224K), 0.0015738 secs] [Times: user=0.00 sys=0.00, real=0.00 secs] 
7.876: [GC (Allocation Failure) 7.876: [DefNew: 960K->64K(960K), 0.0016011 secs] 339264K->338829K(524224K), 0.0017124 secs] [Times: user=0.00 sys=0.00, real=0.00 secs] 
7.880: [GC (Allocation Failure) 7.880: [DefNew: 960K->63K(960K), 0.0014392 secs] 339726K->339268K(524224K), 0.0015186 secs] [Times: user=0.00 sys=0.00, real=0.00 secs] 
7.882: [GC (Allocation Failure) 7.882: [DefNew: 959K->64K(960K), 0.0013926 secs] 340164K->339696K(524224K), 0.0014625 secs] [Times: user=0.00 sys=0.00, real=0.00 secs] 
7.885: [GC (Allocation Failure) 7.885: [DefNew: 960K->64K(960K), 0.0014700 secs] 340592K->340137K(524224K), 0.0015482 secs] [Times: user=0.00 sys=0.00, real=0.00 secs] 
7.889: [GC (Allocation Failure) 7.889: [DefNew: 960K->64K(960K), 0.0016018 secs] 341033K->340589K(524224K), 0.0016879 secs] [Times: user=0.00 sys=0.00, real=0.00 secs] 
7.892: [GC (Allocation Failure) 7.892: [DefNew: 960K->64K(960K), 0.0015280 secs] 341485K->341012K(524224K), 0.0015955 secs] [Times: user=0.00 sys=0.00, real=0.00 secs] 
7.896: [GC (Allocation Failure) 7.896: [DefNew: 960K->64K(960K), 0.0015186 secs] 341908K->341481K(524224K), 0.0016050 secs] [Times: user=0.00 sys=0.00, real=0.00 secs] 
7.899: [GC (Allocation Failure) 7.899: [DefNew: 960K->63K(960K), 0.0015833 secs] 342378K->341934K(524224K), 0.0016433 secs] [Times: user=0.00 sys=0.00, real=0.00 secs] 
7.903: [GC (Allocation Failure) 7.903: [DefNew: 959K->63K(960K), 0.0014136 secs] 342830K->342348K(524224K), 0.0014901 secs] [Times: user=0.00 sys=0.00, real=0.00 secs] 
7.907: [GC (Allocation Failure) 7.907: [DefNew: 959K->63K(960K), 0.0014447 secs] 343244K->342773K(524224K), 0.0015079 secs] [Times: user=0.00 sys=0.00, real=0.00 secs] 
7.909: [GC (Allocation Failure) 7.909: [DefNew: 959K->64K(960K), 0.0014463 secs] 343670K->343202K(524224K), 0.0015138 secs] [Times: user=0.00 sys=0.00, real=0.00 secs] 
7.912: [GC (Allocation Failure) 7.912: [DefNew: 960K->63K(960K), 0.0013875 secs] 344098K->343662K(524224K), 0.0014467 secs] [Times: user=0.00 sys=0.00, real=0.00 secs] 
7.914: [GC (Allocation Failure) 7.914: [DefNew: 959K->63K(960K), 0.0014447 secs] 344558K->344091K(524224K), 0.0015087 secs] [Times: user=0.00 sys=0.00, real=0.00 secs] 
7.917: [GC (Allocation Failure) 7.917: [DefNew: 959K->63K(960K), 0.0013311 secs] 344989K->344528K(524224K), 0.0013887 secs] [Times: user=0.01 sys=0.00, real=0.00 secs] 
7.920: [GC (Allocation Failure) 7.920: [DefNew: 959K->64K(960K), 0.0014712 secs] 345424K->344936K(524224K), 0.0015438 secs] [Times: user=0.00 sys=0.00, real=0.00 secs] 
7.922: [GC (Allocation Failure) 7.922: [DefNew: 960K->63K(960K), 0.0014886 secs] 345832K->345339K(524224K), 0.0015584 secs] [Times: user=0.00 sys=0.00, real=0.00 secs] 
7.925: [GC (Allocation Failure) 7.925: [DefNew: 959K->64K(960K), 0.0014076 secs] 346236K->345757K(524224K), 0.0014732 secs] [Times: user=0.00 sys=0.00, real=0.00 secs] 
7.927: [GC (Allocation Failure) 7.927: [DefNew: 960K->64K(960K), 0.0018442 secs] 346653K->346205K(524224K), 0.0019382 secs] [Times: user=0.00 sys=0.00, real=0.00 secs] 
7.931: [GC (Allocation Failure) 7.931: [DefNew: 960K->63K(960K), 0.0015774 secs] 347102K->346677K(524224K), 0.0016362 secs] [Times: user=0.00 sys=0.00, real=0.00 secs] 
7.935: [GC (Allocation Failure) 7.935: [DefNew: 959K->64K(960K), 0.0016974 secs] 347575K->347106K(524224K), 0.0018142 secs] [Times: user=0.00 sys=0.00, real=0.00 secs] 
7.938: [GC (Allocation Failure) 7.938: [DefNew: 960K->63K(960K), 0.0014961 secs] 348003K->347534K(524224K), 0.0015762 secs] [Times: user=0.00 sys=0.00, real=0.00 secs] 
7.942: [GC (Allocation Failure) 7.942: [DefNew: 959K->64K(960K), 0.0015742 secs] 348430K->348037K(524224K), 0.0016437 secs] [Times: user=0.00 sys=0.00, real=0.00 secs] 
7.945: [GC (Allocation Failure) 7.945: [DefNew: 960K->64K(960K), 0.0017759 secs] 348934K->348491K(524224K), 0.0018632 secs] [Times: user=0.00 sys=0.00, real=0.00 secs] 
7.949: [GC (Allocation Failure) 7.949: [DefNew: 960K->63K(960K), 0.0015470 secs] 349388K->348956K(524224K), 0.0016164 secs] [Times: user=0.02 sys=0.00, real=0.00 secs] 
7.953: [GC (Allocation Failure) 7.953: [DefNew: 959K->64K(960K), 0.0015853 secs] 349853K->349424K(524224K), 0.0016705 secs] [Times: user=0.00 sys=0.00, real=0.00 secs] 
7.956: [GC (Allocation Failure) 7.956: [DefNew: 960K->63K(960K), 0.0014617 secs] 350320K->349847K(524224K), 0.0015296 secs] [Times: user=0.00 sys=0.00, real=0.00 secs] 
7.959: [GC (Allocation Failure) 7.959: [DefNew: 959K->63K(960K), 0.0016713 secs] 350743K->350307K(524224K), 0.0017739 secs] [Times: user=0.00 sys=0.00, real=0.00 secs] 
7.962: [GC (Allocation Failure) 7.962: [DefNew: 959K->64K(960K), 0.0017799 secs] 351204K->350845K(524224K), 0.0018632 secs] [Times: user=0.00 sys=0.00, real=0.00 secs] 
7.966: [GC (Allocation Failure) 7.966: [DefNew: 960K->64K(960K), 0.0017238 secs] 351741K->351299K(524224K), 0.0018004 secs] [Times: user=0.00 sys=0.00, real=0.00 secs] 
7.970: [GC (Allocation Failure) 7.970: [DefNew: 960K->64K(960K), 0.0015024 secs] 352196K->351738K(524224K), 0.0015671 secs] [Times: user=0.00 sys=0.00, real=0.00 secs] 
7.974: [GC (Allocation Failure) 7.974: [DefNew: 960K->64K(960K), 0.0016986 secs] 352635K->352164K(524224K), 0.0018079 secs] [Times: user=0.00 sys=0.00, real=0.00 secs] 
7.978: [GC (Allocation Failure) 7.978: [DefNew: 960K->63K(960K), 0.0014104 secs] 353060K->352621K(524224K), 0.0014720 secs] [Times: user=0.00 sys=0.00, real=0.00 secs] 
7.980: [GC (Allocation Failure) 7.980: [DefNew: 959K->64K(960K), 0.0014909 secs] 353518K->353050K(524224K), 0.0015651 secs] [Times: user=0.02 sys=0.00, real=0.00 secs] 
7.983: [GC (Allocation Failure) 7.983: [DefNew: 960K->63K(960K), 0.0013982 secs] 353946K->353522K(524224K), 0.0014589 secs] [Times: user=0.00 sys=0.00, real=0.00 secs] 
7.986: [GC (Allocation Failure) 7.986: [DefNew: 959K->63K(960K), 0.0015853 secs] 354419K->353976K(524224K), 0.0016532 secs] [Times: user=0.00 sys=0.00, real=0.00 secs] 
7.989: [GC (Allocation Failure) 7.989: [DefNew: 959K->63K(960K), 0.0015430 secs] 354872K->354432K(524224K), 0.0016109 secs] [Times: user=0.00 sys=0.00, real=0.00 secs] 
7.993: [GC (Allocation Failure) 7.993: [DefNew: 959K->63K(960K), 0.0019579 secs] 355328K->354888K(524224K), 0.0020672 secs] [Times: user=0.00 sys=0.00, real=0.00 secs] 
7.996: [GC (Allocation Failure) 7.996: [DefNew: 959K->63K(960K), 0.0015734 secs] 355784K->355297K(524224K), 0.0016457 secs] [Times: user=0.00 sys=0.00, real=0.00 secs] 
8.000: [GC (Allocation Failure) 8.000: [DefNew: 959K->63K(960K), 0.0015466 secs] 356194K->355760K(524224K), 0.0016054 secs] [Times: user=0.00 sys=0.00, real=0.00 secs] 
8.004: [GC (Allocation Failure) 8.004: [DefNew: 959K->63K(960K), 0.0015620 secs] 356656K->356225K(524224K), 0.0016307 secs] [Times: user=0.00 sys=0.00, real=0.00 secs] 
8.007: [GC (Allocation Failure) 8.007: [DefNew: 959K->63K(960K), 0.0015055 secs] 357121K->356642K(524224K), 0.0015722 secs] [Times: user=0.00 sys=0.00, real=0.00 secs] 
8.011: [GC (Allocation Failure) 8.011: [DefNew: 959K->64K(960K), 0.0013970 secs] 357539K->357119K(524224K), 0.0014550 secs] [Times: user=0.02 sys=0.00, real=0.00 secs] 
8.013: [GC (Allocation Failure) 8.013: [DefNew: 960K->64K(960K), 0.0014526 secs] 358015K->357562K(524224K), 0.0015146 secs] [Times: user=0.00 sys=0.00, real=0.00 secs] 
8.016: [GC (Allocation Failure) 8.016: [DefNew: 960K->64K(960K), 0.0014799 secs] 358458K->358014K(524224K), 0.0015493 secs] [Times: user=0.00 sys=0.00, real=0.00 secs] 
8.019: [GC (Allocation Failure) 8.019: [DefNew: 960K->63K(960K), 0.0014151 secs] 358911K->358447K(524224K), 0.0014759 secs] [Times: user=0.00 sys=0.00, real=0.00 secs] 
8.021: [GC (Allocation Failure) 8.021: [DefNew: 959K->64K(960K), 0.0015608 secs] 359344K->358878K(524224K), 0.0016279 secs] [Times: user=0.00 sys=0.00, real=0.00 secs] 
8.025: [GC (Allocation Failure) 8.025: [DefNew: 960K->63K(960K), 0.0015943 secs] 359776K->359301K(524224K), 0.0016808 secs] [Times: user=0.00 sys=0.00, real=0.00 secs] 
8.030: [GC (Allocation Failure) 8.030: [DefNew: 959K->63K(960K), 0.0016464 secs] 360198K->359761K(524224K), 0.0017353 secs] [Times: user=0.00 sys=0.00, real=0.00 secs] 
8.033: [GC (Allocation Failure) 8.033: [DefNew: 959K->64K(960K), 0.0016745 secs] 360658K->360199K(524224K), 0.0017503 secs] [Times: user=0.00 sys=0.00, real=0.00 secs] 
8.037: [GC (Allocation Failure) 8.037: [DefNew: 960K->63K(960K), 0.0016472 secs] 361097K->360636K(524224K), 0.0017522 secs] [Times: user=0.00 sys=0.00, real=0.00 secs] 
8.040: [GC (Allocation Failure) 8.040: [DefNew: 959K->64K(960K), 0.0015087 secs] 361533K->361080K(524224K), 0.0015738 secs] [Times: user=0.00 sys=0.00, real=0.00 secs] 
8.044: [GC (Allocation Failure) 8.044: [DefNew: 960K->63K(960K), 0.0015916 secs] 361977K->361522K(524224K), 0.0016784 secs] [Times: user=0.00 sys=0.00, real=0.00 secs] 
8.048: [GC (Allocation Failure) 8.048: [DefNew: 959K->64K(960K), 0.0015912 secs] 362420K->362031K(524224K), 0.0016741 secs] [Times: user=0.00 sys=0.00, real=0.00 secs] 
8.051: [GC (Allocation Failure) 8.051: [DefNew: 960K->63K(960K), 0.0015347 secs] 362928K->362482K(524224K), 0.0015995 secs] [Times: user=0.00 sys=0.00, real=0.00 secs] 
8.055: [GC (Allocation Failure) 8.055: [DefNew: 959K->64K(960K), 0.0015142 secs] 363378K->362914K(524224K), 0.0015849 secs] [Times: user=0.00 sys=0.00, real=0.00 secs] 
8.058: [GC (Allocation Failure) 8.058: [DefNew: 960K->63K(960K), 0.0015592 secs] 363810K->363353K(524224K), 0.0016236 secs] [Times: user=0.02 sys=0.00, real=0.00 secs] 
8.062: [GC (Allocation Failure) 8.062: [DefNew: 959K->63K(960K), 0.0017582 secs] 364249K->363918K(524224K), 0.0018478 secs] [Times: user=0.00 sys=0.00, real=0.00 secs] 
8.066: [GC (Allocation Failure) 8.066: [DefNew: 959K->64K(960K), 0.0016370 secs] 364815K->364334K(524224K), 0.0017041 secs] [Times: user=0.00 sys=0.00, real=0.00 secs] 
8.069: [GC (Allocation Failure) 8.069: [DefNew: 960K->64K(960K), 0.0015936 secs] 365230K->364768K(524224K), 0.0016749 secs] [Times: user=0.00 sys=0.00, real=0.00 secs] 
8.075: [GC (Allocation Failure) 8.075: [DefNew: 960K->63K(960K), 0.0016421 secs] 365664K->365199K(524224K), 0.0019386 secs] [Times: user=0.00 sys=0.00, real=0.00 secs] 
8.078: [GC (Allocation Failure) 8.078: [DefNew: 959K->63K(960K), 0.0014755 secs] 366096K->365622K(524224K), 0.0015478 secs] [Times: user=0.00 sys=0.00, real=0.00 secs] 
8.081: [GC (Allocation Failure) 8.081: [DefNew: 959K->63K(960K), 0.0014530 secs] 366519K->366061K(524224K), 0.0015209 secs] [Times: user=0.00 sys=0.00, real=0.00 secs] 
8.084: [GC (Allocation Failure) 8.084: [DefNew: 959K->63K(960K), 0.0014661 secs] 366959K->366506K(524224K), 0.0015308 secs] [Times: user=0.00 sys=0.00, real=0.00 secs] 
8.086: [GC (Allocation Failure) 8.086: [DefNew: 959K->64K(960K), 0.0013934 secs] 367402K->366901K(524224K), 0.0014526 secs] [Times: user=0.00 sys=0.00, real=0.00 secs] 
8.089: [GC (Allocation Failure) 8.089: [DefNew: 960K->63K(960K), 0.0015217 secs] 367797K->367357K(524224K), 0.0015932 secs] [Times: user=0.01 sys=0.00, real=0.00 secs] 
8.092: [GC (Allocation Failure) 8.092: [DefNew: 959K->64K(960K), 0.0016922 secs] 368253K->367803K(524224K), 0.0017882 secs] [Times: user=0.00 sys=0.00, real=0.00 secs] 
8.096: [GC (Allocation Failure) 8.096: [DefNew: 960K->63K(960K), 0.0016263 secs] 368699K->368232K(524224K), 0.0017112 secs] [Times: user=0.00 sys=0.00, real=0.00 secs] 
8.100: [GC (Allocation Failure) 8.100: [DefNew: 959K->63K(960K), 0.0015707 secs] 369131K->368682K(524224K), 0.0016307 secs] [Times: user=0.00 sys=0.00, real=0.00 secs] 
8.103: [GC (Allocation Failure) 8.103: [DefNew: 959K->64K(960K), 0.0015714 secs] 369578K->369136K(524224K), 0.0016389 secs] [Times: user=0.00 sys=0.00, real=0.00 secs] 
8.107: [GC (Allocation Failure) 8.107: [DefNew: 960K->64K(960K), 0.0015466 secs] 370033K->369591K(524224K), 0.0016176 secs] [Times: user=0.00 sys=0.00, real=0.00 secs] 
8.110: [GC (Allocation Failure) 8.110: [DefNew: 960K->63K(960K), 0.0014708 secs] 370488K->370012K(524224K), 0.0015367 secs] [Times: user=0.00 sys=0.00, real=0.00 secs] 
8.113: [GC (Allocation Failure) 8.113: [DefNew: 959K->63K(960K), 0.0014645 secs] 370909K->370477K(524224K), 0.0015359 secs] [Times: user=0.00 sys=0.00, real=0.00 secs] 
8.116: [GC (Allocation Failure) 8.116: [DefNew: 959K->64K(960K), 0.0015845 secs] 371375K->370947K(524224K), 0.0016528 secs] [Times: user=0.00 sys=0.00, real=0.00 secs] 
8.119: [GC (Allocation Failure) 8.119: [DefNew: 960K->64K(960K), 0.0014045 secs] 371844K->371373K(524224K), 0.0014649 secs] [Times: user=0.00 sys=0.00, real=0.00 secs] 
8.122: [GC (Allocation Failure) 8.122: [DefNew: 960K->63K(960K), 0.0015174 secs] 372269K->371817K(524224K), 0.0015876 secs] [Times: user=0.00 sys=0.00, real=0.00 secs] 
8.125: [GC (Allocation Failure) 8.125: [DefNew: 959K->63K(960K), 0.0016401 secs] 372713K->372258K(524224K), 0.0017195 secs] [Times: user=0.00 sys=0.00, real=0.00 secs] 
8.129: [GC (Allocation Failure) 8.129: [DefNew: 959K->64K(960K), 0.0016997 secs] 373155K->372820K(524224K), 0.0018047 secs] [Times: user=0.00 sys=0.00, real=0.00 secs] 
8.133: [GC (Allocation Failure) 8.133: [DefNew: 960K->63K(960K), 0.0017179 secs] 373717K->373280K(524224K), 0.0017838 secs] [Times: user=0.00 sys=0.00, real=0.00 secs] 
8.136: [GC (Allocation Failure) 8.136: [DefNew: 959K->63K(960K), 0.0017171 secs] 374177K->373698K(524224K), 0.0019307 secs] [Times: user=0.02 sys=0.00, real=0.00 secs] 
8.142: [GC (Allocation Failure) 8.142: [DefNew: 959K->63K(960K), 0.0016832 secs] 374595K->374193K(524224K), 0.0017933 secs] [Times: user=0.00 sys=0.00, real=0.00 secs] 
8.145: [GC (Allocation Failure) 8.145: [DefNew: 959K->63K(960K), 0.0016326 secs] 375089K->374613K(524224K), 0.0017321 secs] [Times: user=0.00 sys=0.00, real=0.00 secs] 
8.149: [GC (Allocation Failure) 8.149: [DefNew: 959K->64K(960K), 0.0015592 secs] 375509K->375085K(524224K), 0.0016232 secs] [Times: user=0.00 sys=0.00, real=0.00 secs] 
8.153: [GC (Allocation Failure) 8.153: [DefNew: 960K->63K(960K), 0.0014937 secs] 375981K->375543K(524224K), 0.0015521 secs] [Times: user=0.00 sys=0.00, real=0.00 secs] 
8.155: [GC (Allocation Failure) 8.155: [DefNew: 959K->64K(960K), 0.0016563 secs] 376439K->375977K(524224K), 0.0017364 secs] [Times: user=0.00 sys=0.00, real=0.00 secs] 
8.159: [GC (Allocation Failure) 8.159: [DefNew: 960K->63K(960K), 0.0018588 secs] 376874K->376431K(524224K), 0.0020009 secs] [Times: user=0.00 sys=0.00, real=0.00 secs] 
8.162: [GC (Allocation Failure) 8.162: [DefNew: 959K->63K(960K), 0.0018489 secs] 377327K->376972K(524224K), 0.0019291 secs] [Times: user=0.00 sys=0.00, real=0.00 secs] 
8.166: [GC (Allocation Failure) 8.166: [DefNew: 959K->64K(960K), 0.0017633 secs] 377869K->377430K(524224K), 0.0018300 secs] [Times: user=0.02 sys=0.00, real=0.00 secs] 
8.170: [GC (Allocation Failure) 8.170: [DefNew: 960K->63K(960K), 0.0016046 secs] 378327K->377869K(524224K), 0.0016804 secs] [Times: user=0.00 sys=0.00, real=0.00 secs] 
8.176: [GC (Allocation Failure) 8.176: [DefNew: 959K->64K(960K), 0.0016804 secs] 378766K->378327K(524224K), 0.0017818 secs] [Times: user=0.00 sys=0.00, real=0.00 secs] 
8.180: [GC (Allocation Failure) 8.180: [DefNew: 960K->64K(960K), 0.0015178 secs] 379223K->378804K(524224K), 0.0015857 secs] [Times: user=0.00 sys=0.00, real=0.00 secs] 
8.183: [GC (Allocation Failure) 8.183: [DefNew: 960K->64K(960K), 0.0015778 secs] 379701K->379261K(524224K), 0.0016413 secs] [Times: user=0.01 sys=0.00, real=0.00 secs] 
8.187: [GC (Allocation Failure) 8.187: [DefNew: 960K->63K(960K), 0.0015442 secs] 380158K->379690K(524224K), 0.0016228 secs] [Times: user=0.00 sys=0.00, real=0.00 secs] 
8.191: [GC (Allocation Failure) 8.191: [DefNew: 959K->63K(960K), 0.0016330 secs] 380588K->380164K(524224K), 0.0017116 secs] [Times: user=0.00 sys=0.00, real=0.00 secs] 
8.194: [GC (Allocation Failure) 8.194: [DefNew: 959K->63K(960K), 0.0019843 secs] 381060K->380608K(524224K), 0.0020866 secs] [Times: user=0.00 sys=0.00, real=0.00 secs] 
8.198: [GC (Allocation Failure) 8.198: [DefNew: 959K->63K(960K), 0.0015861 secs] 381504K->381068K(524224K), 0.0016504 secs] [Times: user=0.02 sys=0.00, real=0.00 secs] 
8.201: [GC (Allocation Failure) 8.201: [DefNew: 959K->63K(960K), 0.0017811 secs] 381965K->381534K(524224K), 0.0018588 secs] [Times: user=0.00 sys=0.00, real=0.00 secs] 
8.205: [GC (Allocation Failure) 8.205: [DefNew: 959K->64K(960K), 0.0017084 secs] 382431K->382010K(524224K), 0.0017878 secs] [Times: user=0.00 sys=0.00, real=0.00 secs] 
8.209: [GC (Allocation Failure) 8.209: [DefNew: 960K->63K(960K), 0.0015438 secs] 382907K->382454K(524224K), 0.0016054 secs] [Times: user=0.00 sys=0.00, real=0.00 secs] 
8.212: [GC (Allocation Failure) 8.212: [DefNew: 959K->63K(960K), 0.0015493 secs] 383351K->382903K(524224K), 0.0016086 secs] [Times: user=0.00 sys=0.00, real=0.00 secs] 
8.216: [GC (Allocation Failure) 8.216: [DefNew: 959K->64K(960K), 0.0016457 secs] 383800K->383358K(524224K), 0.0017254 secs] [Times: user=0.00 sys=0.00, real=0.00 secs] 
8.219: [GC (Allocation Failure) 8.219: [DefNew: 960K->63K(960K), 0.0016097 secs] 384255K->383798K(524224K), 0.0016741 secs] [Times: user=0.00 sys=0.00, real=0.00 secs] 
8.223: [GC (Allocation Failure) 8.223: [DefNew: 959K->64K(960K), 0.0016922 secs] 384695K->384288K(524224K), 0.0017558 secs] [Times: user=0.00 sys=0.00, real=0.00 secs] 
8.227: [GC (Allocation Failure) 8.227: [DefNew: 960K->63K(960K), 0.0020333 secs] 385184K->384763K(524224K), 0.0021142 secs] [Times: user=0.00 sys=0.00, real=0.00 secs] 
8.230: [GC (Allocation Failure) 8.230: [DefNew: 959K->64K(960K), 0.0016847 secs] 385660K->385194K(524224K), 0.0017625 secs] [Times: user=0.00 sys=0.00, real=0.00 secs] 
8.234: [GC (Allocation Failure) 8.234: [DefNew: 960K->64K(960K), 0.0017049 secs] 386090K->385689K(524224K), 0.0017720 secs] [Times: user=0.00 sys=0.00, real=0.00 secs] 
8.237: [GC (Allocation Failure) 8.237: [DefNew: 960K->64K(960K), 0.0018055 secs] 386586K->386122K(524224K), 0.0019212 secs] [Times: user=0.00 sys=0.00, real=0.00 secs] 
8.241: [GC (Allocation Failure) 8.241: [DefNew: 960K->64K(960K), 0.0017250 secs] 387018K->386612K(524224K), 0.0018032 secs] [Times: user=0.00 sys=0.00, real=0.00 secs] 
8.245: [GC (Allocation Failure) 8.245: [DefNew: 960K->63K(960K), 0.0018786 secs] 387508K->387099K(524224K), 0.0019686 secs] [Times: user=0.01 sys=0.00, real=0.00 secs] 
8.248: [GC (Allocation Failure) 8.248: [DefNew: 959K->63K(960K), 0.0016982 secs] 387995K->387543K(524224K), 0.0017728 secs] [Times: user=0.00 sys=0.00, real=0.00 secs] 
8.252: [GC (Allocation Failure) 8.252: [DefNew: 959K->64K(960K), 0.0016808 secs] 388439K->388018K(524224K), 0.0017424 secs] [Times: user=0.00 sys=0.00, real=0.00 secs] 
8.255: [GC (Allocation Failure) 8.255: [DefNew: 960K->63K(960K), 0.0016836 secs] 388914K->388454K(524224K), 0.0017645 secs] [Times: user=0.00 sys=0.00, real=0.00 secs] 
8.259: [GC (Allocation Failure) 8.259: [DefNew: 959K->63K(960K), 0.0021892 secs] 389351K->388948K(524224K), 0.0023242 secs] [Times: user=0.00 sys=0.00, real=0.00 secs] 
8.263: [GC (Allocation Failure) 8.263: [DefNew: 959K->64K(960K), 0.0018430 secs] 389845K->389418K(524224K), 0.0019295 secs] [Times: user=0.00 sys=0.00, real=0.00 secs] 
8.266: [GC (Allocation Failure) 8.266: [DefNew: 960K->64K(960K), 0.0017475 secs] 390315K->389851K(524224K), 0.0018122 secs] [Times: user=0.00 sys=0.00, real=0.00 secs] 
8.270: [GC (Allocation Failure) 8.270: [DefNew: 960K->64K(960K), 0.0018643 secs] 390748K->390318K(524224K), 0.0019595 secs] [Times: user=0.00 sys=0.00, real=0.00 secs] 
8.277: [GC (Allocation Failure) 8.277: [DefNew: 960K->64K(960K), 0.0017053 secs] 391215K->390759K(524224K), 0.0018075 secs] [Times: user=0.00 sys=0.00, real=0.00 secs] 
8.281: [GC (Allocation Failure) 8.281: [DefNew: 960K->64K(960K), 0.0016922 secs] 391655K->391263K(524224K), 0.0017633 secs] [Times: user=0.00 sys=0.00, real=0.00 secs] 
8.285: [GC (Allocation Failure) 8.285: [DefNew: 960K->64K(960K), 0.0017767 secs] 392159K->391758K(524224K), 0.0018509 secs] [Times: user=0.00 sys=0.00, real=0.00 secs] 
8.288: [GC (Allocation Failure) 8.288: [DefNew: 960K->63K(960K), 0.0017136 secs] 392655K->392204K(524224K), 0.0017834 secs] [Times: user=0.00 sys=0.00, real=0.00 secs] 
8.292: [GC (Allocation Failure) 8.292: [DefNew: 959K->64K(960K), 0.0022484 secs] 393100K->392683K(524224K), 0.0024150 secs] [Times: user=0.02 sys=0.00, real=0.00 secs] 
8.296: [GC (Allocation Failure) 8.296: [DefNew: 960K->63K(960K), 0.0018987 secs] 393580K->393205K(524224K), 0.0019911 secs] [Times: user=0.00 sys=0.00, real=0.00 secs] 
8.300: [GC (Allocation Failure) 8.300: [DefNew: 959K->64K(960K), 0.0017743 secs] 394102K->393677K(524224K), 0.0018430 secs] [Times: user=0.00 sys=0.00, real=0.00 secs] 
8.304: [GC (Allocation Failure) 8.304: [DefNew: 960K->63K(960K), 0.0017376 secs] 394574K->394142K(524224K), 0.0018059 secs] [Times: user=0.00 sys=0.00, real=0.00 secs] 
8.307: [GC (Allocation Failure) 8.307: [DefNew: 959K->64K(960K), 0.0015880 secs] 395038K->394566K(524224K), 0.0016508 secs] [Times: user=0.02 sys=0.00, real=0.00 secs] 
8.311: [GC (Allocation Failure) 8.311: [DefNew: 960K->63K(960K), 0.0016050 secs] 395464K->395046K(524224K), 0.0016686 secs] [Times: user=0.00 sys=0.00, real=0.00 secs] 
8.314: [GC (Allocation Failure) 8.314: [DefNew: 959K->64K(960K), 0.0017601 secs] 395942K->395505K(524224K), 0.0018237 secs] [Times: user=0.00 sys=0.00, real=0.00 secs] 
8.318: [GC (Allocation Failure) 8.318: [DefNew: 960K->64K(960K), 0.0016445 secs] 396402K->395984K(524224K), 0.0017064 secs] [Times: user=0.00 sys=0.00, real=0.00 secs] 
8.322: [GC (Allocation Failure) 8.322: [DefNew: 960K->63K(960K), 0.0017878 secs] 396881K->396479K(524224K), 0.0018667 secs] [Times: user=0.01 sys=0.00, real=0.00 secs] 
8.325: [GC (Allocation Failure) 8.325: [DefNew: 959K->64K(960K), 0.0017128 secs] 397376K->396913K(524224K), 0.0017917 secs] [Times: user=0.00 sys=0.00, real=0.00 secs] 
8.329: [GC (Allocation Failure) 8.329: [DefNew: 960K->64K(960K), 0.0019792 secs] 397810K->397518K(524224K), 0.0020767 secs] [Times: user=0.00 sys=0.00, real=0.00 secs] 
8.332: [GC (Allocation Failure) 8.332: [DefNew: 960K->63K(960K), 0.0019267 secs] 398415K->397965K(524224K), 0.0019954 secs] [Times: user=0.00 sys=0.00, real=0.00 secs] 
8.336: [GC (Allocation Failure) 8.336: [DefNew: 959K->63K(960K), 0.0019851 secs] 398863K->398436K(524224K), 0.0020909 secs] [Times: user=0.00 sys=0.00, real=0.00 secs] 
8.340: [GC (Allocation Failure) 8.340: [DefNew: 959K->64K(960K), 0.0017400 secs] 399333K->398902K(524224K), 0.0018103 secs] [Times: user=0.00 sys=0.00, real=0.00 secs] 
8.343: [GC (Allocation Failure) 8.343: [DefNew: 960K->64K(960K), 0.0016070 secs] 399798K->399357K(524224K), 0.0016776 secs] [Times: user=0.00 sys=0.00, real=0.00 secs] 
8.347: [GC (Allocation Failure) 8.347: [DefNew: 960K->63K(960K), 0.0017424 secs] 400254K->399804K(524224K), 0.0018497 secs] [Times: user=0.00 sys=0.00, real=0.00 secs] 
8.350: [GC (Allocation Failure) 8.350: [DefNew: 959K->64K(960K), 0.0016824 secs] 400700K->400277K(524224K), 0.0017708 secs] [Times: user=0.00 sys=0.00, real=0.00 secs] 
8.354: [GC (Allocation Failure) 8.354: [DefNew: 960K->64K(960K), 0.0019397 secs] 401173K->400712K(524224K), 0.0020234 secs] [Times: user=0.02 sys=0.00, real=0.00 secs] 
8.358: [GC (Allocation Failure) 8.358: [DefNew: 960K->64K(960K), 0.0016299 secs] 401608K->401144K(524224K), 0.0017076 secs] [Times: user=0.00 sys=0.00, real=0.00 secs] 
8.361: [GC (Allocation Failure) 8.361: [DefNew: 960K->63K(960K), 0.0020029 secs] 402041K->401684K(524224K), 0.0021367 secs] [Times: user=0.00 sys=0.00, real=0.00 secs] 
8.365: [GC (Allocation Failure) 8.365: [DefNew: 959K->64K(960K), 0.0018280 secs] 402581K->402164K(524224K), 0.0019121 secs] [Times: user=0.00 sys=0.00, real=0.00 secs] 
8.368: [GC (Allocation Failure) 8.368: [DefNew: 960K->63K(960K), 0.0017767 secs] 403061K->402630K(524224K), 0.0018493 secs] [Times: user=0.00 sys=0.00, real=0.00 secs] 
8.376: [GC (Allocation Failure) 8.376: [DefNew: 959K->64K(960K), 0.0018343 secs] 403526K->403129K(524224K), 0.0019476 secs] [Times: user=0.00 sys=0.00, real=0.00 secs] 
8.380: [GC (Allocation Failure) 8.380: [DefNew: 960K->64K(960K), 0.0016776 secs] 404026K->403584K(524224K), 0.0017629 secs] [Times: user=0.00 sys=0.00, real=0.00 secs] 
8.383: [GC (Allocation Failure) 8.383: [DefNew: 960K->63K(960K), 0.0015722 secs] 404481K->404043K(524224K), 0.0016453 secs] [Times: user=0.00 sys=0.00, real=0.00 secs] 
8.387: [GC (Allocation Failure) 8.387: [DefNew: 959K->64K(960K), 0.0016283 secs] 404940K->404485K(524224K), 0.0017274 secs] [Times: user=0.00 sys=0.00, real=0.00 secs] 
8.390: [GC (Allocation Failure) 8.390: [DefNew: 960K->64K(960K), 0.0017609 secs] 405382K->404927K(524224K), 0.0018505 secs] [Times: user=0.00 sys=0.00, real=0.00 secs] 
8.394: [GC (Allocation Failure) 8.394: [DefNew: 960K->63K(960K), 0.0021908 secs] 405823K->405380K(524224K), 0.0023080 secs] [Times: user=0.00 sys=0.00, real=0.00 secs] 
8.398: [GC (Allocation Failure) 8.398: [DefNew: 959K->63K(960K), 0.0017246 secs] 406277K->405804K(524224K), 0.0018047 secs] [Times: user=0.00 sys=0.00, real=0.00 secs] 
8.401: [GC (Allocation Failure) 8.401: [DefNew: 959K->64K(960K), 0.0019607 secs] 406701K->406260K(524224K), 0.0020515 secs] [Times: user=0.01 sys=0.00, real=0.00 secs] 
8.405: [GC (Allocation Failure) 8.405: [DefNew: 960K->63K(960K), 0.0018146 secs] 407157K->406722K(524224K), 0.0019125 secs] [Times: user=0.00 sys=0.00, real=0.00 secs] 
8.408: [GC (Allocation Failure) 8.408: [DefNew: 959K->64K(960K), 0.0016638 secs] 407618K->407149K(524224K), 0.0017554 secs] [Times: user=0.00 sys=0.00, real=0.00 secs] 
8.412: [GC (Allocation Failure) 8.412: [DefNew: 960K->63K(960K), 0.0016239 secs] 408045K->407621K(524224K), 0.0016993 secs] [Times: user=0.00 sys=0.00, real=0.00 secs] 
8.416: [GC (Allocation Failure) 8.416: [DefNew: 959K->63K(960K), 0.0017262 secs] 408518K->408099K(524224K), 0.0017964 secs] [Times: user=0.00 sys=0.01, real=0.00 secs] 
8.419: [GC (Allocation Failure) 8.419: [DefNew: 959K->63K(960K), 0.0016224 secs] 408996K->408547K(524224K), 0.0016871 secs] [Times: user=0.00 sys=0.00, real=0.00 secs] 
8.423: [GC (Allocation Failure) 8.423: [DefNew: 959K->64K(960K), 0.0018166 secs] 409444K->409069K(524224K), 0.0018849 secs] [Times: user=0.00 sys=0.00, real=0.00 secs] 
8.426: [GC (Allocation Failure) 8.426: [DefNew: 960K->63K(960K), 0.0021521 secs] 409965K->409501K(524224K), 0.0022397 secs] [Times: user=0.00 sys=0.00, real=0.00 secs] 
8.430: [GC (Allocation Failure) 8.430: [DefNew: 959K->63K(960K), 0.0017917 secs] 410398K->409999K(524224K), 0.0018608 secs] [Times: user=0.00 sys=0.00, real=0.00 secs] 
8.434: [GC (Allocation Failure) 8.434: [DefNew: 959K->64K(960K), 0.0017763 secs] 410895K->410466K(524224K), 0.0018462 secs] [Times: user=0.00 sys=0.00, real=0.00 secs] 
8.437: [GC (Allocation Failure) 8.437: [DefNew: 960K->64K(960K), 0.0017546 secs] 411363K->410905K(524224K), 0.0018545 secs] [Times: user=0.00 sys=0.00, real=0.00 secs] 
8.441: [GC (Allocation Failure) 8.441: [DefNew: 960K->63K(960K), 0.0016982 secs] 411801K->411377K(524224K), 0.0017724 secs] [Times: user=0.00 sys=0.00, real=0.00 secs] 
8.444: [GC (Allocation Failure) 8.444: [DefNew: 959K->63K(960K), 0.0017846 secs] 412274K->411841K(524224K), 0.0018572 secs] [Times: user=0.00 sys=0.00, real=0.00 secs] 
8.448: [GC (Allocation Failure) 8.448: [DefNew: 959K->63K(960K), 0.0017661 secs] 412738K->412322K(524224K), 0.0018564 secs] [Times: user=0.02 sys=0.00, real=0.00 secs] 
8.452: [GC (Allocation Failure) 8.452: [DefNew: 959K->64K(960K), 0.0017100 secs] 413218K->412798K(524224K), 0.0017743 secs] [Times: user=0.00 sys=0.00, real=0.00 secs] 
8.455: [GC (Allocation Failure) 8.455: [DefNew: 960K->64K(960K), 0.0016358 secs] 413695K->413215K(524224K), 0.0017112 secs] [Times: user=0.00 sys=0.00, real=0.00 secs] 
8.459: [GC (Allocation Failure) 8.459: [DefNew: 960K->64K(960K), 0.0019962 secs] 414111K->413701K(524224K), 0.0021280 secs] [Times: user=0.00 sys=0.00, real=0.00 secs] 
8.462: [GC (Allocation Failure) 8.462: [DefNew: 960K->63K(960K), 0.0019642 secs] 414598K->414242K(524224K), 0.0020440 secs] [Times: user=0.02 sys=0.00, real=0.00 secs] 
8.466: [GC (Allocation Failure) 8.466: [DefNew: 959K->64K(960K), 0.0018809 secs] 415138K->414695K(524224K), 0.0019583 secs] [Times: user=0.00 sys=0.00, real=0.00 secs] 
8.470: [GC (Allocation Failure) 8.470: [DefNew: 960K->63K(960K), 0.0017795 secs] 415592K->415163K(524224K), 0.0018454 secs] [Times: user=0.00 sys=0.00, real=0.00 secs] 
8.475: [GC (Allocation Failure) 8.475: [DefNew: 959K->63K(960K), 0.0018395 secs] 416059K->415601K(524224K), 0.0020593 secs] [Times: user=0.00 sys=0.00, real=0.00 secs] 
8.479: [GC (Allocation Failure) 8.479: [DefNew: 959K->63K(960K), 0.0016796 secs] 416498K->416105K(524224K), 0.0017436 secs] [Times: user=0.01 sys=0.00, real=0.00 secs] 
8.482: [GC (Allocation Failure) 8.482: [DefNew: 959K->64K(960K), 0.0018036 secs] 417002K->416575K(524224K), 0.0018691 secs] [Times: user=0.00 sys=0.00, real=0.00 secs] 
8.486: [GC (Allocation Failure) 8.486: [DefNew: 960K->63K(960K), 0.0017132 secs] 417471K->417026K(524224K), 0.0017803 secs] [Times: user=0.00 sys=0.00, real=0.00 secs] 
8.490: [GC (Allocation Failure) 8.490: [DefNew: 959K->64K(960K), 0.0017957 secs] 417922K->417523K(524224K), 0.0018655 secs] [Times: user=0.00 sys=0.00, real=0.00 secs] 
8.493: [GC (Allocation Failure) 8.493: [DefNew: 960K->64K(960K), 0.0021000 secs] 418420K->417984K(524224K), 0.0021868 secs] [Times: user=0.00 sys=0.00, real=0.00 secs] 
8.497: [GC (Allocation Failure) 8.497: [DefNew: 960K->63K(960K), 0.0017664 secs] 418881K->418420K(524224K), 0.0018411 secs] [Times: user=0.00 sys=0.00, real=0.00 secs] 
8.500: [GC (Allocation Failure) 8.500: [DefNew: 959K->63K(960K), 0.0017116 secs] 419316K->418878K(524224K), 0.0017783 secs] [Times: user=0.00 sys=0.00, real=0.00 secs] 
8.504: [GC (Allocation Failure) 8.504: [DefNew: 959K->63K(960K), 0.0017933 secs] 419775K->419356K(524224K), 0.0018620 secs] [Times: user=0.00 sys=0.00, real=0.00 secs] 
8.508: [GC (Allocation Failure) 8.508: [DefNew: 959K->63K(960K), 0.0016575 secs] 420253K->419780K(524224K), 0.0017218 secs] [Times: user=0.00 sys=0.00, real=0.00 secs] 
8.511: [GC (Allocation Failure) 8.511: [DefNew: 959K->63K(960K), 0.0016658 secs] 420676K->420216K(524224K), 0.0017384 secs] [Times: user=0.00 sys=0.00, real=0.00 secs] 
8.515: [GC (Allocation Failure) 8.515: [DefNew: 959K->63K(960K), 0.0017550 secs] 421113K->420697K(524224K), 0.0018312 secs] [Times: user=0.00 sys=0.00, real=0.00 secs] 
8.518: [GC (Allocation Failure) 8.518: [DefNew: 959K->64K(960K), 0.0015920 secs] 421594K->421143K(524224K), 0.0016504 secs] [Times: user=0.00 sys=0.00, real=0.00 secs] 
8.522: [GC (Allocation Failure) 8.522: [DefNew: 960K->64K(960K), 0.0017076 secs] 422040K->421637K(524224K), 0.0017724 secs] [Times: user=0.00 sys=0.00, real=0.00 secs] 
8.526: [GC (Allocation Failure) 8.526: [DefNew: 960K->63K(960K), 0.0022334 secs] 422533K->422092K(524224K), 0.0023183 secs] [Times: user=0.02 sys=0.00, real=0.00 secs] 
8.529: [GC (Allocation Failure) 8.529: [DefNew: 959K->64K(960K), 0.0017396 secs] 422988K->422545K(524224K), 0.0018043 secs] [Times: user=0.00 sys=0.00, real=0.00 secs] 
8.533: [GC (Allocation Failure) 8.533: [DefNew: 960K->63K(960K), 0.0018036 secs] 423442K->423039K(524224K), 0.0018746 secs] [Times: user=0.00 sys=0.00, real=0.00 secs] 
8.536: [GC (Allocation Failure) 8.536: [DefNew: 959K->64K(960K), 0.0019200 secs] 423936K->423471K(524224K), 0.0020132 secs] [Times: user=0.00 sys=0.00, real=0.00 secs] 
8.540: [GC (Allocation Failure) 8.540: [DefNew: 960K->63K(960K), 0.0018142 secs] 424368K->423925K(524224K), 0.0019204 secs] [Times: user=0.01 sys=0.00, real=0.00 secs] 
8.544: [GC (Allocation Failure) 8.544: [DefNew: 959K->64K(960K), 0.0017696 secs] 424821K->424398K(524224K), 0.0018924 secs] [Times: user=0.00 sys=0.00, real=0.00 secs] 
8.547: [GC (Allocation Failure) 8.547: [DefNew: 960K->63K(960K), 0.0017909 secs] 425295K->424847K(524224K), 0.0018924 secs] [Times: user=0.00 sys=0.00, real=0.00 secs] 
8.551: [GC (Allocation Failure) 8.551: [DefNew: 959K->64K(960K), 0.0017274 secs] 425744K->425324K(524224K), 0.0018000 secs] [Times: user=0.00 sys=0.00, real=0.00 secs] 
8.554: [GC (Allocation Failure) 8.554: [DefNew: 960K->63K(960K), 0.0018296 secs] 426221K->425758K(524224K), 0.0019030 secs] [Times: user=0.00 sys=0.00, real=0.00 secs] 
8.558: [GC (Allocation Failure) 8.558: [DefNew: 959K->64K(960K), 0.0017562 secs] 426655K->426206K(524224K), 0.0018383 secs] [Times: user=0.00 sys=0.00, real=0.00 secs] 
8.562: [GC (Allocation Failure) 8.562: [DefNew: 960K->63K(960K), 0.0019772 secs] 427103K->426804K(524224K), 0.0020582 secs] [Times: user=0.00 sys=0.00, real=0.00 secs] 
8.565: [GC (Allocation Failure) 8.565: [DefNew: 959K->64K(960K), 0.0019172 secs] 427701K->427240K(524224K), 0.0019887 secs] [Times: user=0.00 sys=0.00, real=0.00 secs] 
8.569: [GC (Allocation Failure) 8.569: [DefNew: 960K->63K(960K), 0.0017964 secs] 428137K->427732K(524224K), 0.0018663 secs] [Times: user=0.00 sys=0.00, real=0.00 secs] 
8.575: [GC (Allocation Failure) 8.575: [DefNew: 959K->63K(960K), 0.0019074 secs] 428629K->428210K(524224K), 0.0020151 secs] [Times: user=0.00 sys=0.00, real=0.00 secs] 
8.579: [GC (Allocation Failure) 8.579: [DefNew: 959K->64K(960K), 0.0017013 secs] 429106K->428688K(524224K), 0.0017633 secs] [Times: user=0.00 sys=0.00, real=0.00 secs] 
8.583: [GC (Allocation Failure) 8.583: [DefNew: 960K->63K(960K), 0.0016145 secs] 429585K->429144K(524224K), 0.0016780 secs] [Times: user=0.00 sys=0.00, real=0.00 secs] 
8.586: [GC (Allocation Failure) 8.586: [DefNew: 959K->63K(960K), 0.0017088 secs] 430041K->429610K(524224K), 0.0017826 secs] [Times: user=0.00 sys=0.00, real=0.00 secs] 
8.590: [GC (Allocation Failure) 8.590: [DefNew: 959K->63K(960K), 0.0018213 secs] 430507K->430122K(524224K), 0.0018951 secs] [Times: user=0.00 sys=0.00, real=0.00 secs] 
8.593: [GC (Allocation Failure) 8.593: [DefNew: 959K->63K(960K), 0.0021241 secs] 431018K->430563K(524224K), 0.0022141 secs] [Times: user=0.00 sys=0.00, real=0.00 secs] 
8.597: [GC (Allocation Failure) 8.597: [DefNew: 959K->63K(960K), 0.0017787 secs] 431459K->431033K(524224K), 0.0018497 secs] [Times: user=0.00 sys=0.00, real=0.00 secs] 
8.601: [GC (Allocation Failure) 8.601: [DefNew: 959K->64K(960K), 0.0017566 secs] 431930K->431498K(524224K), 0.0018201 secs] [Times: user=0.00 sys=0.00, real=0.00 secs] 
8.604: [GC (Allocation Failure) 8.604: [DefNew: 960K->64K(960K), 0.0018568 secs] 432395K->431976K(524224K), 0.0019267 secs] [Times: user=0.02 sys=0.00, real=0.00 secs] 
8.608: [GC (Allocation Failure) 8.608: [DefNew: 960K->64K(960K), 0.0018343 secs] 432873K->432469K(524224K), 0.0019030 secs] [Times: user=0.00 sys=0.00, real=0.00 secs] 
8.611: [GC (Allocation Failure) 8.611: [DefNew: 960K->64K(960K), 0.0017096 secs] 433366K->432922K(524224K), 0.0017803 secs] [Times: user=0.00 sys=0.00, real=0.00 secs] 
8.615: [GC (Allocation Failure) 8.615: [DefNew: 960K->63K(960K), 0.0016445 secs] 433818K->433382K(524224K), 0.0017136 secs] [Times: user=0.00 sys=0.00, real=0.00 secs] 
8.618: [GC (Allocation Failure) 8.618: [DefNew: 959K->64K(960K), 0.0015861 secs] 434279K->433818K(524224K), 0.0016433 secs] [Times: user=0.00 sys=0.02, real=0.00 secs] 
8.622: [GC (Allocation Failure) 8.622: [DefNew: 960K->63K(960K), 0.0017037 secs] 434715K->434277K(524224K), 0.0017929 secs] [Times: user=0.00 sys=0.00, real=0.00 secs] 
8.626: [GC (Allocation Failure) 8.626: [DefNew: 959K->64K(960K), 0.0023124 secs] 435173K->434740K(524224K), 0.0024055 secs] [Times: user=0.00 sys=0.00, real=0.00 secs] 
8.629: [GC (Allocation Failure) 8.629: [DefNew: 960K->63K(960K), 0.0018020 secs] 435637K->435178K(524224K), 0.0018663 secs] [Times: user=0.00 sys=0.00, real=0.00 secs] 
8.633: [GC (Allocation Failure) 8.633: [DefNew: 959K->64K(960K), 0.0017289 secs] 436074K->435674K(524224K), 0.0018047 secs] [Times: user=0.00 sys=0.00, real=0.00 secs] 
8.637: [GC (Allocation Failure) 8.637: [DefNew: 960K->64K(960K), 0.0017084 secs] 436570K->436102K(524224K), 0.0018572 secs] [Times: user=0.00 sys=0.00, real=0.00 secs] 
8.640: [GC (Allocation Failure) 8.640: [DefNew: 960K->63K(960K), 0.0017649 secs] 436999K->436554K(524224K), 0.0018497 secs] [Times: user=0.00 sys=0.00, real=0.00 secs] 
8.644: [GC (Allocation Failure) 8.644: [DefNew: 959K->64K(960K), 0.0017503 secs] 437450K->437034K(524224K), 0.0018320 secs] [Times: user=0.00 sys=0.00, real=0.00 secs] 
8.647: [GC (Allocation Failure) 8.647: [DefNew: 960K->63K(960K), 0.0017009 secs] 437930K->437485K(524224K), 0.0017704 secs] [Times: user=0.00 sys=0.00, real=0.00 secs] 
8.651: [GC (Allocation Failure) 8.651: [DefNew: 959K->64K(960K), 0.0017321 secs] 438381K->437943K(524224K), 0.0018118 secs] [Times: user=0.02 sys=0.00, real=0.00 secs] 
8.655: [GC (Allocation Failure) 8.655: [DefNew: 960K->63K(960K), 0.0017364 secs] 438839K->438401K(524224K), 0.0018126 secs] [Times: user=0.00 sys=0.00, real=0.00 secs] 
8.658: [GC (Allocation Failure) 8.658: [DefNew: 959K->63K(960K), 0.0017226 secs] 439298K->438844K(524224K), 0.0017858 secs] [Times: user=0.00 sys=0.00, real=0.00 secs] 
8.662: [GC (Allocation Failure) 8.662: [DefNew: 959K->63K(960K), 0.0020412 secs] 439741K->439444K(524224K), 0.0021351 secs] [Times: user=0.00 sys=0.00, real=0.00 secs] 
8.665: [GC (Allocation Failure) 8.665: [DefNew: 959K->63K(960K), 0.0019851 secs] 440341K->439903K(524224K), 0.0020562 secs] [Times: user=0.01 sys=0.00, real=0.00 secs] 
8.669: [GC (Allocation Failure) 8.669: [DefNew: 959K->64K(960K), 0.0017704 secs] 440799K->440347K(524224K), 0.0018430 secs] [Times: user=0.00 sys=0.00, real=0.00 secs] 
8.674: [GC (Allocation Failure) 8.674: [DefNew: 960K->63K(960K), 0.0018347 secs] 441244K->440804K(524224K), 0.0019445 secs] [Times: user=0.00 sys=0.00, real=0.00 secs] 
8.678: [GC (Allocation Failure) 8.678: [DefNew: 959K->63K(960K), 0.0016532 secs] 441700K->441280K(524224K), 0.0017175 secs] [Times: user=0.00 sys=0.00, real=0.00 secs] 
8.682: [GC (Allocation Failure) 8.682: [DefNew: 959K->63K(960K), 0.0017909 secs] 442176K->441774K(524224K), 0.0018789 secs] [Times: user=0.02 sys=0.00, real=0.00 secs] 
8.685: [GC (Allocation Failure) 8.685: [DefNew: 959K->64K(960K), 0.0017211 secs] 442671K->442202K(524224K), 0.0017913 secs] [Times: user=0.00 sys=0.00, real=0.00 secs] 
8.689: [GC (Allocation Failure) 8.689: [DefNew: 960K->64K(960K), 0.0016974 secs] 443099K->442652K(524224K), 0.0017657 secs] [Times: user=0.00 sys=0.00, real=0.00 secs] 
8.692: [GC (Allocation Failure) 8.692: [DefNew: 960K->64K(960K), 0.0019974 secs] 443549K->443103K(524224K), 0.0021722 secs] [Times: user=0.00 sys=0.00, real=0.00 secs] 
8.696: [GC (Allocation Failure) 8.696: [DefNew: 960K->63K(960K), 0.0018679 secs] 443999K->443564K(524224K), 0.0019721 secs] [Times: user=0.01 sys=0.00, real=0.00 secs] 
8.700: [GC (Allocation Failure) 8.700: [DefNew: 959K->64K(960K), 0.0017984 secs] 444461K->444036K(524224K), 0.0018849 secs] [Times: user=0.00 sys=0.00, real=0.00 secs] 
8.703: [GC (Allocation Failure) 8.703: [DefNew: 960K->64K(960K), 0.0017542 secs] 444932K->444487K(524224K), 0.0018217 secs] [Times: user=0.00 sys=0.00, real=0.00 secs] 
8.707: [GC (Allocation Failure) 8.707: [DefNew: 960K->64K(960K), 0.0016303 secs] 445384K->444919K(524224K), 0.0016950 secs] [Times: user=0.00 sys=0.00, real=0.00 secs] 
8.710: [GC (Allocation Failure) 8.710: [DefNew: 960K->63K(960K), 0.0017305 secs] 445815K->445395K(524224K), 0.0017933 secs] [Times: user=0.00 sys=0.00, real=0.00 secs] 
8.714: [GC (Allocation Failure) 8.714: [DefNew: 959K->64K(960K), 0.0017743 secs] 446292K->445864K(524224K), 0.0018414 secs] [Times: user=0.00 sys=0.00, real=0.00 secs] 
8.718: [GC (Allocation Failure) 8.718: [DefNew: 960K->63K(960K), 0.0017187 secs] 446760K->446353K(524224K), 0.0017811 secs] [Times: user=0.00 sys=0.00, real=0.00 secs] 
8.721: [GC (Allocation Failure) 8.721: [DefNew: 959K->63K(960K), 0.0017195 secs] 447250K->446812K(524224K), 0.0017957 secs] [Times: user=0.00 sys=0.00, real=0.00 secs] 
8.725: [GC (Allocation Failure) 8.725: [DefNew: 959K->63K(960K), 0.0018525 secs] 447709K->447300K(524224K), 0.0019299 secs] [Times: user=0.00 sys=0.00, real=0.00 secs] 
8.728: [GC (Allocation Failure) 8.728: [DefNew: 959K->63K(960K), 0.0022583 secs] 448196K->447865K(524224K), 0.0023542 secs] [Times: user=0.02 sys=0.00, real=0.00 secs] 
8.733: [GC (Allocation Failure) 8.733: [DefNew: 959K->63K(960K), 0.0019318 secs] 448761K->448377K(524224K), 0.0020017 secs] [Times: user=0.00 sys=0.00, real=0.00 secs] 
8.737: [GC (Allocation Failure) 8.737: [DefNew: 959K->64K(960K), 0.0018683 secs] 449273K->448863K(524224K), 0.0019334 secs] [Times: user=0.00 sys=0.00, real=0.00 secs] 
8.740: [GC (Allocation Failure) 8.740: [DefNew: 960K->63K(960K), 0.0019070 secs] 449761K->449302K(524224K), 0.0020155 secs] [Times: user=0.00 sys=0.00, real=0.00 secs] 
8.744: [GC (Allocation Failure) 8.744: [DefNew: 959K->63K(960K), 0.0021154 secs] 450198K->449779K(524224K), 0.0022200 secs] [Times: user=0.02 sys=0.00, real=0.00 secs] 
8.747: [GC (Allocation Failure) 8.747: [DefNew: 959K->63K(960K), 0.0018687 secs] 450676K->450295K(524224K), 0.0019650 secs] [Times: user=0.00 sys=0.00, real=0.00 secs] 
8.751: [GC (Allocation Failure) 8.751: [DefNew: 959K->64K(960K), 0.0018628 secs] 451191K->450766K(524224K), 0.0019441 secs] [Times: user=0.00 sys=0.00, real=0.00 secs] 
8.755: [GC (Allocation Failure) 8.755: [DefNew: 960K->63K(960K), 0.0019997 secs] 451663K->451265K(524224K), 0.0020743 secs] [Times: user=0.00 sys=0.00, real=0.00 secs] 
8.758: [GC (Allocation Failure) 8.758: [DefNew: 959K->64K(960K), 0.0018908 secs] 452161K->451699K(524224K), 0.0019678 secs] [Times: user=0.00 sys=0.00, real=0.00 secs] 
8.762: [GC (Allocation Failure) 8.762: [DefNew: 960K->64K(960K), 0.0021379 secs] 452596K->452308K(524224K), 0.0022322 secs] [Times: user=0.00 sys=0.00, real=0.00 secs] 
8.766: [GC (Allocation Failure) 8.766: [DefNew: 960K->64K(960K), 0.0020443 secs] 453204K->452775K(524224K), 0.0021193 secs] [Times: user=0.00 sys=0.00, real=0.00 secs] 
8.770: [GC (Allocation Failure) 8.770: [DefNew: 960K->63K(960K), 0.0017795 secs] 453672K->453253K(524224K), 0.0018478 secs] [Times: user=0.00 sys=0.00, real=0.00 secs] 
8.776: [GC (Allocation Failure) 8.776: [DefNew: 959K->63K(960K), 0.0017605 secs] 454149K->453700K(524224K), 0.0018730 secs] [Times: user=0.00 sys=0.00, real=0.00 secs] 
8.779: [GC (Allocation Failure) 8.779: [DefNew: 959K->63K(960K), 0.0016129 secs] 454597K->454143K(524224K), 0.0016899 secs] [Times: user=0.00 sys=0.00, real=0.00 secs] 
8.783: [GC (Allocation Failure) 8.783: [DefNew: 959K->63K(960K), 0.0018395 secs] 455040K->454661K(524224K), 0.0019334 secs] [Times: user=0.00 sys=0.00, real=0.00 secs] 
8.786: [GC (Allocation Failure) 8.786: [DefNew: 959K->64K(960K), 0.0017858 secs] 455557K->455104K(524224K), 0.0018707 secs] [Times: user=0.00 sys=0.00, real=0.00 secs] 
8.790: [GC (Allocation Failure) 8.790: [DefNew: 960K->64K(960K), 0.0018355 secs] 456000K->455626K(524224K), 0.0019745 secs] [Times: user=0.01 sys=0.00, real=0.00 secs] 
8.794: [GC (Allocation Failure) 8.794: [DefNew: 960K->64K(960K), 0.0022990 secs] 456523K->456104K(524224K), 0.0024178 secs] [Times: user=0.00 sys=0.00, real=0.00 secs] 
8.797: [GC (Allocation Failure) 8.797: [DefNew: 960K->63K(960K), 0.0018288 secs] 457000K->456570K(524224K), 0.0018983 secs] [Times: user=0.00 sys=0.00, real=0.00 secs] 
8.801: [GC (Allocation Failure) 8.801: [DefNew: 959K->63K(960K), 0.0017921 secs] 457466K->457049K(524224K), 0.0018568 secs] [Times: user=0.00 sys=0.00, real=0.00 secs] 
8.804: [GC (Allocation Failure) 8.804: [DefNew: 959K->63K(960K), 0.0018103 secs] 457946K->457496K(524224K), 0.0018738 secs] [Times: user=0.00 sys=0.00, real=0.00 secs] 
8.808: [GC (Allocation Failure) 8.808: [DefNew: 959K->63K(960K), 0.0018008 secs] 458393K->457968K(524224K), 0.0018778 secs] [Times: user=0.00 sys=0.00, real=0.00 secs] 
8.812: [GC (Allocation Failure) 8.812: [DefNew: 959K->64K(960K), 0.0018016 secs] 458864K->458454K(524224K), 0.0018667 secs] [Times: user=0.00 sys=0.00, real=0.00 secs] 
8.815: [GC (Allocation Failure) 8.815: [DefNew: 960K->64K(960K), 0.0019141 secs] 459350K->458918K(524224K), 0.0019891 secs] [Times: user=0.00 sys=0.00, real=0.00 secs] 
8.819: [GC (Allocation Failure) 8.819: [DefNew: 960K->64K(960K), 0.0017436 secs] 459814K->459378K(524224K), 0.0018178 secs] [Times: user=0.00 sys=0.00, real=0.00 secs] 
8.822: [GC (Allocation Failure) 8.822: [DefNew: 960K->63K(960K), 0.0017333 secs] 460274K->459830K(524224K), 0.0018063 secs] [Times: user=0.02 sys=0.00, real=0.00 secs] 
8.826: [GC (Allocation Failure) 8.826: [DefNew: 959K->64K(960K), 0.0022157 secs] 460727K->460283K(524224K), 0.0023033 secs] [Times: user=0.00 sys=0.00, real=0.00 secs] 
8.830: [GC (Allocation Failure) 8.830: [DefNew: 960K->64K(960K), 0.0018632 secs] 461180K->460760K(524224K), 0.0019386 secs] [Times: user=0.00 sys=0.00, real=0.00 secs] 
8.833: [GC (Allocation Failure) 8.833: [DefNew: 960K->64K(960K), 0.0018067 secs] 461657K->461235K(524224K), 0.0018695 secs] [Times: user=0.00 sys=0.00, real=0.00 secs] 
8.837: [GC (Allocation Failure) 8.837: [DefNew: 960K->63K(960K), 0.0020688 secs] 462132K->461702K(524224K), 0.0021387 secs] [Times: user=0.02 sys=0.00, real=0.00 secs] 
8.840: [GC (Allocation Failure) 8.840: [DefNew: 959K->63K(960K), 0.0019389 secs] 462599K->462144K(524224K), 0.0020313 secs] [Times: user=0.00 sys=0.00, real=0.00 secs] 
8.844: [GC (Allocation Failure) 8.844: [DefNew: 959K->64K(960K), 0.0018699 secs] 463040K->462607K(524224K), 0.0019828 secs] [Times: user=0.00 sys=0.00, real=0.00 secs] 
8.848: [GC (Allocation Failure) 8.848: [DefNew: 960K->64K(960K), 0.0017712 secs] 463504K->463058K(524224K), 0.0018596 secs] [Times: user=0.00 sys=0.00, real=0.00 secs] 
8.851: [GC (Allocation Failure) 8.851: [DefNew: 960K->63K(960K), 0.0017834 secs] 463955K->463502K(524224K), 0.0018671 secs] [Times: user=0.00 sys=0.00, real=0.00 secs] 
8.855: [GC (Allocation Failure) 8.855: [DefNew: 959K->64K(960K), 0.0018146 secs] 464398K->463965K(524224K), 0.0018951 secs] [Times: user=0.00 sys=0.00, real=0.00 secs] 
8.858: [GC (Allocation Failure) 8.858: [DefNew: 960K->63K(960K), 0.0017333 secs] 464862K->464421K(524224K), 0.0018071 secs] [Times: user=0.00 sys=0.00, real=0.00 secs] 
8.862: [GC (Allocation Failure) 8.862: [DefNew: 959K->64K(960K), 0.0021087 secs] 465318K->465033K(524224K), 0.0021951 secs] [Times: user=0.00 sys=0.00, real=0.00 secs] 
8.866: [GC (Allocation Failure) 8.866: [DefNew: 960K->64K(960K), 0.0020274 secs] 465930K->465475K(524224K), 0.0020992 secs] [Times: user=0.00 sys=0.00, real=0.00 secs] 
8.869: [GC (Allocation Failure) 8.869: [DefNew: 960K->64K(960K), 0.0017392 secs] 466372K->465912K(524224K), 0.0018095 secs] [Times: user=0.02 sys=0.00, real=0.00 secs] 
8.875: [GC (Allocation Failure) 8.875: [DefNew: 960K->63K(960K), 0.0019239 secs] 466808K->466413K(524224K), 0.0020297 secs] [Times: user=0.00 sys=0.00, real=0.00 secs] 
8.878: [GC (Allocation Failure) 8.878: [DefNew: 959K->63K(960K), 0.0017017 secs] 467309K->466860K(524224K), 0.0017739 secs] [Times: user=0.00 sys=0.00, real=0.00 secs] 
8.882: [GC (Allocation Failure) 8.882: [DefNew: 959K->63K(960K), 0.0016938 secs] 467757K->467347K(524224K), 0.0017589 secs] [Times: user=0.00 sys=0.00, real=0.00 secs] 
8.886: [GC (Allocation Failure) 8.886: [DefNew: 959K->63K(960K), 0.0017424 secs] 468243K->467801K(524224K), 0.0018154 secs] [Times: user=0.00 sys=0.00, real=0.00 secs] 
8.889: [GC (Allocation Failure) 8.889: [DefNew: 959K->63K(960K), 0.0017984 secs] 468697K->468279K(524224K), 0.0018695 secs] [Times: user=0.00 sys=0.00, real=0.00 secs] 
8.893: [GC (Allocation Failure) 8.893: [DefNew: 959K->64K(960K), 0.0021150 secs] 469175K->468765K(524224K), 0.0022018 secs] [Times: user=0.00 sys=0.00, real=0.00 secs] 
8.896: [GC (Allocation Failure) 8.896: [DefNew: 960K->64K(960K), 0.0018383 secs] 469662K->469229K(524224K), 0.0019066 secs] [Times: user=0.00 sys=0.00, real=0.00 secs] 
8.900: [GC (Allocation Failure) 8.900: [DefNew: 960K->64K(960K), 0.0021107 secs] 470125K->469718K(524224K), 0.0021849 secs] [Times: user=0.02 sys=0.00, real=0.00 secs] 
8.903: [GC (Allocation Failure) 8.903: [DefNew: 960K->63K(960K), 0.0017005 secs] 470614K->470152K(524224K), 0.0017720 secs] [Times: user=0.00 sys=0.00, real=0.00 secs] 
8.907: [GC (Allocation Failure) 8.907: [DefNew: 959K->64K(960K), 0.0018217 secs] 471048K->470636K(524224K), 0.0018900 secs] [Times: user=0.00 sys=0.00, real=0.00 secs] 
8.911: [GC (Allocation Failure) 8.911: [DefNew: 960K->63K(960K), 0.0018205 secs] 471532K->471116K(524224K), 0.0018864 secs] [Times: user=0.00 sys=0.00, real=0.00 secs] 
8.914: [GC (Allocation Failure) 8.914: [DefNew: 959K->63K(960K), 0.0017653 secs] 472012K->471549K(524224K), 0.0018280 secs] [Times: user=0.00 sys=0.00, real=0.00 secs] 
8.918: [GC (Allocation Failure) 8.918: [DefNew: 959K->64K(960K), 0.0016366 secs] 472445K->471990K(524224K), 0.0017057 secs] [Times: user=0.00 sys=0.00, real=0.00 secs] 
8.921: [GC (Allocation Failure) 8.921: [DefNew: 960K->63K(960K), 0.0016267 secs] 472886K->472419K(524224K), 0.0017017 secs] [Times: user=0.00 sys=0.00, real=0.00 secs] 
8.925: [GC (Allocation Failure) 8.925: [DefNew: 959K->64K(960K), 0.0017921 secs] 473315K->472894K(524224K), 0.0018628 secs] [Times: user=0.00 sys=0.00, real=0.00 secs] 
8.929: [GC (Allocation Failure) 8.929: [DefNew: 960K->63K(960K), 0.0020009 secs] 473791K->473494K(524224K), 0.0020909 secs] [Times: user=0.00 sys=0.00, real=0.00 secs] 
8.932: [GC (Allocation Failure) 8.932: [DefNew: 959K->64K(960K), 0.0020147 secs] 474391K->473948K(524224K), 0.0020980 secs] [Times: user=0.00 sys=0.00, real=0.00 secs] 
8.936: [GC (Allocation Failure) 8.936: [DefNew: 960K->64K(960K), 0.0018584 secs] 474844K->474411K(524224K), 0.0019358 secs] [Times: user=0.00 sys=0.00, real=0.00 secs] 
8.939: [GC (Allocation Failure) 8.939: [DefNew: 960K->63K(960K), 0.0018166 secs] 475308K->474882K(524224K), 0.0018825 secs] [Times: user=0.00 sys=0.00, real=0.00 secs] 
8.943: [GC (Allocation Failure) 8.943: [DefNew: 959K->64K(960K), 0.0019536 secs] 475779K->475385K(524224K), 0.0020337 secs] [Times: user=0.00 sys=0.00, real=0.00 secs] 
8.947: [GC (Allocation Failure) 8.947: [DefNew: 960K->63K(960K), 0.0018517 secs] 476281K->475872K(524224K), 0.0019236 secs] [Times: user=0.01 sys=0.00, real=0.00 secs] 
8.950: [GC (Allocation Failure) 8.950: [DefNew: 959K->64K(960K), 0.0017886 secs] 476769K->476327K(524224K), 0.0018588 secs] [Times: user=0.00 sys=0.00, real=0.00 secs] 
8.954: [GC (Allocation Failure) 8.954: [DefNew: 960K->63K(960K), 0.0019125 secs] 477224K->476820K(524224K), 0.0019962 secs] [Times: user=0.00 sys=0.00, real=0.00 secs] 
8.957: [GC (Allocation Failure) 8.957: [DefNew: 959K->64K(960K), 0.0017155 secs] 477717K->477281K(524224K), 0.0017811 secs] [Times: user=0.00 sys=0.00, real=0.00 secs] 
8.961: [GC (Allocation Failure) 8.961: [DefNew: 960K->64K(960K), 0.0020538 secs] 478177K->477823K(524224K), 0.0021738 secs] [Times: user=0.00 sys=0.00, real=0.00 secs] 
8.965: [GC (Allocation Failure) 8.965: [DefNew: 960K->63K(960K), 0.0019812 secs] 478719K->478312K(524224K), 0.0020574 secs] [Times: user=0.00 sys=0.00, real=0.00 secs] 
8.968: [GC (Allocation Failure) 8.968: [DefNew: 959K->63K(960K), 0.0018466 secs] 479208K->478752K(524224K), 0.0019295 secs] [Times: user=0.00 sys=0.00, real=0.00 secs] 
8.975: [GC (Allocation Failure) 8.975: [DefNew: 959K->63K(960K), 0.0018328 secs] 479649K->479233K(524224K), 0.0019480 secs] [Times: user=0.00 sys=0.00, real=0.00 secs] 
8.978: [GC (Allocation Failure) 8.978: [DefNew: 959K->63K(960K), 0.0018687 secs] 480130K->479691K(524224K), 0.0019547 secs] [Times: user=0.02 sys=0.00, real=0.00 secs] 
8.982: [GC (Allocation Failure) 8.982: [DefNew: 959K->64K(960K), 0.0018000 secs] 480588K->480171K(524224K), 0.0018829 secs] [Times: user=0.00 sys=0.00, real=0.00 secs] 
8.986: [GC (Allocation Failure) 8.986: [DefNew: 960K->63K(960K), 0.0018521 secs] 481067K->480674K(524224K), 0.0019354 secs] [Times: user=0.00 sys=0.00, real=0.00 secs] 
8.989: [GC (Allocation Failure) 8.989: [DefNew: 959K->63K(960K), 0.0017621 secs] 481571K->481123K(524224K), 0.0018568 secs] [Times: user=0.00 sys=0.00, real=0.00 secs] 
8.993: [GC (Allocation Failure) 8.993: [DefNew: 959K->64K(960K), 0.0021407 secs] 482019K->481613K(524224K), 0.0022346 secs] [Times: user=0.01 sys=0.00, real=0.00 secs] 
8.996: [GC (Allocation Failure) 8.996: [DefNew: 960K->64K(960K), 0.0018959 secs] 482510K->482082K(524224K), 0.0019741 secs] [Times: user=0.00 sys=0.00, real=0.00 secs] 
9.000: [GC (Allocation Failure) 9.000: [DefNew: 960K->64K(960K), 0.0018572 secs] 482979K->482554K(524224K), 0.0019188 secs] [Times: user=0.00 sys=0.00, real=0.00 secs] 
9.004: [GC (Allocation Failure) 9.004: [DefNew: 960K->64K(960K), 0.0020416 secs] 483451K->483047K(524224K), 0.0060130 secs] [Times: user=0.00 sys=0.00, real=0.01 secs] 
9.011: [GC (Allocation Failure) 9.011: [DefNew: 960K->64K(960K), 0.0018154 secs] 483944K->483495K(524224K), 0.0018928 secs] [Times: user=0.00 sys=0.00, real=0.00 secs] 
9.015: [GC (Allocation Failure) 9.015: [DefNew: 960K->63K(960K), 0.0017897 secs] 484391K->483994K(524224K), 0.0018778 secs] [Times: user=0.00 sys=0.00, real=0.00 secs] 
9.018: [GC (Allocation Failure) 9.018: [DefNew: 959K->64K(960K), 0.0017945 secs] 484891K->484454K(524224K), 0.0018608 secs] [Times: user=0.00 sys=0.00, real=0.00 secs] 
9.022: [GC (Allocation Failure) 9.022: [DefNew: 960K->64K(960K), 0.0018438 secs] 485350K->484964K(524224K), 0.0019172 secs] [Times: user=0.00 sys=0.00, real=0.00 secs] 
9.026: [GC (Allocation Failure) 9.026: [DefNew: 960K->64K(960K), 0.0022836 secs] 485861K->485435K(524224K), 0.0023743 secs] [Times: user=0.00 sys=0.00, real=0.00 secs] 
9.029: [GC (Allocation Failure) 9.029: [DefNew: 960K->63K(960K), 0.0018339 secs] 486332K->485888K(524224K), 0.0019038 secs] [Times: user=0.00 sys=0.00, real=0.00 secs] 
9.033: [GC (Allocation Failure) 9.033: [DefNew: 959K->63K(960K), 0.0019279 secs] 486785K->486387K(524224K), 0.0020017 secs] [Times: user=0.00 sys=0.00, real=0.00 secs] 
9.036: [GC (Allocation Failure) 9.036: [DefNew: 959K->63K(960K), 0.0018675 secs] 487284K->486825K(524224K), 0.0019295 secs] [Times: user=0.00 sys=0.00, real=0.00 secs] 
9.040: [GC (Allocation Failure) 9.040: [DefNew: 959K->64K(960K), 0.0019922 secs] 487722K->487292K(524224K), 0.0020882 secs] [Times: user=0.02 sys=0.00, real=0.00 secs] 
9.044: [GC (Allocation Failure) 9.044: [DefNew: 960K->64K(960K), 0.0019591 secs] 488189K->487790K(524224K), 0.0020396 secs] [Times: user=0.00 sys=0.00, real=0.00 secs] 
9.047: [GC (Allocation Failure) 9.047: [DefNew: 960K->64K(960K), 0.0018521 secs] 488686K->488256K(524224K), 0.0019251 secs] [Times: user=0.00 sys=0.00, real=0.00 secs] 
9.051: [GC (Allocation Failure) 9.051: [DefNew: 960K->63K(960K), 0.0018399 secs] 489153K->488735K(524224K), 0.0019089 secs] [Times: user=0.00 sys=0.00, real=0.00 secs] 
9.054: [GC (Allocation Failure) 9.054: [DefNew: 959K->64K(960K), 0.0018868 secs] 489632K->489204K(524224K), 0.0019709 secs] [Times: user=0.00 sys=0.00, real=0.00 secs] 
9.058: [GC (Allocation Failure) 9.058: [DefNew: 960K->63K(960K), 0.0018604 secs] 490101K->489673K(524224K), 0.0019358 secs] [Times: user=0.00 sys=0.00, real=0.00 secs] 
9.062: [GC (Allocation Failure) 9.062: [DefNew: 959K->63K(960K), 0.0021237 secs] 490570K->490289K(524224K), 0.0022157 secs] [Times: user=0.00 sys=0.00, real=0.00 secs] 
9.065: [GC (Allocation Failure) 9.065: [DefNew: 959K->63K(960K), 0.0019709 secs] 491185K->490730K(524224K), 0.0020337 secs] [Times: user=0.00 sys=0.00, real=0.00 secs] 
9.069: [GC (Allocation Failure) 9.069: [DefNew: 959K->63K(960K), 0.0018888 secs] 491627K->491235K(524224K), 0.0019543 secs] [Times: user=0.00 sys=0.00, real=0.00 secs] 
9.074: [GC (Allocation Failure) 9.074: [DefNew: 959K->64K(960K), 0.0021904 secs] 492132K->491705K(524224K), 0.0023072 secs] [Times: user=0.00 sys=0.00, real=0.00 secs] 
9.078: [GC (Allocation Failure) 9.078: [DefNew: 960K->64K(960K), 0.0018786 secs] 492601K->492181K(524224K), 0.0019528 secs] [Times: user=0.00 sys=0.00, real=0.00 secs] 
9.082: [GC (Allocation Failure) 9.082: [DefNew: 960K->63K(960K), 0.0016982 secs] 493077K->492621K(524224K), 0.0017609 secs] [Times: user=0.00 sys=0.00, real=0.00 secs] 
9.085: [GC (Allocation Failure) 9.085: [DefNew: 959K->64K(960K), 0.0016322 secs] 493518K->493069K(524224K), 0.0016922 secs] [Times: user=0.00 sys=0.00, real=0.00 secs] 
9.089: [GC (Allocation Failure) 9.089: [DefNew: 960K->64K(960K), 0.0017961 secs] 493966K->493536K(524224K), 0.0018762 secs] [Times: user=0.00 sys=0.00, real=0.00 secs] 
9.092: [GC (Allocation Failure) 9.092: [DefNew: 960K->63K(960K), 0.0019875 secs] 494433K->494012K(524224K), 0.0021268 secs] [Times: user=0.00 sys=0.00, real=0.00 secs] 
9.096: [GC (Allocation Failure) 9.096: [DefNew: 959K->63K(960K), 0.0019812 secs] 494908K->494519K(524224K), 0.0020755 secs] [Times: user=0.00 sys=0.00, real=0.00 secs] 
9.100: [GC (Allocation Failure) 9.100: [DefNew: 959K->64K(960K), 0.0018734 secs] 495415K->494984K(524224K), 0.0019520 secs] [Times: user=0.00 sys=0.00, real=0.00 secs] 
9.103: [GC (Allocation Failure) 9.103: [DefNew: 960K->63K(960K), 0.0022429 secs] 495881K->495457K(524224K), 0.0023226 secs] [Times: user=0.02 sys=0.00, real=0.00 secs] 
9.107: [GC (Allocation Failure) 9.107: [DefNew: 959K->63K(960K), 0.0018896 secs] 496353K->495940K(524224K), 0.0019579 secs] [Times: user=0.00 sys=0.00, real=0.00 secs] 
9.110: [GC (Allocation Failure) 9.110: [DefNew: 959K->63K(960K), 0.0018908 secs] 496836K->496406K(524224K), 0.0019571 secs] [Times: user=0.00 sys=0.00, real=0.00 secs] 
9.114: [GC (Allocation Failure) 9.114: [DefNew: 959K->63K(960K), 0.0018470 secs] 497303K->496880K(524224K), 0.0019121 secs] [Times: user=0.00 sys=0.00, real=0.00 secs] 
9.117: [GC (Allocation Failure) 9.117: [DefNew: 959K->63K(960K), 0.0017076 secs] 497777K->497330K(524224K), 0.0017676 secs] [Times: user=0.00 sys=0.00, real=0.00 secs] 
9.121: [GC (Allocation Failure) 9.121: [DefNew: 959K->63K(960K), 0.0018789 secs] 498227K->497803K(524224K), 0.0019729 secs] [Times: user=0.00 sys=0.00, real=0.00 secs] 
9.125: [GC (Allocation Failure) 9.125: [DefNew: 959K->63K(960K), 0.0018549 secs] 498700K->498301K(524224K), 0.0019236 secs] [Times: user=0.00 sys=0.00, real=0.00 secs] 
9.128: [GC (Allocation Failure) 9.128: [DefNew: 959K->64K(960K), 0.0020838 secs] 499197K->498894K(524224K), 0.0021659 secs] [Times: user=0.00 sys=0.00, real=0.00 secs] 
9.132: [GC (Allocation Failure) 9.132: [DefNew: 960K->64K(960K), 0.0020953 secs] 499790K->499407K(524224K), 0.0021651 secs] [Times: user=0.00 sys=0.00, real=0.00 secs] 
9.135: [GC (Allocation Failure) 9.135: [DefNew: 960K->63K(960K), 0.0019824 secs] 500303K->499878K(524224K), 0.0020538 secs] [Times: user=0.00 sys=0.00, real=0.00 secs] 
9.139: [GC (Allocation Failure) 9.139: [DefNew: 959K->64K(960K), 0.0019275 secs] 500775K->500347K(524224K), 0.0020128 secs] [Times: user=0.00 sys=0.00, real=0.00 secs] 
9.146: [GC (Allocation Failure) 9.146: [DefNew: 960K->64K(960K), 0.0019689 secs] 501244K->500813K(524224K), 0.0020818 secs] [Times: user=0.00 sys=0.00, real=0.00 secs] 
9.149: [GC (Allocation Failure) 9.149: [DefNew: 960K->63K(960K), 0.0017795 secs] 501709K->501257K(524224K), 0.0018446 secs] [Times: user=0.02 sys=0.00, real=0.00 secs] 
9.153: [GC (Allocation Failure) 9.153: [DefNew: 959K->64K(960K), 0.0017992 secs] 502153K->501758K(524224K), 0.0018817 secs] [Times: user=0.00 sys=0.00, real=0.00 secs] 
9.156: [GC (Allocation Failure) 9.156: [DefNew: 960K->63K(960K), 0.0017787 secs] 502655K->502203K(524224K), 0.0018505 secs] [Times: user=0.00 sys=0.00, real=0.00 secs] 
9.160: [GC (Allocation Failure) 9.160: [DefNew: 959K->64K(960K), 0.0020088 secs] 503099K->502686K(524224K), 0.0020925 secs] [Times: user=0.00 sys=0.00, real=0.00 secs] 
9.164: [GC (Allocation Failure) 9.164: [DefNew: 960K->63K(960K), 0.0019255 secs] 503583K->503151K(524224K), 0.0019914 secs] [Times: user=0.02 sys=0.00, real=0.00 secs] 
9.167: [GC (Allocation Failure) 9.167: [DefNew: 959K->64K(960K), 0.0018754 secs] 504048K->503603K(524224K), 0.0019512 secs] [Times: user=0.00 sys=0.00, real=0.00 secs] 
9.174: [GC (Allocation Failure) 9.174: [DefNew: 960K->64K(960K), 0.0019180 secs] 504500K->504068K(524224K), 0.0020211 secs] [Times: user=0.00 sys=0.00, real=0.00 secs] 
9.177: [GC (Allocation Failure) 9.177: [DefNew: 960K->64K(960K), 0.0018312 secs] 504965K->504544K(524224K), 0.0019161 secs] [Times: user=0.00 sys=0.00, real=0.00 secs] 
9.181: [GC (Allocation Failure) 9.181: [DefNew: 960K->63K(960K), 0.0019188 secs] 505441K->505025K(524224K), 0.0020009 secs] [Times: user=0.02 sys=0.00, real=0.00 secs] 
9.185: [GC (Allocation Failure) 9.185: [DefNew: 959K->63K(960K), 0.0019121 secs] 505921K->505521K(524224K), 0.0019863 secs] [Times: user=0.00 sys=0.00, real=0.00 secs] 
9.188: [GC (Allocation Failure) 9.188: [DefNew: 959K->64K(960K), 0.0018024 secs] 506418K->505977K(524224K), 0.0018683 secs] [Times: user=0.00 sys=0.00, real=0.00 secs] 
9.192: [GC (Allocation Failure) 9.192: [DefNew: 960K->64K(960K), 0.0020080 secs] 506874K->506484K(524224K), 0.0021142 secs] [Times: user=0.00 sys=0.00, real=0.00 secs] 
9.195: [GC (Allocation Failure) 9.195: [DefNew: 960K->64K(960K), 0.0021470 secs] 507381K->507055K(524224K), 0.0022366 secs] [Times: user=0.00 sys=0.00, real=0.00 secs] 
9.199: [GC (Allocation Failure) 9.199: [DefNew: 960K->64K(960K), 0.0020601 secs] 507952K->507564K(524224K), 0.0021253 secs] [Times: user=0.00 sys=0.00, real=0.00 secs] 
9.203: [GC (Allocation Failure) 9.203: [DefNew: 960K->63K(960K), 0.0018268 secs] 508461K->508035K(524224K), 0.0018951 secs] [Times: user=0.00 sys=0.00, real=0.00 secs] 
9.206: [GC (Allocation Failure) 9.206: [DefNew: 959K->64K(960K), 0.0018489 secs] 508931K->508480K(524224K), 0.0019216 secs] [Times: user=0.00 sys=0.00, real=0.00 secs] 
9.210: [GC (Allocation Failure) 9.210: [DefNew: 960K->64K(960K), 0.0018328 secs] 509376K->508979K(524224K), 0.0018943 secs] [Times: user=0.00 sys=0.00, real=0.00 secs] 
9.213: [GC (Allocation Failure) 9.213: [DefNew: 960K->64K(960K), 0.0018545 secs] 509876K->509402K(524224K), 0.0019307 secs] [Times: user=0.00 sys=0.00, real=0.00 secs] 
9.217: [GC (Allocation Failure) 9.217: [DefNew: 960K->64K(960K), 0.0017941 secs] 510299K->509889K(524224K), 0.0018600 secs] [Times: user=0.00 sys=0.00, real=0.00 secs] 
9.221: [GC (Allocation Failure) 9.221: [DefNew: 960K->64K(960K), 0.0018367 secs] 510785K->510375K(524224K), 0.0019133 secs] [Times: user=0.00 sys=0.00, real=0.00 secs] 
9.224: [GC (Allocation Failure) 9.224: [DefNew: 960K->63K(960K), 0.0018399 secs] 511271K->510831K(524224K), 0.0019125 secs] [Times: user=0.00 sys=0.00, real=0.00 secs] 
9.228: [GC (Allocation Failure) 9.228: [DefNew: 959K->63K(960K), 0.0021265 secs] 511728K->511335K(524224K), 0.0022622 secs] [Times: user=0.02 sys=0.00, real=0.00 secs] 
9.231: [GC (Allocation Failure) 9.231: [DefNew: 959K->63K(960K), 0.0019050 secs] 512232K->511796K(524224K), 0.0019832 secs] [Times: user=0.00 sys=0.00, real=0.00 secs] 
9.235: [GC (Allocation Failure) 9.235: [DefNew: 959K->63K(960K), 0.0019603 secs] 512693K->512292K(524224K), 0.0020305 secs] [Times: user=0.00 sys=0.00, real=0.00 secs] 
9.239: [GC (Allocation Failure) 9.239: [DefNew: 959K->64K(960K), 0.0018805 secs] 513189K->512743K(524224K), 0.0019500 secs] [Times: user=0.00 sys=0.00, real=0.00 secs] 
9.242: [GC (Allocation Failure) 9.242: [DefNew: 960K->64K(960K), 0.0018939 secs] 513640K->513217K(524224K), 0.0019725 secs] [Times: user=0.02 sys=0.00, real=0.00 secs] 
9.246: [GC (Allocation Failure) 9.246: [DefNew: 960K->63K(960K), 0.0020795 secs] 514115K->513678K(524224K), 0.0021904 secs] [Times: user=0.00 sys=0.00, real=0.00 secs] 
9.249: [GC (Allocation Failure) 9.249: [DefNew: 959K->63K(960K), 0.0018825 secs] 514575K->514144K(524224K), 0.0019575 secs] [Times: user=0.00 sys=0.00, real=0.00 secs] 
9.253: [GC (Allocation Failure) 9.253: [DefNew: 959K->63K(960K), 0.0018343 secs] 515041K->514624K(524224K), 0.0019042 secs] [Times: user=0.00 sys=0.00, real=0.00 secs] 
9.257: [GC (Allocation Failure) 9.257: [DefNew: 959K->63K(960K), 0.0018328 secs] 515520K->515067K(524224K), 0.0019184 secs] [Times: user=0.00 sys=0.00, real=0.00 secs] 
9.260: [GC (Allocation Failure) 9.260: [DefNew: 959K->63K(960K), 0.0020700 secs] 515964K->515519K(524224K), 0.0021549 secs] [Times: user=0.00 sys=0.00, real=0.00 secs] 
9.264: [GC (Allocation Failure) 9.264: [DefNew: 959K->63K(960K), 0.0020080 secs] 516416K->516032K(524224K), 0.0020965 secs] [Times: user=0.00 sys=0.00, real=0.00 secs] 
9.267: [GC (Allocation Failure) 9.267: [DefNew: 959K->64K(960K), 0.0019721 secs] 516929K->516492K(524224K), 0.0020459 secs] [Times: user=0.00 sys=0.00, real=0.00 secs] 
9.275: [GC (Allocation Failure) 9.275: [DefNew: 960K->63K(960K), 0.0020487 secs] 517388K->516991K(524224K), 0.0021659 secs] [Times: user=0.01 sys=0.00, real=0.00 secs] 
9.278: [GC (Allocation Failure) 9.278: [DefNew: 959K->63K(960K), 0.0018332 secs] 517888K->517441K(524224K), 0.0019172 secs] [Times: user=0.00 sys=0.00, real=0.00 secs] 
9.282: [GC (Allocation Failure) 9.282: [DefNew: 959K->64K(960K), 0.0018426 secs] 518338K->517916K(524224K), 0.0019338 secs] [Times: user=0.00 sys=0.00, real=0.00 secs] 
9.286: [GC (Allocation Failure) 9.286: [DefNew: 960K->63K(960K), 0.0018987 secs] 518813K->518409K(524224K), 0.0019879 secs] [Times: user=0.00 sys=0.00, real=0.00 secs] 
9.289: [GC (Allocation Failure) 9.289: [DefNew: 959K->63K(960K), 0.0018975 secs] 519305K->518902K(524224K), 0.0019863 secs] [Times: user=0.02 sys=0.00, real=0.00 secs] 
9.293: [GC (Allocation Failure) 9.293: [DefNew: 959K->63K(960K), 0.0021845 secs] 519799K->519375K(524224K), 0.0022812 secs] [Times: user=0.00 sys=0.00, real=0.00 secs] 
9.296: [GC (Allocation Failure) 9.296: [DefNew: 959K->64K(960K), 0.0018233 secs] 520272K->519828K(524224K), 0.0019263 secs] [Times: user=0.00 sys=0.00, real=0.00 secs] 
9.303: [GC (Allocation Failure) 9.303: [DefNew: 960K->63K(960K), 0.0025496 secs] 520724K->520064K(524224K), 0.0026732 secs] [Times: user=0.00 sys=0.00, real=0.00 secs] 
9.308: [GC (Allocation Failure) 9.308: [DefNew: 959K->64K(960K), 0.0010974 secs] 520961K->520468K(524224K), 0.0011949 secs] [Times: user=0.00 sys=0.00, real=0.00 secs] 
9.310: [GC (Allocation Failure) 9.310: [DefNew: 960K->63K(960K), 0.0010386 secs] 521367K->520856K(524224K), 0.0011226 secs] [Times: user=0.00 sys=0.00, real=0.00 secs] 
9.313: [GC (Allocation Failure) 9.313: [DefNew: 959K->64K(960K), 0.0011676 secs] 521754K->521285K(524224K), 0.0012541 secs] [Times: user=0.00 sys=0.00, real=0.00 secs] 
9.315: [GC (Allocation Failure) 9.315: [DefNew: 960K->64K(960K), 0.0011045 secs] 522182K->521674K(524224K), 0.0011771 secs] [Times: user=0.00 sys=0.00, real=0.00 secs] 
9.318: [GC (Allocation Failure) 9.318: [DefNew: 960K->64K(960K), 0.0010089 secs] 522571K->522091K(524224K), 0.0010689 secs] [Times: user=0.00 sys=0.00, real=0.00 secs] 
9.321: [GC (Allocation Failure) 9.321: [DefNew: 960K->64K(960K), 0.0010318 secs] 522987K->522514K(524224K), 0.0010887 secs] [Times: user=0.01 sys=0.00, real=0.00 secs] 
9.323: [GC (Allocation Failure) 9.323: [DefNew: 960K->63K(960K), 0.0010595 secs] 523412K->522885K(524224K), 0.0011349 secs] [Times: user=0.00 sys=0.00, real=0.00 secs] 
9.326: [GC (Allocation Failure) 9.326: [DefNew: 959K->959K(960K), 0.0000241 secs]9.326: [Tenured: 522824K->12063K(523264K), 0.0793912 secs] 523784K->12063K(524224K), [Metaspace: 1790K->1790K(4480K)], 0.0795321 secs] [Times: user=0.08 sys=0.00, real=0.08 secs] 
9.407: [GC (Allocation Failure) 9.407: [DefNew: 896K->63K(960K), 0.0006493 secs] 12959K->12435K(524224K), 0.0007247 secs] [Times: user=0.00 sys=0.00, real=0.00 secs] 
9.409: [GC (Allocation Failure) 9.409: [DefNew: 959K->64K(960K), 0.0009438 secs] 13334K->12823K(524224K), 0.0010263 secs] [Times: user=0.00 sys=0.00, real=0.00 secs] 
9.412: [GC (Allocation Failure) 9.412: [DefNew: 960K->63K(960K), 0.0010054 secs] 13720K->13262K(524224K), 0.0010887 secs] [Times: user=0.00 sys=0.00, real=0.00 secs] 
9.414: [GC (Allocation Failure) 9.414: [DefNew: 959K->64K(960K), 0.0009399 secs] 14158K->13655K(524224K), 0.0010421 secs] [Times: user=0.00 sys=0.00, real=0.00 secs] 
9.417: [GC (Allocation Failure) 9.417: [DefNew: 960K->63K(960K), 0.0008811 secs] 14551K->14076K(524224K), 0.0009639 secs] [Times: user=0.00 sys=0.00, real=0.00 secs] 
9.420: [GC (Allocation Failure) 9.420: [DefNew: 959K->63K(960K), 0.0007974 secs] 14973K->14482K(524224K), 0.0008850 secs] [Times: user=0.00 sys=0.00, real=0.00 secs] 
9.422: [GC (Allocation Failure) 9.422: [DefNew: 959K->64K(960K), 0.0008021 secs] 15379K->14849K(524224K), 0.0008767 secs] [Times: user=0.00 sys=0.00, real=0.00 secs] 
9.425: [GC (Allocation Failure) 9.425: [DefNew: 960K->64K(960K), 0.0008980 secs] 15746K->15281K(524224K), 0.0009793 secs] [Times: user=0.00 sys=0.00, real=0.00 secs] 
9.427: [GC (Allocation Failure) 9.427: [DefNew: 960K->63K(960K), 0.0011712 secs] 16177K->15667K(524224K), 0.0012774 secs] [Times: user=0.00 sys=0.00, real=0.00 secs] 
9.430: [GC (Allocation Failure) 9.430: [DefNew: 959K->64K(960K), 0.0009557 secs] 16563K->16074K(524224K), 0.0010291 secs] [Times: user=0.00 sys=0.00, real=0.00 secs] 
9.433: [GC (Allocation Failure) 9.433: [DefNew: 960K->63K(960K), 0.0009478 secs] 16970K->16470K(524224K), 0.0010062 secs] [Times: user=0.00 sys=0.00, real=0.00 secs] 
9.435: [GC (Allocation Failure) 9.435: [DefNew: 959K->63K(960K), 0.0009647 secs] 17366K->16865K(524224K), 0.0010362 secs] [Times: user=0.00 sys=0.00, real=0.00 secs] 
9.438: [GC (Allocation Failure) 9.438: [DefNew: 959K->64K(960K), 0.0008589 secs] 17763K->17258K(524224K), 0.0009107 secs] [Times: user=0.00 sys=0.00, real=0.00 secs] 
9.440: [GC (Allocation Failure) 9.440: [DefNew: 960K->63K(960K), 0.0008053 secs] 18157K->17618K(524224K), 0.0008566 secs] [Times: user=0.00 sys=0.00, real=0.00 secs] 
9.443: [GC (Allocation Failure) 9.443: [DefNew: 959K->63K(960K), 0.0008838 secs] 18515K->18031K(524224K), 0.0009355 secs] [Times: user=0.00 sys=0.00, real=0.00 secs] 
9.446: [GC (Allocation Failure) 9.446: [DefNew: 959K->63K(960K), 0.0008333 secs] 18927K->18425K(524224K), 0.0009059 secs] [Times: user=0.02 sys=0.00, real=0.00 secs] 
9.448: [GC (Allocation Failure) 9.448: [DefNew: 959K->64K(960K), 0.0008574 secs] 19323K->18778K(524224K), 0.0009300 secs] [Times: user=0.00 sys=0.00, real=0.00 secs] 
9.451: [GC (Allocation Failure) 9.451: [DefNew: 960K->64K(960K), 0.0009624 secs] 19674K->19216K(524224K), 0.0010346 secs] [Times: user=0.00 sys=0.00, real=0.00 secs] 
9.453: [GC (Allocation Failure) 9.453: [DefNew: 960K->63K(960K), 0.0008645 secs] 20114K->19591K(524224K), 0.0009557 secs] [Times: user=0.00 sys=0.00, real=0.00 secs] 
9.456: [GC (Allocation Failure) 9.456: [DefNew: 959K->63K(960K), 0.0008005 secs] 20488K->19972K(524224K), 0.0008653 secs] [Times: user=0.00 sys=0.00, real=0.00 secs] 
9.459: [GC (Allocation Failure) 9.459: [DefNew: 959K->63K(960K), 0.0007847 secs] 20869K->20360K(524224K), 0.0008514 secs] [Times: user=0.00 sys=0.00, real=0.00 secs] 
9.461: [GC (Allocation Failure) 9.461: [DefNew: 959K->64K(960K), 0.0009762 secs] 21256K->20822K(524224K), 0.0011029 secs] [Times: user=0.00 sys=0.00, real=0.00 secs] 
9.464: [GC (Allocation Failure) 9.464: [DefNew: 960K->64K(960K), 0.0009928 secs] 21719K->21214K(524224K), 0.0010729 secs] [Times: user=0.00 sys=0.00, real=0.00 secs] 
9.466: [GC (Allocation Failure) 9.466: [DefNew: 960K->63K(960K), 0.0009628 secs] 22110K->21598K(524224K), 0.0010346 secs] [Times: user=0.00 sys=0.00, real=0.00 secs] 
9.469: [GC (Allocation Failure) 9.469: [DefNew: 959K->63K(960K), 0.0009312 secs] 22494K->22022K(524224K), 0.0009876 secs] [Times: user=0.00 sys=0.00, real=0.00 secs] 
9.475: [GC (Allocation Failure) 9.475: [DefNew: 959K->63K(960K), 0.0010954 secs] 22918K->22436K(524224K), 0.0012083 secs] [Times: user=0.00 sys=0.00, real=0.00 secs] 
9.477: [GC (Allocation Failure) 9.477: [DefNew: 959K->64K(960K), 0.0009501 secs] 23333K->22824K(524224K), 0.0010216 secs] [Times: user=0.02 sys=0.00, real=0.00 secs] 
9.480: [GC (Allocation Failure) 9.480: [DefNew: 960K->64K(960K), 0.0009517 secs] 23720K->23233K(524224K), 0.0010121 secs] [Times: user=0.00 sys=0.00, real=0.00 secs] 
9.483: [GC (Allocation Failure) 9.483: [DefNew: 960K->63K(960K), 0.0008511 secs] 24130K->23624K(524224K), 0.0009197 secs] [Times: user=0.00 sys=0.00, real=0.00 secs] 
9.485: [GC (Allocation Failure) 9.485: [DefNew: 959K->63K(960K), 0.0007741 secs] 24522K->23982K(524224K), 0.0008289 secs] [Times: user=0.00 sys=0.00, real=0.00 secs] 
9.488: [GC (Allocation Failure) 9.488: [DefNew: 959K->63K(960K), 0.0008076 secs] 24879K->24389K(524224K), 0.0008779 secs] [Times: user=0.00 sys=0.00, real=0.00 secs] 
9.490: [GC (Allocation Failure) 9.490: [DefNew: 959K->63K(960K), 0.0008175 secs] 25287K->24800K(524224K), 0.0008787 secs] [Times: user=0.00 sys=0.00, real=0.00 secs] 
9.493: [GC (Allocation Failure) 9.493: [DefNew: 959K->64K(960K), 0.0016046 secs] 25697K->25236K(524224K), 0.0017408 secs] [Times: user=0.01 sys=0.00, real=0.00 secs] 
9.497: [GC (Allocation Failure) 9.497: [DefNew: 960K->64K(960K), 0.0009861 secs] 26133K->25652K(524224K), 0.0010595 secs] [Times: user=0.00 sys=0.00, real=0.00 secs] 
9.499: [GC (Allocation Failure) 9.499: [DefNew: 960K->64K(960K), 0.0010086 secs] 26551K->26055K(524224K), 0.0010863 secs] [Times: user=0.00 sys=0.00, real=0.00 secs] 
9.502: [GC (Allocation Failure) 9.502: [DefNew: 960K->63K(960K), 0.0009561 secs] 26951K->26475K(524224K), 0.0010255 secs] [Times: user=0.00 sys=0.00, real=0.00 secs] 
9.504: [GC (Allocation Failure) 9.504: [DefNew: 959K->63K(960K), 0.0009268 secs] 27372K->26868K(524224K), 0.0009959 secs] [Times: user=0.00 sys=0.00, real=0.00 secs] 
9.507: [GC (Allocation Failure) 9.507: [DefNew: 959K->64K(960K), 0.0010066 secs] 27764K->27240K(524224K), 0.0011104 secs] [Times: user=0.00 sys=0.00, real=0.00 secs] 
9.510: [GC (Allocation Failure) 9.510: [DefNew: 960K->63K(960K), 0.0010074 secs] 28137K->27660K(524224K), 0.0010942 secs] [Times: user=0.00 sys=0.00, real=0.00 secs] 
9.512: [GC (Allocation Failure) 9.512: [DefNew: 959K->64K(960K), 0.0010204 secs] 28558K->28058K(524224K), 0.0011041 secs] [Times: user=0.00 sys=0.00, real=0.00 secs] 
9.515: [GC (Allocation Failure) 9.515: [DefNew: 960K->64K(960K), 0.0009572 secs] 28954K->28488K(524224K), 0.0010318 secs] [Times: user=0.00 sys=0.00, real=0.00 secs] 
9.517: [GC (Allocation Failure) 9.517: [DefNew: 960K->63K(960K), 0.0009146 secs] 29384K->28878K(524224K), 0.0009904 secs] [Times: user=0.00 sys=0.00, real=0.00 secs] 
9.520: [GC (Allocation Failure) 9.520: [DefNew: 959K->63K(960K), 0.0008684 secs] 29774K->29319K(524224K), 0.0009245 secs] [Times: user=0.00 sys=0.00, real=0.00 secs] 
9.523: [GC (Allocation Failure) 9.523: [DefNew: 959K->64K(960K), 0.0008728 secs] 30218K->29754K(524224K), 0.0009343 secs] [Times: user=0.00 sys=0.00, real=0.00 secs] 
9.525: [GC (Allocation Failure) 9.525: [DefNew: 960K->63K(960K), 0.0011783 secs] 30651K->30152K(524224K), 0.0012592 secs] [Times: user=0.00 sys=0.00, real=0.00 secs] 
9.528: [GC (Allocation Failure) 9.528: [DefNew: 959K->63K(960K), 0.0008842 secs] 31049K->30585K(524224K), 0.0009849 secs] [Times: user=0.00 sys=0.00, real=0.00 secs] 
9.530: [GC (Allocation Failure) 9.530: [DefNew: 959K->64K(960K), 0.0009087 secs] 31483K->30949K(524224K), 0.0009675 secs] [Times: user=0.00 sys=0.00, real=0.00 secs] 
9.533: [GC (Allocation Failure) 9.533: [DefNew: 960K->63K(960K), 0.0009150 secs] 31845K->31364K(524224K), 0.0009766 secs] [Times: user=0.00 sys=0.00, real=0.00 secs] 
9.536: [GC (Allocation Failure) 9.536: [DefNew: 959K->63K(960K), 0.0008929 secs] 32260K->31725K(524224K), 0.0009493 secs] [Times: user=0.00 sys=0.00, real=0.00 secs] 
9.538: [GC (Allocation Failure) 9.538: [DefNew: 959K->64K(960K), 0.0008203 secs] 32621K->32083K(524224K), 0.0008747 secs] [Times: user=0.00 sys=0.00, real=0.00 secs] 
9.541: [GC (Allocation Failure) 9.541: [DefNew: 960K->64K(960K), 0.0009604 secs] 32980K->32478K(524224K), 0.0010212 secs] [Times: user=0.00 sys=0.00, real=0.00 secs] 
9.544: [GC (Allocation Failure) 9.544: [DefNew: 960K->63K(960K), 0.0009675 secs] 33377K->32880K(524224K), 0.0010326 secs] [Times: user=0.00 sys=0.00, real=0.00 secs] 
9.546: [GC (Allocation Failure) 9.546: [DefNew: 959K->64K(960K), 0.0009351 secs] 33779K->33255K(524224K), 0.0009939 secs] [Times: user=0.00 sys=0.00, real=0.00 secs] 
9.549: [GC (Allocation Failure) 9.549: [DefNew: 960K->63K(960K), 0.0007855 secs] 34151K->33683K(524224K), 0.0008495 secs] [Times: user=0.00 sys=0.00, real=0.00 secs] 
9.551: [GC (Allocation Failure) 9.551: [DefNew: 959K->63K(960K), 0.0007618 secs] 34580K->34077K(524224K), 0.0008207 secs] [Times: user=0.00 sys=0.00, real=0.00 secs] 
9.554: [GC (Allocation Failure) 9.554: [DefNew: 959K->64K(960K), 0.0007836 secs] 34973K->34497K(524224K), 0.0008526 secs] [Times: user=0.00 sys=0.00, real=0.00 secs] 
9.557: [GC (Allocation Failure) 9.557: [DefNew: 960K->64K(960K), 0.0009162 secs] 35394K->34868K(524224K), 0.0009999 secs] [Times: user=0.00 sys=0.00, real=0.00 secs] 
9.560: [GC (Allocation Failure) 9.560: [DefNew: 960K->63K(960K), 0.0014353 secs] 35764K->35270K(524224K), 0.0015943 secs] [Times: user=0.00 sys=0.00, real=0.00 secs] 
9.564: [GC (Allocation Failure) 9.564: [DefNew: 959K->63K(960K), 0.0010954 secs] 36167K->35710K(524224K), 0.0011830 secs] [Times: user=0.00 sys=0.00, real=0.00 secs] 
9.566: [GC (Allocation Failure) 9.566: [DefNew: 959K->63K(960K), 0.0010204 secs] 36606K->36093K(524224K), 0.0010776 secs] [Times: user=0.00 sys=0.00, real=0.00 secs] 
9.569: [GC (Allocation Failure) 9.569: [DefNew: 959K->64K(960K), 0.0010200 secs] 36989K->36529K(524224K), 0.0010843 secs] [Times: user=0.00 sys=0.00, real=0.00 secs] 
9.576: [GC (Allocation Failure) 9.576: [DefNew: 960K->64K(960K), 0.0011522 secs] 37428K->36933K(524224K), 0.0012521 secs] [Times: user=0.00 sys=0.00, real=0.00 secs] 
9.578: [GC (Allocation Failure) 9.578: [DefNew: 960K->63K(960K), 0.0009257 secs] 37830K->37298K(524224K), 0.0009864 secs] [Times: user=0.00 sys=0.00, real=0.00 secs] 
9.581: [GC (Allocation Failure) 9.581: [DefNew: 959K->64K(960K), 0.0009217 secs] 38195K->37701K(524224K), 0.0009857 secs] [Times: user=0.00 sys=0.00, real=0.00 secs] 
9.583: [GC (Allocation Failure) 9.583: [DefNew: 960K->63K(960K), 0.0008886 secs] 38597K->38097K(524224K), 0.0009576 secs] [Times: user=0.00 sys=0.00, real=0.00 secs] 
9.586: [GC (Allocation Failure) 9.586: [DefNew: 959K->64K(960K), 0.0009000 secs] 38993K->38517K(524224K), 0.0009711 secs] [Times: user=0.00 sys=0.00, real=0.00 secs] 
9.589: [GC (Allocation Failure) 9.589: [DefNew: 960K->63K(960K), 0.0008803 secs] 39415K->38875K(524224K), 0.0009659 secs] [Times: user=0.00 sys=0.00, real=0.00 secs] 
9.591: [GC (Allocation Failure) 9.591: [DefNew: 959K->64K(960K), 0.0008495 secs] 39772K->39276K(524224K), 0.0009126 secs] [Times: user=0.00 sys=0.00, real=0.00 secs] 
9.594: [GC (Allocation Failure) 9.594: [DefNew: 960K->63K(960K), 0.0011664 secs] 40173K->39697K(524224K), 0.0012675 secs] [Times: user=0.00 sys=0.00, real=0.00 secs] 
9.596: [GC (Allocation Failure) 9.596: [DefNew: 959K->63K(960K), 0.0009150 secs] 40595K->40065K(524224K), 0.0009750 secs] [Times: user=0.00 sys=0.00, real=0.00 secs] 
9.599: [GC (Allocation Failure) 9.599: [DefNew: 959K->64K(960K), 0.0009521 secs] 40963K->40498K(524224K), 0.0010097 secs] [Times: user=0.00 sys=0.00, real=0.00 secs] 
9.602: [GC (Allocation Failure) 9.602: [DefNew: 960K->63K(960K), 0.0010172 secs] 41396K->40933K(524224K), 0.0010709 secs] [Times: user=0.02 sys=0.00, real=0.00 secs] 
9.604: [GC (Allocation Failure) 9.604: [DefNew: 959K->64K(960K), 0.0010551 secs] 41829K->41298K(524224K), 0.0011286 secs] [Times: user=0.00 sys=0.00, real=0.00 secs] 
9.607: [GC (Allocation Failure) 9.607: [DefNew: 960K->64K(960K), 0.0009264 secs] 42195K->41664K(524224K), 0.0009849 secs] [Times: user=0.00 sys=0.00, real=0.00 secs] 
9.609: [GC (Allocation Failure) 9.609: [DefNew: 960K->63K(960K), 0.0009695 secs] 42561K->42070K(524224K), 0.0010220 secs] [Times: user=0.00 sys=0.00, real=0.00 secs] 
9.612: [GC (Allocation Failure) 9.612: [DefNew: 959K->64K(960K), 0.0010417 secs] 42967K->42511K(524224K), 0.0010997 secs] [Times: user=0.00 sys=0.00, real=0.00 secs] 
9.615: [GC (Allocation Failure) 9.615: [DefNew: 960K->63K(960K), 0.0010157 secs] 43409K->42964K(524224K), 0.0010733 secs] [Times: user=0.00 sys=0.00, real=0.00 secs] 
9.617: [GC (Allocation Failure) 9.617: [DefNew: 959K->64K(960K), 0.0008684 secs] 43862K->43355K(524224K), 0.0009253 secs] [Times: user=0.00 sys=0.00, real=0.00 secs] 
9.620: [GC (Allocation Failure) 9.620: [DefNew: 960K->64K(960K), 0.0009261 secs] 44252K->43770K(524224K), 0.0009908 secs] [Times: user=0.00 sys=0.00, real=0.00 secs] 
9.623: [GC (Allocation Failure) 9.623: [DefNew: 960K->63K(960K), 0.0008771 secs] 44667K->44164K(524224K), 0.0009411 secs] [Times: user=0.00 sys=0.00, real=0.00 secs] 
9.625: [GC (Allocation Failure) 9.625: [DefNew: 959K->64K(960K), 0.0008680 secs] 45061K->44549K(524224K), 0.0009300 secs] [Times: user=0.00 sys=0.00, real=0.00 secs] 
9.628: [GC (Allocation Failure) 9.628: [DefNew: 960K->63K(960K), 0.0010934 secs] 45446K->45009K(524224K), 0.0012296 secs] [Times: user=0.00 sys=0.00, real=0.00 secs] 
9.630: [GC (Allocation Failure) 9.630: [DefNew: 959K->63K(960K), 0.0009912 secs] 45908K->45372K(524224K), 0.0010520 secs] [Times: user=0.00 sys=0.00, real=0.00 secs] 
9.633: [GC (Allocation Failure) 9.633: [DefNew: 959K->63K(960K), 0.0011068 secs] 46269K->45824K(524224K), 0.0011712 secs] [Times: user=0.01 sys=0.00, real=0.00 secs] 
9.636: [GC (Allocation Failure) 9.636: [DefNew: 959K->64K(960K), 0.0010488 secs] 46721K->46240K(524224K), 0.0011072 secs] [Times: user=0.00 sys=0.00, real=0.00 secs] 
9.638: [GC (Allocation Failure) 9.638: [DefNew: 960K->64K(960K), 0.0009939 secs] 47136K->46622K(524224K), 0.0010496 secs] [Times: user=0.00 sys=0.00, real=0.00 secs] 
9.641: [GC (Allocation Failure) 9.641: [DefNew: 960K->64K(960K), 0.0008858 secs] 47518K->47027K(524224K), 0.0009395 secs] [Times: user=0.00 sys=0.00, real=0.00 secs] 
9.643: [GC (Allocation Failure) 9.643: [DefNew: 960K->64K(960K), 0.0008799 secs] 47923K->47418K(524224K), 0.0009367 secs] [Times: user=0.00 sys=0.00, real=0.00 secs] 
9.646: [GC (Allocation Failure) 9.646: [DefNew: 960K->64K(960K), 0.0009711 secs] 48314K->47841K(524224K), 0.0010287 secs] [Times: user=0.00 sys=0.00, real=0.00 secs] 
9.649: [GC (Allocation Failure) 9.649: [DefNew: 960K->64K(960K), 0.0009387 secs] 48738K->48261K(524224K), 0.0009928 secs] [Times: user=0.02 sys=0.00, real=0.00 secs] 
9.651: [GC (Allocation Failure) 9.651: [DefNew: 960K->64K(960K), 0.0008668 secs] 49158K->48655K(524224K), 0.0009241 secs] [Times: user=0.00 sys=0.00, real=0.00 secs] 
9.654: [GC (Allocation Failure) 9.654: [DefNew: 960K->63K(960K), 0.0009359 secs] 49552K->49103K(524224K), 0.0010875 secs] [Times: user=0.00 sys=0.00, real=0.00 secs] 
9.656: [GC (Allocation Failure) 9.656: [DefNew: 959K->63K(960K), 0.0008850 secs] 50001K->49474K(524224K), 0.0009403 secs] [Times: user=0.00 sys=0.00, real=0.00 secs] 
9.659: [GC (Allocation Failure) 9.659: [DefNew: 959K->64K(960K), 0.0009624 secs] 50370K->49917K(524224K), 0.0010401 secs] [Times: user=0.00 sys=0.00, real=0.00 secs] 
9.662: [GC (Allocation Failure) 9.662: [DefNew: 960K->64K(960K), 0.0011021 secs] 50814K->50427K(524224K), 0.0011909 secs] [Times: user=0.00 sys=0.00, real=0.00 secs] 
9.664: [GC (Allocation Failure) 9.664: [DefNew: 960K->63K(960K), 0.0010737 secs] 51323K->50833K(524224K), 0.0011392 secs] [Times: user=0.00 sys=0.00, real=0.00 secs] 
9.667: [GC (Allocation Failure) 9.667: [DefNew: 959K->64K(960K), 0.0010682 secs] 51729K->51217K(524224K), 0.0011574 secs] [Times: user=0.00 sys=0.00, real=0.00 secs] 
9.669: [GC (Allocation Failure) 9.669: [DefNew: 960K->64K(960K), 0.0011238 secs] 52113K->51628K(524224K), 0.0011897 secs] [Times: user=0.00 sys=0.00, real=0.00 secs] 
9.675: [GC (Allocation Failure) 9.675: [DefNew: 960K->64K(960K), 0.0012051 secs] 52526K->52055K(524224K), 0.0013125 secs] [Times: user=0.00 sys=0.00, real=0.00 secs] 
9.678: [GC (Allocation Failure) 9.678: [DefNew: 960K->63K(960K), 0.0010954 secs] 52951K->52500K(524224K), 0.0011530 secs] [Times: user=0.00 sys=0.00, real=0.00 secs] 
9.680: [GC (Allocation Failure) 9.680: [DefNew: 959K->64K(960K), 0.0010678 secs] 53396K->52902K(524224K), 0.0011297 secs] [Times: user=0.02 sys=0.00, real=0.00 secs] 
9.683: [GC (Allocation Failure) 9.683: [DefNew: 960K->63K(960K), 0.0008964 secs] 53799K->53303K(524224K), 0.0009568 secs] [Times: user=0.00 sys=0.00, real=0.00 secs] 
9.685: [GC (Allocation Failure) 9.685: [DefNew: 959K->64K(960K), 0.0007899 secs] 54201K->53658K(524224K), 0.0008538 secs] [Times: user=0.00 sys=0.00, real=0.00 secs] 
9.688: [GC (Allocation Failure) 9.688: [DefNew: 960K->64K(960K), 0.0008546 secs] 54554K->54102K(524224K), 0.0009114 secs] [Times: user=0.00 sys=0.00, real=0.00 secs] 
9.691: [GC (Allocation Failure) 9.691: [DefNew: 960K->63K(960K), 0.0009138 secs] 55000K->54532K(524224K), 0.0009734 secs] [Times: user=0.00 sys=0.00, real=0.00 secs] 
9.693: [GC (Allocation Failure) 9.693: [DefNew: 959K->64K(960K), 0.0012904 secs] 55430K->54891K(524224K), 0.0014282 secs] [Times: user=0.00 sys=0.00, real=0.00 secs] 
9.696: [GC (Allocation Failure) 9.696: [DefNew: 960K->64K(960K), 0.0009758 secs] 55787K->55345K(524224K), 0.0010524 secs] [Times: user=0.02 sys=0.00, real=0.00 secs] 
9.698: [GC (Allocation Failure) 9.698: [DefNew: 960K->63K(960K), 0.0010236 secs] 56244K->55729K(524224K), 0.0010871 secs] [Times: user=0.00 sys=0.00, real=0.00 secs] 
9.701: [GC (Allocation Failure) 9.701: [DefNew: 959K->64K(960K), 0.0011072 secs] 56625K->56173K(524224K), 0.0011747 secs] [Times: user=0.00 sys=0.00, real=0.00 secs] 
9.704: [GC (Allocation Failure) 9.704: [DefNew: 960K->63K(960K), 0.0010804 secs] 57070K->56611K(524224K), 0.0011404 secs] [Times: user=0.00 sys=0.00, real=0.00 secs] 
9.706: [GC (Allocation Failure) 9.706: [DefNew: 959K->63K(960K), 0.0011278 secs] 57508K->57016K(524224K), 0.0012154 secs] [Times: user=0.00 sys=0.00, real=0.00 secs] 
9.709: [GC (Allocation Failure) 9.709: [DefNew: 959K->63K(960K), 0.0010311 secs] 57913K->57430K(524224K), 0.0011167 secs] [Times: user=0.00 sys=0.00, real=0.00 secs] 
9.712: [GC (Allocation Failure) 9.712: [DefNew: 959K->64K(960K), 0.0010871 secs] 58326K->57834K(524224K), 0.0011601 secs] [Times: user=0.00 sys=0.00, real=0.00 secs] 
9.714: [GC (Allocation Failure) 9.714: [DefNew: 960K->64K(960K), 0.0011017 secs] 58731K->58265K(524224K), 0.0011692 secs] [Times: user=0.00 sys=0.00, real=0.00 secs] 
9.717: [GC (Allocation Failure) 9.717: [DefNew: 960K->64K(960K), 0.0009466 secs] 59161K->58667K(524224K), 0.0010030 secs] [Times: user=0.00 sys=0.00, real=0.00 secs] 
9.719: [GC (Allocation Failure) 9.719: [DefNew: 960K->64K(960K), 0.0008301 secs] 59566K->59042K(524224K), 0.0008901 secs] [Times: user=0.00 sys=0.00, real=0.00 secs] 
9.722: [GC (Allocation Failure) 9.722: [DefNew: 960K->63K(960K), 0.0009347 secs] 59938K->59451K(524224K), 0.0009943 secs] [Times: user=0.00 sys=0.00, real=0.00 secs] 
9.725: [GC (Allocation Failure) 9.725: [DefNew: 959K->64K(960K), 0.0009703 secs] 60347K->59856K(524224K), 0.0010350 secs] [Times: user=0.00 sys=0.00, real=0.00 secs] 
9.727: [GC (Allocation Failure) 9.727: [DefNew: 960K->64K(960K), 0.0011684 secs] 60752K->60238K(524224K), 0.0012541 secs] [Times: user=0.02 sys=0.00, real=0.00 secs] 
9.730: [GC (Allocation Failure) 9.730: [DefNew: 960K->63K(960K), 0.0009114 secs] 61136K->60643K(524224K), 0.0009774 secs] [Times: user=0.00 sys=0.00, real=0.00 secs] 
9.732: [GC (Allocation Failure) 9.732: [DefNew: 959K->63K(960K), 0.0009793 secs] 61539K->61036K(524224K), 0.0010326 secs] [Times: user=0.00 sys=0.00, real=0.00 secs] 
9.735: [GC (Allocation Failure) 9.735: [DefNew: 959K->64K(960K), 0.0010311 secs] 61934K->61462K(524224K), 0.0010895 secs] [Times: user=0.00 sys=0.00, real=0.00 secs] 
9.738: [GC (Allocation Failure) 9.738: [DefNew: 960K->63K(960K), 0.0009991 secs] 62359K->61886K(524224K), 0.0010508 secs] [Times: user=0.00 sys=0.00, real=0.00 secs] 
9.740: [GC (Allocation Failure) 9.740: [DefNew: 959K->63K(960K), 0.0009257 secs] 62784K->62245K(524224K), 0.0009864 secs] [Times: user=0.00 sys=0.00, real=0.00 secs] 
9.743: [GC (Allocation Failure) 9.743: [DefNew: 959K->64K(960K), 0.0010314 secs] 63141K->62675K(524224K), 0.0010891 secs] [Times: user=0.02 sys=0.00, real=0.00 secs] 
9.745: [GC (Allocation Failure) 9.745: [DefNew: 960K->64K(960K), 0.0010982 secs] 63572K->63070K(524224K), 0.0011688 secs] [Times: user=0.00 sys=0.00, real=0.00 secs] 
9.748: [GC (Allocation Failure) 9.748: [DefNew: 960K->63K(960K), 0.0009683 secs] 63967K->63513K(524224K), 0.0010279 secs] [Times: user=0.00 sys=0.00, real=0.00 secs] 
9.751: [GC (Allocation Failure) 9.751: [DefNew: 959K->64K(960K), 0.0009296 secs] 64409K->63920K(524224K), 0.0009857 secs] [Times: user=0.00 sys=0.00, real=0.00 secs] 
9.753: [GC (Allocation Failure) 9.753: [DefNew: 960K->63K(960K), 0.0007997 secs] 64817K->64301K(524224K), 0.0008530 secs] [Times: user=0.00 sys=0.00, real=0.00 secs] 
9.756: [GC (Allocation Failure) 9.756: [DefNew: 959K->63K(960K), 0.0008925 secs] 65198K->64708K(524224K), 0.0009568 secs] [Times: user=0.00 sys=0.00, real=0.00 secs] 
9.758: [GC (Allocation Failure) 9.758: [DefNew: 959K->63K(960K), 0.0009430 secs] 65605K->65110K(524224K), 0.0009987 secs] [Times: user=0.02 sys=0.00, real=0.00 secs] 
9.761: [GC (Allocation Failure) 9.761: [DefNew: 959K->64K(960K), 0.0012932 secs] 66006K->65520K(524224K), 0.0014104 secs] [Times: user=0.00 sys=0.00, real=0.00 secs] 
9.764: [GC (Allocation Failure) 9.764: [DefNew: 960K->64K(960K), 0.0010480 secs] 66417K->65969K(524224K), 0.0011187 secs] [Times: user=0.00 sys=0.00, real=0.00 secs] 
9.766: [GC (Allocation Failure) 9.766: [DefNew: 960K->63K(960K), 0.0010342 secs] 66865K->66348K(524224K), 0.0010907 secs] [Times: user=0.00 sys=0.00, real=0.00 secs] 
9.769: [GC (Allocation Failure) 9.769: [DefNew: 959K->64K(960K), 0.0010196 secs] 67245K->66783K(524224K), 0.0010820 secs] [Times: user=0.00 sys=0.00, real=0.00 secs] 
9.775: [GC (Allocation Failure) 9.775: [DefNew: 960K->63K(960K), 0.0010603 secs] 67680K->67176K(524224K), 0.0011589 secs] [Times: user=0.00 sys=0.00, real=0.00 secs] 
9.778: [GC (Allocation Failure) 9.778: [DefNew: 959K->63K(960K), 0.0011495 secs] 68073K->67593K(524224K), 0.0012414 secs] [Times: user=0.00 sys=0.00, real=0.00 secs] 
9.781: [GC (Allocation Failure) 9.781: [DefNew: 959K->64K(960K), 0.0011380 secs] 68490K->68045K(524224K), 0.0012146 secs] [Times: user=0.00 sys=0.00, real=0.00 secs] 
9.783: [GC (Allocation Failure) 9.783: [DefNew: 960K->63K(960K), 0.0010441 secs] 68941K->68449K(524224K), 0.0011151 secs] [Times: user=0.00 sys=0.00, real=0.00 secs] 
9.786: [GC (Allocation Failure) 9.786: [DefNew: 959K->63K(960K), 0.0009683 secs] 69345K->68868K(524224K), 0.0010397 secs] [Times: user=0.00 sys=0.00, real=0.00 secs] 
9.789: [GC (Allocation Failure) 9.789: [DefNew: 959K->64K(960K), 0.0008901 secs] 69764K->69211K(524224K), 0.0009632 secs] [Times: user=0.02 sys=0.00, real=0.00 secs] 
9.791: [GC (Allocation Failure) 9.791: [DefNew: 960K->64K(960K), 0.0007883 secs] 70110K->69609K(524224K), 0.0008451 secs] [Times: user=0.00 sys=0.00, real=0.00 secs] 
9.794: [GC (Allocation Failure) 9.794: [DefNew: 960K->63K(960K), 0.0012967 secs] 70507K->70009K(524224K), 0.0014049 secs] [Times: user=0.00 sys=0.00, real=0.00 secs] 
9.796: [GC (Allocation Failure) 9.796: [DefNew: 959K->64K(960K), 0.0009363 secs] 70907K->70389K(524224K), 0.0009979 secs] [Times: user=0.00 sys=0.00, real=0.00 secs] 
9.799: [GC (Allocation Failure) 9.799: [DefNew: 960K->64K(960K), 0.0010066 secs] 71285K->70815K(524224K), 0.0010709 secs] [Times: user=0.00 sys=0.00, real=0.00 secs] 
9.802: [GC (Allocation Failure) 9.802: [DefNew: 960K->64K(960K), 0.0010828 secs] 71712K->71231K(524224K), 0.0011586 secs] [Times: user=0.00 sys=0.00, real=0.00 secs] 
9.804: [GC (Allocation Failure) 9.804: [DefNew: 960K->64K(960K), 0.0011333 secs] 72127K->71622K(524224K), 0.0011968 secs] [Times: user=0.00 sys=0.00, real=0.00 secs] 
9.807: [GC (Allocation Failure) 9.807: [DefNew: 960K->64K(960K), 0.0010409 secs] 72518K->71983K(524224K), 0.0011716 secs] [Times: user=0.00 sys=0.00, real=0.00 secs] 
9.809: [GC (Allocation Failure) 9.809: [DefNew: 960K->64K(960K), 0.0010934 secs] 72879K->72405K(524224K), 0.0011668 secs] [Times: user=0.00 sys=0.00, real=0.00 secs] 
9.812: [GC (Allocation Failure) 9.812: [DefNew: 960K->64K(960K), 0.0011526 secs] 73301K->72852K(524224K), 0.0012154 secs] [Times: user=0.00 sys=0.00, real=0.00 secs] 
9.815: [GC (Allocation Failure) 9.815: [DefNew: 960K->64K(960K), 0.0010717 secs] 73749K->73264K(524224K), 0.0011530 secs] [Times: user=0.00 sys=0.00, real=0.00 secs] 
9.817: [GC (Allocation Failure) 9.817: [DefNew: 960K->63K(960K), 0.0010026 secs] 74162K->73629K(524224K), 0.0010776 secs] [Times: user=0.00 sys=0.00, real=0.00 secs] 
9.820: [GC (Allocation Failure) 9.820: [DefNew: 959K->63K(960K), 0.0009186 secs] 74526K->74072K(524224K), 0.0009861 secs] [Times: user=0.00 sys=0.00, real=0.00 secs] 
9.822: [GC (Allocation Failure) 9.822: [DefNew: 959K->63K(960K), 0.0011984 secs] 74970K->74462K(524224K), 0.0012738 secs] [Times: user=0.00 sys=0.00, real=0.00 secs] 
9.825: [GC (Allocation Failure) 9.825: [DefNew: 959K->64K(960K), 0.0009884 secs] 75359K->74848K(524224K), 0.0010583 secs] [Times: user=0.00 sys=0.00, real=0.00 secs] 
9.828: [GC (Allocation Failure) 9.828: [DefNew: 960K->63K(960K), 0.0010393 secs] 75744K->75267K(524224K), 0.0011684 secs] [Times: user=0.00 sys=0.00, real=0.00 secs] 
9.830: [GC (Allocation Failure) 9.830: [DefNew: 959K->64K(960K), 0.0010362 secs] 76165K->75636K(524224K), 0.0010950 secs] [Times: user=0.00 sys=0.00, real=0.00 secs] 
9.833: [GC (Allocation Failure) 9.833: [DefNew: 960K->63K(960K), 0.0010216 secs] 76533K->76085K(524224K), 0.0010768 secs] [Times: user=0.00 sys=0.00, real=0.00 secs] 
9.835: [GC (Allocation Failure) 9.835: [DefNew: 959K->63K(960K), 0.0011163 secs] 76981K->76499K(524224K), 0.0011807 secs] [Times: user=0.00 sys=0.00, real=0.00 secs] 
9.838: [GC (Allocation Failure) 9.838: [DefNew: 959K->63K(960K), 0.0009861 secs] 77396K->76868K(524224K), 0.0010464 secs] [Times: user=0.00 sys=0.00, real=0.00 secs] 
9.841: [GC (Allocation Failure) 9.841: [DefNew: 959K->63K(960K), 0.0010389 secs] 77764K->77288K(524224K), 0.0010974 secs] [Times: user=0.00 sys=0.00, real=0.00 secs] 
9.843: [GC (Allocation Failure) 9.843: [DefNew: 959K->63K(960K), 0.0010895 secs] 78187K->77700K(524224K), 0.0011463 secs] [Times: user=0.00 sys=0.00, real=0.00 secs] 
9.846: [GC (Allocation Failure) 9.846: [DefNew: 959K->63K(960K), 0.0010204 secs] 78597K->78100K(524224K), 0.0010816 secs] [Times: user=0.00 sys=0.00, real=0.00 secs] 
9.848: [GC (Allocation Failure) 9.848: [DefNew: 959K->63K(960K), 0.0010228 secs] 78997K->78495K(524224K), 0.0010820 secs] [Times: user=0.00 sys=0.00, real=0.00 secs] 
9.851: [GC (Allocation Failure) 9.851: [DefNew: 959K->64K(960K), 0.0009557 secs] 79391K->78884K(524224K), 0.0010082 secs] [Times: user=0.00 sys=0.00, real=0.00 secs] 
9.854: [GC (Allocation Failure) 9.854: [DefNew: 960K->63K(960K), 0.0009936 secs] 79781K->79291K(524224K), 0.0010622 secs] [Times: user=0.00 sys=0.00, real=0.00 secs] 
9.856: [GC (Allocation Failure) 9.856: [DefNew: 959K->63K(960K), 0.0008479 secs] 80189K->79656K(524224K), 0.0009083 secs] [Times: user=0.00 sys=0.00, real=0.00 secs] 
9.859: [GC (Allocation Failure) 9.859: [DefNew: 959K->64K(960K), 0.0010389 secs] 80552K->80103K(524224K), 0.0010966 secs] [Times: user=0.00 sys=0.00, real=0.00 secs] 
9.861: [GC (Allocation Failure) 9.861: [DefNew: 960K->64K(960K), 0.0012434 secs] 81000K->80613K(524224K), 0.0013678 secs] [Times: user=0.00 sys=0.00, real=0.00 secs] 
9.865: [GC (Allocation Failure) 9.865: [DefNew: 960K->64K(960K), 0.0011724 secs] 81512K->81046K(524224K), 0.0012454 secs] [Times: user=0.00 sys=0.00, real=0.00 secs] 
9.868: [GC (Allocation Failure) 9.868: [DefNew: 960K->64K(960K), 0.0010303 secs] 81942K->81466K(524224K), 0.0010895 secs] [Times: user=0.00 sys=0.00, real=0.00 secs] 
9.873: [GC (Allocation Failure) 9.873: [DefNew: 960K->64K(960K), 0.0012789 secs] 82364K->81848K(524224K), 0.0013843 secs] [Times: user=0.00 sys=0.00, real=0.00 secs] 
9.877: [GC (Allocation Failure) 9.877: [DefNew: 960K->63K(960K), 0.0011692 secs] 82744K->82292K(524224K), 0.0012336 secs] [Times: user=0.00 sys=0.00, real=0.00 secs] 
9.880: [GC (Allocation Failure) 9.880: [DefNew: 959K->64K(960K), 0.0010776 secs] 83188K->82694K(524224K), 0.0011357 secs] [Times: user=0.00 sys=0.00, real=0.00 secs] 
9.882: [GC (Allocation Failure) 9.882: [DefNew: 960K->63K(960K), 0.0010007 secs] 83591K->83109K(524224K), 0.0010500 secs] [Times: user=0.00 sys=0.00, real=0.00 secs] 
9.885: [GC (Allocation Failure) 9.885: [DefNew: 959K->64K(960K), 0.0010642 secs] 84007K->83496K(524224K), 0.0012371 secs] [Times: user=0.00 sys=0.00, real=0.00 secs] 
9.887: [GC (Allocation Failure) 9.887: [DefNew: 960K->63K(960K), 0.0008609 secs] 84395K->83905K(524224K), 0.0009126 secs] [Times: user=0.00 sys=0.00, real=0.00 secs] 
9.890: [GC (Allocation Failure) 9.890: [DefNew: 959K->64K(960K), 0.0009805 secs] 84803K->84378K(524224K), 0.0010449 secs] [Times: user=0.00 sys=0.00, real=0.00 secs] 
9.893: [GC (Allocation Failure) 9.893: [DefNew: 960K->63K(960K), 0.0013646 secs] 85275K->84814K(524224K), 0.0014747 secs] [Times: user=0.00 sys=0.00, real=0.00 secs] 
9.895: [GC (Allocation Failure) 9.895: [DefNew: 959K->63K(960K), 0.0012225 secs] 85710K->85277K(524224K), 0.0013086 secs] [Times: user=0.00 sys=0.00, real=0.00 secs] 
9.898: [GC (Allocation Failure) 9.898: [DefNew: 959K->63K(960K), 0.0010851 secs] 86174K->85721K(524224K), 0.0011518 secs] [Times: user=0.00 sys=0.00, real=0.00 secs] 
9.900: [GC (Allocation Failure) 9.900: [DefNew: 959K->64K(960K), 0.0010492 secs] 86617K->86120K(524224K), 0.0011084 secs] [Times: user=0.00 sys=0.00, real=0.00 secs] 
9.903: [GC (Allocation Failure) 9.903: [DefNew: 960K->64K(960K), 0.0011163 secs] 87017K->86567K(524224K), 0.0011751 secs] [Times: user=0.00 sys=0.00, real=0.00 secs] 
9.906: [GC (Allocation Failure) 9.906: [DefNew: 960K->64K(960K), 0.0012300 secs] 87463K->86939K(524224K), 0.0013303 secs] [Times: user=0.00 sys=0.00, real=0.00 secs] 
9.908: [GC (Allocation Failure) 9.908: [DefNew: 960K->64K(960K), 0.0010705 secs] 87837K->87324K(524224K), 0.0011439 secs] [Times: user=0.00 sys=0.00, real=0.00 secs] 
9.911: [GC (Allocation Failure) 9.911: [DefNew: 960K->63K(960K), 0.0010555 secs] 88221K->87759K(524224K), 0.0011120 secs] [Times: user=0.00 sys=0.00, real=0.00 secs] 
9.913: [GC (Allocation Failure) 9.913: [DefNew: 959K->63K(960K), 0.0011321 secs] 88656K->88165K(524224K), 0.0012016 secs] [Times: user=0.00 sys=0.00, real=0.00 secs] 
9.916: [GC (Allocation Failure) 9.916: [DefNew: 959K->64K(960K), 0.0010311 secs] 89063K->88540K(524224K), 0.0011013 secs] [Times: user=0.00 sys=0.00, real=0.00 secs] 
9.919: [GC (Allocation Failure) 9.919: [DefNew: 960K->64K(960K), 0.0010658 secs] 89437K->88959K(524224K), 0.0011317 secs] [Times: user=0.00 sys=0.00, real=0.00 secs] 
9.921: [GC (Allocation Failure) 9.921: [DefNew: 960K->63K(960K), 0.0009576 secs] 89857K->89338K(524224K), 0.0010129 secs] [Times: user=0.00 sys=0.00, real=0.00 secs] 
9.924: [GC (Allocation Failure) 9.924: [DefNew: 959K->64K(960K), 0.0010109 secs] 90236K->89779K(524224K), 0.0010788 secs] [Times: user=0.00 sys=0.00, real=0.00 secs] 
9.926: [GC (Allocation Failure) 9.926: [DefNew: 960K->64K(960K), 0.0011187 secs] 90677K->90144K(524224K), 0.0012138 secs] [Times: user=0.00 sys=0.00, real=0.00 secs] 
9.929: [GC (Allocation Failure) 9.929: [DefNew: 960K->64K(960K), 0.0011167 secs] 91040K->90662K(524224K), 0.0011929 secs] [Times: user=0.00 sys=0.00, real=0.00 secs] 
9.932: [GC (Allocation Failure) 9.932: [DefNew: 960K->64K(960K), 0.0011278 secs] 91560K->91061K(524224K), 0.0011957 secs] [Times: user=0.00 sys=0.00, real=0.00 secs] 
9.934: [GC (Allocation Failure) 9.934: [DefNew: 960K->64K(960K), 0.0009679 secs] 91957K->91450K(524224K), 0.0010314 secs] [Times: user=0.00 sys=0.00, real=0.00 secs] 
9.937: [GC (Allocation Failure) 9.937: [DefNew: 960K->63K(960K), 0.0011712 secs] 92346K->91908K(524224K), 0.0012264 secs] [Times: user=0.00 sys=0.00, real=0.00 secs] 
9.939: [GC (Allocation Failure) 9.939: [DefNew: 959K->63K(960K), 0.0010883 secs] 92804K->92285K(524224K), 0.0011420 secs] [Times: user=0.00 sys=0.00, real=0.00 secs] 
9.942: [GC (Allocation Failure) 9.942: [DefNew: 959K->64K(960K), 0.0010464 secs] 93181K->92733K(524224K), 0.0011057 secs] [Times: user=0.00 sys=0.00, real=0.00 secs] 
9.945: [GC (Allocation Failure) 9.945: [DefNew: 960K->64K(960K), 0.0011676 secs] 93629K->93172K(524224K), 0.0012284 secs] [Times: user=0.01 sys=0.00, real=0.00 secs] 
9.947: [GC (Allocation Failure) 9.947: [DefNew: 960K->64K(960K), 0.0011234 secs] 94068K->93544K(524224K), 0.0011901 secs] [Times: user=0.00 sys=0.00, real=0.00 secs] 
9.950: [GC (Allocation Failure) 9.950: [DefNew: 960K->64K(960K), 0.0010650 secs] 94440K->93990K(524224K), 0.0011214 secs] [Times: user=0.00 sys=0.00, real=0.00 secs] 
9.953: [GC (Allocation Failure) 9.953: [DefNew: 960K->64K(960K), 0.0009221 secs] 94888K->94390K(524224K), 0.0009880 secs] [Times: user=0.00 sys=0.00, real=0.00 secs] 
9.955: [GC (Allocation Failure) 9.955: [DefNew: 960K->64K(960K), 0.0011289 secs] 95286K->94801K(524224K), 0.0011980 secs] [Times: user=0.00 sys=0.00, real=0.00 secs] 
9.958: [GC (Allocation Failure) 9.958: [DefNew: 960K->64K(960K), 0.0010709 secs] 95697K->95254K(524224K), 0.0011364 secs] [Times: user=0.00 sys=0.00, real=0.00 secs] 
9.960: [GC (Allocation Failure) 9.960: [DefNew: 960K->64K(960K), 0.0013678 secs] 96152K->95618K(524224K), 0.0014526 secs] [Times: user=0.00 sys=0.00, real=0.00 secs] 
9.963: [GC (Allocation Failure) 9.963: [DefNew: 960K->63K(960K), 0.0010607 secs] 96514K->96049K(524224K), 0.0011325 secs] [Times: user=0.00 sys=0.00, real=0.00 secs] 
9.966: [GC (Allocation Failure) 9.966: [DefNew: 959K->64K(960K), 0.0010804 secs] 96946K->96448K(524224K), 0.0011451 secs] [Times: user=0.00 sys=0.00, real=0.00 secs] 
9.968: [GC (Allocation Failure) 9.968: [DefNew: 960K->63K(960K), 0.0010307 secs] 97346K->96836K(524224K), 0.0010867 secs] [Times: user=0.00 sys=0.00, real=0.00 secs] 
9.974: [GC (Allocation Failure) 9.974: [DefNew: 959K->63K(960K), 0.0012032 secs] 97732K->97254K(524224K), 0.0012975 secs] [Times: user=0.00 sys=0.00, real=0.00 secs] 
9.976: [GC (Allocation Failure) 9.976: [DefNew: 959K->64K(960K), 0.0009959 secs] 98151K->97659K(524224K), 0.0010532 secs] [Times: user=0.00 sys=0.00, real=0.00 secs] 
9.979: [GC (Allocation Failure) 9.979: [DefNew: 960K->63K(960K), 0.0010918 secs] 98555K->98105K(524224K), 0.0011716 secs] [Times: user=0.00 sys=0.00, real=0.00 secs] 
9.982: [GC (Allocation Failure) 9.982: [DefNew: 959K->64K(960K), 0.0011384 secs] 99002K->98538K(524224K), 0.0011984 secs] [Times: user=0.00 sys=0.00, real=0.00 secs] 
9.984: [GC (Allocation Failure) 9.984: [DefNew: 960K->63K(960K), 0.0011289 secs] 99434K->98932K(524224K), 0.0011968 secs] [Times: user=0.00 sys=0.00, real=0.00 secs] 
9.987: [GC (Allocation Failure) 9.987: [DefNew: 959K->63K(960K), 0.0009624 secs] 99830K->99354K(524224K), 0.0010180 secs] [Times: user=0.00 sys=0.00, real=0.00 secs] 
9.989: [GC (Allocation Failure) 9.989: [DefNew: 959K->63K(960K), 0.0010275 secs] 100251K->99753K(524224K), 0.0010879 secs] [Times: user=0.00 sys=0.00, real=0.00 secs] 
9.992: [GC (Allocation Failure) 9.992: [DefNew: 959K->63K(960K), 0.0010109 secs] 100649K->100200K(524224K), 0.0010634 secs] [Times: user=0.02 sys=0.00, real=0.00 secs] 
9.995: [GC (Allocation Failure) 9.995: [DefNew: 959K->64K(960K), 0.0011305 secs] 101096K->100593K(524224K), 0.0012608 secs] [Times: user=0.00 sys=0.00, real=0.00 secs] 
9.997: [GC (Allocation Failure) 9.997: [DefNew: 960K->63K(960K), 0.0010326 secs] 101489K->100999K(524224K), 0.0010922 secs] [Times: user=0.00 sys=0.00, real=0.00 secs] 
10.000: [GC (Allocation Failure) 10.000: [DefNew: 959K->64K(960K), 0.0010322 secs] 101896K->101418K(524224K), 0.0010863 secs] [Times: user=0.00 sys=0.00, real=0.00 secs] 
10.002: [GC (Allocation Failure) 10.002: [DefNew: 960K->64K(960K), 0.0010745 secs] 102315K->101814K(524224K), 0.0011278 secs] [Times: user=0.00 sys=0.00, real=0.00 secs] 
10.005: [GC (Allocation Failure) 10.005: [DefNew: 960K->63K(960K), 0.0014937 secs] 102710K->102231K(524224K), 0.0015868 secs] [Times: user=0.00 sys=0.00, real=0.00 secs] 
10.009: [GC (Allocation Failure) 10.009: [DefNew: 959K->64K(960K), 0.0012383 secs] 103129K->102612K(524224K), 0.0013453 secs] [Times: user=0.00 sys=0.00, real=0.00 secs] 
10.012: [GC (Allocation Failure) 10.012: [DefNew: 960K->64K(960K), 0.0012730 secs] 103508K->103035K(524224K), 0.0013354 secs] [Times: user=0.00 sys=0.00, real=0.00 secs] 
10.015: [GC (Allocation Failure) 10.015: [DefNew: 960K->63K(960K), 0.0012580 secs] 103931K->103513K(524224K), 0.0013441 secs] [Times: user=0.00 sys=0.00, real=0.00 secs] 
10.017: [GC (Allocation Failure) 10.017: [DefNew: 959K->64K(960K), 0.0011175 secs] 104409K->103912K(524224K), 0.0011791 secs] [Times: user=0.00 sys=0.00, real=0.00 secs] 
10.020: [GC (Allocation Failure) 10.020: [DefNew: 960K->64K(960K), 0.0009955 secs] 104809K->104359K(524224K), 0.0010591 secs] [Times: user=0.00 sys=0.00, real=0.00 secs] 
10.023: [GC (Allocation Failure) 10.023: [DefNew: 960K->64K(960K), 0.0010512 secs] 105256K->104817K(524224K), 0.0011136 secs] [Times: user=0.01 sys=0.00, real=0.00 secs] 
10.025: [GC (Allocation Failure) 10.025: [DefNew: 960K->63K(960K), 0.0010607 secs] 105715K->105223K(524224K), 0.0011191 secs] [Times: user=0.00 sys=0.00, real=0.00 secs] 
10.028: [GC (Allocation Failure) 10.028: [DefNew: 959K->63K(960K), 0.0012450 secs] 106120K->105683K(524224K), 0.0013686 secs] [Times: user=0.00 sys=0.00, real=0.00 secs] 
10.030: [GC (Allocation Failure) 10.030: [DefNew: 959K->64K(960K), 0.0011278 secs] 106580K->106087K(524224K), 0.0011897 secs] [Times: user=0.00 sys=0.00, real=0.00 secs] 
10.033: [GC (Allocation Failure) 10.033: [DefNew: 960K->63K(960K), 0.0010946 secs] 106984K->106530K(524224K), 0.0011514 secs] [Times: user=0.00 sys=0.00, real=0.00 secs] 
10.036: [GC (Allocation Failure) 10.036: [DefNew: 959K->64K(960K), 0.0011538 secs] 107426K->106986K(524224K), 0.0012166 secs] [Times: user=0.00 sys=0.00, real=0.00 secs] 
10.038: [GC (Allocation Failure) 10.038: [DefNew: 960K->64K(960K), 0.0010772 secs] 107884K->107378K(524224K), 0.0011305 secs] [Times: user=0.00 sys=0.00, real=0.00 secs] 
10.041: [GC (Allocation Failure) 10.041: [DefNew: 960K->64K(960K), 0.0010804 secs] 108275K->107777K(524224K), 0.0011499 secs] [Times: user=0.00 sys=0.00, real=0.00 secs] 
10.044: [GC (Allocation Failure) 10.044: [DefNew: 960K->64K(960K), 0.0011593 secs] 108675K->108196K(524224K), 0.0012229 secs] [Times: user=0.00 sys=0.00, real=0.00 secs] 
10.046: [GC (Allocation Failure) 10.046: [DefNew: 960K->63K(960K), 0.0011124 secs] 109092K->108584K(524224K), 0.0011688 secs] [Times: user=0.00 sys=0.00, real=0.00 secs] 
10.049: [GC (Allocation Failure) 10.049: [DefNew: 959K->64K(960K), 0.0010879 secs] 109480K->109012K(524224K), 0.0011467 secs] [Times: user=0.00 sys=0.00, real=0.00 secs] 
10.051: [GC (Allocation Failure) 10.051: [DefNew: 960K->64K(960K), 0.0010508 secs] 109910K->109407K(524224K), 0.0011053 secs] [Times: user=0.00 sys=0.00, real=0.00 secs] 
10.054: [GC (Allocation Failure) 10.054: [DefNew: 960K->64K(960K), 0.0010547 secs] 110305K->109846K(524224K), 0.0011163 secs] [Times: user=0.00 sys=0.00, real=0.00 secs] 
10.057: [GC (Allocation Failure) 10.057: [DefNew: 960K->64K(960K), 0.0011104 secs] 110743K->110236K(524224K), 0.0011838 secs] [Times: user=0.00 sys=0.00, real=0.00 secs] 
10.059: [GC (Allocation Failure) 10.059: [DefNew: 960K->63K(960K), 0.0011384 secs] 111132K->110639K(524224K), 0.0012095 secs] [Times: user=0.00 sys=0.00, real=0.00 secs] 
10.062: [GC (Allocation Failure) 10.062: [DefNew: 959K->64K(960K), 0.0012162 secs] 111535K->111156K(524224K), 0.0013054 secs] [Times: user=0.00 sys=0.00, real=0.00 secs] 
10.064: [GC (Allocation Failure) 10.064: [DefNew: 960K->63K(960K), 0.0012000 secs] 112052K->111575K(524224K), 0.0012718 secs] [Times: user=0.00 sys=0.00, real=0.00 secs] 
10.067: [GC (Allocation Failure) 10.067: [DefNew: 959K->64K(960K), 0.0010764 secs] 112472K->112002K(524224K), 0.0011368 secs] [Times: user=0.00 sys=0.00, real=0.00 secs] 
10.073: [GC (Allocation Failure) 10.074: [DefNew: 960K->63K(960K), 0.0012947 secs] 112898K->112420K(524224K), 0.0014021 secs] [Times: user=0.00 sys=0.00, real=0.00 secs] 
10.076: [GC (Allocation Failure) 10.076: [DefNew: 959K->63K(960K), 0.0011171 secs] 113318K->112805K(524224K), 0.0011874 secs] [Times: user=0.00 sys=0.00, real=0.00 secs] 
10.079: [GC (Allocation Failure) 10.079: [DefNew: 959K->63K(960K), 0.0010007 secs] 113702K->113215K(524224K), 0.0010701 secs] [Times: user=0.00 sys=0.00, real=0.00 secs] 
10.081: [GC (Allocation Failure) 10.081: [DefNew: 959K->63K(960K), 0.0010468 secs] 114112K->113615K(524224K), 0.0011072 secs] [Times: user=0.00 sys=0.00, real=0.00 secs] 
10.084: [GC (Allocation Failure) 10.084: [DefNew: 959K->63K(960K), 0.0010725 secs] 114511K->114063K(524224K), 0.0011372 secs] [Times: user=0.00 sys=0.00, real=0.00 secs] 
10.087: [GC (Allocation Failure) 10.087: [DefNew: 959K->63K(960K), 0.0009813 secs] 114960K->114489K(524224K), 0.0010382 secs] [Times: user=0.00 sys=0.00, real=0.00 secs] 
10.089: [GC (Allocation Failure) 10.089: [DefNew: 959K->64K(960K), 0.0010457 secs] 115385K->114910K(524224K), 0.0011108 secs] [Times: user=0.00 sys=0.00, real=0.00 secs] 
10.092: [GC (Allocation Failure) 10.092: [DefNew: 960K->64K(960K), 0.0010105 secs] 115807K->115361K(524224K), 0.0010733 secs] [Times: user=0.00 sys=0.00, real=0.00 secs] 
10.094: [GC (Allocation Failure) 10.094: [DefNew: 960K->63K(960K), 0.0013018 secs] 116258K->115760K(524224K), 0.0014432 secs] [Times: user=0.00 sys=0.00, real=0.00 secs] 
10.097: [GC (Allocation Failure) 10.097: [DefNew: 959K->64K(960K), 0.0010567 secs] 116658K->116191K(524224K), 0.0011234 secs] [Times: user=0.00 sys=0.00, real=0.00 secs] 
10.100: [GC (Allocation Failure) 10.100: [DefNew: 960K->63K(960K), 0.0011207 secs] 117088K->116629K(524224K), 0.0011811 secs] [Times: user=0.00 sys=0.00, real=0.00 secs] 
10.102: [GC (Allocation Failure) 10.102: [DefNew: 959K->64K(960K), 0.0011964 secs] 117526K->117002K(524224K), 0.0012663 secs] [Times: user=0.00 sys=0.00, real=0.00 secs] 
10.105: [GC (Allocation Failure) 10.105: [DefNew: 960K->64K(960K), 0.0011589 secs] 117899K->117424K(524224K), 0.0012197 secs] [Times: user=0.00 sys=0.00, real=0.00 secs] 
10.107: [GC (Allocation Failure) 10.107: [DefNew: 960K->63K(960K), 0.0013464 secs] 118320K->117830K(524224K), 0.0014416 secs] [Times: user=0.00 sys=0.00, real=0.00 secs] 
10.111: [GC (Allocation Failure) 10.111: [DefNew: 959K->64K(960K), 0.0012118 secs] 118726K->118238K(524224K), 0.0012778 secs] [Times: user=0.00 sys=0.00, real=0.00 secs] 
10.114: [GC (Allocation Failure) 10.114: [DefNew: 960K->64K(960K), 0.0011976 secs] 119136K->118661K(524224K), 0.0012746 secs] [Times: user=0.00 sys=0.00, real=0.00 secs] 
10.116: [GC (Allocation Failure) 10.116: [DefNew: 960K->64K(960K), 0.0011416 secs] 119559K->119039K(524224K), 0.0012028 secs] [Times: user=0.00 sys=0.00, real=0.00 secs] 
10.119: [GC (Allocation Failure) 10.119: [DefNew: 960K->63K(960K), 0.0011680 secs] 119935K->119496K(524224K), 0.0012347 secs] [Times: user=0.00 sys=0.00, real=0.00 secs] 
10.121: [GC (Allocation Failure) 10.121: [DefNew: 959K->64K(960K), 0.0010674 secs] 120392K->119906K(524224K), 0.0011234 secs] [Times: user=0.00 sys=0.00, real=0.00 secs] 
10.124: [GC (Allocation Failure) 10.124: [DefNew: 960K->64K(960K), 0.0010891 secs] 120802K->120325K(524224K), 0.0011582 secs] [Times: user=0.00 sys=0.00, real=0.00 secs] 
10.127: [GC (Allocation Failure) 10.127: [DefNew: 960K->63K(960K), 0.0012987 secs] 121222K->120739K(524224K), 0.0013839 secs] [Times: user=0.00 sys=0.00, real=0.00 secs] 
10.129: [GC (Allocation Failure) 10.129: [DefNew: 959K->64K(960K), 0.0011084 secs] 121638K->121154K(524224K), 0.0011751 secs] [Times: user=0.00 sys=0.00, real=0.00 secs] 
10.132: [GC (Allocation Failure) 10.132: [DefNew: 960K->64K(960K), 0.0010836 secs] 122050K->121613K(524224K), 0.0011400 secs] [Times: user=0.00 sys=0.00, real=0.00 secs] 
10.135: [GC (Allocation Failure) 10.135: [DefNew: 960K->64K(960K), 0.0012411 secs] 122509K->122012K(524224K), 0.0013105 secs] [Times: user=0.00 sys=0.00, real=0.00 secs] 
10.137: [GC (Allocation Failure) 10.137: [DefNew: 960K->63K(960K), 0.0011136 secs] 122910K->122417K(524224K), 0.0011684 secs] [Times: user=0.00 sys=0.00, real=0.00 secs] 
10.140: [GC (Allocation Failure) 10.140: [DefNew: 959K->64K(960K), 0.0010350 secs] 123315K->122805K(524224K), 0.0010962 secs] [Times: user=0.00 sys=0.00, real=0.00 secs] 
10.142: [GC (Allocation Failure) 10.142: [DefNew: 960K->63K(960K), 0.0011297 secs] 123704K->123215K(524224K), 0.0011889 secs] [Times: user=0.00 sys=0.00, real=0.00 secs] 
10.145: [GC (Allocation Failure) 10.145: [DefNew: 959K->63K(960K), 0.0011562 secs] 124113K->123659K(524224K), 0.0012150 secs] [Times: user=0.00 sys=0.00, real=0.00 secs] 
10.148: [GC (Allocation Failure) 10.148: [DefNew: 959K->64K(960K), 0.0011613 secs] 124556K->124092K(524224K), 0.0012178 secs] [Times: user=0.02 sys=0.00, real=0.00 secs] 
10.150: [GC (Allocation Failure) 10.150: [DefNew: 960K->63K(960K), 0.0011183 secs] 124990K->124496K(524224K), 0.0011759 secs] [Times: user=0.00 sys=0.00, real=0.00 secs] 
10.153: [GC (Allocation Failure) 10.153: [DefNew: 959K->64K(960K), 0.0010938 secs] 125395K->124923K(524224K), 0.0011574 secs] [Times: user=0.00 sys=0.00, real=0.00 secs] 
10.155: [GC (Allocation Failure) 10.155: [DefNew: 960K->64K(960K), 0.0011499 secs] 125820K->125337K(524224K), 0.0012229 secs] [Times: user=0.00 sys=0.00, real=0.00 secs] 
10.158: [GC (Allocation Failure) 10.158: [DefNew: 960K->63K(960K), 0.0010074 secs] 126233K->125779K(524224K), 0.0010634 secs] [Times: user=0.00 sys=0.00, real=0.00 secs] 
10.161: [GC (Allocation Failure) 10.161: [DefNew: 959K->64K(960K), 0.0012588 secs] 126676K->126178K(524224K), 0.0013749 secs] [Times: user=0.00 sys=0.00, real=0.00 secs] 
10.163: [GC (Allocation Failure) 10.163: [DefNew: 960K->63K(960K), 0.0011562 secs] 127076K->126579K(524224K), 0.0012292 secs] [Times: user=0.00 sys=0.00, real=0.00 secs] 
10.166: [GC (Allocation Failure) 10.166: [DefNew: 959K->64K(960K), 0.0011491 secs] 127475K->127014K(524224K), 0.0012186 secs] [Times: user=0.00 sys=0.00, real=0.00 secs] 
10.168: [GC (Allocation Failure) 10.168: [DefNew: 960K->64K(960K), 0.0011451 secs] 127910K->127414K(524224K), 0.0012071 secs] [Times: user=0.00 sys=0.00, real=0.00 secs] 
10.174: [GC (Allocation Failure) 10.174: [DefNew: 960K->63K(960K), 0.0011945 secs] 128311K->127813K(524224K), 0.0012951 secs] [Times: user=0.00 sys=0.00, real=0.00 secs] 
10.177: [GC (Allocation Failure) 10.177: [DefNew: 959K->64K(960K), 0.0012422 secs] 128711K->128269K(524224K), 0.0013050 secs] [Times: user=0.00 sys=0.00, real=0.00 secs] 
10.179: [GC (Allocation Failure) 10.179: [DefNew: 960K->63K(960K), 0.0012643 secs] 129167K->128696K(524224K), 0.0013263 secs] [Times: user=0.02 sys=0.00, real=0.00 secs] 
10.182: [GC (Allocation Failure) 10.182: [DefNew: 959K->64K(960K), 0.0012395 secs] 129592K->129159K(524224K), 0.0013034 secs] [Times: user=0.00 sys=0.00, real=0.00 secs] 
10.184: [GC (Allocation Failure) 10.184: [DefNew: 960K->63K(960K), 0.0012296 secs] 130055K->129566K(524224K), 0.0013014 secs] [Times: user=0.00 sys=0.00, real=0.00 secs] 
10.187: [GC (Allocation Failure) 10.187: [DefNew: 959K->63K(960K), 0.0011341 secs] 130463K->130012K(524224K), 0.0011925 secs] [Times: user=0.00 sys=0.00, real=0.00 secs] 
10.190: [GC (Allocation Failure) 10.190: [DefNew: 959K->64K(960K), 0.0011321 secs] 130908K->130447K(524224K), 0.0011929 secs] [Times: user=0.00 sys=0.00, real=0.00 secs] 
10.192: [GC (Allocation Failure) 10.192: [DefNew: 960K->64K(960K), 0.0010788 secs] 131345K->130838K(524224K), 0.0011408 secs] [Times: user=0.00 sys=0.00, real=0.00 secs] 
10.195: [GC (Allocation Failure) 10.195: [DefNew: 960K->64K(960K), 0.0011234 secs] 131735K->131279K(524224K), 0.0012083 secs] [Times: user=0.02 sys=0.00, real=0.00 secs] 
10.197: [GC (Allocation Failure) 10.197: [DefNew: 960K->64K(960K), 0.0010772 secs] 132176K->131641K(524224K), 0.0011400 secs] [Times: user=0.00 sys=0.00, real=0.00 secs] 
10.200: [GC (Allocation Failure) 10.200: [DefNew: 960K->63K(960K), 0.0010397 secs] 132537K->132094K(524224K), 0.0011005 secs] [Times: user=0.00 sys=0.00, real=0.00 secs] 
10.203: [GC (Allocation Failure) 10.203: [DefNew: 959K->64K(960K), 0.0012379 secs] 132992K->132554K(524224K), 0.0012967 secs] [Times: user=0.00 sys=0.00, real=0.00 secs] 
10.205: [GC (Allocation Failure) 10.205: [DefNew: 960K->63K(960K), 0.0012241 secs] 133450K->132932K(524224K), 0.0012797 secs] [Times: user=0.00 sys=0.00, real=0.00 secs] 
10.208: [GC (Allocation Failure) 10.208: [DefNew: 959K->64K(960K), 0.0012939 secs] 133829K->133355K(524224K), 0.0013788 secs] [Times: user=0.00 sys=0.00, real=0.00 secs] 
10.211: [GC (Allocation Failure) 10.211: [DefNew: 960K->64K(960K), 0.0020009 secs] 134251K->133740K(524224K), 0.0021103 secs] [Times: user=0.02 sys=0.00, real=0.00 secs] 
10.214: [GC (Allocation Failure) 10.214: [DefNew: 960K->64K(960K), 0.0012446 secs] 134637K->134146K(524224K), 0.0013311 secs] [Times: user=0.00 sys=0.00, real=0.00 secs] 
10.217: [GC (Allocation Failure) 10.217: [DefNew: 960K->64K(960K), 0.0011700 secs] 135044K->134571K(524224K), 0.0012414 secs] [Times: user=0.00 sys=0.00, real=0.00 secs] 
10.219: [GC (Allocation Failure) 10.219: [DefNew: 960K->64K(960K), 0.0010532 secs] 135468K->134975K(524224K), 0.0011143 secs] [Times: user=0.00 sys=0.00, real=0.00 secs] 
10.222: [GC (Allocation Failure) 10.222: [DefNew: 960K->64K(960K), 0.0011116 secs] 135872K->135430K(524224K), 0.0011767 secs] [Times: user=0.00 sys=0.00, real=0.00 secs] 
10.225: [GC (Allocation Failure) 10.225: [DefNew: 960K->64K(960K), 0.0011120 secs] 136328K->135849K(524224K), 0.0011870 secs] [Times: user=0.00 sys=0.00, real=0.00 secs] 
10.227: [GC (Allocation Failure) 10.227: [DefNew: 960K->64K(960K), 0.0015620 secs] 136746K->136282K(524224K), 0.0016587 secs] [Times: user=0.00 sys=0.00, real=0.00 secs] 
10.231: [GC (Allocation Failure) 10.231: [DefNew: 960K->63K(960K), 0.0012114 secs] 137178K->136716K(524224K), 0.0012833 secs] [Times: user=0.00 sys=0.00, real=0.00 secs] 
10.233: [GC (Allocation Failure) 10.233: [DefNew: 959K->64K(960K), 0.0010508 secs] 137612K->137103K(524224K), 0.0011053 secs] [Times: user=0.00 sys=0.00, real=0.00 secs] 
10.236: [GC (Allocation Failure) 10.236: [DefNew: 960K->64K(960K), 0.0011353 secs] 138002K->137533K(524224K), 0.0012012 secs] [Times: user=0.00 sys=0.00, real=0.00 secs] 
10.239: [GC (Allocation Failure) 10.239: [DefNew: 960K->63K(960K), 0.0011854 secs] 138429K->137930K(524224K), 0.0012470 secs] [Times: user=0.00 sys=0.00, real=0.00 secs] 
10.241: [GC (Allocation Failure) 10.241: [DefNew: 959K->63K(960K), 0.0011736 secs] 138827K->138321K(524224K), 0.0012292 secs] [Times: user=0.00 sys=0.00, real=0.00 secs] 
10.244: [GC (Allocation Failure) 10.244: [DefNew: 959K->64K(960K), 0.0012043 secs] 139217K->138749K(524224K), 0.0012754 secs] [Times: user=0.00 sys=0.00, real=0.00 secs] 
10.246: [GC (Allocation Failure) 10.246: [DefNew: 960K->63K(960K), 0.0010772 secs] 139646K->139150K(524224K), 0.0011337 secs] [Times: user=0.00 sys=0.00, real=0.00 secs] 
10.249: [GC (Allocation Failure) 10.249: [DefNew: 959K->64K(960K), 0.0010997 secs] 140047K->139579K(524224K), 0.0011578 secs] [Times: user=0.00 sys=0.00, real=0.00 secs] 
10.252: [GC (Allocation Failure) 10.252: [DefNew: 960K->64K(960K), 0.0011822 secs] 140476K->140014K(524224K), 0.0012379 secs] [Times: user=0.00 sys=0.00, real=0.00 secs] 
10.254: [GC (Allocation Failure) 10.254: [DefNew: 960K->64K(960K), 0.0011487 secs] 140910K->140426K(524224K), 0.0012114 secs] [Times: user=0.00 sys=0.00, real=0.00 secs] 
10.257: [GC (Allocation Failure) 10.257: [DefNew: 960K->63K(960K), 0.0010887 secs] 141322K->140854K(524224K), 0.0011589 secs] [Times: user=0.01 sys=0.00, real=0.00 secs] 
10.259: [GC (Allocation Failure) 10.259: [DefNew: 959K->64K(960K), 0.0011814 secs] 141752K->141229K(524224K), 0.0012584 secs] [Times: user=0.00 sys=0.00, real=0.00 secs] 
10.262: [GC (Allocation Failure) 10.262: [DefNew: 960K->63K(960K), 0.0012075 secs] 142126K->141765K(524224K), 0.0012861 secs] [Times: user=0.00 sys=0.00, real=0.00 secs] 
10.265: [GC (Allocation Failure) 10.265: [DefNew: 959K->63K(960K), 0.0012829 secs] 142662K->142222K(524224K), 0.0013607 secs] [Times: user=0.00 sys=0.00, real=0.00 secs] 
10.267: [GC (Allocation Failure) 10.267: [DefNew: 959K->64K(960K), 0.0011084 secs] 143118K->142646K(524224K), 0.0011609 secs] [Times: user=0.00 sys=0.00, real=0.00 secs] 
10.273: [GC (Allocation Failure) 10.273: [DefNew: 960K->63K(960K), 0.0012738 secs] 143543K->143063K(524224K), 0.0013899 secs] [Times: user=0.02 sys=0.00, real=0.00 secs] 
10.276: [GC (Allocation Failure) 10.276: [DefNew: 959K->64K(960K), 0.0012134 secs] 143961K->143464K(524224K), 0.0012849 secs] [Times: user=0.00 sys=0.00, real=0.00 secs] 
10.279: [GC (Allocation Failure) 10.279: [DefNew: 960K->64K(960K), 0.0010500 secs] 144360K->143882K(524224K), 0.0011214 secs] [Times: user=0.00 sys=0.00, real=0.00 secs] 
10.282: [GC (Allocation Failure) 10.282: [DefNew: 960K->63K(960K), 0.0011972 secs] 144780K->144337K(524224K), 0.0012687 secs] [Times: user=0.00 sys=0.00, real=0.00 secs] 
10.284: [GC (Allocation Failure) 10.284: [DefNew: 959K->64K(960K), 0.0011866 secs] 145234K->144729K(524224K), 0.0012691 secs] [Times: user=0.00 sys=0.00, real=0.00 secs] 
10.287: [GC (Allocation Failure) 10.287: [DefNew: 960K->64K(960K), 0.0010472 secs] 145626K->145155K(524224K), 0.0011108 secs] [Times: user=0.00 sys=0.00, real=0.00 secs] 
10.289: [GC (Allocation Failure) 10.289: [DefNew: 960K->64K(960K), 0.0010429 secs] 146051K->145542K(524224K), 0.0011045 secs] [Times: user=0.02 sys=0.00, real=0.00 secs] 
10.292: [GC (Allocation Failure) 10.292: [DefNew: 960K->64K(960K), 0.0010618 secs] 146439K->145980K(524224K), 0.0011211 secs] [Times: user=0.00 sys=0.00, real=0.00 secs] 
10.295: [GC (Allocation Failure) 10.295: [DefNew: 960K->64K(960K), 0.0012186 secs] 146876K->146424K(524224K), 0.0013086 secs] [Times: user=0.00 sys=0.00, real=0.00 secs] 
10.297: [GC (Allocation Failure) 10.297: [DefNew: 960K->63K(960K), 0.0011084 secs] 147322K->146798K(524224K), 0.0011676 secs] [Times: user=0.00 sys=0.00, real=0.00 secs] 
10.300: [GC (Allocation Failure) 10.300: [DefNew: 959K->63K(960K), 0.0010314 secs] 147694K->147234K(524224K), 0.0010875 secs] [Times: user=0.00 sys=0.00, real=0.00 secs] 
10.303: [GC (Allocation Failure) 10.303: [DefNew: 959K->63K(960K), 0.0011175 secs] 148130K->147640K(524224K), 0.0011834 secs] [Times: user=0.00 sys=0.00, real=0.00 secs] 
10.305: [GC (Allocation Failure) 10.305: [DefNew: 959K->64K(960K), 0.0011641 secs] 148536K->148000K(524224K), 0.0012276 secs] [Times: user=0.00 sys=0.00, real=0.00 secs] 
10.308: [GC (Allocation Failure) 10.308: [DefNew: 960K->63K(960K), 0.0011905 secs] 148896K->148383K(524224K), 0.0012821 secs] [Times: user=0.00 sys=0.00, real=0.00 secs] 
10.310: [GC (Allocation Failure) 10.310: [DefNew: 959K->63K(960K), 0.0011759 secs] 149279K->148789K(524224K), 0.0012489 secs] [Times: user=0.00 sys=0.00, real=0.00 secs] 
10.313: [GC (Allocation Failure) 10.313: [DefNew: 959K->63K(960K), 0.0013014 secs] 149686K->149227K(524224K), 0.0013847 secs] [Times: user=0.00 sys=0.00, real=0.00 secs] 
10.316: [GC (Allocation Failure) 10.316: [DefNew: 959K->64K(960K), 0.0012166 secs] 150123K->149613K(524224K), 0.0012813 secs] [Times: user=0.00 sys=0.00, real=0.00 secs] 
10.318: [GC (Allocation Failure) 10.318: [DefNew: 960K->64K(960K), 0.0011372 secs] 150509K->150019K(524224K), 0.0011964 secs] [Times: user=0.00 sys=0.00, real=0.00 secs] 
10.321: [GC (Allocation Failure) 10.321: [DefNew: 960K->63K(960K), 0.0011049 secs] 150917K->150379K(524224K), 0.0012012 secs] [Times: user=0.00 sys=0.00, real=0.00 secs] 
10.323: [GC (Allocation Failure) 10.323: [DefNew: 959K->64K(960K), 0.0011199 secs] 151277K->150769K(524224K), 0.0011897 secs] [Times: user=0.00 sys=0.00, real=0.00 secs] 
10.326: [GC (Allocation Failure) 10.326: [DefNew: 960K->63K(960K), 0.0013354 secs] 151666K->151181K(524224K), 0.0014376 secs] [Times: user=0.00 sys=0.00, real=0.00 secs] 
10.329: [GC (Allocation Failure) 10.329: [DefNew: 959K->64K(960K), 0.0012876 secs] 152078K->151705K(524224K), 0.0013646 secs] [Times: user=0.00 sys=0.00, real=0.00 secs] 
10.331: [GC (Allocation Failure) 10.331: [DefNew: 960K->64K(960K), 0.0011799 secs] 152603K->152121K(524224K), 0.0012446 secs] [Times: user=0.00 sys=0.00, real=0.00 secs] 
10.334: [GC (Allocation Failure) 10.334: [DefNew: 960K->63K(960K), 0.0011408 secs] 153019K->152564K(524224K), 0.0012008 secs] [Times: user=0.00 sys=0.00, real=0.00 secs] 
10.336: [GC (Allocation Failure) 10.336: [DefNew: 959K->64K(960K), 0.0011886 secs] 153462K->152971K(524224K), 0.0012553 secs] [Times: user=0.00 sys=0.00, real=0.00 secs] 
10.339: [GC (Allocation Failure) 10.339: [DefNew: 960K->64K(960K), 0.0012201 secs] 153867K->153397K(524224K), 0.0012833 secs] [Times: user=0.00 sys=0.00, real=0.00 secs] 
10.342: [GC (Allocation Failure) 10.342: [DefNew: 960K->64K(960K), 0.0011301 secs] 154293K->153804K(524224K), 0.0011862 secs] [Times: user=0.00 sys=0.00, real=0.00 secs] 
10.344: [GC (Allocation Failure) 10.344: [DefNew: 960K->63K(960K), 0.0013030 secs] 154702K->154227K(524224K), 0.0013654 secs] [Times: user=0.00 sys=0.00, real=0.00 secs] 
10.347: [GC (Allocation Failure) 10.347: [DefNew: 959K->63K(960K), 0.0012703 secs] 155123K->154668K(524224K), 0.0013366 secs] [Times: user=0.00 sys=0.00, real=0.00 secs] 
10.349: [GC (Allocation Failure) 10.349: [DefNew: 959K->63K(960K), 0.0012059 secs] 155564K->155052K(524224K), 0.0012604 secs] [Times: user=0.00 sys=0.00, real=0.00 secs] 
10.352: [GC (Allocation Failure) 10.352: [DefNew: 959K->64K(960K), 0.0011668 secs] 155948K->155505K(524224K), 0.0012320 secs] [Times: user=0.00 sys=0.00, real=0.00 secs] 
10.355: [GC (Allocation Failure) 10.355: [DefNew: 960K->63K(960K), 0.0012268 secs] 156404K->155971K(524224K), 0.0013018 secs] [Times: user=0.00 sys=0.00, real=0.00 secs] 
10.357: [GC (Allocation Failure) 10.357: [DefNew: 959K->63K(960K), 0.0010804 secs] 156867K->156351K(524224K), 0.0011380 secs] [Times: user=0.00 sys=0.00, real=0.00 secs] 
10.360: [GC (Allocation Failure) 10.360: [DefNew: 959K->63K(960K), 0.0015592 secs] 157248K->156764K(524224K), 0.0016551 secs] [Times: user=0.00 sys=0.00, real=0.00 secs] 
10.363: [GC (Allocation Failure) 10.363: [DefNew: 959K->64K(960K), 0.0012067 secs] 157661K->157195K(524224K), 0.0012647 secs] [Times: user=0.00 sys=0.00, real=0.00 secs] 
10.366: [GC (Allocation Failure) 10.366: [DefNew: 960K->63K(960K), 0.0011467 secs] 158092K->157605K(524224K), 0.0012138 secs] [Times: user=0.00 sys=0.00, real=0.00 secs] 
10.369: [GC (Allocation Failure) 10.369: [DefNew: 959K->63K(960K), 0.0012233 secs] 158502K->158033K(524224K), 0.0012857 secs] [Times: user=0.00 sys=0.00, real=0.00 secs] 
10.374: [GC (Allocation Failure) 10.374: [DefNew: 959K->63K(960K), 0.0013425 secs] 158929K->158433K(524224K), 0.0014676 secs] [Times: user=0.00 sys=0.00, real=0.00 secs] 
10.377: [GC (Allocation Failure) 10.377: [DefNew: 959K->63K(960K), 0.0012221 secs] 159329K->158881K(524224K), 0.0012959 secs] [Times: user=0.00 sys=0.00, real=0.00 secs] 
10.379: [GC (Allocation Failure) 10.379: [DefNew: 959K->64K(960K), 0.0012308 secs] 159777K->159281K(524224K), 0.0013018 secs] [Times: user=0.00 sys=0.00, real=0.00 secs] 
10.382: [GC (Allocation Failure) 10.382: [DefNew: 960K->63K(960K), 0.0012347 secs] 160177K->159732K(524224K), 0.0012916 secs] [Times: user=0.01 sys=0.00, real=0.00 secs] 
10.385: [GC (Allocation Failure) 10.385: [DefNew: 959K->63K(960K), 0.0012458 secs] 160629K->160136K(524224K), 0.0013141 secs] [Times: user=0.00 sys=0.00, real=0.00 secs] 
10.387: [GC (Allocation Failure) 10.387: [DefNew: 959K->64K(960K), 0.0011807 secs] 161035K->160560K(524224K), 0.0012339 secs] [Times: user=0.00 sys=0.00, real=0.00 secs] 
10.390: [GC (Allocation Failure) 10.390: [DefNew: 960K->63K(960K), 0.0012391 secs] 161457K->161036K(524224K), 0.0013022 secs] [Times: user=0.00 sys=0.00, real=0.00 secs] 
10.393: [GC (Allocation Failure) 10.393: [DefNew: 959K->63K(960K), 0.0016524 secs] 161932K->161454K(524224K), 0.0017949 secs] [Times: user=0.00 sys=0.00, real=0.00 secs] 
10.396: [GC (Allocation Failure) 10.396: [DefNew: 959K->63K(960K), 0.0013011 secs] 162351K->161875K(524224K), 0.0013686 secs] [Times: user=0.00 sys=0.00, real=0.00 secs] 
10.399: [GC (Allocation Failure) 10.399: [DefNew: 959K->63K(960K), 0.0011061 secs] 162772K->162303K(524224K), 0.0011653 secs] [Times: user=0.00 sys=0.00, real=0.00 secs] 
10.401: [GC (Allocation Failure) 10.401: [DefNew: 959K->64K(960K), 0.0011246 secs] 163201K->162724K(524224K), 0.0011850 secs] [Times: user=0.00 sys=0.00, real=0.00 secs] 
10.404: [GC (Allocation Failure) 10.404: [DefNew: 960K->64K(960K), 0.0011258 secs] 163622K->163135K(524224K), 0.0011886 secs] [Times: user=0.00 sys=0.00, real=0.00 secs] 
10.407: [GC (Allocation Failure) 10.407: [DefNew: 960K->63K(960K), 0.0013275 secs] 164032K->163537K(524224K), 0.0014068 secs] [Times: user=0.00 sys=0.00, real=0.00 secs] 
10.410: [GC (Allocation Failure) 10.410: [DefNew: 959K->63K(960K), 0.0012703 secs] 164434K->163933K(524224K), 0.0013492 secs] [Times: user=0.00 sys=0.00, real=0.00 secs] 
10.413: [GC (Allocation Failure) 10.413: [DefNew: 959K->63K(960K), 0.0013105 secs] 164830K->164383K(524224K), 0.0013867 secs] [Times: user=0.02 sys=0.00, real=0.00 secs] 
10.415: [GC (Allocation Failure) 10.415: [DefNew: 959K->63K(960K), 0.0012821 secs] 165281K->164788K(524224K), 0.0013496 secs] [Times: user=0.00 sys=0.00, real=0.00 secs] 
10.418: [GC (Allocation Failure) 10.418: [DefNew: 959K->64K(960K), 0.0011972 secs] 165685K->165199K(524224K), 0.0012596 secs] [Times: user=0.00 sys=0.00, real=0.00 secs] 
10.421: [GC (Allocation Failure) 10.421: [DefNew: 960K->63K(960K), 0.0012032 secs] 166095K->165627K(524224K), 0.0012730 secs] [Times: user=0.00 sys=0.00, real=0.00 secs] 
10.423: [GC (Allocation Failure) 10.423: [DefNew: 959K->63K(960K), 0.0011270 secs] 166524K->166056K(524224K), 0.0011854 secs] [Times: user=0.00 sys=0.00, real=0.00 secs] 
10.426: [GC (Allocation Failure) 10.426: [DefNew: 959K->63K(960K), 0.0013512 secs] 166953K->166470K(524224K), 0.0014582 secs] [Times: user=0.00 sys=0.00, real=0.00 secs] 
10.429: [GC (Allocation Failure) 10.429: [DefNew: 959K->63K(960K), 0.0014661 secs] 167366K->166962K(524224K), 0.0015501 secs] [Times: user=0.01 sys=0.00, real=0.00 secs] 
10.433: [GC (Allocation Failure) 10.433: [DefNew: 959K->63K(960K), 0.0012474 secs] 167858K->167414K(524224K), 0.0013180 secs] [Times: user=0.00 sys=0.00, real=0.00 secs] 
10.436: [GC (Allocation Failure) 10.436: [DefNew: 959K->63K(960K), 0.0012561 secs] 168312K->167853K(524224K), 0.0013232 secs] [Times: user=0.00 sys=0.00, real=0.00 secs] 
10.438: [GC (Allocation Failure) 10.438: [DefNew: 959K->64K(960K), 0.0011613 secs] 168752K->168228K(524224K), 0.0012201 secs] [Times: user=0.00 sys=0.00, real=0.00 secs] 
10.441: [GC (Allocation Failure) 10.441: [DefNew: 960K->64K(960K), 0.0011337 secs] 169127K->168668K(524224K), 0.0011882 secs] [Times: user=0.00 sys=0.00, real=0.00 secs] 
10.443: [GC (Allocation Failure) 10.443: [DefNew: 960K->63K(960K), 0.0012051 secs] 169566K->169080K(524224K), 0.0012659 secs] [Times: user=0.00 sys=0.00, real=0.00 secs] 
10.446: [GC (Allocation Failure) 10.446: [DefNew: 959K->64K(960K), 0.0012801 secs] 169977K->169512K(524224K), 0.0013567 secs] [Times: user=0.00 sys=0.00, real=0.00 secs] 
10.449: [GC (Allocation Failure) 10.449: [DefNew: 960K->63K(960K), 0.0013421 secs] 170408K->169969K(524224K), 0.0014033 secs] [Times: user=0.00 sys=0.00, real=0.00 secs] 
10.451: [GC (Allocation Failure) 10.451: [DefNew: 959K->63K(960K), 0.0012004 secs] 170866K->170378K(524224K), 0.0012541 secs] [Times: user=0.00 sys=0.00, real=0.00 secs] 
10.454: [GC (Allocation Failure) 10.454: [DefNew: 959K->64K(960K), 0.0013232 secs] 171275K->170835K(524224K), 0.0013859 secs] [Times: user=0.00 sys=0.00, real=0.00 secs] 
10.456: [GC (Allocation Failure) 10.456: [DefNew: 960K->64K(960K), 0.0012055 secs] 171733K->171252K(524224K), 0.0012667 secs] [Times: user=0.00 sys=0.00, real=0.00 secs] 
10.459: [GC (Allocation Failure) 10.459: [DefNew: 960K->64K(960K), 0.0012703 secs] 172149K->171678K(524224K), 0.0013571 secs] [Times: user=0.00 sys=0.00, real=0.00 secs] 
10.462: [GC (Allocation Failure) 10.462: [DefNew: 960K->63K(960K), 0.0013287 secs] 172574K->172187K(524224K), 0.0014143 secs] [Times: user=0.00 sys=0.00, real=0.00 secs] 
10.464: [GC (Allocation Failure) 10.464: [DefNew: 959K->63K(960K), 0.0012478 secs] 173084K->172580K(524224K), 0.0013161 secs] [Times: user=0.00 sys=0.00, real=0.00 secs] 
10.467: [GC (Allocation Failure) 10.467: [DefNew: 959K->64K(960K), 0.0011100 secs] 173477K->172990K(524224K), 0.0011783 secs] [Times: user=0.00 sys=0.00, real=0.00 secs] 
10.469: [GC (Allocation Failure) 10.469: [DefNew: 960K->63K(960K), 0.0012158 secs] 173888K->173397K(524224K), 0.0012813 secs] [Times: user=0.00 sys=0.00, real=0.00 secs] 
10.476: [GC (Allocation Failure) 10.476: [DefNew: 959K->64K(960K), 0.0017274 secs] 174294K->173853K(524224K), 0.0018462 secs] [Times: user=0.02 sys=0.00, real=0.00 secs] 
10.480: [GC (Allocation Failure) 10.480: [DefNew: 960K->64K(960K), 0.0013646 secs] 174750K->174286K(524224K), 0.0014447 secs] [Times: user=0.00 sys=0.00, real=0.00 secs] 
10.482: [GC (Allocation Failure) 10.482: [DefNew: 960K->63K(960K), 0.0012059 secs] 175182K->174700K(524224K), 0.0012750 secs] [Times: user=0.00 sys=0.00, real=0.00 secs] 
10.485: [GC (Allocation Failure) 10.485: [DefNew: 959K->63K(960K), 0.0013153 secs] 175598K->175145K(524224K), 0.0013974 secs] [Times: user=0.00 sys=0.00, real=0.00 secs] 
10.487: [GC (Allocation Failure) 10.487: [DefNew: 959K->64K(960K), 0.0011811 secs] 176041K->175532K(524224K), 0.0012501 secs] [Times: user=0.00 sys=0.00, real=0.00 secs] 
10.490: [GC (Allocation Failure) 10.490: [DefNew: 960K->63K(960K), 0.0010903 secs] 176428K->175996K(524224K), 0.0011514 secs] [Times: user=0.00 sys=0.00, real=0.00 secs] 
10.493: [GC (Allocation Failure) 10.493: [DefNew: 959K->64K(960K), 0.0016196 secs] 176892K->176414K(524224K), 0.0017329 secs] [Times: user=0.00 sys=0.00, real=0.00 secs] 
10.496: [GC (Allocation Failure) 10.496: [DefNew: 960K->64K(960K), 0.0011739 secs] 177310K->176808K(524224K), 0.0012399 secs] [Times: user=0.00 sys=0.00, real=0.00 secs] 
10.499: [GC (Allocation Failure) 10.499: [DefNew: 960K->64K(960K), 0.0012336 secs] 177705K->177259K(524224K), 0.0012912 secs] [Times: user=0.00 sys=0.00, real=0.00 secs] 
10.502: [GC (Allocation Failure) 10.502: [DefNew: 960K->64K(960K), 0.0012039 secs] 178155K->177676K(524224K), 0.0012604 secs] [Times: user=0.00 sys=0.00, real=0.00 secs] 
10.504: [GC (Allocation Failure) 10.504: [DefNew: 960K->64K(960K), 0.0012253 secs] 178572K->178082K(524224K), 0.0012900 secs] [Times: user=0.00 sys=0.00, real=0.00 secs] 
10.507: [GC (Allocation Failure) 10.507: [DefNew: 960K->63K(960K), 0.0011937 secs] 178979K->178514K(524224K), 0.0012639 secs] [Times: user=0.02 sys=0.00, real=0.00 secs] 
10.510: [GC (Allocation Failure) 10.510: [DefNew: 959K->63K(960K), 0.0015454 secs] 179410K->178908K(524224K), 0.0016559 secs] [Times: user=0.00 sys=0.00, real=0.00 secs] 
10.514: [GC (Allocation Failure) 10.514: [DefNew: 959K->63K(960K), 0.0014068 secs] 179804K->179304K(524224K), 0.0015537 secs] [Times: user=0.00 sys=0.00, real=0.00 secs] 
10.517: [GC (Allocation Failure) 10.517: [DefNew: 959K->63K(960K), 0.0012020 secs] 180200K->179715K(524224K), 0.0012643 secs] [Times: user=0.00 sys=0.00, real=0.00 secs] 
10.519: [GC (Allocation Failure) 10.519: [DefNew: 959K->63K(960K), 0.0012939 secs] 180611K->180132K(524224K), 0.0013575 secs] [Times: user=0.00 sys=0.00, real=0.00 secs] 
10.522: [GC (Allocation Failure) 10.522: [DefNew: 959K->63K(960K), 0.0012063 secs] 181028K->180558K(524224K), 0.0012722 secs] [Times: user=0.00 sys=0.00, real=0.00 secs] 
10.524: [GC (Allocation Failure) 10.524: [DefNew: 959K->64K(960K), 0.0012146 secs] 181454K->180928K(524224K), 0.0012857 secs] [Times: user=0.00 sys=0.00, real=0.00 secs] 
10.528: [GC (Allocation Failure) 10.528: [DefNew: 960K->64K(960K), 0.0013318 secs] 181825K->181433K(524224K), 0.0014289 secs] [Times: user=0.00 sys=0.00, real=0.00 secs] 
10.532: [GC (Allocation Failure) 10.532: [DefNew: 960K->63K(960K), 0.0012884 secs] 182330K->181877K(524224K), 0.0013492 secs] [Times: user=0.00 sys=0.00, real=0.00 secs] 
10.534: [GC (Allocation Failure) 10.534: [DefNew: 959K->64K(960K), 0.0011562 secs] 182774K->182291K(524224K), 0.0012209 secs] [Times: user=0.00 sys=0.00, real=0.00 secs] 
10.537: [GC (Allocation Failure) 10.537: [DefNew: 960K->64K(960K), 0.0011088 secs] 183187K->182714K(524224K), 0.0011629 secs] [Times: user=0.00 sys=0.00, real=0.00 secs] 
10.539: [GC (Allocation Failure) 10.539: [DefNew: 960K->63K(960K), 0.0016318 secs] 183610K->183141K(524224K), 0.0017214 secs] [Times: user=0.00 sys=0.00, real=0.00 secs] 
10.543: [GC (Allocation Failure) 10.543: [DefNew: 959K->63K(960K), 0.0013879 secs] 184038K->183581K(524224K), 0.0014499 secs] [Times: user=0.00 sys=0.00, real=0.00 secs] 
10.546: [GC (Allocation Failure) 10.546: [DefNew: 959K->63K(960K), 0.0013622 secs] 184477K->184029K(524224K), 0.0014222 secs] [Times: user=0.00 sys=0.00, real=0.00 secs] 
10.548: [GC (Allocation Failure) 10.548: [DefNew: 959K->64K(960K), 0.0013038 secs] 184925K->184432K(524224K), 0.0013674 secs] [Times: user=0.00 sys=0.00, real=0.00 secs] 
10.551: [GC (Allocation Failure) 10.551: [DefNew: 960K->64K(960K), 0.0012154 secs] 185329K->184867K(524224K), 0.0012793 secs] [Times: user=0.00 sys=0.00, real=0.00 secs] 
10.553: [GC (Allocation Failure) 10.553: [DefNew: 960K->63K(960K), 0.0011455 secs] 185764K->185249K(524224K), 0.0012012 secs] [Times: user=0.00 sys=0.00, real=0.00 secs] 
10.556: [GC (Allocation Failure) 10.556: [DefNew: 959K->64K(960K), 0.0012071 secs] 186146K->185660K(524224K), 0.0012837 secs] [Times: user=0.00 sys=0.00, real=0.00 secs] 
10.559: [GC (Allocation Failure) 10.559: [DefNew: 960K->64K(960K), 0.0013512 secs] 186557K->186118K(524224K), 0.0014400 secs] [Times: user=0.00 sys=0.00, real=0.00 secs] 
10.561: [GC (Allocation Failure) 10.561: [DefNew: 960K->64K(960K), 0.0014708 secs] 187015K->186623K(524224K), 0.0015837 secs] [Times: user=0.00 sys=0.00, real=0.00 secs] 
10.565: [GC (Allocation Failure) 10.565: [DefNew: 960K->63K(960K), 0.0013445 secs] 187521K->187029K(524224K), 0.0014112 secs] [Times: user=0.00 sys=0.00, real=0.00 secs] 
10.567: [GC (Allocation Failure) 10.567: [DefNew: 959K->64K(960K), 0.0012091 secs] 187925K->187439K(524224K), 0.0012659 secs] [Times: user=0.00 sys=0.00, real=0.00 secs] 
10.573: [GC (Allocation Failure) 10.573: [DefNew: 960K->64K(960K), 0.0013922 secs] 188337K->187831K(524224K), 0.0014976 secs] [Times: user=0.00 sys=0.00, real=0.00 secs] 
10.577: [GC (Allocation Failure) 10.577: [DefNew: 960K->63K(960K), 0.0013271 secs] 188727K->188269K(524224K), 0.0013875 secs] [Times: user=0.00 sys=0.00, real=0.00 secs] 
10.579: [GC (Allocation Failure) 10.579: [DefNew: 959K->63K(960K), 0.0013109 secs] 189166K->188690K(524224K), 0.0013717 secs] [Times: user=0.00 sys=0.00, real=0.00 secs] 
10.582: [GC (Allocation Failure) 10.582: [DefNew: 959K->64K(960K), 0.0012774 secs] 189586K->189147K(524224K), 0.0013366 secs] [Times: user=0.00 sys=0.00, real=0.00 secs] 
10.584: [GC (Allocation Failure) 10.584: [DefNew: 960K->64K(960K), 0.0012687 secs] 190044K->189537K(524224K), 0.0013271 secs] [Times: user=0.00 sys=0.00, real=0.00 secs] 
10.587: [GC (Allocation Failure) 10.587: [DefNew: 960K->64K(960K), 0.0012047 secs] 190433K->189922K(524224K), 0.0012916 secs] [Times: user=0.00 sys=0.00, real=0.00 secs] 
10.590: [GC (Allocation Failure) 10.590: [DefNew: 960K->64K(960K), 0.0012118 secs] 190819K->190366K(524224K), 0.0012797 secs] [Times: user=0.00 sys=0.00, real=0.00 secs] 
10.592: [GC (Allocation Failure) 10.592: [DefNew: 960K->64K(960K), 0.0011471 secs] 191262K->190753K(524224K), 0.0012087 secs] [Times: user=0.00 sys=0.00, real=0.00 secs] 
10.595: [GC (Allocation Failure) 10.595: [DefNew: 960K->63K(960K), 0.0012339 secs] 191650K->191201K(524224K), 0.0013184 secs] [Times: user=0.00 sys=0.00, real=0.00 secs] 
10.598: [GC (Allocation Failure) 10.598: [DefNew: 959K->64K(960K), 0.0012489 secs] 192097K->191621K(524224K), 0.0013125 secs] [Times: user=0.00 sys=0.00, real=0.00 secs] 
10.600: [GC (Allocation Failure) 10.600: [DefNew: 960K->63K(960K), 0.0012470 secs] 192519K->192060K(524224K), 0.0013105 secs] [Times: user=0.00 sys=0.00, real=0.00 secs] 
10.603: [GC (Allocation Failure) 10.603: [DefNew: 959K->64K(960K), 0.0012430 secs] 192956K->192482K(524224K), 0.0013074 secs] [Times: user=0.00 sys=0.00, real=0.00 secs] 
10.605: [GC (Allocation Failure) 10.605: [DefNew: 960K->63K(960K), 0.0012691 secs] 193378K->192902K(524224K), 0.0013271 secs] [Times: user=0.00 sys=0.00, real=0.00 secs] 
10.608: [GC (Allocation Failure) 10.608: [DefNew: 959K->63K(960K), 0.0012288 secs] 193800K->193320K(524224K), 0.0012920 secs] [Times: user=0.00 sys=0.00, real=0.00 secs] 
10.611: [GC (Allocation Failure) 10.611: [DefNew: 959K->63K(960K), 0.0015122 secs] 194217K->193713K(524224K), 0.0016484 secs] [Times: user=0.00 sys=0.00, real=0.00 secs] 
10.614: [GC (Allocation Failure) 10.614: [DefNew: 959K->64K(960K), 0.0015470 secs] 194610K->194220K(524224K), 0.0016492 secs] [Times: user=0.00 sys=0.00, real=0.00 secs] 
10.618: [GC (Allocation Failure) 10.618: [DefNew: 960K->63K(960K), 0.0013492 secs] 195118K->194637K(524224K), 0.0014218 secs] [Times: user=0.00 sys=0.00, real=0.00 secs] 
10.621: [GC (Allocation Failure) 10.621: [DefNew: 959K->63K(960K), 0.0014218 secs] 195535K->195062K(524224K), 0.0014945 secs] [Times: user=0.00 sys=0.00, real=0.00 secs] 
10.624: [GC (Allocation Failure) 10.624: [DefNew: 959K->64K(960K), 0.0012383 secs] 195959K->195533K(524224K), 0.0013046 secs] [Times: user=0.00 sys=0.00, real=0.00 secs] 
10.627: [GC (Allocation Failure) 10.627: [DefNew: 960K->64K(960K), 0.0016161 secs] 196430K->195976K(524224K), 0.0017116 secs] [Times: user=0.00 sys=0.00, real=0.00 secs] 
10.630: [GC (Allocation Failure) 10.630: [DefNew: 960K->63K(960K), 0.0012770 secs] 196875K->196376K(524224K), 0.0013397 secs] [Times: user=0.00 sys=0.00, real=0.00 secs] 
10.633: [GC (Allocation Failure) 10.633: [DefNew: 959K->63K(960K), 0.0015083 secs] 197273K->196833K(524224K), 0.0015837 secs] [Times: user=0.00 sys=0.00, real=0.00 secs] 
10.636: [GC (Allocation Failure) 10.636: [DefNew: 959K->63K(960K), 0.0012892 secs] 197730K->197246K(524224K), 0.0013551 secs] [Times: user=0.00 sys=0.00, real=0.00 secs] 
10.639: [GC (Allocation Failure) 10.639: [DefNew: 959K->64K(960K), 0.0012647 secs] 198144K->197694K(524224K), 0.0013247 secs] [Times: user=0.00 sys=0.00, real=0.00 secs] 
10.642: [GC (Allocation Failure) 10.642: [DefNew: 960K->63K(960K), 0.0012533 secs] 198591K->198111K(524224K), 0.0013113 secs] [Times: user=0.00 sys=0.00, real=0.00 secs] 
10.644: [GC (Allocation Failure) 10.644: [DefNew: 959K->64K(960K), 0.0013232 secs] 199007K->198541K(524224K), 0.0013863 secs] [Times: user=0.00 sys=0.00, real=0.00 secs] 
10.647: [GC (Allocation Failure) 10.647: [DefNew: 960K->64K(960K), 0.0012379 secs] 199437K->198976K(524224K), 0.0012987 secs] [Times: user=0.01 sys=0.00, real=0.00 secs] 
10.649: [GC (Allocation Failure) 10.649: [DefNew: 960K->64K(960K), 0.0013555 secs] 199872K->199384K(524224K), 0.0014234 secs] [Times: user=0.00 sys=0.00, real=0.00 secs] 
10.653: [GC (Allocation Failure) 10.653: [DefNew: 960K->63K(960K), 0.0013204 secs] 200280K->199809K(524224K), 0.0013816 secs] [Times: user=0.00 sys=0.00, real=0.00 secs] 
10.656: [GC (Allocation Failure) 10.656: [DefNew: 959K->63K(960K), 0.0012991 secs] 200706K->200250K(524224K), 0.0013607 secs] [Times: user=0.00 sys=0.00, real=0.00 secs] 
10.658: [GC (Allocation Failure) 10.658: [DefNew: 959K->63K(960K), 0.0012359 secs] 201146K->200660K(524224K), 0.0013026 secs] [Times: user=0.00 sys=0.00, real=0.00 secs] 
10.661: [GC (Allocation Failure) 10.661: [DefNew: 959K->63K(960K), 0.0014155 secs] 201557K->201084K(524224K), 0.0015403 secs] [Times: user=0.00 sys=0.00, real=0.00 secs] 
10.664: [GC (Allocation Failure) 10.664: [DefNew: 959K->64K(960K), 0.0013496 secs] 201980K->201515K(524224K), 0.0014258 secs] [Times: user=0.00 sys=0.00, real=0.00 secs] 
10.667: [GC (Allocation Failure) 10.667: [DefNew: 960K->64K(960K), 0.0011507 secs] 202412K->201954K(524224K), 0.0012162 secs] [Times: user=0.00 sys=0.00, real=0.00 secs] 
10.673: [GC (Allocation Failure) 10.673: [DefNew: 960K->63K(960K), 0.0013796 secs] 202851K->202365K(524224K), 0.0015107 secs] [Times: user=0.00 sys=0.00, real=0.00 secs] 
10.676: [GC (Allocation Failure) 10.676: [DefNew: 959K->64K(960K), 0.0012051 secs] 203262K->202755K(524224K), 0.0012699 secs] [Times: user=0.00 sys=0.00, real=0.00 secs] 
10.679: [GC (Allocation Failure) 10.679: [DefNew: 960K->63K(960K), 0.0013251 secs] 203651K->203225K(524224K), 0.0013824 secs] [Times: user=0.02 sys=0.00, real=0.00 secs] 
10.681: [GC (Allocation Failure) 10.681: [DefNew: 959K->64K(960K), 0.0012868 secs] 204123K->203605K(524224K), 0.0013496 secs] [Times: user=0.00 sys=0.00, real=0.00 secs] 
10.684: [GC (Allocation Failure) 10.684: [DefNew: 960K->63K(960K), 0.0013311 secs] 204501K->204034K(524224K), 0.0013978 secs] [Times: user=0.00 sys=0.00, real=0.00 secs] 
10.687: [GC (Allocation Failure) 10.687: [DefNew: 959K->64K(960K), 0.0013551 secs] 204931K->204477K(524224K), 0.0014143 secs] [Times: user=0.00 sys=0.00, real=0.00 secs] 
10.689: [GC (Allocation Failure) 10.689: [DefNew: 960K->63K(960K), 0.0012943 secs] 205374K->204909K(524224K), 0.0013583 secs] [Times: user=0.00 sys=0.00, real=0.00 secs] 
10.692: [GC (Allocation Failure) 10.692: [DefNew: 959K->64K(960K), 0.0013918 secs] 205806K->205360K(524224K), 0.0014799 secs] [Times: user=0.00 sys=0.00, real=0.00 secs] 
10.694: [GC (Allocation Failure) 10.694: [DefNew: 960K->64K(960K), 0.0017116 secs] 206257K->205804K(524224K), 0.0018316 secs] [Times: user=0.01 sys=0.00, real=0.00 secs] 
10.698: [GC (Allocation Failure) 10.698: [DefNew: 960K->64K(960K), 0.0013883 secs] 206701K->206264K(524224K), 0.0014582 secs] [Times: user=0.00 sys=0.00, real=0.00 secs] 
10.701: [GC (Allocation Failure) 10.701: [DefNew: 960K->64K(960K), 0.0013141 secs] 207161K->206716K(524224K), 0.0013839 secs] [Times: user=0.00 sys=0.00, real=0.00 secs] 
10.703: [GC (Allocation Failure) 10.703: [DefNew: 960K->64K(960K), 0.0012849 secs] 207613K->207141K(524224K), 0.0013449 secs] [Times: user=0.00 sys=0.00, real=0.00 secs] 
10.706: [GC (Allocation Failure) 10.706: [DefNew: 960K->64K(960K), 0.0012778 secs] 208038K->207566K(524224K), 0.0013429 secs] [Times: user=0.00 sys=0.00, real=0.00 secs] 
10.709: [GC (Allocation Failure) 10.709: [DefNew: 960K->64K(960K), 0.0012466 secs] 208462K->207966K(524224K), 0.0013188 secs] [Times: user=0.00 sys=0.00, real=0.00 secs] 
10.712: [GC (Allocation Failure) 10.712: [DefNew: 960K->63K(960K), 0.0013389 secs] 208863K->208369K(524224K), 0.0014234 secs] [Times: user=0.00 sys=0.00, real=0.00 secs] 
10.715: [GC (Allocation Failure) 10.715: [DefNew: 959K->63K(960K), 0.0014483 secs] 209265K->208846K(524224K), 0.0015343 secs] [Times: user=0.00 sys=0.00, real=0.00 secs] 
10.717: [GC (Allocation Failure) 10.717: [DefNew: 959K->64K(960K), 0.0014424 secs] 209742K->209244K(524224K), 0.0015134 secs] [Times: user=0.00 sys=0.00, real=0.00 secs] 
10.720: [GC (Allocation Failure) 10.720: [DefNew: 960K->64K(960K), 0.0012876 secs] 210141K->209632K(524224K), 0.0013555 secs] [Times: user=0.00 sys=0.00, real=0.00 secs] 
10.723: [GC (Allocation Failure) 10.723: [DefNew: 960K->64K(960K), 0.0012825 secs] 210528K->210018K(524224K), 0.0013579 secs] [Times: user=0.00 sys=0.00, real=0.00 secs] 
10.725: [GC (Allocation Failure) 10.725: [DefNew: 960K->63K(960K), 0.0016986 secs] 210916K->210443K(524224K), 0.0017830 secs] [Times: user=0.02 sys=0.00, real=0.00 secs] 
10.729: [GC (Allocation Failure) 10.729: [DefNew: 959K->63K(960K), 0.0016082 secs] 211340K->211006K(524224K), 0.0016930 secs] [Times: user=0.00 sys=0.00, real=0.00 secs] 
10.732: [GC (Allocation Failure) 10.732: [DefNew: 959K->64K(960K), 0.0014254 secs] 211902K->211437K(524224K), 0.0014838 secs] [Times: user=0.00 sys=0.00, real=0.00 secs] 
10.735: [GC (Allocation Failure) 10.735: [DefNew: 960K->64K(960K), 0.0012687 secs] 212334K->211867K(524224K), 0.0013472 secs] [Times: user=0.00 sys=0.00, real=0.00 secs] 
10.738: [GC (Allocation Failure) 10.738: [DefNew: 960K->64K(960K), 0.0013062 secs] 212765K->212310K(524224K), 0.0013697 secs] [Times: user=0.00 sys=0.00, real=0.00 secs] 
10.740: [GC (Allocation Failure) 10.740: [DefNew: 960K->63K(960K), 0.0013145 secs] 213208K->212709K(524224K), 0.0013729 secs] [Times: user=0.00 sys=0.00, real=0.00 secs] 
10.743: [GC (Allocation Failure) 10.743: [DefNew: 959K->64K(960K), 0.0013397 secs] 213605K->213134K(524224K), 0.0014053 secs] [Times: user=0.00 sys=0.00, real=0.00 secs] 
10.745: [GC (Allocation Failure) 10.745: [DefNew: 960K->64K(960K), 0.0013003 secs] 214031K->213552K(524224K), 0.0013587 secs] [Times: user=0.00 sys=0.00, real=0.00 secs] 
10.748: [GC (Allocation Failure) 10.748: [DefNew: 960K->64K(960K), 0.0013074 secs] 214448K->214001K(524224K), 0.0013666 secs] [Times: user=0.00 sys=0.00, real=0.00 secs] 
10.751: [GC (Allocation Failure) 10.751: [DefNew: 960K->64K(960K), 0.0013413 secs] 214898K->214426K(524224K), 0.0013962 secs] [Times: user=0.00 sys=0.00, real=0.00 secs] 
10.753: [GC (Allocation Failure) 10.753: [DefNew: 960K->63K(960K), 0.0012375 secs] 215324K->214831K(524224K), 0.0012943 secs] [Times: user=0.00 sys=0.00, real=0.00 secs] 
10.756: [GC (Allocation Failure) 10.756: [DefNew: 959K->63K(960K), 0.0011933 secs] 215728K->215262K(524224K), 0.0012537 secs] [Times: user=0.00 sys=0.00, real=0.00 secs] 
10.759: [GC (Allocation Failure) 10.759: [DefNew: 959K->63K(960K), 0.0015118 secs] 216158K->215652K(524224K), 0.0016299 secs] [Times: user=0.00 sys=0.00, real=0.00 secs] 
10.763: [GC (Allocation Failure) 10.763: [DefNew: 959K->64K(960K), 0.0013646 secs] 216548K->216120K(524224K), 0.0014601 secs] [Times: user=0.00 sys=0.00, real=0.00 secs] 
10.766: [GC (Allocation Failure) 10.766: [DefNew: 960K->63K(960K), 0.0013816 secs] 217016K->216581K(524224K), 0.0014439 secs] [Times: user=0.00 sys=0.00, real=0.00 secs] 
10.768: [GC (Allocation Failure) 10.768: [DefNew: 959K->64K(960K), 0.0012288 secs] 217478K->216965K(524224K), 0.0012916 secs] [Times: user=0.00 sys=0.00, real=0.00 secs] 
10.774: [GC (Allocation Failure) 10.774: [DefNew: 960K->64K(960K), 0.0014736 secs] 217862K->217371K(524224K), 0.0015778 secs] [Times: user=0.00 sys=0.00, real=0.00 secs] 
10.777: [GC (Allocation Failure) 10.777: [DefNew: 960K->63K(960K), 0.0013626 secs] 218267K->217788K(524224K), 0.0014337 secs] [Times: user=0.00 sys=0.00, real=0.00 secs] 
10.780: [GC (Allocation Failure) 10.780: [DefNew: 959K->64K(960K), 0.0013216 secs] 218684K->218242K(524224K), 0.0013820 secs] [Times: user=0.00 sys=0.00, real=0.00 secs] 
10.783: [GC (Allocation Failure) 10.783: [DefNew: 960K->63K(960K), 0.0014270 secs] 219138K->218702K(524224K), 0.0014917 secs] [Times: user=0.00 sys=0.00, real=0.00 secs] 
10.785: [GC (Allocation Failure) 10.785: [DefNew: 959K->64K(960K), 0.0013421 secs] 219598K->219125K(524224K), 0.0014021 secs] [Times: user=0.00 sys=0.00, real=0.00 secs] 
10.788: [GC (Allocation Failure) 10.788: [DefNew: 960K->64K(960K), 0.0013670 secs] 220021K->219583K(524224K), 0.0014297 secs] [Times: user=0.01 sys=0.00, real=0.00 secs] 
10.790: [GC (Allocation Failure) 10.790: [DefNew: 960K->64K(960K), 0.0013480 secs] 220479K->219995K(524224K), 0.0014128 secs] [Times: user=0.00 sys=0.00, real=0.00 secs] 
10.794: [GC (Allocation Failure) 10.794: [DefNew: 960K->64K(960K), 0.0016757 secs] 220891K->220421K(524224K), 0.0018217 secs] [Times: user=0.00 sys=0.00, real=0.00 secs] 
10.798: [GC (Allocation Failure) 10.798: [DefNew: 960K->64K(960K), 0.0013050 secs] 221317K->220866K(524224K), 0.0013705 secs] [Times: user=0.00 sys=0.00, real=0.00 secs] 
10.800: [GC (Allocation Failure) 10.800: [DefNew: 960K->63K(960K), 0.0012580 secs] 221762K->221287K(524224K), 0.0013255 secs] [Times: user=0.00 sys=0.00, real=0.00 secs] 
10.803: [GC (Allocation Failure) 10.803: [DefNew: 959K->63K(960K), 0.0012430 secs] 222184K->221733K(524224K), 0.0013026 secs] [Times: user=0.02 sys=0.00, real=0.00 secs] 
10.806: [GC (Allocation Failure) 10.806: [DefNew: 959K->64K(960K), 0.0013208 secs] 222631K->222136K(524224K), 0.0013966 secs] [Times: user=0.00 sys=0.00, real=0.00 secs] 
10.808: [GC (Allocation Failure) 10.808: [DefNew: 960K->63K(960K), 0.0013030 secs] 223033K->222524K(524224K), 0.0013587 secs] [Times: user=0.00 sys=0.00, real=0.00 secs] 
10.811: [GC (Allocation Failure) 10.811: [DefNew: 959K->63K(960K), 0.0014811 secs] 223420K->222927K(524224K), 0.0015849 secs] [Times: user=0.00 sys=0.00, real=0.00 secs] 
10.814: [GC (Allocation Failure) 10.814: [DefNew: 959K->64K(960K), 0.0015829 secs] 223824K->223343K(524224K), 0.0017195 secs] [Times: user=0.00 sys=0.00, real=0.00 secs] 
10.818: [GC (Allocation Failure) 10.818: [DefNew: 960K->64K(960K), 0.0013583 secs] 224240K->223770K(524224K), 0.0014333 secs] [Times: user=0.00 sys=0.00, real=0.00 secs] 
10.821: [GC (Allocation Failure) 10.821: [DefNew: 960K->64K(960K), 0.0013184 secs] 224667K->224162K(524224K), 0.0013907 secs] [Times: user=0.00 sys=0.00, real=0.00 secs] 
10.823: [GC (Allocation Failure) 10.823: [DefNew: 960K->64K(960K), 0.0012805 secs] 225058K->224588K(524224K), 0.0013457 secs] [Times: user=0.00 sys=0.00, real=0.00 secs] 
10.826: [GC (Allocation Failure) 10.826: [DefNew: 960K->64K(960K), 0.0014120 secs] 225484K->225018K(524224K), 0.0015588 secs] [Times: user=0.00 sys=0.00, real=0.00 secs] 
10.829: [GC (Allocation Failure) 10.829: [DefNew: 960K->63K(960K), 0.0014929 secs] 225914K->225568K(524224K), 0.0015683 secs] [Times: user=0.00 sys=0.00, real=0.00 secs] 
10.832: [GC (Allocation Failure) 10.832: [DefNew: 959K->64K(960K), 0.0015549 secs] 226464K->226112K(524224K), 0.0016330 secs] [Times: user=0.00 sys=0.00, real=0.00 secs] 
10.836: [GC (Allocation Failure) 10.836: [DefNew: 960K->63K(960K), 0.0014889 secs] 227008K->226555K(524224K), 0.0015553 secs] [Times: user=0.00 sys=0.00, real=0.00 secs] 
10.838: [GC (Allocation Failure) 10.838: [DefNew: 959K->63K(960K), 0.0013145 secs] 227451K->226956K(524224K), 0.0013729 secs] [Times: user=0.00 sys=0.00, real=0.00 secs] 
10.841: [GC (Allocation Failure) 10.841: [DefNew: 959K->64K(960K), 0.0013528 secs] 227852K->227390K(524224K), 0.0014183 secs] [Times: user=0.00 sys=0.00, real=0.00 secs] 
10.844: [GC (Allocation Failure) 10.844: [DefNew: 960K->64K(960K), 0.0013982 secs] 228286K->227810K(524224K), 0.0014605 secs] [Times: user=0.00 sys=0.00, real=0.00 secs] 
10.847: [GC (Allocation Failure) 10.847: [DefNew: 960K->64K(960K), 0.0013492 secs] 228706K->228248K(524224K), 0.0014159 secs] [Times: user=0.00 sys=0.00, real=0.00 secs] 
10.850: [GC (Allocation Failure) 10.850: [DefNew: 960K->63K(960K), 0.0019113 secs] 229145K->228666K(524224K), 0.0019792 secs] [Times: user=0.01 sys=0.00, real=0.00 secs] 
10.853: [GC (Allocation Failure) 10.853: [DefNew: 959K->63K(960K), 0.0013208 secs] 229562K->229086K(524224K), 0.0013772 secs] [Times: user=0.00 sys=0.00, real=0.00 secs] 
10.856: [GC (Allocation Failure) 10.856: [DefNew: 959K->64K(960K), 0.0013255 secs] 229982K->229516K(524224K), 0.0013934 secs] [Times: user=0.00 sys=0.00, real=0.00 secs] 
10.858: [GC (Allocation Failure) 10.858: [DefNew: 960K->64K(960K), 0.0012959 secs] 230413K->229925K(524224K), 0.0013611 secs] [Times: user=0.00 sys=0.00, real=0.00 secs] 
10.861: [GC (Allocation Failure) 10.861: [DefNew: 960K->63K(960K), 0.0014278 secs] 230822K->230360K(524224K), 0.0015533 secs] [Times: user=0.00 sys=0.00, real=0.00 secs] 
10.865: [GC (Allocation Failure) 10.865: [DefNew: 959K->64K(960K), 0.0013208 secs] 231256K->230749K(524224K), 0.0014258 secs] [Times: user=0.00 sys=0.00, real=0.00 secs] 
10.867: [GC (Allocation Failure) 10.867: [DefNew: 960K->63K(960K), 0.0012975 secs] 231645K->231143K(524224K), 0.0013757 secs] [Times: user=0.00 sys=0.00, real=0.00 secs] 
10.874: [GC (Allocation Failure) 10.874: [DefNew: 959K->63K(960K), 0.0014297 secs] 232040K->231575K(524224K), 0.0015336 secs] [Times: user=0.00 sys=0.00, real=0.00 secs] 
10.876: [GC (Allocation Failure) 10.876: [DefNew: 959K->64K(960K), 0.0013267 secs] 232471K->231961K(524224K), 0.0013954 secs] [Times: user=0.00 sys=0.00, real=0.00 secs] 
10.879: [GC (Allocation Failure) 10.879: [DefNew: 960K->64K(960K), 0.0013172 secs] 232857K->232402K(524224K), 0.0013832 secs] [Times: user=0.00 sys=0.00, real=0.00 secs] 
10.882: [GC (Allocation Failure) 10.882: [DefNew: 960K->63K(960K), 0.0014084 secs] 233298K->232838K(524224K), 0.0014688 secs] [Times: user=0.00 sys=0.00, real=0.00 secs] 
10.884: [GC (Allocation Failure) 10.884: [DefNew: 959K->64K(960K), 0.0014641 secs] 233735K->233289K(524224K), 0.0015316 secs] [Times: user=0.00 sys=0.00, real=0.00 secs] 
10.887: [GC (Allocation Failure) 10.887: [DefNew: 960K->63K(960K), 0.0012683 secs] 234187K->233711K(524224K), 0.0013275 secs] [Times: user=0.00 sys=0.00, real=0.00 secs] 
10.889: [GC (Allocation Failure) 10.889: [DefNew: 959K->63K(960K), 0.0013314 secs] 234608K->234154K(524224K), 0.0013938 secs] [Times: user=0.00 sys=0.00, real=0.00 secs] 
10.892: [GC (Allocation Failure) 10.892: [DefNew: 959K->63K(960K), 0.0012604 secs] 235051K->234554K(524224K), 0.0013279 secs] [Times: user=0.00 sys=0.00, real=0.00 secs] 
10.895: [GC (Allocation Failure) 10.895: [DefNew: 959K->63K(960K), 0.0012845 secs] 235451K->234975K(524224K), 0.0013733 secs] [Times: user=0.00 sys=0.00, real=0.00 secs] 
10.897: [GC (Allocation Failure) 10.897: [DefNew: 959K->63K(960K), 0.0013800 secs] 235871K->235417K(524224K), 0.0014471 secs] [Times: user=0.02 sys=0.00, real=0.00 secs] 
10.900: [GC (Allocation Failure) 10.900: [DefNew: 959K->63K(960K), 0.0012789 secs] 236313K->235895K(524224K), 0.0013401 secs] [Times: user=0.00 sys=0.00, real=0.00 secs] 
10.902: [GC (Allocation Failure) 10.902: [DefNew: 959K->63K(960K), 0.0013642 secs] 236791K->236319K(524224K), 0.0014270 secs] [Times: user=0.00 sys=0.00, real=0.00 secs] 
10.905: [GC (Allocation Failure) 10.905: [DefNew: 959K->64K(960K), 0.0013046 secs] 237216K->236758K(524224K), 0.0013658 secs] [Times: user=0.00 sys=0.00, real=0.00 secs] 
10.908: [GC (Allocation Failure) 10.908: [DefNew: 960K->63K(960K), 0.0013516 secs] 237654K->237224K(524224K), 0.0014061 secs] [Times: user=0.00 sys=0.00, real=0.00 secs] 
10.910: [GC (Allocation Failure) 10.910: [DefNew: 959K->63K(960K), 0.0014972 secs] 238121K->237659K(524224K), 0.0015691 secs] [Times: user=0.00 sys=0.00, real=0.00 secs] 
10.914: [GC (Allocation Failure) 10.914: [DefNew: 959K->64K(960K), 0.0014605 secs] 238555K->238117K(524224K), 0.0015336 secs] [Times: user=0.00 sys=0.00, real=0.00 secs] 
10.916: [GC (Allocation Failure) 10.916: [DefNew: 960K->64K(960K), 0.0013243 secs] 239013K->238514K(524224K), 0.0013824 secs] [Times: user=0.00 sys=0.00, real=0.00 secs] 
10.919: [GC (Allocation Failure) 10.919: [DefNew: 960K->64K(960K), 0.0012687 secs] 239411K->238936K(524224K), 0.0013393 secs] [Times: user=0.00 sys=0.00, real=0.00 secs] 
10.922: [GC (Allocation Failure) 10.922: [DefNew: 960K->63K(960K), 0.0014301 secs] 239833K->239376K(524224K), 0.0014957 secs] [Times: user=0.00 sys=0.00, real=0.00 secs] 
10.924: [GC (Allocation Failure) 10.924: [DefNew: 959K->64K(960K), 0.0013674 secs] 240272K->239803K(524224K), 0.0014361 secs] [Times: user=0.00 sys=0.00, real=0.00 secs] 
10.927: [GC (Allocation Failure) 10.927: [DefNew: 960K->63K(960K), 0.0015375 secs] 240701K->240213K(524224K), 0.0016322 secs] [Times: user=0.00 sys=0.00, real=0.00 secs] 
10.931: [GC (Allocation Failure) 10.931: [DefNew: 959K->64K(960K), 0.0013295 secs] 241111K->240637K(524224K), 0.0014029 secs] [Times: user=0.00 sys=0.00, real=0.00 secs] 
10.933: [GC (Allocation Failure) 10.933: [DefNew: 960K->63K(960K), 0.0012237 secs] 241536K->241065K(524224K), 0.0012801 secs] [Times: user=0.00 sys=0.00, real=0.00 secs] 
10.936: [GC (Allocation Failure) 10.936: [DefNew: 959K->63K(960K), 0.0012888 secs] 241961K->241510K(524224K), 0.0013504 secs] [Times: user=0.00 sys=0.00, real=0.00 secs] 
10.938: [GC (Allocation Failure) 10.938: [DefNew: 959K->64K(960K), 0.0012296 secs] 242406K->241902K(524224K), 0.0012904 secs] [Times: user=0.00 sys=0.00, real=0.00 secs] 
10.941: [GC (Allocation Failure) 10.941: [DefNew: 960K->63K(960K), 0.0013330 secs] 242799K->242345K(524224K), 0.0013930 secs] [Times: user=0.00 sys=0.00, real=0.00 secs] 
10.944: [GC (Allocation Failure) 10.944: [DefNew: 959K->63K(960K), 0.0016397 secs] 243242K->242767K(524224K), 0.0017021 secs] [Times: user=0.02 sys=0.00, real=0.00 secs] 
10.947: [GC (Allocation Failure) 10.947: [DefNew: 959K->63K(960K), 0.0013362 secs] 243664K->243194K(524224K), 0.0014045 secs] [Times: user=0.00 sys=0.00, real=0.00 secs] 
10.950: [GC (Allocation Failure) 10.950: [DefNew: 959K->64K(960K), 0.0013082 secs] 244090K->243650K(524224K), 0.0013622 secs] [Times: user=0.00 sys=0.00, real=0.00 secs] 
10.952: [GC (Allocation Failure) 10.952: [DefNew: 960K->63K(960K), 0.0013993 secs] 244547K->244075K(524224K), 0.0014661 secs] [Times: user=0.00 sys=0.00, real=0.00 secs] 
10.955: [GC (Allocation Failure) 10.955: [DefNew: 959K->64K(960K), 0.0013903 secs] 244971K->244517K(524224K), 0.0014582 secs] [Times: user=0.00 sys=0.00, real=0.00 secs] 
10.958: [GC (Allocation Failure) 10.958: [DefNew: 960K->64K(960K), 0.0013184 secs] 245414K->244950K(524224K), 0.0013792 secs] [Times: user=0.00 sys=0.00, real=0.00 secs] 
10.960: [GC (Allocation Failure) 10.960: [DefNew: 960K->63K(960K), 0.0015411 secs] 245847K->245346K(524224K), 0.0016188 secs] [Times: user=0.00 sys=0.00, real=0.00 secs] 
10.964: [GC (Allocation Failure) 10.964: [DefNew: 959K->64K(960K), 0.0013547 secs] 246243K->245789K(524224K), 0.0014309 secs] [Times: user=0.00 sys=0.00, real=0.00 secs] 
10.966: [GC (Allocation Failure) 10.966: [DefNew: 960K->63K(960K), 0.0012636 secs] 246685K->246214K(524224K), 0.0013295 secs] [Times: user=0.00 sys=0.00, real=0.00 secs] 
10.969: [GC (Allocation Failure) 10.969: [DefNew: 959K->64K(960K), 0.0013275 secs] 247111K->246676K(524224K), 0.0013891 secs] [Times: user=0.00 sys=0.00, real=0.00 secs] 
10.975: [GC (Allocation Failure) 10.975: [DefNew: 960K->63K(960K), 0.0016003 secs] 247572K->247171K(524224K), 0.0017100 secs] [Times: user=0.01 sys=0.00, real=0.00 secs] 
10.978: [GC (Allocation Failure) 10.978: [DefNew: 959K->64K(960K), 0.0015000 secs] 248067K->247611K(524224K), 0.0015821 secs] [Times: user=0.00 sys=0.00, real=0.00 secs] 
10.982: [GC (Allocation Failure) 10.982: [DefNew: 960K->63K(960K), 0.0014739 secs] 248507K->248060K(524224K), 0.0015336 secs] [Times: user=0.00 sys=0.00, real=0.00 secs] 
10.984: [GC (Allocation Failure) 10.984: [DefNew: 959K->64K(960K), 0.0013567 secs] 248956K->248476K(524224K), 0.0014222 secs] [Times: user=0.00 sys=0.00, real=0.00 secs] 
10.987: [GC (Allocation Failure) 10.987: [DefNew: 960K->64K(960K), 0.0013982 secs] 249372K->248929K(524224K), 0.0014554 secs] [Times: user=0.00 sys=0.00, real=0.00 secs] 
10.990: [GC (Allocation Failure) 10.990: [DefNew: 960K->63K(960K), 0.0014716 secs] 249827K->249422K(524224K), 0.0015383 secs] [Times: user=0.00 sys=0.00, real=0.00 secs] 
10.992: [GC (Allocation Failure) 10.992: [DefNew: 959K->63K(960K), 0.0014345 secs] 250318K->249842K(524224K), 0.0015063 secs] [Times: user=0.00 sys=0.00, real=0.00 secs] 
10.995: [GC (Allocation Failure) 10.995: [DefNew: 959K->64K(960K), 0.0013958 secs] 250739K->250319K(524224K), 0.0014803 secs] [Times: user=0.00 sys=0.00, real=0.00 secs] 
10.997: [GC (Allocation Failure) 10.997: [DefNew: 960K->64K(960K), 0.0013437 secs] 251217K->250715K(524224K), 0.0014080 secs] [Times: user=0.00 sys=0.00, real=0.00 secs] 
11.000: [GC (Allocation Failure) 11.000: [DefNew: 960K->64K(960K), 0.0011684 secs] 251611K->251182K(524224K), 0.0012308 secs] [Times: user=0.00 sys=0.00, real=0.00 secs] 
11.003: [GC (Allocation Failure) 11.003: [DefNew: 960K->64K(960K), 0.0013208 secs] 252079K->251635K(524224K), 0.0013832 secs] [Times: user=0.00 sys=0.00, real=0.00 secs] 
11.005: [GC (Allocation Failure) 11.005: [DefNew: 960K->64K(960K), 0.0013638 secs] 252531K->252039K(524224K), 0.0014357 secs] [Times: user=0.00 sys=0.00, real=0.00 secs] 
11.008: [GC (Allocation Failure) 11.012: [DefNew: 960K->64K(960K), 0.0015174 secs] 252935K->252432K(524224K), 0.0056538 secs] [Times: user=0.00 sys=0.00, real=0.01 secs] 
11.015: [GC (Allocation Failure) 11.015: [DefNew: 960K->64K(960K), 0.0013832 secs] 253328K->252833K(524224K), 0.0014696 secs] [Times: user=0.00 sys=0.00, real=0.00 secs] 
11.018: [GC (Allocation Failure) 11.018: [DefNew: 960K->63K(960K), 0.0013662 secs] 253729K->253279K(524224K), 0.0014376 secs] [Times: user=0.00 sys=0.00, real=0.00 secs] 
11.021: [GC (Allocation Failure) 11.021: [DefNew: 959K->63K(960K), 0.0015039 secs] 254175K->253726K(524224K), 0.0015671 secs] [Times: user=0.00 sys=0.00, real=0.00 secs] 
11.023: [GC (Allocation Failure) 11.023: [DefNew: 959K->63K(960K), 0.0014582 secs] 254622K->254137K(524224K), 0.0015312 secs] [Times: user=0.00 sys=0.00, real=0.00 secs] 
11.027: [GC (Allocation Failure) 11.027: [DefNew: 959K->63K(960K), 0.0016551 secs] 255033K->254598K(524224K), 0.0017514 secs] [Times: user=0.00 sys=0.00, real=0.00 secs] 
11.031: [GC (Allocation Failure) 11.031: [DefNew: 959K->64K(960K), 0.0013820 secs] 255495K->255031K(524224K), 0.0014538 secs] [Times: user=0.00 sys=0.00, real=0.00 secs] 
11.033: [GC (Allocation Failure) 11.033: [DefNew: 960K->64K(960K), 0.0013334 secs] 255927K->255453K(524224K), 0.0013922 secs] [Times: user=0.00 sys=0.00, real=0.00 secs] 
11.036: [GC (Allocation Failure) 11.036: [DefNew: 960K->64K(960K), 0.0013322 secs] 256350K->255915K(524224K), 0.0013922 secs] [Times: user=0.00 sys=0.00, real=0.00 secs] 
11.038: [GC (Allocation Failure) 11.038: [DefNew: 960K->63K(960K), 0.0013334 secs] 256812K->256306K(524224K), 0.0013986 secs] [Times: user=0.00 sys=0.00, real=0.00 secs] 
11.042: [GC (Allocation Failure) 11.042: [DefNew: 959K->63K(960K), 0.0014013 secs] 257202K->256778K(524224K), 0.0015312 secs] [Times: user=0.00 sys=0.00, real=0.00 secs] 
11.045: [GC (Allocation Failure) 11.045: [DefNew: 959K->63K(960K), 0.0014443 secs] 257675K->257213K(524224K), 0.0015055 secs] [Times: user=0.00 sys=0.00, real=0.00 secs] 
11.047: [GC (Allocation Failure) 11.047: [DefNew: 959K->64K(960K), 0.0013962 secs] 258110K->257618K(524224K), 0.0014629 secs] [Times: user=0.00 sys=0.00, real=0.00 secs] 
11.050: [GC (Allocation Failure) 11.050: [DefNew: 960K->63K(960K), 0.0013934 secs] 258514K->258089K(524224K), 0.0014511 secs] [Times: user=0.00 sys=0.00, real=0.00 secs] 
11.052: [GC (Allocation Failure) 11.052: [DefNew: 959K->63K(960K), 0.0014289 secs] 258985K->258523K(524224K), 0.0014854 secs] [Times: user=0.00 sys=0.00, real=0.00 secs] 
11.055: [GC (Allocation Failure) 11.055: [DefNew: 959K->64K(960K), 0.0014372 secs] 259420K->258978K(524224K), 0.0015071 secs] [Times: user=0.00 sys=0.00, real=0.00 secs] 
11.058: [GC (Allocation Failure) 11.058: [DefNew: 960K->63K(960K), 0.0013764 secs] 259874K->259420K(524224K), 0.0014337 secs] [Times: user=0.00 sys=0.00, real=0.00 secs] 
11.060: [GC (Allocation Failure) 11.060: [DefNew: 959K->64K(960K), 0.0015647 secs] 260316K->259824K(524224K), 0.0016358 secs] [Times: user=0.00 sys=0.00, real=0.00 secs] 
11.064: [GC (Allocation Failure) 11.064: [DefNew: 960K->64K(960K), 0.0014404 secs] 260720K->260263K(524224K), 0.0015154 secs] [Times: user=0.00 sys=0.00, real=0.00 secs] 
11.066: [GC (Allocation Failure) 11.066: [DefNew: 960K->63K(960K), 0.0012932 secs] 261159K->260648K(524224K), 0.0013524 secs] [Times: user=0.00 sys=0.00, real=0.00 secs] 
11.069: [GC (Allocation Failure) 11.069: [DefNew: 959K->63K(960K), 0.0013346 secs] 261545K->261098K(524224K), 0.0014053 secs] [Times: user=0.02 sys=0.00, real=0.00 secs] 
11.077: [GC (Allocation Failure) 11.077: [DefNew: 959K->63K(960K), 0.0014617 secs] 261994K->261535K(524224K), 0.0015620 secs] [Times: user=0.00 sys=0.00, real=0.00 secs] 
11.080: [GC (Allocation Failure) 11.080: [DefNew: 959K->63K(960K), 0.0014649 secs] 262431K->261963K(524224K), 0.0015363 secs] [Times: user=0.00 sys=0.00, real=0.00 secs] 
11.083: [GC (Allocation Failure) 11.083: [DefNew: 959K->64K(960K), 0.0013757 secs] 262860K->262429K(524224K), 0.0014384 secs] [Times: user=0.00 sys=0.00, real=0.00 secs] 
11.085: [GC (Allocation Failure) 11.085: [DefNew: 960K->64K(960K), 0.0014278 secs] 263325K->262847K(524224K), 0.0014905 secs] [Times: user=0.00 sys=0.00, real=0.00 secs] 
11.088: [GC (Allocation Failure) 11.088: [DefNew: 960K->64K(960K), 0.0013543 secs] 263744K->263266K(524224K), 0.0014242 secs] [Times: user=0.00 sys=0.00, real=0.00 secs] 
11.092: [GC (Allocation Failure) 11.092: [DefNew: 960K->64K(960K), 0.0014811 secs] 264163K->263727K(524224K), 0.0015549 secs] [Times: user=0.00 sys=0.00, real=0.00 secs] 
11.095: [GC (Allocation Failure) 11.095: [DefNew: 960K->63K(960K), 0.0014830 secs] 264624K->264176K(524224K), 0.0015643 secs] [Times: user=0.00 sys=0.00, real=0.00 secs] 
11.098: [GC (Allocation Failure) 11.098: [DefNew: 959K->63K(960K), 0.0012600 secs] 265073K->264599K(524224K), 0.0013239 secs] [Times: user=0.00 sys=0.00, real=0.00 secs] 
11.100: [GC (Allocation Failure) 11.100: [DefNew: 959K->63K(960K), 0.0013192 secs] 265495K->265024K(524224K), 0.0013836 secs] [Times: user=0.01 sys=0.00, real=0.00 secs] 
11.103: [GC (Allocation Failure) 11.103: [DefNew: 959K->63K(960K), 0.0013421 secs] 265920K->265491K(524224K), 0.0014009 secs] [Times: user=0.00 sys=0.00, real=0.00 secs] 
11.106: [GC (Allocation Failure) 11.106: [DefNew: 959K->64K(960K), 0.0014163 secs] 266387K->265916K(524224K), 0.0014846 secs] [Times: user=0.00 sys=0.00, real=0.00 secs] 
11.108: [GC (Allocation Failure) 11.108: [DefNew: 960K->63K(960K), 0.0012959 secs] 266813K->266308K(524224K), 0.0013571 secs] [Times: user=0.00 sys=0.00, real=0.00 secs] 
11.111: [GC (Allocation Failure) 11.111: [DefNew: 959K->64K(960K), 0.0013768 secs] 267204K->266753K(524224K), 0.0014345 secs] [Times: user=0.00 sys=0.00, real=0.00 secs] 
11.113: [GC (Allocation Failure) 11.113: [DefNew: 960K->64K(960K), 0.0014278 secs] 267652K->267171K(524224K), 0.0016370 secs] [Times: user=0.00 sys=0.00, real=0.00 secs] 
11.117: [GC (Allocation Failure) 11.117: [DefNew: 960K->63K(960K), 0.0015864 secs] 268069K->267575K(524224K), 0.0016986 secs] [Times: user=0.00 sys=0.00, real=0.00 secs] 
11.121: [GC (Allocation Failure) 11.121: [DefNew: 959K->64K(960K), 0.0015114 secs] 268471K->268048K(524224K), 0.0015758 secs] [Times: user=0.00 sys=0.00, real=0.00 secs] 
11.124: [GC (Allocation Failure) 11.124: [DefNew: 960K->63K(960K), 0.0014976 secs] 268946K->268477K(524224K), 0.0015675 secs] [Times: user=0.00 sys=0.00, real=0.00 secs] 
11.127: [GC (Allocation Failure) 11.127: [DefNew: 959K->63K(960K), 0.0016374 secs] 269374K->268905K(524224K), 0.0017321 secs] [Times: user=0.00 sys=0.00, real=0.00 secs] 
11.130: [GC (Allocation Failure) 11.130: [DefNew: 959K->63K(960K), 0.0014250 secs] 269802K->269319K(524224K), 0.0015028 secs] [Times: user=0.00 sys=0.00, real=0.00 secs] 
11.133: [GC (Allocation Failure) 11.133: [DefNew: 959K->64K(960K), 0.0013583 secs] 270215K->269781K(524224K), 0.0014325 secs] [Times: user=0.00 sys=0.00, real=0.00 secs] 
11.136: [GC (Allocation Failure) 11.136: [DefNew: 960K->63K(960K), 0.0013164 secs] 270678K->270187K(524224K), 0.0013851 secs] [Times: user=0.00 sys=0.00, real=0.00 secs] 
11.138: [GC (Allocation Failure) 11.138: [DefNew: 959K->64K(960K), 0.0012379 secs] 271083K->270591K(524224K), 0.0012951 secs] [Times: user=0.00 sys=0.00, real=0.00 secs] 
11.141: [GC (Allocation Failure) 11.141: [DefNew: 960K->63K(960K), 0.0013654 secs] 271489K->271038K(524224K), 0.0014286 secs] [Times: user=0.00 sys=0.00, real=0.00 secs] 
11.144: [GC (Allocation Failure) 11.144: [DefNew: 959K->64K(960K), 0.0014495 secs] 271934K->271468K(524224K), 0.0015146 secs] [Times: user=0.00 sys=0.00, real=0.00 secs] 
11.146: [GC (Allocation Failure) 11.146: [DefNew: 960K->63K(960K), 0.0014262 secs] 272365K->271881K(524224K), 0.0014850 secs] [Times: user=0.00 sys=0.00, real=0.00 secs] 
11.149: [GC (Allocation Failure) 11.149: [DefNew: 959K->64K(960K), 0.0012758 secs] 272777K->272303K(524224K), 0.0013389 secs] [Times: user=0.00 sys=0.00, real=0.00 secs] 
11.151: [GC (Allocation Failure) 11.151: [DefNew: 960K->63K(960K), 0.0013974 secs] 273200K->272728K(524224K), 0.0014586 secs] [Times: user=0.00 sys=0.00, real=0.00 secs] 
11.154: [GC (Allocation Failure) 11.154: [DefNew: 959K->63K(960K), 0.0013429 secs] 273624K->273178K(524224K), 0.0014053 secs] [Times: user=0.00 sys=0.00, real=0.00 secs] 
11.157: [GC (Allocation Failure) 11.157: [DefNew: 959K->64K(960K), 0.0014234 secs] 274074K->273630K(524224K), 0.0014964 secs] [Times: user=0.00 sys=0.00, real=0.00 secs] 
11.159: [GC (Allocation Failure) 11.159: [DefNew: 960K->64K(960K), 0.0015853 secs] 274526K->274049K(524224K), 0.0016855 secs] [Times: user=0.00 sys=0.00, real=0.00 secs] 
11.163: [GC (Allocation Failure) 11.163: [DefNew: 960K->64K(960K), 0.0015008 secs] 274945K->274536K(524224K), 0.0015849 secs] [Times: user=0.00 sys=0.00, real=0.00 secs] 
11.166: [GC (Allocation Failure) 11.166: [DefNew: 960K->63K(960K), 0.0014345 secs] 275432K->274962K(524224K), 0.0015020 secs] [Times: user=0.00 sys=0.00, real=0.00 secs] 
11.169: [GC (Allocation Failure) 11.169: [DefNew: 959K->64K(960K), 0.0013587 secs] 275859K->275434K(524224K), 0.0014218 secs] [Times: user=0.00 sys=0.00, real=0.00 secs] 
11.175: [GC (Allocation Failure) 11.175: [DefNew: 960K->64K(960K), 0.0016200 secs] 276330K->275879K(524224K), 0.0017293 secs] [Times: user=0.00 sys=0.00, real=0.00 secs] 
11.178: [GC (Allocation Failure) 11.178: [DefNew: 960K->64K(960K), 0.0015687 secs] 276777K->276305K(524224K), 0.0016571 secs] [Times: user=0.02 sys=0.00, real=0.00 secs] 
11.182: [GC (Allocation Failure) 11.182: [DefNew: 960K->63K(960K), 0.0015079 secs] 277203K->276761K(524224K), 0.0015939 secs] [Times: user=0.00 sys=0.00, real=0.00 secs] 
11.185: [GC (Allocation Failure) 11.185: [DefNew: 959K->63K(960K), 0.0014858 secs] 277658K->277198K(524224K), 0.0015746 secs] [Times: user=0.00 sys=0.00, real=0.00 secs] 
11.189: [GC (Allocation Failure) 11.189: [DefNew: 959K->64K(960K), 0.0013938 secs] 278095K->277642K(524224K), 0.0014661 secs] [Times: user=0.00 sys=0.00, real=0.00 secs] 
11.193: [GC (Allocation Failure) 11.193: [DefNew: 960K->63K(960K), 0.0020661 secs] 278538K->278090K(524224K), 0.0021549 secs] [Times: user=0.02 sys=0.00, real=0.00 secs] 
11.196: [GC (Allocation Failure) 11.196: [DefNew: 959K->63K(960K), 0.0015059 secs] 278986K->278523K(524224K), 0.0015797 secs] [Times: user=0.00 sys=0.00, real=0.00 secs] 
11.200: [GC (Allocation Failure) 11.200: [DefNew: 959K->64K(960K), 0.0014289 secs] 279419K->279005K(524224K), 0.0014862 secs] [Times: user=0.00 sys=0.00, real=0.00 secs] 
11.202: [GC (Allocation Failure) 11.202: [DefNew: 960K->63K(960K), 0.0013618 secs] 279902K->279430K(524224K), 0.0014278 secs] [Times: user=0.00 sys=0.00, real=0.00 secs] 
11.205: [GC (Allocation Failure) 11.205: [DefNew: 959K->64K(960K), 0.0013208 secs] 280327K->279879K(524224K), 0.0013812 secs] [Times: user=0.00 sys=0.00, real=0.00 secs] 
11.208: [GC (Allocation Failure) 11.208: [DefNew: 960K->63K(960K), 0.0014009 secs] 280776K->280323K(524224K), 0.0014574 secs] [Times: user=0.00 sys=0.00, real=0.00 secs] 
11.210: [GC (Allocation Failure) 11.210: [DefNew: 959K->64K(960K), 0.0014021 secs] 281219K->280741K(524224K), 0.0014657 secs] [Times: user=0.00 sys=0.00, real=0.00 secs] 
11.213: [GC (Allocation Failure) 11.213: [DefNew: 960K->64K(960K), 0.0012991 secs] 281637K->281171K(524224K), 0.0013563 secs] [Times: user=0.00 sys=0.00, real=0.00 secs] 
11.216: [GC (Allocation Failure) 11.216: [DefNew: 960K->63K(960K), 0.0016974 secs] 282067K->281577K(524224K), 0.0018170 secs] [Times: user=0.00 sys=0.00, real=0.00 secs] 
11.220: [GC (Allocation Failure) 11.220: [DefNew: 959K->63K(960K), 0.0015209 secs] 282474K->282016K(524224K), 0.0016105 secs] [Times: user=0.00 sys=0.00, real=0.00 secs] 
11.224: [GC (Allocation Failure) 11.224: [DefNew: 959K->63K(960K), 0.0016030 secs] 282913K->282491K(524224K), 0.0016847 secs] [Times: user=0.00 sys=0.00, real=0.00 secs] 
11.227: [GC (Allocation Failure) 11.227: [DefNew: 959K->63K(960K), 0.0017601 secs] 283387K->282932K(524224K), 0.0018545 secs] [Times: user=0.00 sys=0.00, real=0.00 secs] 
11.231: [GC (Allocation Failure) 11.231: [DefNew: 959K->64K(960K), 0.0014984 secs] 283828K->283384K(524224K), 0.0015963 secs] [Times: user=0.00 sys=0.00, real=0.00 secs] 
11.234: [GC (Allocation Failure) 11.234: [DefNew: 960K->63K(960K), 0.0014637 secs] 284280K->283829K(524224K), 0.0015363 secs] [Times: user=0.00 sys=0.00, real=0.00 secs] 
11.237: [GC (Allocation Failure) 11.237: [DefNew: 959K->64K(960K), 0.0013686 secs] 284726K->284282K(524224K), 0.0014400 secs] [Times: user=0.00 sys=0.00, real=0.00 secs] 
11.240: [GC (Allocation Failure) 11.240: [DefNew: 960K->64K(960K), 0.0016014 secs] 285178K->284707K(524224K), 0.0016918 secs] [Times: user=0.02 sys=0.00, real=0.00 secs] 
11.243: [GC (Allocation Failure) 11.243: [DefNew: 960K->64K(960K), 0.0013966 secs] 285603K->285141K(524224K), 0.0014605 secs] [Times: user=0.00 sys=0.00, real=0.00 secs] 
11.246: [GC (Allocation Failure) 11.246: [DefNew: 960K->64K(960K), 0.0013512 secs] 286038K->285539K(524224K), 0.0014128 secs] [Times: user=0.00 sys=0.00, real=0.00 secs] 
11.248: [GC (Allocation Failure) 11.248: [DefNew: 960K->64K(960K), 0.0013180 secs] 286438K->285949K(524224K), 0.0013796 secs] [Times: user=0.00 sys=0.00, real=0.00 secs] 
11.251: [GC (Allocation Failure) 11.251: [DefNew: 960K->63K(960K), 0.0013441 secs] 286847K->286391K(524224K), 0.0013989 secs] [Times: user=0.00 sys=0.00, real=0.00 secs] 
11.254: [GC (Allocation Failure) 11.254: [DefNew: 959K->63K(960K), 0.0017033 secs] 287287K->286869K(524224K), 0.0017807 secs] [Times: user=0.00 sys=0.00, real=0.00 secs] 
11.257: [GC (Allocation Failure) 11.257: [DefNew: 959K->63K(960K), 0.0014301 secs] 287766K->287262K(524224K), 0.0014929 secs] [Times: user=0.00 sys=0.00, real=0.00 secs] 
11.261: [GC (Allocation Failure) 11.261: [DefNew: 959K->63K(960K), 0.0017408 secs] 288158K->287728K(524224K), 0.0018616 secs] [Times: user=0.00 sys=0.00, real=0.00 secs] 
11.265: [GC (Allocation Failure) 11.265: [DefNew: 959K->64K(960K), 0.0015478 secs] 288625K->288154K(524224K), 0.0016125 secs] [Times: user=0.00 sys=0.00, real=0.00 secs] 
11.268: [GC (Allocation Failure) 11.268: [DefNew: 960K->64K(960K), 0.0013484 secs] 289051K->288571K(524224K), 0.0014072 secs] [Times: user=0.00 sys=0.00, real=0.00 secs] 
11.274: [GC (Allocation Failure) 11.274: [DefNew: 960K->63K(960K), 0.0014976 secs] 289467K->289023K(524224K), 0.0015979 secs] [Times: user=0.00 sys=0.00, real=0.00 secs] 
11.277: [GC (Allocation Failure) 11.277: [DefNew: 959K->63K(960K), 0.0014700 secs] 289920K->289456K(524224K), 0.0015383 secs] [Times: user=0.00 sys=0.00, real=0.00 secs] 
11.280: [GC (Allocation Failure) 11.280: [DefNew: 959K->64K(960K), 0.0014807 secs] 290353K->289917K(524224K), 0.0015493 secs] [Times: user=0.00 sys=0.00, real=0.00 secs] 
11.283: [GC (Allocation Failure) 11.283: [DefNew: 960K->63K(960K), 0.0014637 secs] 290813K->290350K(524224K), 0.0015221 secs] [Times: user=0.00 sys=0.00, real=0.00 secs] 
11.285: [GC (Allocation Failure) 11.285: [DefNew: 959K->64K(960K), 0.0013453 secs] 291247K->290739K(524224K), 0.0014124 secs] [Times: user=0.00 sys=0.00, real=0.00 secs] 
11.288: [GC (Allocation Failure) 11.288: [DefNew: 960K->63K(960K), 0.0014451 secs] 291636K->291200K(524224K), 0.0015103 secs] [Times: user=0.00 sys=0.00, real=0.00 secs] 
11.290: [GC (Allocation Failure) 11.290: [DefNew: 959K->64K(960K), 0.0014467 secs] 292097K->291603K(524224K), 0.0015067 secs] [Times: user=0.00 sys=0.00, real=0.00 secs] 
11.294: [GC (Allocation Failure) 11.294: [DefNew: 960K->64K(960K), 0.0017491 secs] 292499K->292062K(524224K), 0.0018714 secs] [Times: user=0.00 sys=0.00, real=0.00 secs] 
11.298: [GC (Allocation Failure) 11.298: [DefNew: 960K->63K(960K), 0.0014503 secs] 292958K->292516K(524224K), 0.0015182 secs] [Times: user=0.00 sys=0.00, real=0.00 secs] 
11.300: [GC (Allocation Failure) 11.300: [DefNew: 959K->63K(960K), 0.0014017 secs] 293412K->292950K(524224K), 0.0014672 secs] [Times: user=0.00 sys=0.00, real=0.00 secs] 
11.303: [GC (Allocation Failure) 11.303: [DefNew: 959K->64K(960K), 0.0013946 secs] 293847K->293420K(524224K), 0.0014570 secs] [Times: user=0.02 sys=0.00, real=0.00 secs] 
11.305: [GC (Allocation Failure) 11.305: [DefNew: 960K->63K(960K), 0.0015774 secs] 294317K->293850K(524224K), 0.0016496 secs] [Times: user=0.00 sys=0.00, real=0.00 secs] 
11.309: [GC (Allocation Failure) 11.309: [DefNew: 959K->63K(960K), 0.0014684 secs] 294748K->294306K(524224K), 0.0015316 secs] [Times: user=0.00 sys=0.00, real=0.00 secs] 
11.312: [GC (Allocation Failure) 11.312: [DefNew: 959K->63K(960K), 0.0014874 secs] 295202K->294762K(524224K), 0.0015489 secs] [Times: user=0.00 sys=0.00, real=0.00 secs] 
11.314: [GC (Allocation Failure) 11.314: [DefNew: 959K->64K(960K), 0.0014289 secs] 295659K->295161K(524224K), 0.0014937 secs] [Times: user=0.00 sys=0.00, real=0.00 secs] 
11.317: [GC (Allocation Failure) 11.317: [DefNew: 960K->63K(960K), 0.0014941 secs] 296058K->295548K(524224K), 0.0016018 secs] [Times: user=0.00 sys=0.00, real=0.00 secs] 
11.320: [GC (Allocation Failure) 11.320: [DefNew: 959K->63K(960K), 0.0015821 secs] 296445K->295968K(524224K), 0.0016918 secs] [Times: user=0.00 sys=0.00, real=0.00 secs] 
11.324: [GC (Allocation Failure) 11.324: [DefNew: 959K->64K(960K), 0.0014826 secs] 296865K->296419K(524224K), 0.0015655 secs] [Times: user=0.00 sys=0.00, real=0.00 secs] 
11.327: [GC (Allocation Failure) 11.327: [DefNew: 960K->63K(960K), 0.0016966 secs] 297316K->296829K(524224K), 0.0017897 secs] [Times: user=0.00 sys=0.00, real=0.00 secs] 
11.330: [GC (Allocation Failure) 11.330: [DefNew: 959K->63K(960K), 0.0015158 secs] 297726K->297250K(524224K), 0.0015939 secs] [Times: user=0.00 sys=0.00, real=0.00 secs] 
11.334: [GC (Allocation Failure) 11.334: [DefNew: 959K->64K(960K), 0.0016650 secs] 298147K->297698K(524224K), 0.0017432 secs] [Times: user=0.02 sys=0.00, real=0.00 secs] 
11.337: [GC (Allocation Failure) 11.337: [DefNew: 960K->64K(960K), 0.0013464 secs] 298594K->298132K(524224K), 0.0014120 secs] [Times: user=0.00 sys=0.00, real=0.00 secs] 
11.340: [GC (Allocation Failure) 11.340: [DefNew: 960K->64K(960K), 0.0013232 secs] 299029K->298572K(524224K), 0.0013804 secs] [Times: user=0.00 sys=0.00, real=0.00 secs] 
11.343: [GC (Allocation Failure) 11.343: [DefNew: 960K->63K(960K), 0.0014605 secs] 299469K->299029K(524224K), 0.0015189 secs] [Times: user=0.00 sys=0.00, real=0.00 secs] 
11.345: [GC (Allocation Failure) 11.345: [DefNew: 959K->64K(960K), 0.0014992 secs] 299925K->299453K(524224K), 0.0015636 secs] [Times: user=0.00 sys=0.00, real=0.00 secs] 
11.349: [GC (Allocation Failure) 11.349: [DefNew: 960K->63K(960K), 0.0014641 secs] 300350K->299922K(524224K), 0.0015387 secs] [Times: user=0.01 sys=0.00, real=0.00 secs] 
11.351: [GC (Allocation Failure) 11.351: [DefNew: 959K->63K(960K), 0.0015328 secs] 300818K->300327K(524224K), 0.0016062 secs] [Times: user=0.00 sys=0.00, real=0.00 secs] 
11.355: [GC (Allocation Failure) 11.355: [DefNew: 959K->63K(960K), 0.0015738 secs] 301223K->300787K(524224K), 0.0016441 secs] [Times: user=0.00 sys=0.00, real=0.00 secs] 
11.359: [GC (Allocation Failure) 11.359: [DefNew: 959K->63K(960K), 0.0016796 secs] 301684K->301241K(524224K), 0.0017897 secs] [Times: user=0.00 sys=0.00, real=0.00 secs] 
11.362: [GC (Allocation Failure) 11.362: [DefNew: 959K->64K(960K), 0.0015493 secs] 302138K->301750K(524224K), 0.0016255 secs] [Times: user=0.00 sys=0.00, real=0.00 secs] 
11.366: [GC (Allocation Failure) 11.366: [DefNew: 960K->64K(960K), 0.0014554 secs] 302647K->302192K(524224K), 0.0015288 secs] [Times: user=0.00 sys=0.00, real=0.00 secs] 
11.369: [GC (Allocation Failure) 11.369: [DefNew: 960K->64K(960K), 0.0013982 secs] 303088K->302624K(524224K), 0.0014696 secs] [Times: user=0.00 sys=0.00, real=0.00 secs] 
11.375: [GC (Allocation Failure) 11.375: [DefNew: 960K->64K(960K), 0.0015213 secs] 303521K->303092K(524224K), 0.0016271 secs] [Times: user=0.00 sys=0.00, real=0.00 secs] 
11.379: [GC (Allocation Failure) 11.379: [DefNew: 960K->64K(960K), 0.0015225 secs] 303989K->303564K(524224K), 0.0015880 secs] [Times: user=0.00 sys=0.00, real=0.00 secs] 
11.382: [GC (Allocation Failure) 11.382: [DefNew: 960K->63K(960K), 0.0015774 secs] 304460K->303999K(524224K), 0.0016520 secs] [Times: user=0.00 sys=0.00, real=0.00 secs] 
11.386: [GC (Allocation Failure) 11.386: [DefNew: 959K->64K(960K), 0.0015241 secs] 304896K->304454K(524224K), 0.0016042 secs] [Times: user=0.00 sys=0.00, real=0.00 secs] 
11.389: [GC (Allocation Failure) 11.389: [DefNew: 960K->63K(960K), 0.0015505 secs] 305351K->304909K(524224K), 0.0016180 secs] [Times: user=0.00 sys=0.00, real=0.00 secs] 
11.393: [GC (Allocation Failure) 11.393: [DefNew: 959K->63K(960K), 0.0017972 secs] 305806K->305346K(524224K), 0.0018920 secs] [Times: user=0.00 sys=0.00, real=0.00 secs] 
11.397: [GC (Allocation Failure) 11.397: [DefNew: 959K->63K(960K), 0.0014736 secs] 306242K->305790K(524224K), 0.0015529 secs] [Times: user=0.00 sys=0.00, real=0.00 secs] 
11.400: [GC (Allocation Failure) 11.400: [DefNew: 959K->63K(960K), 0.0014467 secs] 306686K->306222K(524224K), 0.0015146 secs] [Times: user=0.00 sys=0.00, real=0.00 secs] 
11.404: [GC (Allocation Failure) 11.404: [DefNew: 959K->64K(960K), 0.0013251 secs] 307119K->306665K(524224K), 0.0013993 secs] [Times: user=0.00 sys=0.00, real=0.00 secs] 
11.407: [GC (Allocation Failure) 11.407: [DefNew: 960K->64K(960K), 0.0013350 secs] 307561K->307084K(524224K), 0.0014076 secs] [Times: user=0.00 sys=0.00, real=0.00 secs] 
11.409: [GC (Allocation Failure) 11.409: [DefNew: 960K->64K(960K), 0.0013808 secs] 307981K->307525K(524224K), 0.0014357 secs] [Times: user=0.00 sys=0.00, real=0.00 secs] 
11.412: [GC (Allocation Failure) 11.412: [DefNew: 960K->63K(960K), 0.0014838 secs] 308422K->307994K(524224K), 0.0015592 secs] [Times: user=0.01 sys=0.00, real=0.00 secs] 
11.414: [GC (Allocation Failure) 11.414: [DefNew: 959K->64K(960K), 0.0018699 secs] 308890K->308422K(524224K), 0.0019591 secs] [Times: user=0.00 sys=0.00, real=0.00 secs] 
11.418: [GC (Allocation Failure) 11.418: [DefNew: 960K->64K(960K), 0.0014309 secs] 309318K->308838K(524224K), 0.0015197 secs] [Times: user=0.00 sys=0.00, real=0.00 secs] 
11.422: [GC (Allocation Failure) 11.422: [DefNew: 960K->63K(960K), 0.0015292 secs] 309737K->309298K(524224K), 0.0016022 secs] [Times: user=0.00 sys=0.00, real=0.00 secs] 
11.425: [GC (Allocation Failure) 11.425: [DefNew: 959K->63K(960K), 0.0015876 secs] 310194K->309744K(524224K), 0.0016693 secs] [Times: user=0.00 sys=0.00, real=0.00 secs] 
11.429: [GC (Allocation Failure) 11.429: [DefNew: 959K->63K(960K), 0.0017400 secs] 310640K->310307K(524224K), 0.0018482 secs] [Times: user=0.00 sys=0.00, real=0.00 secs] 
11.432: [GC (Allocation Failure) 11.432: [DefNew: 959K->63K(960K), 0.0015426 secs] 311203K->310730K(524224K), 0.0016212 secs] [Times: user=0.00 sys=0.00, real=0.00 secs] 
11.436: [GC (Allocation Failure) 11.436: [DefNew: 959K->63K(960K), 0.0014949 secs] 311627K->311187K(524224K), 0.0015734 secs] [Times: user=0.00 sys=0.00, real=0.00 secs] 
11.440: [GC (Allocation Failure) 11.440: [DefNew: 959K->64K(960K), 0.0014479 secs] 312084K->311612K(524224K), 0.0015091 secs] [Times: user=0.00 sys=0.00, real=0.00 secs] 
11.443: [GC (Allocation Failure) 11.443: [DefNew: 960K->64K(960K), 0.0017278 secs] 312509K->312057K(524224K), 0.0018162 secs] [Times: user=0.02 sys=0.00, real=0.00 secs] 
11.447: [GC (Allocation Failure) 11.447: [DefNew: 960K->63K(960K), 0.0014629 secs] 312954K->312498K(524224K), 0.0015276 secs] [Times: user=0.00 sys=0.00, real=0.00 secs] 
11.450: [GC (Allocation Failure) 11.450: [DefNew: 959K->63K(960K), 0.0015114 secs] 313394K->312916K(524224K), 0.0015880 secs] [Times: user=0.00 sys=0.00, real=0.00 secs] 
11.454: [GC (Allocation Failure) 11.454: [DefNew: 959K->64K(960K), 0.0015908 secs] 313813K->313387K(524224K), 0.0016796 secs] [Times: user=0.00 sys=0.00, real=0.00 secs] 
11.458: [GC (Allocation Failure) 11.458: [DefNew: 960K->63K(960K), 0.0015150 secs] 314285K->313818K(524224K), 0.0015908 secs] [Times: user=0.02 sys=0.00, real=0.00 secs] 
11.461: [GC (Allocation Failure) 11.461: [DefNew: 959K->64K(960K), 0.0016954 secs] 314714K->314335K(524224K), 0.0018347 secs] [Times: user=0.00 sys=0.00, real=0.00 secs] 
11.465: [GC (Allocation Failure) 11.465: [DefNew: 960K->64K(960K), 0.0016836 secs] 315231K->314816K(524224K), 0.0017518 secs] [Times: user=0.00 sys=0.00, real=0.00 secs] 
11.468: [GC (Allocation Failure) 11.468: [DefNew: 960K->63K(960K), 0.0013970 secs] 315712K->315221K(524224K), 0.0014743 secs] [Times: user=0.00 sys=0.00, real=0.00 secs] 
11.475: [GC (Allocation Failure) 11.475: [DefNew: 959K->63K(960K), 0.0014400 secs] 316118K->315662K(524224K), 0.0015363 secs] [Times: user=0.00 sys=0.00, real=0.00 secs] 
11.479: [GC (Allocation Failure) 11.479: [DefNew: 959K->63K(960K), 0.0015766 secs] 316560K->316115K(524224K), 0.0016599 secs] [Times: user=0.00 sys=0.00, real=0.00 secs] 
11.482: [GC (Allocation Failure) 11.482: [DefNew: 959K->64K(960K), 0.0015288 secs] 317011K->316519K(524224K), 0.0016089 secs] [Times: user=0.00 sys=0.00, real=0.00 secs] 
11.486: [GC (Allocation Failure) 11.486: [DefNew: 960K->63K(960K), 0.0014676 secs] 317415K->316942K(524224K), 0.0015474 secs] [Times: user=0.00 sys=0.00, real=0.00 secs] 
11.489: [GC (Allocation Failure) 11.489: [DefNew: 959K->64K(960K), 0.0015268 secs] 317839K->317385K(524224K), 0.0015920 secs] [Times: user=0.00 sys=0.00, real=0.00 secs] 
11.492: [GC (Allocation Failure) 11.492: [DefNew: 960K->64K(960K), 0.0015529 secs] 318281K->317834K(524224K), 0.0016626 secs] [Times: user=0.00 sys=0.00, real=0.00 secs] 
11.496: [GC (Allocation Failure) 11.496: [DefNew: 960K->63K(960K), 0.0015529 secs] 318730K->318279K(524224K), 0.0016350 secs] [Times: user=0.00 sys=0.00, real=0.00 secs] 
11.499: [GC (Allocation Failure) 11.499: [DefNew: 959K->64K(960K), 0.0013958 secs] 319175K->318708K(524224K), 0.0014736 secs] [Times: user=0.00 sys=0.00, real=0.00 secs] 
11.502: [GC (Allocation Failure) 11.502: [DefNew: 960K->64K(960K), 0.0013662 secs] 319605K->319159K(524224K), 0.0014266 secs] [Times: user=0.00 sys=0.00, real=0.00 secs] 
11.504: [GC (Allocation Failure) 11.504: [DefNew: 960K->63K(960K), 0.0014297 secs] 320056K->319581K(524224K), 0.0015146 secs] [Times: user=0.00 sys=0.00, real=0.00 secs] 
11.507: [GC (Allocation Failure) 11.507: [DefNew: 959K->63K(960K), 0.0013942 secs] 320477K->319989K(524224K), 0.0014720 secs] [Times: user=0.00 sys=0.00, real=0.00 secs] 
11.510: [GC (Allocation Failure) 11.510: [DefNew: 959K->63K(960K), 0.0014416 secs] 320885K->320429K(524224K), 0.0015071 secs] [Times: user=0.00 sys=0.00, real=0.00 secs] 
11.512: [GC (Allocation Failure) 11.512: [DefNew: 959K->63K(960K), 0.0014980 secs] 321325K->320864K(524224K), 0.0015734 secs] [Times: user=0.00 sys=0.00, real=0.00 secs] 
11.516: [GC (Allocation Failure) 11.516: [DefNew: 959K->63K(960K), 0.0017025 secs] 321761K->321328K(524224K), 0.0017925 secs] [Times: user=0.00 sys=0.00, real=0.00 secs] 
11.519: [GC (Allocation Failure) 11.519: [DefNew: 959K->64K(960K), 0.0016164 secs] 322225K->321764K(524224K), 0.0017049 secs] [Times: user=0.00 sys=0.00, real=0.00 secs] 
11.523: [GC (Allocation Failure) 11.523: [DefNew: 960K->63K(960K), 0.0015489 secs] 322661K->322228K(524224K), 0.0016168 secs] [Times: user=0.00 sys=0.00, real=0.00 secs] 
11.527: [GC (Allocation Failure) 11.527: [DefNew: 959K->63K(960K), 0.0019180 secs] 323124K->322651K(524224K), 0.0020199 secs] [Times: user=0.00 sys=0.00, real=0.00 secs] 
11.530: [GC (Allocation Failure) 11.530: [DefNew: 959K->64K(960K), 0.0015857 secs] 323547K->323068K(524224K), 0.0016559 secs] [Times: user=0.00 sys=0.00, real=0.00 secs] 
11.534: [GC (Allocation Failure) 11.534: [DefNew: 960K->63K(960K), 0.0015328 secs] 323965K->323522K(524224K), 0.0016153 secs] [Times: user=0.00 sys=0.00, real=0.00 secs] 
11.537: [GC (Allocation Failure) 11.537: [DefNew: 959K->64K(960K), 0.0014897 secs] 324418K->323940K(524224K), 0.0015624 secs] [Times: user=0.00 sys=0.00, real=0.00 secs] 
11.541: [GC (Allocation Failure) 11.541: [DefNew: 960K->64K(960K), 0.0013674 secs] 324836K->324391K(524224K), 0.0014270 secs] [Times: user=0.00 sys=0.00, real=0.00 secs] 
11.544: [GC (Allocation Failure) 11.544: [DefNew: 960K->63K(960K), 0.0015166 secs] 325288K->324854K(524224K), 0.0015861 secs] [Times: user=0.00 sys=0.00, real=0.00 secs] 
11.546: [GC (Allocation Failure) 11.546: [DefNew: 959K->63K(960K), 0.0014708 secs] 325750K->325246K(524224K), 0.0015316 secs] [Times: user=0.00 sys=0.00, real=0.00 secs] 
11.549: [GC (Allocation Failure) 11.549: [DefNew: 959K->64K(960K), 0.0013757 secs] 326142K->325692K(524224K), 0.0014357 secs] [Times: user=0.00 sys=0.00, real=0.00 secs] 
11.551: [GC (Allocation Failure) 11.551: [DefNew: 960K->64K(960K), 0.0014376 secs] 326589K->326135K(524224K), 0.0014949 secs] [Times: user=0.00 sys=0.00, real=0.00 secs] 
11.554: [GC (Allocation Failure) 11.554: [DefNew: 960K->63K(960K), 0.0015308 secs] 327031K->326573K(524224K), 0.0016216 secs] [Times: user=0.00 sys=0.00, real=0.00 secs] 
11.558: [GC (Allocation Failure) 11.558: [DefNew: 959K->63K(960K), 0.0015505 secs] 327470K->327019K(524224K), 0.0016176 secs] [Times: user=0.00 sys=0.00, real=0.00 secs] 
11.561: [GC (Allocation Failure) 11.561: [DefNew: 959K->64K(960K), 0.0015943 secs] 327915K->327530K(524224K), 0.0017199 secs] [Times: user=0.00 sys=0.00, real=0.00 secs] 
11.565: [GC (Allocation Failure) 11.565: [DefNew: 960K->63K(960K), 0.0014266 secs] 328426K->327946K(524224K), 0.0014945 secs] [Times: user=0.00 sys=0.00, real=0.00 secs] 
11.567: [GC (Allocation Failure) 11.567: [DefNew: 959K->63K(960K), 0.0013078 secs] 328843K->328358K(524224K), 0.0013662 secs] [Times: user=0.00 sys=0.00, real=0.00 secs] 
11.574: [GC (Allocation Failure) 11.574: [DefNew: 959K->64K(960K), 0.0015063 secs] 329254K->328771K(524224K), 0.0016129 secs] [Times: user=0.00 sys=0.00, real=0.00 secs] 
11.577: [GC (Allocation Failure) 11.577: [DefNew: 960K->63K(960K), 0.0014984 secs] 329668K->329215K(524224K), 0.0015695 secs] [Times: user=0.00 sys=0.00, real=0.00 secs] 
11.580: [GC (Allocation Failure) 11.580: [DefNew: 959K->64K(960K), 0.0015059 secs] 330113K->329655K(524224K), 0.0015651 secs] [Times: user=0.00 sys=0.00, real=0.00 secs] 
11.583: [GC (Allocation Failure) 11.583: [DefNew: 960K->63K(960K), 0.0014041 secs] 330552K->330067K(524224K), 0.0014708 secs] [Times: user=0.02 sys=0.00, real=0.00 secs] 
11.586: [GC (Allocation Failure) 11.586: [DefNew: 959K->63K(960K), 0.0014100 secs] 330966K->330472K(524224K), 0.0014826 secs] [Times: user=0.00 sys=0.00, real=0.00 secs] 
11.588: [GC (Allocation Failure) 11.588: [DefNew: 959K->64K(960K), 0.0015142 secs] 331368K->330892K(524224K), 0.0015805 secs] [Times: user=0.00 sys=0.00, real=0.00 secs] 
11.592: [GC (Allocation Failure) 11.592: [DefNew: 960K->64K(960K), 0.0015667 secs] 331789K->331338K(524224K), 0.0016587 secs] [Times: user=0.00 sys=0.00, real=0.00 secs] 
11.595: [GC (Allocation Failure) 11.595: [DefNew: 960K->64K(960K), 0.0015624 secs] 332235K->331774K(524224K), 0.0016449 secs] [Times: user=0.00 sys=0.00, real=0.00 secs] 
11.599: [GC (Allocation Failure) 11.599: [DefNew: 960K->63K(960K), 0.0016370 secs] 332671K->332219K(524224K), 0.0017132 secs] [Times: user=0.02 sys=0.00, real=0.00 secs] 
11.603: [GC (Allocation Failure) 11.603: [DefNew: 959K->63K(960K), 0.0014996 secs] 333115K->332651K(524224K), 0.0015647 secs] [Times: user=0.00 sys=0.00, real=0.00 secs] 
11.605: [GC (Allocation Failure) 11.605: [DefNew: 959K->63K(960K), 0.0014384 secs] 333547K->333060K(524224K), 0.0015032 secs] [Times: user=0.00 sys=0.00, real=0.00 secs] 
11.608: [GC (Allocation Failure) 11.608: [DefNew: 959K->63K(960K), 0.0013334 secs] 333957K->333505K(524224K), 0.0013887 secs] [Times: user=0.00 sys=0.00, real=0.00 secs] 
11.610: [GC (Allocation Failure) 11.610: [DefNew: 959K->64K(960K), 0.0014301 secs] 334403K->333926K(524224K), 0.0014957 secs] [Times: user=0.00 sys=0.00, real=0.00 secs] 
11.613: [GC (Allocation Failure) 11.613: [DefNew: 960K->64K(960K), 0.0014329 secs] 334823K->334374K(524224K), 0.0014909 secs] [Times: user=0.00 sys=0.00, real=0.00 secs] 
11.616: [GC (Allocation Failure) 11.616: [DefNew: 960K->63K(960K), 0.0016070 secs] 335271K->334815K(524224K), 0.0016903 secs] [Times: user=0.00 sys=0.00, real=0.00 secs] 
11.619: [GC (Allocation Failure) 11.619: [DefNew: 959K->63K(960K), 0.0016342 secs] 335712K->335232K(524224K), 0.0017388 secs] [Times: user=0.00 sys=0.00, real=0.00 secs] 
11.623: [GC (Allocation Failure) 11.623: [DefNew: 959K->63K(960K), 0.0015904 secs] 336129K->335688K(524224K), 0.0016697 secs] [Times: user=0.00 sys=0.00, real=0.00 secs] 
11.626: [GC (Allocation Failure) 11.626: [DefNew: 959K->64K(960K), 0.0020447 secs] 336584K->336100K(524224K), 0.0021501 secs] [Times: user=0.00 sys=0.00, real=0.00 secs] 
11.630: [GC (Allocation Failure) 11.630: [DefNew: 960K->63K(960K), 0.0016267 secs] 336997K->336581K(524224K), 0.0017092 secs] [Times: user=0.00 sys=0.00, real=0.00 secs] 
11.634: [GC (Allocation Failure) 11.634: [DefNew: 959K->64K(960K), 0.0016279 secs] 337479K->337054K(524224K), 0.0017096 secs] [Times: user=0.00 sys=0.00, real=0.00 secs] 
11.637: [GC (Allocation Failure) 11.637: [DefNew: 960K->63K(960K), 0.0015841 secs] 337950K->337504K(524224K), 0.0016504 secs] [Times: user=0.00 sys=0.00, real=0.00 secs] 
11.641: [GC (Allocation Failure) 11.641: [DefNew: 959K->63K(960K), 0.0015695 secs] 338401K->337992K(524224K), 0.0016350 secs] [Times: user=0.00 sys=0.00, real=0.00 secs] 
11.644: [GC (Allocation Failure) 11.644: [DefNew: 959K->63K(960K), 0.0015568 secs] 338889K->338434K(524224K), 0.0016232 secs] [Times: user=0.00 sys=0.00, real=0.00 secs] 
11.648: [GC (Allocation Failure) 11.648: [DefNew: 959K->63K(960K), 0.0015032 secs] 339332K->338906K(524224K), 0.0015675 secs] [Times: user=0.00 sys=0.00, real=0.00 secs] 
11.651: [GC (Allocation Failure) 11.651: [DefNew: 959K->63K(960K), 0.0015904 secs] 339803K->339337K(524224K), 0.0016611 secs] [Times: user=0.00 sys=0.00, real=0.00 secs] 
11.654: [GC (Allocation Failure) 11.654: [DefNew: 959K->64K(960K), 0.0015979 secs] 340234K->339771K(524224K), 0.0016693 secs] [Times: user=0.00 sys=0.00, real=0.00 secs] 
11.658: [GC (Allocation Failure) 11.658: [DefNew: 960K->64K(960K), 0.0015489 secs] 340667K->340208K(524224K), 0.0016109 secs] [Times: user=0.00 sys=0.00, real=0.00 secs] 
11.661: [GC (Allocation Failure) 11.661: [DefNew: 960K->63K(960K), 0.0016974 secs] 341104K->340728K(524224K), 0.0018221 secs] [Times: user=0.02 sys=0.00, real=0.00 secs] 
11.665: [GC (Allocation Failure) 11.665: [DefNew: 959K->63K(960K), 0.0016326 secs] 341625K->341177K(524224K), 0.0017041 secs] [Times: user=0.00 sys=0.00, real=0.00 secs] 
11.669: [GC (Allocation Failure) 11.669: [DefNew: 959K->64K(960K), 0.0014672 secs] 342073K->341587K(524224K), 0.0015336 secs] [Times: user=0.00 sys=0.00, real=0.00 secs] 
11.675: [GC (Allocation Failure) 11.675: [DefNew: 960K->64K(960K), 0.0015336 secs] 342484K->342066K(524224K), 0.0016314 secs] [Times: user=0.00 sys=0.00, real=0.00 secs] 
11.679: [GC (Allocation Failure) 11.679: [DefNew: 960K->63K(960K), 0.0015900 secs] 342962K->342535K(524224K), 0.0016579 secs] [Times: user=0.00 sys=0.00, real=0.00 secs] 
11.682: [GC (Allocation Failure) 11.682: [DefNew: 959K->64K(960K), 0.0015679 secs] 343431K->342943K(524224K), 0.0016425 secs] [Times: user=0.00 sys=0.00, real=0.00 secs] 
11.686: [GC (Allocation Failure) 11.686: [DefNew: 960K->64K(960K), 0.0015892 secs] 343839K->343385K(524224K), 0.0016686 secs] [Times: user=0.00 sys=0.00, real=0.00 secs] 
11.690: [GC (Allocation Failure) 11.690: [DefNew: 960K->64K(960K), 0.0016393 secs] 344282K->343882K(524224K), 0.0017064 secs] [Times: user=0.00 sys=0.00, real=0.00 secs] 
11.693: [GC (Allocation Failure) 11.693: [DefNew: 960K->63K(960K), 0.0021592 secs] 344778K->344311K(524224K), 0.0022693 secs] [Times: user=0.00 sys=0.00, real=0.00 secs] 
11.697: [GC (Allocation Failure) 11.697: [DefNew: 959K->63K(960K), 0.0014905 secs] 345208K->344773K(524224K), 0.0015620 secs] [Times: user=0.00 sys=0.00, real=0.00 secs] 
11.700: [GC (Allocation Failure) 11.700: [DefNew: 959K->64K(960K), 0.0014909 secs] 345670K->345234K(524224K), 0.0015501 secs] [Times: user=0.00 sys=0.00, real=0.00 secs] 
11.703: [GC (Allocation Failure) 11.703: [DefNew: 960K->64K(960K), 0.0014739 secs] 346130K->345690K(524224K), 0.0015462 secs] [Times: user=0.00 sys=0.00, real=0.00 secs] 
11.706: [GC (Allocation Failure) 11.706: [DefNew: 960K->63K(960K), 0.0015099 secs] 346587K->346149K(524224K), 0.0015695 secs] [Times: user=0.00 sys=0.00, real=0.00 secs] 
11.708: [GC (Allocation Failure) 11.708: [DefNew: 959K->63K(960K), 0.0014305 secs] 347046K->346539K(524224K), 0.0014874 secs] [Times: user=0.02 sys=0.00, real=0.00 secs] 
11.711: [GC (Allocation Failure) 11.711: [DefNew: 959K->64K(960K), 0.0013776 secs] 347435K->347006K(524224K), 0.0014388 secs] [Times: user=0.00 sys=0.00, real=0.00 secs] 
11.713: [GC (Allocation Failure) 11.713: [DefNew: 960K->63K(960K), 0.0015509 secs] 347904K->347441K(524224K), 0.0016176 secs] [Times: user=0.00 sys=0.00, real=0.00 secs] 
11.717: [GC (Allocation Failure) 11.717: [DefNew: 959K->64K(960K), 0.0016946 secs] 348337K->347916K(524224K), 0.0017712 secs] [Times: user=0.00 sys=0.00, real=0.00 secs] 
11.721: [GC (Allocation Failure) 11.721: [DefNew: 960K->64K(960K), 0.0017139 secs] 348813K->348336K(524224K), 0.0018272 secs] [Times: user=0.00 sys=0.00, real=0.00 secs] 
11.724: [GC (Allocation Failure) 11.724: [DefNew: 960K->63K(960K), 0.0014763 secs] 349233K->348731K(524224K), 0.0015501 secs] [Times: user=0.02 sys=0.00, real=0.00 secs] 
11.727: [GC (Allocation Failure) 11.727: [DefNew: 959K->64K(960K), 0.0018249 secs] 349628K->349179K(524224K), 0.0019271 secs] [Times: user=0.00 sys=0.00, real=0.00 secs] 
11.730: [GC (Allocation Failure) 11.730: [DefNew: 960K->64K(960K), 0.0016788 secs] 350075K->349601K(524224K), 0.0017550 secs] [Times: user=0.00 sys=0.00, real=0.00 secs] 
11.734: [GC (Allocation Failure) 11.734: [DefNew: 960K->64K(960K), 0.0015663 secs] 350497K->350059K(524224K), 0.0016389 secs] [Times: user=0.00 sys=0.00, real=0.00 secs] 
11.738: [GC (Allocation Failure) 11.738: [DefNew: 960K->64K(960K), 0.0015395 secs] 350955K->350529K(524224K), 0.0016011 secs] [Times: user=0.00 sys=0.00, real=0.00 secs] 
11.741: [GC (Allocation Failure) 11.741: [DefNew: 960K->64K(960K), 0.0014645 secs] 351425K->350914K(524224K), 0.0015549 secs] [Times: user=0.00 sys=0.00, real=0.00 secs] 
11.744: [GC (Allocation Failure) 11.744: [DefNew: 960K->63K(960K), 0.0013863 secs] 351811K->351371K(524224K), 0.0014570 secs] [Times: user=0.00 sys=0.00, real=0.00 secs] 
11.747: [GC (Allocation Failure) 11.747: [DefNew: 959K->64K(960K), 0.0014230 secs] 352268K->351761K(524224K), 0.0014874 secs] [Times: user=0.00 sys=0.00, real=0.00 secs] 
11.749: [GC (Allocation Failure) 11.749: [DefNew: 960K->64K(960K), 0.0014830 secs] 352657K->352217K(524224K), 0.0015446 secs] [Times: user=0.00 sys=0.00, real=0.00 secs] 
11.752: [GC (Allocation Failure) 11.752: [DefNew: 960K->64K(960K), 0.0014589 secs] 353113K->352670K(524224K), 0.0015162 secs] [Times: user=0.00 sys=0.00, real=0.00 secs] 
11.754: [GC (Allocation Failure) 11.754: [DefNew: 960K->64K(960K), 0.0015126 secs] 353566K->353075K(524224K), 0.0015943 secs] [Times: user=0.00 sys=0.00, real=0.00 secs] 
11.758: [GC (Allocation Failure) 11.758: [DefNew: 960K->64K(960K), 0.0015229 secs] 353972K->353532K(524224K), 0.0016003 secs] [Times: user=0.00 sys=0.00, real=0.00 secs] 
11.762: [GC (Allocation Failure) 11.762: [DefNew: 960K->63K(960K), 0.0016689 secs] 354428K->354059K(524224K), 0.0017526 secs] [Times: user=0.00 sys=0.00, real=0.00 secs] 
11.765: [GC (Allocation Failure) 11.765: [DefNew: 959K->64K(960K), 0.0015517 secs] 354955K->354469K(524224K), 0.0016172 secs] [Times: user=0.00 sys=0.00, real=0.00 secs] 
11.769: [GC (Allocation Failure) 11.769: [DefNew: 960K->63K(960K), 0.0014380 secs] 355365K->354906K(524224K), 0.0015000 secs] [Times: user=0.00 sys=0.00, real=0.00 secs] 
11.775: [GC (Allocation Failure) 11.775: [DefNew: 959K->63K(960K), 0.0016026 secs] 355803K->355338K(524224K), 0.0017297 secs] [Times: user=0.00 sys=0.00, real=0.00 secs] 
11.779: [GC (Allocation Failure) 11.779: [DefNew: 959K->63K(960K), 0.0015209 secs] 356234K->355803K(524224K), 0.0016180 secs] [Times: user=0.00 sys=0.00, real=0.00 secs] 
11.783: [GC (Allocation Failure) 11.783: [DefNew: 959K->63K(960K), 0.0016066 secs] 356701K->356233K(524224K), 0.0016970 secs] [Times: user=0.00 sys=0.00, real=0.00 secs] 
11.786: [GC (Allocation Failure) 11.786: [DefNew: 959K->63K(960K), 0.0015422 secs] 357129K->356640K(524224K), 0.0016263 secs] [Times: user=0.01 sys=0.00, real=0.00 secs] 
11.790: [GC (Allocation Failure) 11.790: [DefNew: 959K->63K(960K), 0.0015276 secs] 357537K->357140K(524224K), 0.0016180 secs] [Times: user=0.00 sys=0.00, real=0.00 secs] 
11.793: [GC (Allocation Failure) 11.793: [DefNew: 959K->63K(960K), 0.0018995 secs] 358037K->357582K(524224K), 0.0020341 secs] [Times: user=0.00 sys=0.00, real=0.00 secs] 
11.797: [GC (Allocation Failure) 11.797: [DefNew: 959K->64K(960K), 0.0015351 secs] 358478K->358016K(524224K), 0.0016275 secs] [Times: user=0.00 sys=0.00, real=0.00 secs] 
11.801: [GC (Allocation Failure) 11.801: [DefNew: 960K->63K(960K), 0.0014672 secs] 358915K->358471K(524224K), 0.0015549 secs] [Times: user=0.00 sys=0.00, real=0.00 secs] 
11.804: [GC (Allocation Failure) 11.804: [DefNew: 959K->63K(960K), 0.0015584 secs] 359368K->358916K(524224K), 0.0016567 secs] [Times: user=0.00 sys=0.00, real=0.00 secs] 
11.808: [GC (Allocation Failure) 11.808: [DefNew: 959K->63K(960K), 0.0014743 secs] 359812K->359342K(524224K), 0.0015655 secs] [Times: user=0.00 sys=0.00, real=0.00 secs] 
11.811: [GC (Allocation Failure) 11.811: [DefNew: 959K->63K(960K), 0.0015162 secs] 360239K->359785K(524224K), 0.0015991 secs] [Times: user=0.00 sys=0.00, real=0.00 secs] 
11.815: [GC (Allocation Failure) 11.815: [DefNew: 959K->64K(960K), 0.0015442 secs] 360682K->360211K(524224K), 0.0016208 secs] [Times: user=0.00 sys=0.00, real=0.00 secs] 
11.819: [GC (Allocation Failure) 11.819: [DefNew: 952K->64K(960K), 0.0016101 secs] 361099K->360642K(524224K), 0.0016875 secs] [Times: user=0.00 sys=0.00, real=0.00 secs] 
11.822: [GC (Allocation Failure) 11.822: [DefNew: 960K->63K(960K), 0.0016342 secs] 361538K->361100K(524224K), 0.0017068 secs] [Times: user=0.00 sys=0.00, real=0.00 secs] 
11.826: [GC (Allocation Failure) 11.826: [DefNew: 959K->64K(960K), 0.0020515 secs] 361996K->361554K(524224K), 0.0021482 secs] [Times: user=0.00 sys=0.00, real=0.00 secs] 
11.829: [GC (Allocation Failure) 11.829: [DefNew: 960K->64K(960K), 0.0015284 secs] 362451K->361968K(524224K), 0.0015908 secs] [Times: user=0.00 sys=0.00, real=0.00 secs] 
11.833: [GC (Allocation Failure) 11.833: [DefNew: 960K->64K(960K), 0.0014325 secs] 362865K->362450K(524224K), 0.0015028 secs] [Times: user=0.02 sys=0.00, real=0.00 secs] 
11.836: [GC (Allocation Failure) 11.836: [DefNew: 960K->63K(960K), 0.0014775 secs] 363347K->362874K(524224K), 0.0015576 secs] [Times: user=0.00 sys=0.00, real=0.00 secs] 
11.839: [GC (Allocation Failure) 11.839: [DefNew: 959K->64K(960K), 0.0014937 secs] 363770K->363334K(524224K), 0.0015663 secs] [Times: user=0.00 sys=0.00, real=0.00 secs] 
11.842: [GC (Allocation Failure) 11.842: [DefNew: 960K->63K(960K), 0.0014214 secs] 364230K->363755K(524224K), 0.0014846 secs] [Times: user=0.00 sys=0.00, real=0.00 secs] 
11.844: [GC (Allocation Failure) 11.844: [DefNew: 959K->64K(960K), 0.0014653 secs] 364651K->364178K(524224K), 0.0015438 secs] [Times: user=0.00 sys=0.00, real=0.00 secs] 
11.847: [GC (Allocation Failure) 11.847: [DefNew: 960K->64K(960K), 0.0015971 secs] 365074K->364626K(524224K), 0.0016776 secs] [Times: user=0.00 sys=0.00, real=0.00 secs] 
11.851: [GC (Allocation Failure) 11.851: [DefNew: 960K->64K(960K), 0.0017463 secs] 365522K->365073K(524224K), 0.0018604 secs] [Times: user=0.00 sys=0.00, real=0.00 secs] 
11.854: [GC (Allocation Failure) 11.854: [DefNew: 960K->64K(960K), 0.0017522 secs] 365970K->365502K(524224K), 0.0018403 secs] [Times: user=0.00 sys=0.00, real=0.00 secs] 
11.858: [GC (Allocation Failure) 11.858: [DefNew: 960K->64K(960K), 0.0016078 secs] 366398K->365971K(524224K), 0.0016867 secs] [Times: user=0.00 sys=0.00, real=0.00 secs] 
11.861: [GC (Allocation Failure) 11.861: [DefNew: 960K->63K(960K), 0.0017653 secs] 366867K->366504K(524224K), 0.0018746 secs] [Times: user=0.00 sys=0.00, real=0.00 secs] 
11.865: [GC (Allocation Failure) 11.865: [DefNew: 959K->63K(960K), 0.0017822 secs] 367401K->366950K(524224K), 0.0018687 secs] [Times: user=0.00 sys=0.00, real=0.00 secs] 
11.869: [GC (Allocation Failure) 11.869: [DefNew: 959K->63K(960K), 0.0016370 secs] 367847K->367382K(524224K), 0.0017203 secs] [Times: user=0.00 sys=0.00, real=0.00 secs] 
11.875: [GC (Allocation Failure) 11.875: [DefNew: 959K->64K(960K), 0.0017388 secs] 368279K->367813K(524224K), 0.0018726 secs] [Times: user=0.00 sys=0.00, real=0.00 secs] 
11.879: [GC (Allocation Failure) 11.879: [DefNew: 960K->63K(960K), 0.0015588 secs] 368710K->368239K(524224K), 0.0016824 secs] [Times: user=0.00 sys=0.00, real=0.00 secs] 
11.882: [GC (Allocation Failure) 11.882: [DefNew: 959K->64K(960K), 0.0015170 secs] 369136K->368659K(524224K), 0.0016172 secs] [Times: user=0.00 sys=0.00, real=0.00 secs] 
11.886: [GC (Allocation Failure) 11.886: [DefNew: 960K->64K(960K), 0.0016934 secs] 369555K->369102K(524224K), 0.0017976 secs] [Times: user=0.00 sys=0.00, real=0.00 secs] 
11.890: [GC (Allocation Failure) 11.890: [DefNew: 960K->64K(960K), 0.0016307 secs] 369999K->369584K(524224K), 0.0017108 secs] [Times: user=0.00 sys=0.00, real=0.00 secs] 
11.893: [GC (Allocation Failure) 11.893: [DefNew: 960K->64K(960K), 0.0018908 secs] 370480K->370017K(524224K), 0.0020262 secs] [Times: user=0.00 sys=0.00, real=0.00 secs] 
11.897: [GC (Allocation Failure) 11.897: [DefNew: 960K->63K(960K), 0.0016184 secs] 370914K->370437K(524224K), 0.0016978 secs] [Times: user=0.00 sys=0.00, real=0.00 secs] 
11.900: [GC (Allocation Failure) 11.900: [DefNew: 959K->64K(960K), 0.0014226 secs] 371333K->370865K(524224K), 0.0014850 secs] [Times: user=0.00 sys=0.00, real=0.00 secs] 
11.903: [GC (Allocation Failure) 11.903: [DefNew: 960K->64K(960K), 0.0014850 secs] 371761K->371316K(524224K), 0.0015624 secs] [Times: user=0.00 sys=0.00, real=0.00 secs] 
11.906: [GC (Allocation Failure) 11.906: [DefNew: 960K->63K(960K), 0.0015272 secs] 372213K->371760K(524224K), 0.0016046 secs] [Times: user=0.00 sys=0.00, real=0.00 secs] 
11.909: [GC (Allocation Failure) 11.909: [DefNew: 959K->64K(960K), 0.0015174 secs] 372656K->372200K(524224K), 0.0015955 secs] [Times: user=0.00 sys=0.00, real=0.00 secs] 
11.913: [GC (Allocation Failure) 11.913: [DefNew: 960K->63K(960K), 0.0015091 secs] 373097K->372649K(524224K), 0.0015916 secs] [Times: user=0.00 sys=0.00, real=0.00 secs] 
11.916: [GC (Allocation Failure) 11.916: [DefNew: 959K->63K(960K), 0.0016247 secs] 373546K->373089K(524224K), 0.0017057 secs] [Times: user=0.00 sys=0.00, real=0.00 secs] 
11.920: [GC (Allocation Failure) 11.920: [DefNew: 959K->63K(960K), 0.0017207 secs] 373986K->373621K(524224K), 0.0017976 secs] [Times: user=0.00 sys=0.00, real=0.00 secs] 
11.924: [GC (Allocation Failure) 11.924: [DefNew: 959K->64K(960K), 0.0017211 secs] 374517K->374101K(524224K), 0.0017961 secs] [Times: user=0.00 sys=0.00, real=0.00 secs] 
11.927: [GC (Allocation Failure) 11.927: [DefNew: 960K->64K(960K), 0.0019283 secs] 374997K->374543K(524224K), 0.0020329 secs] [Times: user=0.00 sys=0.00, real=0.00 secs] 
11.931: [GC (Allocation Failure) 11.931: [DefNew: 960K->63K(960K), 0.0016595 secs] 375439K->375030K(524224K), 0.0017282 secs] [Times: user=0.00 sys=0.00, real=0.00 secs] 
11.934: [GC (Allocation Failure) 11.934: [DefNew: 959K->64K(960K), 0.0015608 secs] 375926K->375458K(524224K), 0.0016243 secs] [Times: user=0.00 sys=0.00, real=0.00 secs] 
11.938: [GC (Allocation Failure) 11.938: [DefNew: 960K->63K(960K), 0.0015245 secs] 376355K->375914K(524224K), 0.0015995 secs] [Times: user=0.00 sys=0.00, real=0.00 secs] 
11.942: [GC (Allocation Failure) 11.942: [DefNew: 959K->64K(960K), 0.0015612 secs] 376810K->376382K(524224K), 0.0016330 secs] [Times: user=0.02 sys=0.00, real=0.00 secs] 
11.945: [GC (Allocation Failure) 11.945: [DefNew: 960K->63K(960K), 0.0016370 secs] 377279K->376824K(524224K), 0.0017199 secs] [Times: user=0.00 sys=0.00, real=0.00 secs] 
11.949: [GC (Allocation Failure) 11.949: [DefNew: 959K->64K(960K), 0.0014850 secs] 377720K->377291K(524224K), 0.0015458 secs] [Times: user=0.00 sys=0.00, real=0.00 secs] 
11.952: [GC (Allocation Failure) 11.952: [DefNew: 960K->63K(960K), 0.0015718 secs] 378187K->377725K(524224K), 0.0016488 secs] [Times: user=0.00 sys=0.00, real=0.00 secs] 
11.956: [GC (Allocation Failure) 11.956: [DefNew: 959K->63K(960K), 0.0014751 secs] 378622K->378157K(524224K), 0.0015580 secs] [Times: user=0.00 sys=0.00, real=0.00 secs] 
11.960: [GC (Allocation Failure) 11.960: [DefNew: 959K->63K(960K), 0.0019125 secs] 379053K->378586K(524224K), 0.0020215 secs] [Times: user=0.00 sys=0.00, real=0.00 secs] 
11.963: [GC (Allocation Failure) 11.963: [DefNew: 959K->64K(960K), 0.0015588 secs] 379483K->379008K(524224K), 0.0016729 secs] [Times: user=0.00 sys=0.00, real=0.00 secs] 
11.967: [GC (Allocation Failure) 11.967: [DefNew: 960K->63K(960K), 0.0014329 secs] 379905K->379449K(524224K), 0.0014996 secs] [Times: user=0.00 sys=0.00, real=0.00 secs] 
11.969: [GC (Allocation Failure) 11.969: [DefNew: 959K->63K(960K), 0.0015387 secs] 380346K->379859K(524224K), 0.0016145 secs] [Times: user=0.00 sys=0.00, real=0.00 secs] 
11.974: [GC (Allocation Failure) 11.974: [DefNew: 959K->63K(960K), 0.0017732 secs] 380756K->380325K(524224K), 0.0018888 secs] [Times: user=0.00 sys=0.00, real=0.00 secs] 
11.978: [GC (Allocation Failure) 11.978: [DefNew: 959K->64K(960K), 0.0018114 secs] 381221K->380805K(524224K), 0.0019018 secs] [Times: user=0.00 sys=0.00, real=0.00 secs] 
11.981: [GC (Allocation Failure) 11.981: [DefNew: 960K->64K(960K), 0.0018553 secs] 381702K->381249K(524224K), 0.0019630 secs] [Times: user=0.00 sys=0.00, real=0.00 secs] 
11.985: [GC (Allocation Failure) 11.985: [DefNew: 960K->63K(960K), 0.0015379 secs] 382145K->381672K(524224K), 0.0016192 secs] [Times: user=0.00 sys=0.00, real=0.00 secs] 
11.988: [GC (Allocation Failure) 11.988: [DefNew: 959K->63K(960K), 0.0016579 secs] 382569K->382105K(524224K), 0.0017483 secs] [Times: user=0.02 sys=0.00, real=0.00 secs] 
11.992: [GC (Allocation Failure) 11.992: [DefNew: 959K->63K(960K), 0.0017992 secs] 383002K->382576K(524224K), 0.0019007 secs] [Times: user=0.00 sys=0.00, real=0.00 secs] 
11.996: [GC (Allocation Failure) 11.996: [DefNew: 959K->63K(960K), 0.0018280 secs] 383473K->383062K(524224K), 0.0019188 secs] [Times: user=0.00 sys=0.00, real=0.00 secs] 
11.999: [GC (Allocation Failure) 11.999: [DefNew: 959K->64K(960K), 0.0016421 secs] 383958K->383506K(524224K), 0.0017282 secs] [Times: user=0.00 sys=0.00, real=0.00 secs] 
12.003: [GC (Allocation Failure) 12.003: [DefNew: 960K->64K(960K), 0.0016224 secs] 384402K->383979K(524224K), 0.0017005 secs] [Times: user=0.00 sys=0.02, real=0.00 secs] 
12.006: [GC (Allocation Failure) 12.006: [DefNew: 960K->63K(960K), 0.0015584 secs] 384875K->384416K(524224K), 0.0016330 secs] [Times: user=0.00 sys=0.00, real=0.00 secs] 
12.010: [GC (Allocation Failure) 12.010: [DefNew: 959K->63K(960K), 0.0015663 secs] 385312K->384883K(524224K), 0.0016425 secs] [Times: user=0.00 sys=0.00, real=0.00 secs] 
12.014: [GC (Allocation Failure) 12.014: [DefNew: 959K->63K(960K), 0.0017609 secs] 385780K->385365K(524224K), 0.0018359 secs] [Times: user=0.00 sys=0.00, real=0.00 secs] 
12.017: [GC (Allocation Failure) 12.017: [DefNew: 959K->63K(960K), 0.0016914 secs] 386262K->385813K(524224K), 0.0017704 secs] [Times: user=0.00 sys=0.00, real=0.00 secs] 
12.021: [GC (Allocation Failure) 12.021: [DefNew: 959K->63K(960K), 0.0016212 secs] 386710K->386276K(524224K), 0.0016879 secs] [Times: user=0.00 sys=0.00, real=0.00 secs] 
12.024: [GC (Allocation Failure) 12.024: [DefNew: 959K->64K(960K), 0.0016089 secs] 387172K->386677K(524224K), 0.0017199 secs] [Times: user=0.00 sys=0.00, real=0.00 secs] 
12.028: [GC (Allocation Failure) 12.028: [DefNew: 960K->63K(960K), 0.0018529 secs] 387573K->387240K(524224K), 0.0019508 secs] [Times: user=0.00 sys=0.00, real=0.00 secs] 
12.032: [GC (Allocation Failure) 12.032: [DefNew: 959K->63K(960K), 0.0017096 secs] 388137K->387698K(524224K), 0.0017854 secs] [Times: user=0.00 sys=0.00, real=0.00 secs] 
12.035: [GC (Allocation Failure) 12.035: [DefNew: 959K->64K(960K), 0.0014957 secs] 388595K->388119K(524224K), 0.0015718 secs] [Times: user=0.00 sys=0.00, real=0.00 secs] 
12.039: [GC (Allocation Failure) 12.039: [DefNew: 960K->63K(960K), 0.0015576 secs] 389016K->388595K(524224K), 0.0016354 secs] [Times: user=0.00 sys=0.00, real=0.00 secs] 
12.042: [GC (Allocation Failure) 12.042: [DefNew: 959K->64K(960K), 0.0015738 secs] 389491K->389054K(524224K), 0.0016761 secs] [Times: user=0.00 sys=0.00, real=0.00 secs] 
12.046: [GC (Allocation Failure) 12.046: [DefNew: 960K->63K(960K), 0.0016180 secs] 389951K->389502K(524224K), 0.0016989 secs] [Times: user=0.00 sys=0.00, real=0.00 secs] 
12.050: [GC (Allocation Failure) 12.050: [DefNew: 959K->63K(960K), 0.0016563 secs] 390399K->389960K(524224K), 0.0017293 secs] [Times: user=0.00 sys=0.00, real=0.00 secs] 
12.053: [GC (Allocation Failure) 12.053: [DefNew: 959K->64K(960K), 0.0017171 secs] 390857K->390395K(524224K), 0.0018095 secs] [Times: user=0.00 sys=0.00, real=0.00 secs] 
12.057: [GC (Allocation Failure) 12.057: [DefNew: 960K->63K(960K), 0.0015868 secs] 391292K->390856K(524224K), 0.0016579 secs] [Times: user=0.00 sys=0.00, real=0.00 secs] 
12.060: [GC (Allocation Failure) 12.060: [DefNew: 959K->63K(960K), 0.0018375 secs] 391753K->391279K(524224K), 0.0019125 secs] [Times: user=0.00 sys=0.00, real=0.00 secs] 
12.064: [GC (Allocation Failure) 12.064: [DefNew: 959K->64K(960K), 0.0016461 secs] 392177K->391754K(524224K), 0.0017424 secs] [Times: user=0.00 sys=0.00, real=0.00 secs] 
12.068: [GC (Allocation Failure) 12.068: [DefNew: 960K->64K(960K), 0.0015616 secs] 392650K->392186K(524224K), 0.0016275 secs] [Times: user=0.00 sys=0.00, real=0.00 secs] 
12.076: [GC (Allocation Failure) 12.076: [DefNew: 960K->64K(960K), 0.0017041 secs] 393082K->392612K(524224K), 0.0018264 secs] [Times: user=0.00 sys=0.00, real=0.00 secs] 
12.080: [GC (Allocation Failure) 12.080: [DefNew: 960K->63K(960K), 0.0017751 secs] 393509K->393070K(524224K), 0.0018991 secs] [Times: user=0.00 sys=0.00, real=0.00 secs] 
12.084: [GC (Allocation Failure) 12.084: [DefNew: 959K->64K(960K), 0.0017771 secs] 393966K->393528K(524224K), 0.0018750 secs] [Times: user=0.00 sys=0.00, real=0.00 secs] 
12.087: [GC (Allocation Failure) 12.087: [DefNew: 960K->63K(960K), 0.0015687 secs] 394424K->393951K(524224K), 0.0016468 secs] [Times: user=0.00 sys=0.00, real=0.00 secs] 
12.091: [GC (Allocation Failure) 12.091: [DefNew: 959K->63K(960K), 0.0016275 secs] 394848K->394442K(524224K), 0.0017171 secs] [Times: user=0.00 sys=0.00, real=0.00 secs] 
12.094: [GC (Allocation Failure) 12.094: [DefNew: 959K->64K(960K), 0.0018987 secs] 395339K->394912K(524224K), 0.0020242 secs] [Times: user=0.00 sys=0.00, real=0.00 secs] 
12.098: [GC (Allocation Failure) 12.098: [DefNew: 960K->64K(960K), 0.0015612 secs] 395809K->395342K(524224K), 0.0016362 secs] [Times: user=0.01 sys=0.00, real=0.00 secs] 
12.102: [GC (Allocation Failure) 12.102: [DefNew: 960K->63K(960K), 0.0014321 secs] 396238K->395770K(524224K), 0.0014992 secs] [Times: user=0.00 sys=0.00, real=0.00 secs] 
12.104: [GC (Allocation Failure) 12.104: [DefNew: 959K->63K(960K), 0.0014597 secs] 396666K->396176K(524224K), 0.0015332 secs] [Times: user=0.00 sys=0.00, real=0.00 secs] 
12.107: [GC (Allocation Failure) 12.107: [DefNew: 959K->63K(960K), 0.0014246 secs] 397072K->396617K(524224K), 0.0014862 secs] [Times: user=0.00 sys=0.00, real=0.00 secs] 
12.109: [GC (Allocation Failure) 12.109: [DefNew: 959K->63K(960K), 0.0014546 secs] 397513K->397031K(524224K), 0.0015308 secs] [Times: user=0.00 sys=0.00, real=0.00 secs] 
12.112: [GC (Allocation Failure) 12.112: [DefNew: 959K->63K(960K), 0.0014566 secs] 397927K->397481K(524224K), 0.0015316 secs] [Times: user=0.00 sys=0.00, real=0.00 secs] 
12.115: [GC (Allocation Failure) 12.115: [DefNew: 959K->63K(960K), 0.0017167 secs] 398378K->397926K(524224K), 0.0017882 secs] [Times: user=0.00 sys=0.00, real=0.00 secs] 
12.118: [GC (Allocation Failure) 12.118: [DefNew: 959K->64K(960K), 0.0015363 secs] 398822K->398353K(524224K), 0.0015959 secs] [Times: user=0.00 sys=0.00, real=0.00 secs] 
12.122: [GC (Allocation Failure) 12.122: [DefNew: 960K->63K(960K), 0.0016508 secs] 399250K->398820K(524224K), 0.0017179 secs] [Times: user=0.00 sys=0.00, real=0.00 secs] 
12.125: [GC (Allocation Failure) 12.125: [DefNew: 959K->64K(960K), 0.0018249 secs] 399718K->399244K(524224K), 0.0019512 secs] [Times: user=0.00 sys=0.00, real=0.00 secs] 
12.129: [GC (Allocation Failure) 12.129: [DefNew: 960K->63K(960K), 0.0018308 secs] 400141K->399783K(524224K), 0.0020041 secs] [Times: user=0.02 sys=0.00, real=0.00 secs] 
12.133: [GC (Allocation Failure) 12.133: [DefNew: 959K->64K(960K), 0.0020167 secs] 400679K->400204K(524224K), 0.0021296 secs] [Times: user=0.00 sys=0.00, real=0.00 secs] 
12.136: [GC (Allocation Failure) 12.136: [DefNew: 960K->64K(960K), 0.0016386 secs] 401100K->400640K(524224K), 0.0017368 secs] [Times: user=0.00 sys=0.00, real=0.00 secs] 
12.140: [GC (Allocation Failure) 12.140: [DefNew: 960K->63K(960K), 0.0016468 secs] 401536K->401079K(524224K), 0.0017503 secs] [Times: user=0.00 sys=0.00, real=0.00 secs] 
12.143: [GC (Allocation Failure) 12.143: [DefNew: 959K->63K(960K), 0.0015643 secs] 401976K->401498K(524224K), 0.0016433 secs] [Times: user=0.00 sys=0.00, real=0.00 secs] 
12.147: [GC (Allocation Failure) 12.147: [DefNew: 959K->63K(960K), 0.0017475 secs] 402395K->401927K(524224K), 0.0018604 secs] [Times: user=0.00 sys=0.00, real=0.00 secs] 
12.151: [GC (Allocation Failure) 12.151: [DefNew: 959K->64K(960K), 0.0016670 secs] 402823K->402355K(524224K), 0.0017582 secs] [Times: user=0.00 sys=0.00, real=0.00 secs] 
12.154: [GC (Allocation Failure) 12.154: [DefNew: 960K->63K(960K), 0.0018359 secs] 403251K->402771K(524224K), 0.0019318 secs] [Times: user=0.00 sys=0.00, real=0.00 secs] 
12.158: [GC (Allocation Failure) 12.158: [DefNew: 959K->63K(960K), 0.0015928 secs] 403668K->403183K(524224K), 0.0016859 secs] [Times: user=0.00 sys=0.00, real=0.00 secs] 
12.162: [GC (Allocation Failure) 12.162: [DefNew: 959K->64K(960K), 0.0017712 secs] 404081K->403616K(524224K), 0.0018908 secs] [Times: user=0.00 sys=0.00, real=0.00 secs] 
12.166: [GC (Allocation Failure) 12.166: [DefNew: 960K->63K(960K), 0.0015529 secs] 404513K->404036K(524224K), 0.0016488 secs] [Times: user=0.00 sys=0.00, real=0.00 secs] 
12.178: [GC (Allocation Failure) 12.178: [DefNew: 959K->64K(960K), 0.0023167 secs] 404933K->404463K(524224K), 0.0024817 secs] [Times: user=0.00 sys=0.00, real=0.00 secs] 
12.183: [GC (Allocation Failure) 12.183: [DefNew: 960K->64K(960K), 0.0023258 secs] 405359K->405137K(524224K), 0.0024715 secs] [Times: user=0.00 sys=0.00, real=0.00 secs] 
12.187: [GC (Allocation Failure) 12.187: [DefNew: 960K->64K(960K), 0.0021415 secs] 406034K->405581K(524224K), 0.0022465 secs] [Times: user=0.00 sys=0.00, real=0.00 secs] 
12.190: [GC (Allocation Failure) 12.190: [DefNew: 960K->64K(960K), 0.0021908 secs] 406477K->406107K(524224K), 0.0023045 secs] [Times: user=0.00 sys=0.00, real=0.00 secs] 
12.194: [GC (Allocation Failure) 12.194: [DefNew: 960K->64K(960K), 0.0026463 secs] 407004K->406690K(524224K), 0.0028240 secs] [Times: user=0.00 sys=0.00, real=0.00 secs] 
12.199: [GC (Allocation Failure) 12.199: [DefNew: 960K->64K(960K), 0.0023207 secs] 407587K->407229K(524224K), 0.0024280 secs] [Times: user=0.00 sys=0.00, real=0.00 secs] 
12.202: [GC (Allocation Failure) 12.202: [DefNew: 960K->64K(960K), 0.0018924 secs] 408126K->407668K(524224K), 0.0019907 secs] [Times: user=0.00 sys=0.00, real=0.00 secs] 
12.206: [GC (Allocation Failure) 12.206: [DefNew: 960K->63K(960K), 0.0016954 secs] 408565K->408153K(524224K), 0.0017913 secs] [Times: user=0.00 sys=0.00, real=0.00 secs] 
12.209: [GC (Allocation Failure) 12.209: [DefNew: 959K->64K(960K), 0.0016022 secs] 409050K->408592K(524224K), 0.0016867 secs] [Times: user=0.00 sys=0.00, real=0.00 secs] 
12.213: [GC (Allocation Failure) 12.213: [DefNew: 960K->63K(960K), 0.0015971 secs] 409489K->409077K(524224K), 0.0016725 secs] [Times: user=0.00 sys=0.00, real=0.00 secs] 
12.217: [GC (Allocation Failure) 12.217: [DefNew: 959K->64K(960K), 0.0017736 secs] 409974K->409560K(524224K), 0.0018683 secs] [Times: user=0.00 sys=0.00, real=0.00 secs] 
12.220: [GC (Allocation Failure) 12.220: [DefNew: 960K->64K(960K), 0.0017072 secs] 410457K->410004K(524224K), 0.0017980 secs] [Times: user=0.00 sys=0.00, real=0.00 secs] 
12.224: [GC (Allocation Failure) 12.224: [DefNew: 960K->63K(960K), 0.0017937 secs] 410901K->410480K(524224K), 0.0019082 secs] [Times: user=0.00 sys=0.00, real=0.00 secs] 
12.227: [GC (Allocation Failure) 12.227: [DefNew: 959K->64K(960K), 0.0021347 secs] 411376K->411091K(524224K), 0.0022859 secs] [Times: user=0.00 sys=0.00, real=0.00 secs] 
12.232: [GC (Allocation Failure) 12.232: [DefNew: 960K->63K(960K), 0.0018892 secs] 411987K->411576K(524224K), 0.0019792 secs] [Times: user=0.00 sys=0.00, real=0.00 secs] 
12.236: [GC (Allocation Failure) 12.236: [DefNew: 959K->64K(960K), 0.0016745 secs] 412473K->412053K(524224K), 0.0017743 secs] [Times: user=0.00 sys=0.00, real=0.00 secs] 
12.239: [GC (Allocation Failure) 12.239: [DefNew: 960K->63K(960K), 0.0016851 secs] 412950K->412498K(524224K), 0.0017886 secs] [Times: user=0.00 sys=0.00, real=0.00 secs] 
12.243: [GC (Allocation Failure) 12.243: [DefNew: 959K->63K(960K), 0.0015908 secs] 413394K->412970K(524224K), 0.0016816 secs] [Times: user=0.00 sys=0.00, real=0.00 secs] 
12.246: [GC (Allocation Failure) 12.246: [DefNew: 959K->63K(960K), 0.0016480 secs] 413866K->413409K(524224K), 0.0017451 secs] [Times: user=0.00 sys=0.00, real=0.00 secs] 
12.250: [GC (Allocation Failure) 12.250: [DefNew: 959K->64K(960K), 0.0016650 secs] 414307K->413888K(524224K), 0.0017609 secs] [Times: user=0.00 sys=0.00, real=0.00 secs] 
12.254: [GC (Allocation Failure) 12.254: [DefNew: 960K->64K(960K), 0.0020187 secs] 414785K->414318K(524224K), 0.0021142 secs] [Times: user=0.01 sys=0.00, real=0.00 secs] 
12.257: [GC (Allocation Failure) 12.257: [DefNew: 960K->63K(960K), 0.0015687 secs] 415214K->414754K(524224K), 0.0016583 secs] [Times: user=0.00 sys=0.00, real=0.00 secs] 
12.261: [GC (Allocation Failure) 12.261: [DefNew: 959K->64K(960K), 0.0019188 secs] 415650K->415267K(524224K), 0.0020463 secs] [Times: user=0.00 sys=0.00, real=0.00 secs] 
12.264: [GC (Allocation Failure) 12.264: [DefNew: 960K->63K(960K), 0.0017384 secs] 416163K->415703K(524224K), 0.0018253 secs] [Times: user=0.00 sys=0.00, real=0.00 secs] 
12.268: [GC (Allocation Failure) 12.268: [DefNew: 959K->63K(960K), 0.0018292 secs] 416599K->416160K(524224K), 0.0019464 secs] [Times: user=0.00 sys=0.00, real=0.00 secs] 
12.271: [GC (Allocation Failure) 12.271: [DefNew: 959K->64K(960K), 0.0020917 secs] 417057K->416831K(524224K), 0.0022291 secs] [Times: user=0.00 sys=0.00, real=0.00 secs] 
12.276: [GC (Allocation Failure) 12.276: [DefNew: 960K->64K(960K), 0.0018671 secs] 417728K->417275K(524224K), 0.0019891 secs] [Times: user=0.00 sys=0.00, real=0.00 secs] 
12.280: [GC (Allocation Failure) 12.280: [DefNew: 960K->64K(960K), 0.0022429 secs] 418171K->417750K(524224K), 0.0023558 secs] [Times: user=0.00 sys=0.00, real=0.00 secs] 
12.283: [GC (Allocation Failure) 12.283: [DefNew: 960K->63K(960K), 0.0017064 secs] 418646K->418193K(524224K), 0.0018051 secs] [Times: user=0.00 sys=0.00, real=0.00 secs] 
12.287: [GC (Allocation Failure) 12.287: [DefNew: 959K->63K(960K), 0.0019678 secs] 419090K->418754K(524224K), 0.0020795 secs] [Times: user=0.00 sys=0.00, real=0.00 secs] 
12.290: [GC (Allocation Failure) 12.290: [DefNew: 959K->63K(960K), 0.0018375 secs] 419650K->419181K(524224K), 0.0019267 secs] [Times: user=0.00 sys=0.00, real=0.00 secs] 
12.294: [GC (Allocation Failure) 12.294: [DefNew: 959K->64K(960K), 0.0020432 secs] 420078K->419695K(524224K), 0.0021687 secs] [Times: user=0.00 sys=0.00, real=0.00 secs] 
12.298: [GC (Allocation Failure) 12.298: [DefNew: 960K->63K(960K), 0.0018312 secs] 420592K->420170K(524224K), 0.0019121 secs] [Times: user=0.00 sys=0.00, real=0.00 secs] 
12.301: [GC (Allocation Failure) 12.301: [DefNew: 959K->63K(960K), 0.0015778 secs] 421067K->420609K(524224K), 0.0016421 secs] [Times: user=0.02 sys=0.00, real=0.00 secs] 
12.305: [GC (Allocation Failure) 12.305: [DefNew: 959K->64K(960K), 0.0017179 secs] 421505K->421121K(524224K), 0.0018000 secs] [Times: user=0.00 sys=0.00, real=0.00 secs] 
12.308: [GC (Allocation Failure) 12.308: [DefNew: 960K->63K(960K), 0.0015817 secs] 422018K->421529K(524224K), 0.0016468 secs] [Times: user=0.00 sys=0.00, real=0.00 secs] 
12.312: [GC (Allocation Failure) 12.312: [DefNew: 959K->64K(960K), 0.0015572 secs] 422426K->422020K(524224K), 0.0016267 secs] [Times: user=0.00 sys=0.00, real=0.00 secs] 
12.316: [GC (Allocation Failure) 12.316: [DefNew: 960K->64K(960K), 0.0017661 secs] 422916K->422504K(524224K), 0.0018332 secs] [Times: user=0.02 sys=0.00, real=0.00 secs] 
12.319: [GC (Allocation Failure) 12.319: [DefNew: 960K->63K(960K), 0.0016749 secs] 423401K->422982K(524224K), 0.0017380 secs] [Times: user=0.00 sys=0.00, real=0.00 secs] 
12.323: [GC (Allocation Failure) 12.323: [DefNew: 959K->63K(960K), 0.0017605 secs] 423878K->423468K(524224K), 0.0018280 secs] [Times: user=0.00 sys=0.00, real=0.00 secs] 
12.326: [GC (Allocation Failure) 12.326: [DefNew: 959K->63K(960K), 0.0022883 secs] 424364K->424036K(524224K), 0.0023921 secs] [Times: user=0.00 sys=0.00, real=0.00 secs] 
12.331: [GC (Allocation Failure) 12.331: [DefNew: 959K->64K(960K), 0.0019086 secs] 424932K->424507K(524224K), 0.0019768 secs] [Times: user=0.02 sys=0.00, real=0.00 secs] 
12.335: [GC (Allocation Failure) 12.335: [DefNew: 960K->64K(960K), 0.0016366 secs] 425404K->424961K(524224K), 0.0017096 secs] [Times: user=0.00 sys=0.00, real=0.00 secs] 
12.338: [GC (Allocation Failure) 12.338: [DefNew: 960K->64K(960K), 0.0016121 secs] 425858K->425399K(524224K), 0.0016812 secs] [Times: user=0.00 sys=0.00, real=0.00 secs] 
12.342: [GC (Allocation Failure) 12.342: [DefNew: 960K->64K(960K), 0.0014542 secs] 426296K->425835K(524224K), 0.0015193 secs] [Times: user=0.00 sys=0.00, real=0.00 secs] 
12.345: [GC (Allocation Failure) 12.345: [DefNew: 960K->63K(960K), 0.0015126 secs] 426732K->426249K(524224K), 0.0015778 secs] [Times: user=0.00 sys=0.00, real=0.00 secs] 
12.349: [GC (Allocation Failure) 12.349: [DefNew: 959K->64K(960K), 0.0016816 secs] 427146K->426716K(524224K), 0.0017700 secs] [Times: user=0.00 sys=0.00, real=0.00 secs] 
12.353: [GC (Allocation Failure) 12.353: [DefNew: 960K->64K(960K), 0.0016161 secs] 427612K->427138K(524224K), 0.0017854 secs] [Times: user=0.00 sys=0.00, real=0.00 secs] 
12.356: [GC (Allocation Failure) 12.356: [DefNew: 960K->64K(960K), 0.0017957 secs] 428035K->427651K(524224K), 0.0018707 secs] [Times: user=0.00 sys=0.00, real=0.00 secs] 
12.360: [GC (Allocation Failure) 12.360: [DefNew: 960K->64K(960K), 0.0019362 secs] 428547K->428090K(524224K), 0.0020159 secs] [Times: user=0.00 sys=0.00, real=0.00 secs] 
12.363: [GC (Allocation Failure) 12.363: [DefNew: 960K->63K(960K), 0.0016034 secs] 428987K->428527K(524224K), 0.0016824 secs] [Times: user=0.02 sys=0.00, real=0.00 secs] 
12.367: [GC (Allocation Failure) 12.367: [DefNew: 959K->64K(960K), 0.0016464 secs] 429423K->429005K(524224K), 0.0017179 secs] [Times: user=0.00 sys=0.00, real=0.00 secs] 
12.371: [GC (Allocation Failure) 12.371: [DefNew: 960K->63K(960K), 0.0026613 secs] 429901K->429646K(524224K), 0.0027916 secs] [Times: user=0.00 sys=0.00, real=0.00 secs] 
12.375: [GC (Allocation Failure) 12.375: [DefNew: 959K->64K(960K), 0.0019362 secs] 430543K->430090K(524224K), 0.0020392 secs] [Times: user=0.00 sys=0.00, real=0.00 secs] 
12.379: [GC (Allocation Failure) 12.379: [DefNew: 960K->63K(960K), 0.0017222 secs] 430987K->430563K(524224K), 0.0018051 secs] [Times: user=0.02 sys=0.00, real=0.00 secs] 
12.382: [GC (Allocation Failure) 12.382: [DefNew: 959K->63K(960K), 0.0019816 secs] 431460K->431154K(524224K), 0.0020933 secs] [Times: user=0.00 sys=0.00, real=0.00 secs] 
12.386: [GC (Allocation Failure) 12.386: [DefNew: 959K->63K(960K), 0.0019247 secs] 432051K->431652K(524224K), 0.0020136 secs] [Times: user=0.00 sys=0.00, real=0.00 secs] 
12.390: [GC (Allocation Failure) 12.390: [DefNew: 959K->63K(960K), 0.0018995 secs] 432548K->432170K(524224K), 0.0020025 secs] [Times: user=0.00 sys=0.00, real=0.00 secs] 
12.393: [GC (Allocation Failure) 12.393: [DefNew: 959K->63K(960K), 0.0021446 secs] 433067K->432626K(524224K), 0.0022417 secs] [Times: user=0.02 sys=0.00, real=0.00 secs] 
12.397: [GC (Allocation Failure) 12.397: [DefNew: 959K->64K(960K), 0.0017692 secs] 433522K->433101K(524224K), 0.0018572 secs] [Times: user=0.00 sys=0.00, real=0.00 secs] 
12.400: [GC (Allocation Failure) 12.400: [DefNew: 960K->64K(960K), 0.0018363 secs] 433997K->433550K(524224K), 0.0019232 secs] [Times: user=0.00 sys=0.00, real=0.00 secs] 
12.404: [GC (Allocation Failure) 12.404: [DefNew: 960K->63K(960K), 0.0017751 secs] 434447K->434027K(524224K), 0.0018612 secs] [Times: user=0.00 sys=0.00, real=0.00 secs] 
12.408: [GC (Allocation Failure) 12.408: [DefNew: 959K->63K(960K), 0.0016753 secs] 434923K->434489K(524224K), 0.0017605 secs] [Times: user=0.00 sys=0.00, real=0.00 secs] 
12.411: [GC (Allocation Failure) 12.411: [DefNew: 959K->63K(960K), 0.0016914 secs] 435386K->434965K(524224K), 0.0017929 secs] [Times: user=0.00 sys=0.00, real=0.00 secs] 
12.415: [GC (Allocation Failure) 12.415: [DefNew: 959K->63K(960K), 0.0017589 secs] 435862K->435474K(524224K), 0.0018470 secs] [Times: user=0.00 sys=0.00, real=0.00 secs] 
12.418: [GC (Allocation Failure) 12.418: [DefNew: 959K->63K(960K), 0.0016828 secs] 436371K->435898K(524224K), 0.0017613 secs] [Times: user=0.00 sys=0.00, real=0.00 secs] 
12.422: [GC (Allocation Failure) 12.422: [DefNew: 959K->63K(960K), 0.0017830 secs] 436794K->436369K(524224K), 0.0018636 secs] [Times: user=0.00 sys=0.00, real=0.00 secs] 
12.426: [GC (Allocation Failure) 12.426: [DefNew: 959K->64K(960K), 0.0021786 secs] 437265K->436833K(524224K), 0.0022780 secs] [Times: user=0.02 sys=0.00, real=0.00 secs] 
12.429: [GC (Allocation Failure) 12.429: [DefNew: 960K->64K(960K), 0.0017755 secs] 437729K->437307K(524224K), 0.0018525 secs] [Times: user=0.00 sys=0.00, real=0.00 secs] 
12.433: [GC (Allocation Failure) 12.433: [DefNew: 960K->64K(960K), 0.0017499 secs] 438204K->437791K(524224K), 0.0018213 secs] [Times: user=0.00 sys=0.00, real=0.00 secs] 
12.436: [GC (Allocation Failure) 12.436: [DefNew: 960K->64K(960K), 0.0016066 secs] 438687K->438240K(524224K), 0.0016796 secs] [Times: user=0.00 sys=0.00, real=0.00 secs] 
12.440: [GC (Allocation Failure) 12.440: [DefNew: 960K->63K(960K), 0.0016563 secs] 439137K->438723K(524224K), 0.0017211 secs] [Times: user=0.01 sys=0.00, real=0.00 secs] 
12.444: [GC (Allocation Failure) 12.444: [DefNew: 959K->64K(960K), 0.0017380 secs] 439620K->439228K(524224K), 0.0018217 secs] [Times: user=0.00 sys=0.00, real=0.00 secs] 
12.447: [GC (Allocation Failure) 12.447: [DefNew: 960K->63K(960K), 0.0017009 secs] 440125K->439665K(524224K), 0.0017609 secs] [Times: user=0.00 sys=0.00, real=0.00 secs] 
12.451: [GC (Allocation Failure) 12.451: [DefNew: 959K->63K(960K), 0.0015142 secs] 440561K->440123K(524224K), 0.0015714 secs] [Times: user=0.00 sys=0.00, real=0.00 secs] 
12.454: [GC (Allocation Failure) 12.454: [DefNew: 959K->64K(960K), 0.0016839 secs] 441020K->440556K(524224K), 0.0017609 secs] [Times: user=0.00 sys=0.00, real=0.00 secs] 
12.458: [GC (Allocation Failure) 12.458: [DefNew: 960K->63K(960K), 0.0019437 secs] 441453K->441031K(524224K), 0.0020388 secs] [Times: user=0.00 sys=0.00, real=0.00 secs] 
12.462: [GC (Allocation Failure) 12.462: [DefNew: 959K->64K(960K), 0.0019903 secs] 441927K->441626K(524224K), 0.0020740 secs] [Times: user=0.00 sys=0.00, real=0.00 secs] 
12.465: [GC (Allocation Failure) 12.465: [DefNew: 960K->64K(960K), 0.0020021 secs] 442523K->442120K(524224K), 0.0020700 secs] [Times: user=0.00 sys=0.00, real=0.00 secs] 
12.469: [GC (Allocation Failure) 12.469: [DefNew: 960K->63K(960K), 0.0024746 secs] 443016K->442614K(524224K), 0.0025895 secs] [Times: user=0.00 sys=0.00, real=0.00 secs] 
12.473: [GC (Allocation Failure) 12.473: [DefNew: 959K->63K(960K), 0.0026649 secs] 443510K->443297K(524224K), 0.0027825 secs] [Times: user=0.00 sys=0.00, real=0.00 secs] 
12.478: [GC (Allocation Failure) 12.478: [DefNew: 959K->63K(960K), 0.0018758 secs] 444193K->443776K(524224K), 0.0019539 secs] [Times: user=0.00 sys=0.00, real=0.00 secs] 
12.482: [GC (Allocation Failure) 12.482: [DefNew: 959K->64K(960K), 0.0018351 secs] 444673K->444221K(524224K), 0.0019220 secs] [Times: user=0.00 sys=0.00, real=0.00 secs] 
12.485: [GC (Allocation Failure) 12.485: [DefNew: 960K->64K(960K), 0.0017424 secs] 445118K->444651K(524224K), 0.0018545 secs] [Times: user=0.00 sys=0.00, real=0.00 secs] 
12.489: [GC (Allocation Failure) 12.489: [DefNew: 960K->63K(960K), 0.0017088 secs] 445548K->445115K(524224K), 0.0018036 secs] [Times: user=0.00 sys=0.00, real=0.00 secs] 
12.492: [GC (Allocation Failure) 12.492: [DefNew: 959K->63K(960K), 0.0019737 secs] 446012K->445578K(524224K), 0.0021363 secs] [Times: user=0.00 sys=0.00, real=0.00 secs] 
12.496: [GC (Allocation Failure) 12.496: [DefNew: 959K->63K(960K), 0.0020136 secs] 446474K->446121K(524224K), 0.0021146 secs] [Times: user=0.00 sys=0.00, real=0.00 secs] 
12.499: [GC (Allocation Failure) 12.499: [DefNew: 959K->64K(960K), 0.0018849 secs] 447017K->446597K(524224K), 0.0019926 secs] [Times: user=0.00 sys=0.00, real=0.00 secs] 
12.503: [GC (Allocation Failure) 12.503: [DefNew: 960K->64K(960K), 0.0017534 secs] 447493K->447070K(524224K), 0.0018387 secs] [Times: user=0.02 sys=0.00, real=0.00 secs] 
12.507: [GC (Allocation Failure) 12.507: [DefNew: 960K->64K(960K), 0.0017301 secs] 447967K->447517K(524224K), 0.0018434 secs] [Times: user=0.00 sys=0.00, real=0.00 secs] 
12.510: [GC (Allocation Failure) 12.510: [DefNew: 960K->64K(960K), 0.0016843 secs] 448414K->447959K(524224K), 0.0017597 secs] [Times: user=0.00 sys=0.00, real=0.00 secs] 
12.514: [GC (Allocation Failure) 12.514: [DefNew: 960K->64K(960K), 0.0019409 secs] 448855K->448462K(524224K), 0.0020262 secs] [Times: user=0.00 sys=0.00, real=0.00 secs] 
12.518: [GC (Allocation Failure) 12.518: [DefNew: 960K->64K(960K), 0.0017633 secs] 449359K->448905K(524224K), 0.0018395 secs] [Times: user=0.01 sys=0.00, real=0.00 secs] 
12.521: [GC (Allocation Failure) 12.521: [DefNew: 960K->64K(960K), 0.0018095 secs] 449802K->449379K(524224K), 0.0018754 secs] [Times: user=0.00 sys=0.00, real=0.00 secs] 
12.525: [GC (Allocation Failure) 12.525: [DefNew: 960K->64K(960K), 0.0019705 secs] 450276K->449850K(524224K), 0.0020751 secs] [Times: user=0.00 sys=0.00, real=0.00 secs] 
12.528: [GC (Allocation Failure) 12.528: [DefNew: 960K->63K(960K), 0.0020420 secs] 450747K->450448K(524224K), 0.0021328 secs] [Times: user=0.00 sys=0.00, real=0.00 secs] 
12.532: [GC (Allocation Failure) 12.532: [DefNew: 959K->64K(960K), 0.0019180 secs] 451345K->450890K(524224K), 0.0019950 secs] [Times: user=0.00 sys=0.00, real=0.00 secs] 
12.535: [GC (Allocation Failure) 12.535: [DefNew: 960K->63K(960K), 0.0016642 secs] 451788K->451324K(524224K), 0.0017321 secs] [Times: user=0.02 sys=0.00, real=0.00 secs] 
12.539: [GC (Allocation Failure) 12.539: [DefNew: 959K->64K(960K), 0.0017112 secs] 452221K->451801K(524224K), 0.0017716 secs] [Times: user=0.00 sys=0.00, real=0.00 secs] 
12.543: [GC (Allocation Failure) 12.543: [DefNew: 960K->64K(960K), 0.0017700 secs] 452697K->452285K(524224K), 0.0018395 secs] [Times: user=0.00 sys=0.00, real=0.00 secs] 
12.546: [GC (Allocation Failure) 12.546: [DefNew: 960K->63K(960K), 0.0017617 secs] 453181K->452730K(524224K), 0.0018268 secs] [Times: user=0.00 sys=0.00, real=0.00 secs] 
12.550: [GC (Allocation Failure) 12.550: [DefNew: 959K->64K(960K), 0.0017329 secs] 453627K->453219K(524224K), 0.0017957 secs] [Times: user=0.02 sys=0.00, real=0.00 secs] 
12.553: [GC (Allocation Failure) 12.553: [DefNew: 960K->63K(960K), 0.0018742 secs] 454116K->453681K(524224K), 0.0019520 secs] [Times: user=0.00 sys=0.00, real=0.00 secs] 
12.557: [GC (Allocation Failure) 12.557: [DefNew: 959K->63K(960K), 0.0017728 secs] 454577K->454134K(524224K), 0.0018474 secs] [Times: user=0.00 sys=0.00, real=0.00 secs] 
12.561: [GC (Allocation Failure) 12.561: [DefNew: 959K->64K(960K), 0.0018572 secs] 455030K->454594K(524224K), 0.0020013 secs] [Times: user=0.00 sys=0.00, real=0.00 secs] 
12.564: [GC (Allocation Failure) 12.564: [DefNew: 960K->63K(960K), 0.0018829 secs] 455491K->455035K(524224K), 0.0019575 secs] [Times: user=0.00 sys=0.00, real=0.00 secs] 
12.568: [GC (Allocation Failure) 12.568: [DefNew: 959K->64K(960K), 0.0018154 secs] 455932K->455513K(524224K), 0.0018912 secs] [Times: user=0.00 sys=0.00, real=0.00 secs] 
12.574: [GC (Allocation Failure) 12.574: [DefNew: 960K->63K(960K), 0.0018012 secs] 456410K->455962K(524224K), 0.0019176 secs] [Times: user=0.00 sys=0.00, real=0.00 secs] 
12.578: [GC (Allocation Failure) 12.578: [DefNew: 959K->64K(960K), 0.0017207 secs] 456858K->456426K(524224K), 0.0018438 secs] [Times: user=0.00 sys=0.00, real=0.00 secs] 
12.582: [GC (Allocation Failure) 12.582: [DefNew: 960K->64K(960K), 0.0018489 secs] 457322K->456904K(524224K), 0.0019488 secs] [Times: user=0.02 sys=0.00, real=0.00 secs] 
12.585: [GC (Allocation Failure) 12.585: [DefNew: 960K->63K(960K), 0.0018245 secs] 457800K->457327K(524224K), 0.0019228 secs] [Times: user=0.00 sys=0.00, real=0.00 secs] 
12.589: [GC (Allocation Failure) 12.589: [DefNew: 959K->64K(960K), 0.0017708 secs] 458224K->457813K(524224K), 0.0018857 secs] [Times: user=0.00 sys=0.00, real=0.00 secs] 
12.592: [GC (Allocation Failure) 12.592: [DefNew: 960K->64K(960K), 0.0021786 secs] 458709K->458269K(524224K), 0.0023218 secs] [Times: user=0.00 sys=0.00, real=0.00 secs] 
12.596: [GC (Allocation Failure) 12.596: [DefNew: 960K->64K(960K), 0.0018647 secs] 459165K->458711K(524224K), 0.0019729 secs] [Times: user=0.02 sys=0.00, real=0.00 secs] 
12.600: [GC (Allocation Failure) 12.600: [DefNew: 960K->63K(960K), 0.0017925 secs] 459608K->459188K(524224K), 0.0018936 secs] [Times: user=0.00 sys=0.00, real=0.00 secs] 
12.603: [GC (Allocation Failure) 12.603: [DefNew: 959K->63K(960K), 0.0018501 secs] 460085K->459648K(524224K), 0.0019378 secs] [Times: user=0.00 sys=0.00, real=0.00 secs] 
12.607: [GC (Allocation Failure) 12.607: [DefNew: 959K->63K(960K), 0.0017617 secs] 460545K->460112K(524224K), 0.0018288 secs] [Times: user=0.00 sys=0.00, real=0.00 secs] 
12.610: [GC (Allocation Failure) 12.610: [DefNew: 959K->64K(960K), 0.0016334 secs] 461008K->460562K(524224K), 0.0016997 secs] [Times: user=0.00 sys=0.00, real=0.00 secs] 
12.614: [GC (Allocation Failure) 12.614: [DefNew: 960K->63K(960K), 0.0019322 secs] 461459K->461042K(524224K), 0.0020246 secs] [Times: user=0.00 sys=0.00, real=0.00 secs] 
12.618: [GC (Allocation Failure) 12.618: [DefNew: 959K->63K(960K), 0.0018055 secs] 461938K->461508K(524224K), 0.0018786 secs] [Times: user=0.00 sys=0.00, real=0.00 secs] 
12.621: [GC (Allocation Failure) 12.621: [DefNew: 959K->63K(960K), 0.0016686 secs] 462405K->461943K(524224K), 0.0017439 secs] [Times: user=0.00 sys=0.00, real=0.00 secs] 
12.625: [GC (Allocation Failure) 12.625: [DefNew: 959K->64K(960K), 0.0017957 secs] 462839K->462395K(524224K), 0.0018829 secs] [Times: user=0.00 sys=0.00, real=0.00 secs] 
12.628: [GC (Allocation Failure) 12.628: [DefNew: 960K->63K(960K), 0.0020076 secs] 463292K->462928K(524224K), 0.0021028 secs] [Times: user=0.02 sys=0.00, real=0.00 secs] 
12.632: [GC (Allocation Failure) 12.632: [DefNew: 959K->64K(960K), 0.0018967 secs] 463825K->463386K(524224K), 0.0019713 secs] [Times: user=0.00 sys=0.00, real=0.00 secs] 
12.636: [GC (Allocation Failure) 12.636: [DefNew: 960K->63K(960K), 0.0016180 secs] 464283K->463829K(524224K), 0.0016812 secs] [Times: user=0.00 sys=0.00, real=0.00 secs] 
12.639: [GC (Allocation Failure) 12.639: [DefNew: 959K->63K(960K), 0.0016654 secs] 464726K->464281K(524224K), 0.0017266 secs] [Times: user=0.00 sys=0.00, real=0.00 secs] 
12.643: [GC (Allocation Failure) 12.643: [DefNew: 959K->64K(960K), 0.0016599 secs] 465178K->464772K(524224K), 0.0017199 secs] [Times: user=0.00 sys=0.00, real=0.00 secs] 
12.646: [GC (Allocation Failure) 12.646: [DefNew: 960K->63K(960K), 0.0017570 secs] 465669K->465214K(524224K), 0.0018300 secs] [Times: user=0.00 sys=0.00, real=0.00 secs] 
12.650: [GC (Allocation Failure) 12.650: [DefNew: 959K->63K(960K), 0.0017159 secs] 466110K->465686K(524224K), 0.0017771 secs] [Times: user=0.00 sys=0.00, real=0.00 secs] 
12.654: [GC (Allocation Failure) 12.654: [DefNew: 959K->64K(960K), 0.0018904 secs] 466583K->466178K(524224K), 0.0019697 secs] [Times: user=0.00 sys=0.00, real=0.00 secs] 
12.657: [GC (Allocation Failure) 12.657: [DefNew: 960K->64K(960K), 0.0017321 secs] 467074K->466620K(524224K), 0.0017980 secs] [Times: user=0.00 sys=0.00, real=0.00 secs] 
12.662: [GC (Allocation Failure) 12.662: [DefNew: 960K->63K(960K), 0.0018312 secs] 467517K->467106K(524224K), 0.0019307 secs] [Times: user=0.00 sys=0.00, real=0.00 secs] 
12.665: [GC (Allocation Failure) 12.665: [DefNew: 959K->64K(960K), 0.0018170 secs] 468002K->467560K(524224K), 0.0018916 secs] [Times: user=0.00 sys=0.00, real=0.00 secs] 
12.669: [GC (Allocation Failure) 12.669: [DefNew: 960K->64K(960K), 0.0018387 secs] 468456K->468052K(524224K), 0.0019058 secs] [Times: user=0.00 sys=0.00, real=0.00 secs] 
12.674: [GC (Allocation Failure) 12.674: [DefNew: 960K->64K(960K), 0.0020266 secs] 468948K->468519K(524224K), 0.0021422 secs] [Times: user=0.02 sys=0.00, real=0.00 secs] 
12.677: [GC (Allocation Failure) 12.677: [DefNew: 960K->63K(960K), 0.0018039 secs] 469416K->468990K(524224K), 0.0018793 secs] [Times: user=0.00 sys=0.00, real=0.00 secs] 
12.681: [GC (Allocation Failure) 12.681: [DefNew: 959K->63K(960K), 0.0019599 secs] 469887K->469445K(524224K), 0.0020570 secs] [Times: user=0.00 sys=0.00, real=0.00 secs] 
12.684: [GC (Allocation Failure) 12.684: [DefNew: 959K->63K(960K), 0.0017451 secs] 470342K->469874K(524224K), 0.0018316 secs] [Times: user=0.00 sys=0.00, real=0.00 secs] 
12.688: [GC (Allocation Failure) 12.688: [DefNew: 959K->63K(960K), 0.0017945 secs] 470771K->470353K(524224K), 0.0018655 secs] [Times: user=0.00 sys=0.00, real=0.00 secs] 
12.692: [GC (Allocation Failure) 12.692: [DefNew: 959K->64K(960K), 0.0019405 secs] 471250K->470811K(524224K), 0.0020380 secs] [Times: user=0.00 sys=0.00, real=0.00 secs] 
12.695: [GC (Allocation Failure) 12.696: [DefNew: 960K->64K(960K), 0.0022299 secs] 471707K->471434K(524224K), 0.0023408 secs] [Times: user=0.00 sys=0.00, real=0.00 secs] 
12.700: [GC (Allocation Failure) 12.700: [DefNew: 960K->63K(960K), 0.0021316 secs] 472330K->471926K(524224K), 0.0022311 secs] [Times: user=0.00 sys=0.00, real=0.00 secs] 
12.703: [GC (Allocation Failure) 12.703: [DefNew: 959K->64K(960K), 0.0018963 secs] 472823K->472387K(524224K), 0.0020001 secs] [Times: user=0.00 sys=0.00, real=0.00 secs] 
12.707: [GC (Allocation Failure) 12.707: [DefNew: 960K->63K(960K), 0.0017463 secs] 473283K->472843K(524224K), 0.0018205 secs] [Times: user=0.00 sys=0.00, real=0.00 secs] 
12.711: [GC (Allocation Failure) 12.711: [DefNew: 959K->63K(960K), 0.0016658 secs] 473739K->473323K(524224K), 0.0017305 secs] [Times: user=0.00 sys=0.00, real=0.00 secs] 
12.714: [GC (Allocation Failure) 12.714: [DefNew: 959K->64K(960K), 0.0018399 secs] 474219K->473790K(524224K), 0.0019089 secs] [Times: user=0.00 sys=0.00, real=0.00 secs] 
12.718: [GC (Allocation Failure) 12.718: [DefNew: 960K->63K(960K), 0.0016453 secs] 474686K->474246K(524224K), 0.0017041 secs] [Times: user=0.00 sys=0.00, real=0.00 secs] 
12.721: [GC (Allocation Failure) 12.721: [DefNew: 959K->64K(960K), 0.0017633 secs] 475143K->474692K(524224K), 0.0018304 secs] [Times: user=0.02 sys=0.00, real=0.00 secs] 
12.725: [GC (Allocation Failure) 12.725: [DefNew: 960K->64K(960K), 0.0019070 secs] 475588K->475148K(524224K), 0.0020215 secs] [Times: user=0.00 sys=0.00, real=0.00 secs] 
12.729: [GC (Allocation Failure) 12.729: [DefNew: 960K->63K(960K), 0.0020384 secs] 476044K->475676K(524224K), 0.0021355 secs] [Times: user=0.00 sys=0.00, real=0.00 secs] 
12.732: [GC (Allocation Failure) 12.732: [DefNew: 959K->64K(960K), 0.0020459 secs] 476573K->476150K(524224K), 0.0021418 secs] [Times: user=0.00 sys=0.00, real=0.00 secs] 
12.736: [GC (Allocation Failure) 12.736: [DefNew: 960K->63K(960K), 0.0018884 secs] 477047K->476639K(524224K), 0.0019595 secs] [Times: user=0.00 sys=0.00, real=0.00 secs] 
12.739: [GC (Allocation Failure) 12.739: [DefNew: 959K->63K(960K), 0.0017795 secs] 477535K->477063K(524224K), 0.0018478 secs] [Times: user=0.00 sys=0.00, real=0.00 secs] 
12.743: [GC (Allocation Failure) 12.743: [DefNew: 959K->63K(960K), 0.0017341 secs] 477960K->477541K(524224K), 0.0017964 secs] [Times: user=0.00 sys=0.00, real=0.00 secs] 
12.747: [GC (Allocation Failure) 12.747: [DefNew: 959K->63K(960K), 0.0017479 secs] 478437K->477982K(524224K), 0.0018233 secs] [Times: user=0.00 sys=0.00, real=0.00 secs] 
12.750: [GC (Allocation Failure) 12.750: [DefNew: 959K->63K(960K), 0.0017542 secs] 478878K->478446K(524224K), 0.0018276 secs] [Times: user=0.00 sys=0.00, real=0.00 secs] 
12.754: [GC (Allocation Failure) 12.754: [DefNew: 959K->64K(960K), 0.0020941 secs] 479342K->478928K(524224K), 0.0021715 secs] [Times: user=0.00 sys=0.00, real=0.00 secs] 
12.757: [GC (Allocation Failure) 12.757: [DefNew: 960K->64K(960K), 0.0017542 secs] 479824K->479370K(524224K), 0.0018158 secs] [Times: user=0.00 sys=0.00, real=0.00 secs] 
12.761: [GC (Allocation Failure) 12.761: [DefNew: 960K->63K(960K), 0.0019247 secs] 480267K->479878K(524224K), 0.0020590 secs] [Times: user=0.00 sys=0.00, real=0.00 secs] 
12.765: [GC (Allocation Failure) 12.765: [DefNew: 959K->63K(960K), 0.0018549 secs] 480774K->480347K(524224K), 0.0019607 secs] [Times: user=0.00 sys=0.00, real=0.00 secs] 
12.768: [GC (Allocation Failure) 12.768: [DefNew: 959K->63K(960K), 0.0020372 secs] 481244K->480793K(524224K), 0.0021040 secs] [Times: user=0.01 sys=0.00, real=0.00 secs] 
12.776: [GC (Allocation Failure) 12.776: [DefNew: 959K->63K(960K), 0.0018876 secs] 481690K->481288K(524224K), 0.0019930 secs] [Times: user=0.00 sys=0.00, real=0.00 secs] 
12.779: [GC (Allocation Failure) 12.779: [DefNew: 959K->64K(960K), 0.0017542 secs] 482185K->481744K(524224K), 0.0018225 secs] [Times: user=0.00 sys=0.00, real=0.00 secs] 
12.783: [GC (Allocation Failure) 12.783: [DefNew: 960K->64K(960K), 0.0017586 secs] 482640K->482195K(524224K), 0.0018288 secs] [Times: user=0.02 sys=0.00, real=0.00 secs] 
12.787: [GC (Allocation Failure) 12.787: [DefNew: 960K->64K(960K), 0.0016018 secs] 483091K->482631K(524224K), 0.0016733 secs] [Times: user=0.00 sys=0.00, real=0.00 secs] 
12.790: [GC (Allocation Failure) 12.790: [DefNew: 960K->63K(960K), 0.0018825 secs] 483527K->483140K(524224K), 0.0019532 secs] [Times: user=0.00 sys=0.00, real=0.00 secs] 
12.794: [GC (Allocation Failure) 12.794: [DefNew: 959K->63K(960K), 0.0021663 secs] 484037K->483598K(524224K), 0.0022934 secs] [Times: user=0.00 sys=0.00, real=0.00 secs] 
12.797: [GC (Allocation Failure) 12.797: [DefNew: 959K->64K(960K), 0.0018734 secs] 484495K->484064K(524224K), 0.0019457 secs] [Times: user=0.00 sys=0.00, real=0.00 secs] 
12.801: [GC (Allocation Failure) 12.801: [DefNew: 960K->63K(960K), 0.0019697 secs] 484961K->484569K(524224K), 0.0020467 secs] [Times: user=0.00 sys=0.00, real=0.00 secs] 
12.805: [GC (Allocation Failure) 12.805: [DefNew: 959K->64K(960K), 0.0019042 secs] 485466K->485058K(524224K), 0.0019843 secs] [Times: user=0.00 sys=0.00, real=0.00 secs] 
12.808: [GC (Allocation Failure) 12.808: [DefNew: 960K->64K(960K), 0.0017459 secs] 485955K->485500K(524224K), 0.0018087 secs] [Times: user=0.00 sys=0.00, real=0.00 secs] 
12.812: [GC (Allocation Failure) 12.812: [DefNew: 960K->64K(960K), 0.0016626 secs] 486397K->485992K(524224K), 0.0017262 secs] [Times: user=0.00 sys=0.00, real=0.00 secs] 
12.815: [GC (Allocation Failure) 12.815: [DefNew: 960K->63K(960K), 0.0017163 secs] 486889K->486439K(524224K), 0.0017909 secs] [Times: user=0.00 sys=0.02, real=0.00 secs] 
12.819: [GC (Allocation Failure) 12.819: [DefNew: 959K->63K(960K), 0.0016922 secs] 487336K->486891K(524224K), 0.0017728 secs] [Times: user=0.00 sys=0.00, real=0.00 secs] 
12.823: [GC (Allocation Failure) 12.823: [DefNew: 959K->63K(960K), 0.0017605 secs] 487788K->487339K(524224K), 0.0018312 secs] [Times: user=0.00 sys=0.00, real=0.00 secs] 
12.826: [GC (Allocation Failure) 12.826: [DefNew: 959K->63K(960K), 0.0021284 secs] 488235K->487811K(524224K), 0.0022137 secs] [Times: user=0.00 sys=0.00, real=0.00 secs] 
12.830: [GC (Allocation Failure) 12.830: [DefNew: 959K->64K(960K), 0.0019717 secs] 488708K->488320K(524224K), 0.0020518 secs] [Times: user=0.01 sys=0.00, real=0.00 secs] 
12.833: [GC (Allocation Failure) 12.833: [DefNew: 960K->63K(960K), 0.0020234 secs] 489218K->488756K(524224K), 0.0021308 secs] [Times: user=0.00 sys=0.00, real=0.00 secs] 
12.837: [GC (Allocation Failure) 12.837: [DefNew: 959K->64K(960K), 0.0018170 secs] 489652K->489194K(524224K), 0.0019291 secs] [Times: user=0.00 sys=0.00, real=0.00 secs] 
12.840: [GC (Allocation Failure) 12.840: [DefNew: 960K->63K(960K), 0.0017017 secs] 490091K->489674K(524224K), 0.0017653 secs] [Times: user=0.00 sys=0.00, real=0.00 secs] 
12.844: [GC (Allocation Failure) 12.844: [DefNew: 959K->63K(960K), 0.0018872 secs] 490571K->490173K(524224K), 0.0019583 secs] [Times: user=0.00 sys=0.00, real=0.00 secs] 
12.848: [GC (Allocation Failure) 12.848: [DefNew: 959K->63K(960K), 0.0021170 secs] 491070K->490667K(524224K), 0.0022180 secs] [Times: user=0.00 sys=0.00, real=0.00 secs] 
12.851: [GC (Allocation Failure) 12.851: [DefNew: 959K->63K(960K), 0.0018343 secs] 491563K->491135K(524224K), 0.0019082 secs] [Times: user=0.00 sys=0.00, real=0.00 secs] 
12.855: [GC (Allocation Failure) 12.855: [DefNew: 959K->64K(960K), 0.0019011 secs] 492032K->491601K(524224K), 0.0019721 secs] [Times: user=0.00 sys=0.00, real=0.00 secs] 
12.858: [GC (Allocation Failure) 12.858: [DefNew: 960K->63K(960K), 0.0018249 secs] 492497K->492054K(524224K), 0.0018963 secs] [Times: user=0.00 sys=0.00, real=0.00 secs] 
12.862: [GC (Allocation Failure) 12.862: [DefNew: 959K->63K(960K), 0.0020143 secs] 492951K->492658K(524224K), 0.0020996 secs] [Times: user=0.02 sys=0.00, real=0.00 secs] 
12.866: [GC (Allocation Failure) 12.866: [DefNew: 959K->64K(960K), 0.0020475 secs] 493555K->493118K(524224K), 0.0021340 secs] [Times: user=0.00 sys=0.00, real=0.00 secs] 
12.869: [GC (Allocation Failure) 12.869: [DefNew: 960K->63K(960K), 0.0018043 secs] 494015K->493570K(524224K), 0.0018722 secs] [Times: user=0.00 sys=0.00, real=0.00 secs] 
12.874: [GC (Allocation Failure) 12.874: [DefNew: 959K->64K(960K), 0.0019808 secs] 494467K->494036K(524224K), 0.0020976 secs] [Times: user=0.00 sys=0.00, real=0.00 secs] 
12.877: [GC (Allocation Failure) 12.877: [DefNew: 960K->63K(960K), 0.0017854 secs] 494932K->494507K(524224K), 0.0018612 secs] [Times: user=0.02 sys=0.00, real=0.00 secs] 
12.881: [GC (Allocation Failure) 12.881: [DefNew: 959K->64K(960K), 0.0018229 secs] 495404K->494973K(524224K), 0.0018975 secs] [Times: user=0.00 sys=0.00, real=0.00 secs] 
12.885: [GC (Allocation Failure) 12.885: [DefNew: 960K->64K(960K), 0.0017818 secs] 495870K->495458K(524224K), 0.0018667 secs] [Times: user=0.00 sys=0.00, real=0.00 secs] 
12.888: [GC (Allocation Failure) 12.888: [DefNew: 960K->63K(960K), 0.0017957 secs] 496355K->495909K(524224K), 0.0018612 secs] [Times: user=0.00 sys=0.00, real=0.00 secs] 
12.892: [GC (Allocation Failure) 12.892: [DefNew: 959K->63K(960K), 0.0021099 secs] 496806K->496401K(524224K), 0.0022417 secs] [Times: user=0.00 sys=0.00, real=0.00 secs] 
12.895: [GC (Allocation Failure) 12.895: [DefNew: 959K->63K(960K), 0.0020487 secs] 497298K->496944K(524224K), 0.0021320 secs] [Times: user=0.00 sys=0.00, real=0.00 secs] 
12.899: [GC (Allocation Failure) 12.899: [DefNew: 959K->64K(960K), 0.0020676 secs] 497841K->497450K(524224K), 0.0021426 secs] [Times: user=0.00 sys=0.00, real=0.00 secs] 
12.903: [GC (Allocation Failure) 12.903: [DefNew: 960K->63K(960K), 0.0018359 secs] 498347K->497932K(524224K), 0.0018967 secs] [Times: user=0.00 sys=0.00, real=0.00 secs] 
12.906: [GC (Allocation Failure) 12.906: [DefNew: 959K->63K(960K), 0.0016930 secs] 498829K->498383K(524224K), 0.0017783 secs] [Times: user=0.00 sys=0.00, real=0.00 secs] 
12.910: [GC (Allocation Failure) 12.910: [DefNew: 959K->64K(960K), 0.0017882 secs] 499280K->498876K(524224K), 0.0018482 secs] [Times: user=0.00 sys=0.00, real=0.00 secs] 
12.913: [GC (Allocation Failure) 12.913: [DefNew: 960K->63K(960K), 0.0018687 secs] 499773K->499354K(524224K), 0.0019457 secs] [Times: user=0.00 sys=0.00, real=0.00 secs] 
12.917: [GC (Allocation Failure) 12.917: [DefNew: 959K->63K(960K), 0.0017720 secs] 500251K->499818K(524224K), 0.0018347 secs] [Times: user=0.00 sys=0.00, real=0.00 secs] 
12.921: [GC (Allocation Failure) 12.921: [DefNew: 959K->63K(960K), 0.0017467 secs] 500714K->500285K(524224K), 0.0018134 secs] [Times: user=0.00 sys=0.00, real=0.00 secs] 
12.924: [GC (Allocation Failure) 12.924: [DefNew: 959K->64K(960K), 0.0019772 secs] 501181K->500758K(524224K), 0.0020499 secs] [Times: user=0.02 sys=0.00, real=0.00 secs] 
12.928: [GC (Allocation Failure) 12.928: [DefNew: 960K->63K(960K), 0.0019824 secs] 501654K->501300K(524224K), 0.0020688 secs] [Times: user=0.00 sys=0.00, real=0.00 secs] 
12.931: [GC (Allocation Failure) 12.931: [DefNew: 959K->63K(960K), 0.0019859 secs] 502196K->501736K(524224K), 0.0020661 secs] [Times: user=0.00 sys=0.00, real=0.00 secs] 
12.935: [GC (Allocation Failure) 12.935: [DefNew: 959K->64K(960K), 0.0019457 secs] 502633K->502200K(524224K), 0.0020574 secs] [Times: user=0.00 sys=0.00, real=0.00 secs] 
12.939: [GC (Allocation Failure) 12.939: [DefNew: 960K->64K(960K), 0.0018288 secs] 503097K->502664K(524224K), 0.0019334 secs] [Times: user=0.02 sys=0.00, real=0.00 secs] 
12.943: [GC (Allocation Failure) 12.943: [DefNew: 960K->64K(960K), 0.0019374 secs] 503560K->503134K(524224K), 0.0020191 secs] [Times: user=0.00 sys=0.00, real=0.00 secs] 
12.947: [GC (Allocation Failure) 12.947: [DefNew: 960K->63K(960K), 0.0020057 secs] 504030K->503616K(524224K), 0.0020921 secs] [Times: user=0.00 sys=0.00, real=0.00 secs] 
12.950: [GC (Allocation Failure) 12.950: [DefNew: 959K->63K(960K), 0.0017957 secs] 504513K->504062K(524224K), 0.0018604 secs] [Times: user=0.00 sys=0.00, real=0.00 secs] 
12.954: [GC (Allocation Failure) 12.954: [DefNew: 959K->64K(960K), 0.0019157 secs] 504959K->504554K(524224K), 0.0020037 secs] [Times: user=0.00 sys=0.00, real=0.00 secs] 
12.958: [GC (Allocation Failure) 12.958: [DefNew: 960K->64K(960K), 0.0019007 secs] 505450K->505007K(524224K), 0.0019843 secs] [Times: user=0.00 sys=0.00, real=0.00 secs] 
12.961: [GC (Allocation Failure) 12.961: [DefNew: 960K->64K(960K), 0.0019275 secs] 505903K->505538K(524224K), 0.0020471 secs] [Times: user=0.00 sys=0.00, real=0.00 secs] 
12.965: [GC (Allocation Failure) 12.965: [DefNew: 960K->63K(960K), 0.0019753 secs] 506434K->506013K(524224K), 0.0020522 secs] [Times: user=0.00 sys=0.00, real=0.00 secs] 
12.968: [GC (Allocation Failure) 12.968: [DefNew: 959K->64K(960K), 0.0018126 secs] 506909K->506448K(524224K), 0.0018801 secs] [Times: user=0.00 sys=0.00, real=0.00 secs] 
12.975: [GC (Allocation Failure) 12.975: [DefNew: 960K->63K(960K), 0.0018075 secs] 507344K->506896K(524224K), 0.0019133 secs] [Times: user=0.00 sys=0.00, real=0.00 secs] 
12.978: [GC (Allocation Failure) 12.978: [DefNew: 959K->64K(960K), 0.0017617 secs] 507793K->507384K(524224K), 0.0018288 secs] [Times: user=0.00 sys=0.00, real=0.00 secs] 
12.982: [GC (Allocation Failure) 12.982: [DefNew: 960K->64K(960K), 0.0018280 secs] 508280K->507864K(524224K), 0.0018904 secs] [Times: user=0.00 sys=0.00, real=0.00 secs] 
12.986: [GC (Allocation Failure) 12.986: [DefNew: 960K->64K(960K), 0.0018434 secs] 508761K->508336K(524224K), 0.0019086 secs] [Times: user=0.01 sys=0.00, real=0.00 secs] 
12.990: [GC (Allocation Failure) 12.990: [DefNew: 960K->64K(960K), 0.0020443 secs] 509232K->508783K(524224K), 0.0021687 secs] [Times: user=0.00 sys=0.00, real=0.00 secs] 
12.994: [GC (Allocation Failure) 12.994: [DefNew: 960K->63K(960K), 0.0021659 secs] 509680K->509296K(524224K), 0.0023207 secs] [Times: user=0.00 sys=0.00, real=0.00 secs] 
12.997: [GC (Allocation Failure) 12.997: [DefNew: 959K->64K(960K), 0.0021229 secs] 510193K->509768K(524224K), 0.0022082 secs] [Times: user=0.00 sys=0.00, real=0.00 secs] 
13.001: [GC (Allocation Failure) 13.001: [DefNew: 960K->64K(960K), 0.0018943 secs] 510664K->510271K(524224K), 0.0019611 secs] [Times: user=0.00 sys=0.00, real=0.00 secs] 
13.005: [GC (Allocation Failure) 13.005: [DefNew: 960K->64K(960K), 0.0019839 secs] 511168K->510735K(524224K), 0.0054304 secs] [Times: user=0.00 sys=0.00, real=0.01 secs] 
13.011: [GC (Allocation Failure) 13.011: [DefNew: 960K->63K(960K), 0.0017945 secs] 511631K->511205K(524224K), 0.0018572 secs] [Times: user=0.00 sys=0.00, real=0.00 secs] 
13.015: [GC (Allocation Failure) 13.015: [DefNew: 959K->63K(960K), 0.0017826 secs] 512101K->511676K(524224K), 0.0018750 secs] [Times: user=0.00 sys=0.00, real=0.00 secs] 
13.018: [GC (Allocation Failure) 13.018: [DefNew: 959K->64K(960K), 0.0017443 secs] 512573K->512118K(524224K), 0.0018103 secs] [Times: user=0.02 sys=0.00, real=0.00 secs] 
13.022: [GC (Allocation Failure) 13.022: [DefNew: 960K->64K(960K), 0.0019034 secs] 513015K->512618K(524224K), 0.0019745 secs] [Times: user=0.00 sys=0.00, real=0.00 secs] 
13.026: [GC (Allocation Failure) 13.026: [DefNew: 960K->63K(960K), 0.0021655 secs] 513515K->513096K(524224K), 0.0022555 secs] [Times: user=0.00 sys=0.00, real=0.00 secs] 
13.029: [GC (Allocation Failure) 13.029: [DefNew: 959K->64K(960K), 0.0017949 secs] 513993K->513538K(524224K), 0.0018572 secs] [Times: user=0.00 sys=0.00, real=0.00 secs] 
13.033: [GC (Allocation Failure) 13.033: [DefNew: 960K->63K(960K), 0.0018679 secs] 514435K->514016K(524224K), 0.0019433 secs] [Times: user=0.02 sys=0.00, real=0.00 secs] 
13.036: [GC (Allocation Failure) 13.036: [DefNew: 959K->64K(960K), 0.0018426 secs] 514912K->514496K(524224K), 0.0019133 secs] [Times: user=0.00 sys=0.00, real=0.00 secs] 
13.040: [GC (Allocation Failure) 13.040: [DefNew: 960K->63K(960K), 0.0019074 secs] 515392K->514987K(524224K), 0.0019709 secs] [Times: user=0.00 sys=0.00, real=0.00 secs] 
13.044: [GC (Allocation Failure) 13.044: [DefNew: 959K->64K(960K), 0.0018896 secs] 515884K->515484K(524224K), 0.0019618 secs] [Times: user=0.00 sys=0.00, real=0.00 secs] 
13.047: [GC (Allocation Failure) 13.047: [DefNew: 960K->64K(960K), 0.0017562 secs] 516380K->515931K(524224K), 0.0018233 secs] [Times: user=0.00 sys=0.00, real=0.00 secs] 
13.051: [GC (Allocation Failure) 13.051: [DefNew: 960K->63K(960K), 0.0018134 secs] 516827K->516395K(524224K), 0.0018900 secs] [Times: user=0.00 sys=0.00, real=0.00 secs] 
13.054: [GC (Allocation Failure) 13.054: [DefNew: 959K->63K(960K), 0.0018395 secs] 517291K->516845K(524224K), 0.0019164 secs] [Times: user=0.00 sys=0.00, real=0.00 secs] 
13.058: [GC (Allocation Failure) 13.058: [DefNew: 959K->64K(960K), 0.0019974 secs] 517742K->517358K(524224K), 0.0020740 secs] [Times: user=0.00 sys=0.00, real=0.00 secs] 
13.062: [GC (Allocation Failure) 13.062: [DefNew: 960K->63K(960K), 0.0022575 secs] 518254K->517960K(524224K), 0.0023491 secs] [Times: user=0.00 sys=0.00, real=0.00 secs] 
13.065: [GC (Allocation Failure) 13.065: [DefNew: 959K->64K(960K), 0.0024900 secs] 518857K->518409K(524224K), 0.0025670 secs] [Times: user=0.01 sys=0.00, real=0.00 secs] 
13.073: [GC (Allocation Failure) 13.073: [DefNew: 960K->63K(960K), 0.0019362 secs] 519306K->518889K(524224K), 0.0020511 secs] [Times: user=0.00 sys=0.00, real=0.00 secs] 
13.076: [GC (Allocation Failure) 13.076: [DefNew: 959K->63K(960K), 0.0018308 secs] 519786K->519328K(524224K), 0.0019121 secs] [Times: user=0.00 sys=0.00, real=0.00 secs] 
13.080: [GC (Allocation Failure) 13.080: [DefNew: 959K->64K(960K), 0.0017147 secs] 520224K->519825K(524224K), 0.0018036 secs] [Times: user=0.00 sys=0.01, real=0.00 secs] 
13.086: [GC (Allocation Failure) 13.086: [DefNew: 960K->63K(960K), 0.0023001 secs] 520722K->520074K(524224K), 0.0024118 secs] [Times: user=0.00 sys=0.00, real=0.00 secs] 
13.089: [GC (Allocation Failure) 13.089: [DefNew: 959K->63K(960K), 0.0010267 secs] 520970K->520447K(524224K), 0.0011100 secs] [Times: user=0.00 sys=0.00, real=0.00 secs] 
13.092: [GC (Allocation Failure) 13.092: [DefNew: 959K->64K(960K), 0.0011562 secs] 521344K->520836K(524224K), 0.0012517 secs] [Times: user=0.00 sys=0.00, real=0.00 secs] 
13.094: [GC (Allocation Failure) 13.094: [DefNew: 960K->63K(960K), 0.0017159 secs] 521733K->521234K(524224K), 0.0018513 secs] [Times: user=0.00 sys=0.00, real=0.00 secs] 
13.098: [GC (Allocation Failure) 13.098: [DefNew: 959K->63K(960K), 0.0012758 secs] 522131K->521637K(524224K), 0.0013808 secs] [Times: user=0.00 sys=0.00, real=0.00 secs] 
13.102: [GC (Allocation Failure) 13.102: [DefNew: 959K->64K(960K), 0.0012438 secs] 522533K->522053K(524224K), 0.0013429 secs] [Times: user=0.00 sys=0.00, real=0.00 secs] 
13.104: [GC (Allocation Failure) 13.104: [DefNew: 960K->64K(960K), 0.0011380 secs] 522951K->522425K(524224K), 0.0012162 secs] [Times: user=0.00 sys=0.00, real=0.00 secs] 
13.107: [GC (Allocation Failure) 13.107: [DefNew: 960K->63K(960K), 0.0009414 secs] 523321K->522803K(524224K), 0.0010141 secs] [Times: user=0.00 sys=0.00, real=0.00 secs] 
13.109: [GC (Allocation Failure) 13.109: [DefNew: 959K->959K(960K), 0.0000237 secs]13.109: [Tenured: 522739K->12038K(523264K), 0.0793844 secs] 523699K->12038K(524224K), [Metaspace: 1790K->1790K(4480K)], 0.0795262 secs] [Times: user=0.08 sys=0.00, real=0.08 secs] 
13.191: [GC (Allocation Failure) 13.191: [DefNew: 896K->63K(960K), 0.0007204 secs] 12934K->12470K(524224K), 0.0008108 secs] [Times: user=0.00 sys=0.00, real=0.00 secs] 
13.194: [GC (Allocation Failure) 13.194: [DefNew: 959K->64K(960K), 0.0012091 secs] 13367K->12887K(524224K), 0.0013480 secs] [Times: user=0.00 sys=0.00, real=0.00 secs] 
13.196: [GC (Allocation Failure) 13.196: [DefNew: 960K->63K(960K), 0.0009553 secs] 13786K->13285K(524224K), 0.0010378 secs] [Times: user=0.00 sys=0.00, real=0.00 secs] 
13.199: [GC (Allocation Failure) 13.199: [DefNew: 959K->64K(960K), 0.0010007 secs] 14181K->13717K(524224K), 0.0010808 secs] [Times: user=0.00 sys=0.00, real=0.00 secs] 
13.201: [GC (Allocation Failure) 13.201: [DefNew: 960K->63K(960K), 0.0009596 secs] 14613K->14117K(524224K), 0.0010354 secs] [Times: user=0.00 sys=0.00, real=0.00 secs] 
13.204: [GC (Allocation Failure) 13.204: [DefNew: 959K->64K(960K), 0.0009114 secs] 15014K->14554K(524224K), 0.0009955 secs] [Times: user=0.00 sys=0.00, real=0.00 secs] 
13.207: [GC (Allocation Failure) 13.207: [DefNew: 960K->64K(960K), 0.0008266 secs] 15450K->14957K(524224K), 0.0009036 secs] [Times: user=0.00 sys=0.00, real=0.00 secs] 
13.209: [GC (Allocation Failure) 13.209: [DefNew: 960K->64K(960K), 0.0007682 secs] 15853K->15320K(524224K), 0.0008376 secs] [Times: user=0.00 sys=0.00, real=0.00 secs] 
13.212: [GC (Allocation Failure) 13.212: [DefNew: 960K->64K(960K), 0.0008471 secs] 16216K->15755K(524224K), 0.0009091 secs] [Times: user=0.00 sys=0.00, real=0.00 secs] 
13.214: [GC (Allocation Failure) 13.214: [DefNew: 960K->64K(960K), 0.0008108 secs] 16652K->16144K(524224K), 0.0008897 secs] [Times: user=0.00 sys=0.00, real=0.00 secs] 
13.217: [GC (Allocation Failure) 13.217: [DefNew: 960K->64K(960K), 0.0007938 secs] 17041K->16565K(524224K), 0.0008621 secs] [Times: user=0.00 sys=0.00, real=0.00 secs] 
13.220: [GC (Allocation Failure) 13.220: [DefNew: 960K->64K(960K), 0.0007966 secs] 17463K->16963K(524224K), 0.0008641 secs] [Times: user=0.00 sys=0.00, real=0.00 secs] 
13.222: [GC (Allocation Failure) 13.222: [DefNew: 960K->63K(960K), 0.0008830 secs] 17862K->17332K(524224K), 0.0009517 secs] [Times: user=0.00 sys=0.00, real=0.00 secs] 
13.225: [GC (Allocation Failure) 13.225: [DefNew: 959K->63K(960K), 0.0010370 secs] 18230K->17753K(524224K), 0.0011155 secs] [Times: user=0.00 sys=0.00, real=0.00 secs] 
13.228: [GC (Allocation Failure) 13.228: [DefNew: 959K->64K(960K), 0.0009229 secs] 18650K->18163K(524224K), 0.0010318 secs] [Times: user=0.00 sys=0.00, real=0.00 secs] 
13.230: [GC (Allocation Failure) 13.230: [DefNew: 960K->63K(960K), 0.0010413 secs] 19059K->18567K(524224K), 0.0011072 secs] [Times: user=0.00 sys=0.00, real=0.00 secs] 
13.233: [GC (Allocation Failure) 13.233: [DefNew: 959K->64K(960K), 0.0009517 secs] 19464K->18986K(524224K), 0.0010093 secs] [Times: user=0.00 sys=0.00, real=0.00 secs] 
13.235: [GC (Allocation Failure) 13.235: [DefNew: 960K->63K(960K), 0.0008818 secs] 19882K->19383K(524224K), 0.0009343 secs] [Times: user=0.00 sys=0.00, real=0.00 secs] 
13.238: [GC (Allocation Failure) 13.238: [DefNew: 959K->63K(960K), 0.0010050 secs] 20280K->19816K(524224K), 0.0010686 secs] [Times: user=0.00 sys=0.00, real=0.00 secs] 
13.241: [GC (Allocation Failure) 13.241: [DefNew: 959K->64K(960K), 0.0008589 secs] 20713K->20240K(524224K), 0.0009253 secs] [Times: user=0.00 sys=0.00, real=0.00 secs] 
13.243: [GC (Allocation Failure) 13.243: [DefNew: 960K->63K(960K), 0.0007587 secs] 21137K->20637K(524224K), 0.0008230 secs] [Times: user=0.00 sys=0.00, real=0.00 secs] 
13.246: [GC (Allocation Failure) 13.246: [DefNew: 959K->64K(960K), 0.0008783 secs] 21534K->21079K(524224K), 0.0009387 secs] [Times: user=0.00 sys=0.00, real=0.00 secs] 
13.248: [GC (Allocation Failure) 13.248: [DefNew: 960K->63K(960K), 0.0008187 secs] 21975K->21468K(524224K), 0.0008720 secs] [Times: user=0.00 sys=0.00, real=0.00 secs] 
13.251: [GC (Allocation Failure) 13.251: [DefNew: 959K->63K(960K), 0.0008357 secs] 22364K->21894K(524224K), 0.0008901 secs] [Times: user=0.00 sys=0.00, real=0.00 secs] 
13.254: [GC (Allocation Failure) 13.254: [DefNew: 959K->63K(960K), 0.0008795 secs] 22791K->22302K(524224K), 0.0009458 secs] [Times: user=0.00 sys=0.00, real=0.00 secs] 
13.256: [GC (Allocation Failure) 13.256: [DefNew: 959K->63K(960K), 0.0008708 secs] 23199K->22673K(524224K), 0.0009312 secs] [Times: user=0.00 sys=0.00, real=0.00 secs] 
13.259: [GC (Allocation Failure) 13.259: [DefNew: 959K->64K(960K), 0.0010117 secs] 23572K->23089K(524224K), 0.0010780 secs] [Times: user=0.00 sys=0.00, real=0.00 secs] 
13.261: [GC (Allocation Failure) 13.261: [DefNew: 960K->64K(960K), 0.0010942 secs] 23986K->23528K(524224K), 0.0012114 secs] [Times: user=0.00 sys=0.00, real=0.00 secs] 
13.264: [GC (Allocation Failure) 13.264: [DefNew: 960K->64K(960K), 0.0010950 secs] 24424K->23968K(524224K), 0.0011621 secs] [Times: user=0.00 sys=0.00, real=0.00 secs] 
13.267: [GC (Allocation Failure) 13.267: [DefNew: 960K->64K(960K), 0.0009324 secs] 24864K->24352K(524224K), 0.0009892 secs] [Times: user=0.00 sys=0.00, real=0.00 secs] 
13.269: [GC (Allocation Failure) 13.269: [DefNew: 960K->63K(960K), 0.0014159 secs] 25248K->24755K(524224K), 0.0014968 secs] [Times: user=0.00 sys=0.00, real=0.00 secs] 
13.275: [GC (Allocation Failure) 13.275: [DefNew: 959K->63K(960K), 0.0010480 secs] 25651K->25128K(524224K), 0.0011511 secs] [Times: user=0.00 sys=0.00, real=0.00 secs] 
13.277: [GC (Allocation Failure) 13.277: [DefNew: 959K->64K(960K), 0.0008949 secs] 26027K->25493K(524224K), 0.0009568 secs] [Times: user=0.00 sys=0.00, real=0.00 secs] 
13.280: [GC (Allocation Failure) 13.280: [DefNew: 960K->64K(960K), 0.0008404 secs] 26390K->25899K(524224K), 0.0009126 secs] [Times: user=0.00 sys=0.00, real=0.00 secs] 
13.283: [GC (Allocation Failure) 13.283: [DefNew: 960K->63K(960K), 0.0007666 secs] 26796K->26335K(524224K), 0.0008191 secs] [Times: user=0.00 sys=0.00, real=0.00 secs] 
13.285: [GC (Allocation Failure) 13.285: [DefNew: 959K->64K(960K), 0.0008234 secs] 27234K->26701K(524224K), 0.0008897 secs] [Times: user=0.00 sys=0.00, real=0.00 secs] 
13.288: [GC (Allocation Failure) 13.288: [DefNew: 960K->63K(960K), 0.0009868 secs] 27598K->27113K(524224K), 0.0010536 secs] [Times: user=0.00 sys=0.00, real=0.00 secs] 
13.290: [GC (Allocation Failure) 13.290: [DefNew: 959K->64K(960K), 0.0010587 secs] 28009K->27471K(524224K), 0.0011487 secs] [Times: user=0.00 sys=0.00, real=0.00 secs] 
13.293: [GC (Allocation Failure) 13.293: [DefNew: 960K->64K(960K), 0.0014139 secs] 28367K->27918K(524224K), 0.0016247 secs] [Times: user=0.00 sys=0.00, real=0.00 secs] 
13.297: [GC (Allocation Failure) 13.297: [DefNew: 960K->64K(960K), 0.0011755 secs] 28815K->28373K(524224K), 0.0012336 secs] [Times: user=0.00 sys=0.00, real=0.00 secs] 
13.299: [GC (Allocation Failure) 13.299: [DefNew: 960K->64K(960K), 0.0010267 secs] 29272K->28727K(524224K), 0.0010966 secs] [Times: user=0.02 sys=0.00, real=0.00 secs] 
13.302: [GC (Allocation Failure) 13.302: [DefNew: 960K->64K(960K), 0.0009861 secs] 29624K->29175K(524224K), 0.0010496 secs] [Times: user=0.00 sys=0.00, real=0.00 secs] 
13.305: [GC (Allocation Failure) 13.305: [DefNew: 960K->63K(960K), 0.0009908 secs] 30072K->29575K(524224K), 0.0010563 secs] [Times: user=0.00 sys=0.00, real=0.00 secs] 
13.307: [GC (Allocation Failure) 13.307: [DefNew: 959K->64K(960K), 0.0008550 secs] 30473K->29957K(524224K), 0.0009079 secs] [Times: user=0.00 sys=0.00, real=0.00 secs] 
13.310: [GC (Allocation Failure) 13.310: [DefNew: 960K->63K(960K), 0.0008621 secs] 30854K->30410K(524224K), 0.0009229 secs] [Times: user=0.00 sys=0.00, real=0.00 secs] 
13.312: [GC (Allocation Failure) 13.312: [DefNew: 959K->64K(960K), 0.0007753 secs] 31308K->30784K(524224K), 0.0008266 secs] [Times: user=0.00 sys=0.00, real=0.00 secs] 
13.315: [GC (Allocation Failure) 13.315: [DefNew: 960K->64K(960K), 0.0008479 secs] 31681K->31180K(524224K), 0.0009079 secs] [Times: user=0.01 sys=0.00, real=0.00 secs] 
13.318: [GC (Allocation Failure) 13.318: [DefNew: 960K->64K(960K), 0.0008396 secs] 32077K->31558K(524224K), 0.0009032 secs] [Times: user=0.00 sys=0.00, real=0.00 secs] 
13.320: [GC (Allocation Failure) 13.320: [DefNew: 960K->64K(960K), 0.0008593 secs] 32454K->31944K(524224K), 0.0009138 secs] [Times: user=0.00 sys=0.00, real=0.00 secs] 
13.323: [GC (Allocation Failure) 13.323: [DefNew: 960K->63K(960K), 0.0009616 secs] 32840K->32376K(524224K), 0.0010204 secs] [Times: user=0.00 sys=0.00, real=0.00 secs] 
13.325: [GC (Allocation Failure) 13.325: [DefNew: 959K->63K(960K), 0.0009553 secs] 33272K->32731K(524224K), 0.0010105 secs] [Times: user=0.00 sys=0.00, real=0.00 secs] 
13.328: [GC (Allocation Failure) 13.328: [DefNew: 959K->63K(960K), 0.0010200 secs] 33628K->33198K(524224K), 0.0010950 secs] [Times: user=0.00 sys=0.00, real=0.00 secs] 
13.331: [GC (Allocation Failure) 13.331: [DefNew: 959K->64K(960K), 0.0011088 secs] 34095K->33626K(524224K), 0.0011645 secs] [Times: user=0.00 sys=0.00, real=0.00 secs] 
13.333: [GC (Allocation Failure) 13.333: [DefNew: 960K->64K(960K), 0.0010216 secs] 34524K->34038K(524224K), 0.0010867 secs] [Times: user=0.00 sys=0.00, real=0.00 secs] 
13.336: [GC (Allocation Failure) 13.336: [DefNew: 960K->64K(960K), 0.0009537 secs] 34935K->34436K(524224K), 0.0010125 secs] [Times: user=0.00 sys=0.00, real=0.00 secs] 
13.338: [GC (Allocation Failure) 13.338: [DefNew: 960K->63K(960K), 0.0008167 secs] 35335K->34781K(524224K), 0.0008712 secs] [Times: user=0.00 sys=0.00, real=0.00 secs] 
13.341: [GC (Allocation Failure) 13.341: [DefNew: 959K->64K(960K), 0.0008558 secs] 35680K->35210K(524224K), 0.0009118 secs] [Times: user=0.00 sys=0.00, real=0.00 secs] 
13.344: [GC (Allocation Failure) 13.344: [DefNew: 960K->63K(960K), 0.0008822 secs] 36106K->35636K(524224K), 0.0009470 secs] [Times: user=0.00 sys=0.00, real=0.00 secs] 
13.346: [GC (Allocation Failure) 13.346: [DefNew: 959K->63K(960K), 0.0008076 secs] 36533K->36007K(524224K), 0.0008645 secs] [Times: user=0.02 sys=0.00, real=0.00 secs] 
13.349: [GC (Allocation Failure) 13.349: [DefNew: 959K->64K(960K), 0.0008921 secs] 36904K->36434K(524224K), 0.0009576 secs] [Times: user=0.00 sys=0.00, real=0.00 secs] 
13.351: [GC (Allocation Failure) 13.351: [DefNew: 960K->64K(960K), 0.0008088 secs] 37331K->36818K(524224K), 0.0008649 secs] [Times: user=0.00 sys=0.00, real=0.00 secs] 
13.354: [GC (Allocation Failure) 13.354: [DefNew: 960K->64K(960K), 0.0009280 secs] 37715K->37252K(524224K), 0.0009892 secs] [Times: user=0.00 sys=0.00, real=0.00 secs] 
13.357: [GC (Allocation Failure) 13.357: [DefNew: 960K->63K(960K), 0.0009122 secs] 38151K->37669K(524224K), 0.0009797 secs] [Times: user=0.00 sys=0.00, real=0.00 secs] 
13.359: [GC (Allocation Failure) 13.359: [DefNew: 959K->64K(960K), 0.0009742 secs] 38565K->38054K(524224K), 0.0010374 secs] [Times: user=0.00 sys=0.00, real=0.00 secs] 
13.362: [GC (Allocation Failure) 13.362: [DefNew: 960K->64K(960K), 0.0012636 secs] 38951K->38520K(524224K), 0.0013457 secs] [Times: user=0.02 sys=0.00, real=0.00 secs] 
13.364: [GC (Allocation Failure) 13.364: [DefNew: 960K->63K(960K), 0.0011447 secs] 39418K->38916K(524224K), 0.0012130 secs] [Times: user=0.00 sys=0.00, real=0.00 secs] 
13.367: [GC (Allocation Failure) 13.367: [DefNew: 959K->63K(960K), 0.0009711 secs] 39812K->39326K(524224K), 0.0010243 secs] [Times: user=0.00 sys=0.00, real=0.00 secs] 
13.373: [GC (Allocation Failure) 13.374: [DefNew: 959K->64K(960K), 0.0011214 secs] 40222K->39730K(524224K), 0.0012178 secs] [Times: user=0.00 sys=0.00, real=0.00 secs] 
13.376: [GC (Allocation Failure) 13.376: [DefNew: 960K->64K(960K), 0.0009754 secs] 40627K->40118K(524224K), 0.0010421 secs] [Times: user=0.00 sys=0.00, real=0.00 secs] 
13.379: [GC (Allocation Failure) 13.379: [DefNew: 960K->64K(960K), 0.0008601 secs] 41014K->40516K(524224K), 0.0009229 secs] [Times: user=0.00 sys=0.00, real=0.00 secs] 
13.381: [GC (Allocation Failure) 13.381: [DefNew: 960K->64K(960K), 0.0008779 secs] 41414K->40915K(524224K), 0.0009343 secs] [Times: user=0.00 sys=0.00, real=0.00 secs] 
13.384: [GC (Allocation Failure) 13.384: [DefNew: 960K->63K(960K), 0.0009845 secs] 41811K->41342K(524224K), 0.0010468 secs] [Times: user=0.00 sys=0.00, real=0.00 secs] 
13.387: [GC (Allocation Failure) 13.387: [DefNew: 959K->64K(960K), 0.0008897 secs] 42238K->41768K(524224K), 0.0009450 secs] [Times: user=0.00 sys=0.00, real=0.00 secs] 
13.389: [GC (Allocation Failure) 13.389: [DefNew: 960K->64K(960K), 0.0008684 secs] 42664K->42116K(524224K), 0.0009391 secs] [Times: user=0.00 sys=0.00, real=0.00 secs] 
13.392: [GC (Allocation Failure) 13.392: [DefNew: 960K->64K(960K), 0.0011080 secs] 43014K->42480K(524224K), 0.0012261 secs] [Times: user=0.00 sys=0.00, real=0.00 secs] 
13.395: [GC (Allocation Failure) 13.395: [DefNew: 960K->64K(960K), 0.0011258 secs] 43376K->42931K(524224K), 0.0012162 secs] [Times: user=0.00 sys=0.00, real=0.00 secs] 
13.397: [GC (Allocation Failure) 13.397: [DefNew: 960K->64K(960K), 0.0011720 secs] 43828K->43302K(524224K), 0.0012509 secs] [Times: user=0.00 sys=0.00, real=0.00 secs] 
13.400: [GC (Allocation Failure) 13.400: [DefNew: 960K->64K(960K), 0.0011629 secs] 44199K->43782K(524224K), 0.0012387 secs] [Times: user=0.00 sys=0.00, real=0.00 secs] 
13.402: [GC (Allocation Failure) 13.402: [DefNew: 960K->63K(960K), 0.0011203 secs] 44679K->44184K(524224K), 0.0011878 secs] [Times: user=0.00 sys=0.00, real=0.00 secs] 
13.405: [GC (Allocation Failure) 13.405: [DefNew: 959K->64K(960K), 0.0009975 secs] 45080K->44593K(524224K), 0.0010733 secs] [Times: user=0.00 sys=0.00, real=0.00 secs] 
13.408: [GC (Allocation Failure) 13.408: [DefNew: 960K->63K(960K), 0.0009687 secs] 45490K->44982K(524224K), 0.0010239 secs] [Times: user=0.01 sys=0.00, real=0.00 secs] 
13.410: [GC (Allocation Failure) 13.410: [DefNew: 959K->63K(960K), 0.0008893 secs] 45880K->45393K(524224K), 0.0009561 secs] [Times: user=0.00 sys=0.00, real=0.00 secs] 
13.413: [GC (Allocation Failure) 13.413: [DefNew: 959K->63K(960K), 0.0008759 secs] 46290K->45810K(524224K), 0.0009296 secs] [Times: user=0.00 sys=0.00, real=0.00 secs] 
13.415: [GC (Allocation Failure) 13.415: [DefNew: 959K->64K(960K), 0.0008570 secs] 46706K->46218K(524224K), 0.0009174 secs] [Times: user=0.00 sys=0.00, real=0.00 secs] 
13.418: [GC (Allocation Failure) 13.418: [DefNew: 960K->63K(960K), 0.0008408 secs] 47116K->46651K(524224K), 0.0008937 secs] [Times: user=0.00 sys=0.00, real=0.00 secs] 
13.421: [GC (Allocation Failure) 13.421: [DefNew: 959K->64K(960K), 0.0008420 secs] 47548K->47072K(524224K), 0.0008957 secs] [Times: user=0.00 sys=0.00, real=0.00 secs] 
13.423: [GC (Allocation Failure) 13.423: [DefNew: 960K->63K(960K), 0.0008282 secs] 47970K->47466K(524224K), 0.0008791 secs] [Times: user=0.00 sys=0.00, real=0.00 secs] 
13.426: [GC (Allocation Failure) 13.426: [DefNew: 959K->63K(960K), 0.0017538 secs] 48363K->47906K(524224K), 0.0018912 secs] [Times: user=0.00 sys=0.00, real=0.00 secs] 
13.429: [GC (Allocation Failure) 13.429: [DefNew: 959K->63K(960K), 0.0011325 secs] 48805K->48317K(524224K), 0.0011961 secs] [Times: user=0.00 sys=0.00, real=0.00 secs] 
13.432: [GC (Allocation Failure) 13.432: [DefNew: 959K->64K(960K), 0.0010366 secs] 49214K->48748K(524224K), 0.0010938 secs] [Times: user=0.00 sys=0.00, real=0.00 secs] 
13.435: [GC (Allocation Failure) 13.435: [DefNew: 960K->63K(960K), 0.0010761 secs] 49645K->49189K(524224K), 0.0011337 secs] [Times: user=0.00 sys=0.00, real=0.00 secs] 
13.437: [GC (Allocation Failure) 13.437: [DefNew: 959K->63K(960K), 0.0010425 secs] 50085K->49594K(524224K), 0.0011084 secs] [Times: user=0.00 sys=0.00, real=0.00 secs] 
13.440: [GC (Allocation Failure) 13.440: [DefNew: 959K->63K(960K), 0.0009186 secs] 50490K->50039K(524224K), 0.0009703 secs] [Times: user=0.02 sys=0.00, real=0.00 secs] 
13.442: [GC (Allocation Failure) 13.442: [DefNew: 959K->63K(960K), 0.0008542 secs] 50935K->50439K(524224K), 0.0009170 secs] [Times: user=0.00 sys=0.00, real=0.00 secs] 
13.445: [GC (Allocation Failure) 13.445: [DefNew: 959K->63K(960K), 0.0008455 secs] 51335K->50871K(524224K), 0.0009000 secs] [Times: user=0.00 sys=0.00, real=0.00 secs] 
13.448: [GC (Allocation Failure) 13.448: [DefNew: 959K->64K(960K), 0.0008988 secs] 51769K->51309K(524224K), 0.0009509 secs] [Times: user=0.00 sys=0.00, real=0.00 secs] 
13.450: [GC (Allocation Failure) 13.450: [DefNew: 960K->64K(960K), 0.0008001 secs] 52206K->51680K(524224K), 0.0008499 secs] [Times: user=0.00 sys=0.00, real=0.00 secs] 
13.453: [GC (Allocation Failure) 13.453: [DefNew: 960K->64K(960K), 0.0009229 secs] 52577K->52120K(524224K), 0.0009762 secs] [Times: user=0.00 sys=0.00, real=0.00 secs] 
13.455: [GC (Allocation Failure) 13.455: [DefNew: 960K->63K(960K), 0.0009462 secs] 53018K->52526K(524224K), 0.0010074 secs] [Times: user=0.01 sys=0.00, real=0.00 secs] 
13.458: [GC (Allocation Failure) 13.458: [DefNew: 959K->63K(960K), 0.0009079 secs] 53422K->52912K(524224K), 0.0009726 secs] [Times: user=0.00 sys=0.00, real=0.00 secs] 
13.461: [GC (Allocation Failure) 13.461: [DefNew: 959K->63K(960K), 0.0010287 secs] 53809K->53287K(524224K), 0.0011436 secs] [Times: user=0.00 sys=0.00, real=0.00 secs] 
13.463: [GC (Allocation Failure) 13.463: [DefNew: 959K->64K(960K), 0.0010030 secs] 54183K->53675K(524224K), 0.0010642 secs] [Times: user=0.00 sys=0.00, real=0.00 secs] 
13.466: [GC (Allocation Failure) 13.466: [DefNew: 960K->63K(960K), 0.0009071 secs] 54571K->54053K(524224K), 0.0009711 secs] [Times: user=0.00 sys=0.00, real=0.00 secs] 
13.469: [GC (Allocation Failure) 13.469: [DefNew: 959K->64K(960K), 0.0009371 secs] 54951K->54445K(524224K), 0.0009924 secs] [Times: user=0.00 sys=0.00, real=0.00 secs] 
13.474: [GC (Allocation Failure) 13.474: [DefNew: 960K->63K(960K), 0.0012174 secs] 55343K->54836K(524224K), 0.0013362 secs] [Times: user=0.00 sys=0.00, real=0.00 secs] 
13.477: [GC (Allocation Failure) 13.477: [DefNew: 959K->64K(960K), 0.0009592 secs] 55733K->55249K(524224K), 0.0010239 secs] [Times: user=0.00 sys=0.00, real=0.00 secs] 
13.479: [GC (Allocation Failure) 13.479: [DefNew: 960K->64K(960K), 0.0009237 secs] 56147K->55643K(524224K), 0.0009817 secs] [Times: user=0.00 sys=0.00, real=0.00 secs] 
13.482: [GC (Allocation Failure) 13.482: [DefNew: 960K->64K(960K), 0.0009162 secs] 56539K->56076K(524224K), 0.0009738 secs] [Times: user=0.00 sys=0.00, real=0.00 secs] 
13.485: [GC (Allocation Failure) 13.485: [DefNew: 960K->64K(960K), 0.0008305 secs] 56972K->56449K(524224K), 0.0008949 secs] [Times: user=0.00 sys=0.00, real=0.00 secs] 
13.487: [GC (Allocation Failure) 13.487: [DefNew: 960K->63K(960K), 0.0010993 secs] 57345K->56853K(524224K), 0.0011645 secs] [Times: user=0.00 sys=0.00, real=0.00 secs] 
13.490: [GC (Allocation Failure) 13.490: [DefNew: 959K->63K(960K), 0.0010638 secs] 57749K->57221K(524224K), 0.0011649 secs] [Times: user=0.00 sys=0.00, real=0.00 secs] 
13.492: [GC (Allocation Failure) 13.492: [DefNew: 959K->63K(960K), 0.0011136 secs] 58119K->57600K(524224K), 0.0011905 secs] [Times: user=0.00 sys=0.00, real=0.00 secs] 
13.495: [GC (Allocation Failure) 13.495: [DefNew: 959K->64K(960K), 0.0011088 secs] 58497K->58072K(524224K), 0.0011874 secs] [Times: user=0.00 sys=0.00, real=0.00 secs] 
13.498: [GC (Allocation Failure) 13.498: [DefNew: 960K->63K(960K), 0.0011550 secs] 58969K->58494K(524224K), 0.0012296 secs] [Times: user=0.00 sys=0.00, real=0.00 secs] 
13.500: [GC (Allocation Failure) 13.500: [DefNew: 959K->64K(960K), 0.0010772 secs] 59393K->58892K(524224K), 0.0011333 secs] [Times: user=0.00 sys=0.00, real=0.00 secs] 
13.503: [GC (Allocation Failure) 13.503: [DefNew: 960K->64K(960K), 0.0010204 secs] 59789K->59301K(524224K), 0.0010820 secs] [Times: user=0.00 sys=0.00, real=0.00 secs] 
13.505: [GC (Allocation Failure) 13.505: [DefNew: 960K->64K(960K), 0.0010733 secs] 60199K->59667K(524224K), 0.0011380 secs] [Times: user=0.00 sys=0.00, real=0.00 secs] 
13.508: [GC (Allocation Failure) 13.508: [DefNew: 960K->63K(960K), 0.0009150 secs] 60563K->60091K(524224K), 0.0009687 secs] [Times: user=0.00 sys=0.00, real=0.00 secs] 
13.511: [GC (Allocation Failure) 13.511: [DefNew: 959K->64K(960K), 0.0009079 secs] 60988K->60526K(524224K), 0.0009726 secs] [Times: user=0.00 sys=0.00, real=0.00 secs] 
13.513: [GC (Allocation Failure) 13.513: [DefNew: 960K->63K(960K), 0.0007978 secs] 61422K->60908K(524224K), 0.0008582 secs] [Times: user=0.00 sys=0.00, real=0.00 secs] 
13.516: [GC (Allocation Failure) 13.516: [DefNew: 959K->63K(960K), 0.0009462 secs] 61804K->61341K(524224K), 0.0010070 secs] [Times: user=0.00 sys=0.00, real=0.00 secs] 
13.518: [GC (Allocation Failure) 13.518: [DefNew: 959K->63K(960K), 0.0010311 secs] 62237K->61739K(524224K), 0.0011621 secs] [Times: user=0.02 sys=0.00, real=0.00 secs] 
13.521: [GC (Allocation Failure) 13.521: [DefNew: 959K->64K(960K), 0.0009837 secs] 62635K->62188K(524224K), 0.0010417 secs] [Times: user=0.00 sys=0.00, real=0.00 secs] 
13.524: [GC (Allocation Failure) 13.524: [DefNew: 960K->64K(960K), 0.0010851 secs] 63084K->62614K(524224K), 0.0011582 secs] [Times: user=0.00 sys=0.00, real=0.00 secs] 
13.526: [GC (Allocation Failure) 13.526: [DefNew: 960K->63K(960K), 0.0012979 secs] 63512K->62966K(524224K), 0.0014092 secs] [Times: user=0.00 sys=0.00, real=0.00 secs] 
13.529: [GC (Allocation Failure) 13.529: [DefNew: 959K->63K(960K), 0.0010054 secs] 63863K->63390K(524224K), 0.0010737 secs] [Times: user=0.00 sys=0.00, real=0.00 secs] 
13.531: [GC (Allocation Failure) 13.531: [DefNew: 959K->64K(960K), 0.0010125 secs] 64288K->63790K(524224K), 0.0010737 secs] [Times: user=0.00 sys=0.00, real=0.00 secs] 
13.534: [GC (Allocation Failure) 13.534: [DefNew: 960K->64K(960K), 0.0010611 secs] 64687K->64211K(524224K), 0.0011372 secs] [Times: user=0.00 sys=0.00, real=0.00 secs] 
13.537: [GC (Allocation Failure) 13.537: [DefNew: 960K->63K(960K), 0.0011400 secs] 65108K->64649K(524224K), 0.0011968 secs] [Times: user=0.00 sys=0.00, real=0.00 secs] 
13.539: [GC (Allocation Failure) 13.539: [DefNew: 959K->64K(960K), 0.0010133 secs] 65546K->65033K(524224K), 0.0010697 secs] [Times: user=0.00 sys=0.00, real=0.00 secs] 
13.542: [GC (Allocation Failure) 13.542: [DefNew: 960K->63K(960K), 0.0009671 secs] 65930K->65471K(524224K), 0.0010263 secs] [Times: user=0.00 sys=0.00, real=0.00 secs] 
13.544: [GC (Allocation Failure) 13.544: [DefNew: 959K->64K(960K), 0.0009624 secs] 66369K->65877K(524224K), 0.0010239 secs] [Times: user=0.00 sys=0.00, real=0.00 secs] 
13.547: [GC (Allocation Failure) 13.547: [DefNew: 960K->64K(960K), 0.0009612 secs] 66773K->66302K(524224K), 0.0010196 secs] [Times: user=0.00 sys=0.00, real=0.00 secs] 
13.550: [GC (Allocation Failure) 13.550: [DefNew: 960K->64K(960K), 0.0009529 secs] 67198K->66737K(524224K), 0.0010137 secs] [Times: user=0.00 sys=0.00, real=0.00 secs] 
13.552: [GC (Allocation Failure) 13.552: [DefNew: 960K->64K(960K), 0.0008538 secs] 67633K->67097K(524224K), 0.0009134 secs] [Times: user=0.00 sys=0.00, real=0.00 secs] 
13.555: [GC (Allocation Failure) 13.555: [DefNew: 960K->63K(960K), 0.0009683 secs] 67995K->67516K(524224K), 0.0010299 secs] [Times: user=0.00 sys=0.00, real=0.00 secs] 
13.558: [GC (Allocation Failure) 13.558: [DefNew: 959K->64K(960K), 0.0010397 secs] 68412K->67929K(524224K), 0.0011017 secs] [Times: user=0.00 sys=0.00, real=0.00 secs] 
13.560: [GC (Allocation Failure) 13.560: [DefNew: 960K->64K(960K), 0.0014242 secs] 68825K->68350K(524224K), 0.0014992 secs] [Times: user=0.00 sys=0.00, real=0.00 secs] 
13.563: [GC (Allocation Failure) 13.563: [DefNew: 960K->64K(960K), 0.0010382 secs] 69247K->68773K(524224K), 0.0010934 secs] [Times: user=0.00 sys=0.00, real=0.00 secs] 
13.565: [GC (Allocation Failure) 13.565: [DefNew: 960K->63K(960K), 0.0010287 secs] 69671K->69146K(524224K), 0.0010938 secs] [Times: user=0.00 sys=0.00, real=0.00 secs] 
13.568: [GC (Allocation Failure) 13.568: [DefNew: 959K->64K(960K), 0.0010595 secs] 70043K->69572K(524224K), 0.0011274 secs] [Times: user=0.00 sys=0.00, real=0.00 secs] 
13.574: [GC (Allocation Failure) 13.574: [DefNew: 960K->63K(960K), 0.0011511 secs] 70469K->69964K(524224K), 0.0012529 secs] [Times: user=0.00 sys=0.00, real=0.00 secs] 
13.576: [GC (Allocation Failure) 13.576: [DefNew: 959K->64K(960K), 0.0010476 secs] 70862K->70347K(524224K), 0.0011211 secs] [Times: user=0.00 sys=0.00, real=0.00 secs] 
13.579: [GC (Allocation Failure) 13.579: [DefNew: 960K->64K(960K), 0.0009316 secs] 71246K->70712K(524224K), 0.0010003 secs] [Times: user=0.00 sys=0.00, real=0.00 secs] 
13.581: [GC (Allocation Failure) 13.581: [DefNew: 960K->64K(960K), 0.0008972 secs] 71611K->71076K(524224K), 0.0009624 secs] [Times: user=0.00 sys=0.00, real=0.00 secs] 
13.584: [GC (Allocation Failure) 13.584: [DefNew: 960K->63K(960K), 0.0010820 secs] 71972K->71452K(524224K), 0.0011597 secs] [Times: user=0.00 sys=0.00, real=0.00 secs] 
13.587: [GC (Allocation Failure) 13.587: [DefNew: 959K->63K(960K), 0.0009584 secs] 72350K->71850K(524224K), 0.0010161 secs] [Times: user=0.00 sys=0.00, real=0.00 secs] 
13.589: [GC (Allocation Failure) 13.589: [DefNew: 959K->64K(960K), 0.0010468 secs] 72747K->72214K(524224K), 0.0011278 secs] [Times: user=0.00 sys=0.00, real=0.00 secs] 
13.592: [GC (Allocation Failure) 13.592: [DefNew: 960K->63K(960K), 0.0011124 secs] 73111K->72621K(524224K), 0.0012012 secs] [Times: user=0.00 sys=0.00, real=0.00 secs] 
13.594: [GC (Allocation Failure) 13.594: [DefNew: 959K->63K(960K), 0.0012884 secs] 73517K->73063K(524224K), 0.0013982 secs] [Times: user=0.00 sys=0.00, real=0.00 secs] 
13.597: [GC (Allocation Failure) 13.597: [DefNew: 959K->64K(960K), 0.0011542 secs] 73961K->73431K(524224K), 0.0012308 secs] [Times: user=0.00 sys=0.00, real=0.00 secs] 
13.600: [GC (Allocation Failure) 13.600: [DefNew: 960K->63K(960K), 0.0012257 secs] 74328K->73853K(524224K), 0.0013137 secs] [Times: user=0.00 sys=0.00, real=0.00 secs] 
13.602: [GC (Allocation Failure) 13.602: [DefNew: 959K->63K(960K), 0.0011479 secs] 74752K->74265K(524224K), 0.0012103 secs] [Times: user=0.00 sys=0.00, real=0.00 secs] 
13.605: [GC (Allocation Failure) 13.605: [DefNew: 959K->63K(960K), 0.0011443 secs] 75162K->74693K(524224K), 0.0012166 secs] [Times: user=0.00 sys=0.00, real=0.00 secs] 
13.607: [GC (Allocation Failure) 13.607: [DefNew: 959K->64K(960K), 0.0010026 secs] 75592K->75079K(524224K), 0.0010674 secs] [Times: user=0.00 sys=0.00, real=0.00 secs] 
13.610: [GC (Allocation Failure) 13.610: [DefNew: 960K->64K(960K), 0.0010536 secs] 75976K->75524K(524224K), 0.0011120 secs] [Times: user=0.00 sys=0.00, real=0.00 secs] 
13.613: [GC (Allocation Failure) 13.613: [DefNew: 960K->63K(960K), 0.0009896 secs] 76420K->75931K(524224K), 0.0010461 secs] [Times: user=0.00 sys=0.00, real=0.00 secs] 
13.615: [GC (Allocation Failure) 13.615: [DefNew: 959K->64K(960K), 0.0009399 secs] 76827K->76317K(524224K), 0.0010074 secs] [Times: user=0.00 sys=0.00, real=0.00 secs] 
13.618: [GC (Allocation Failure) 13.618: [DefNew: 960K->63K(960K), 0.0009399 secs] 77214K->76746K(524224K), 0.0009939 secs] [Times: user=0.00 sys=0.00, real=0.00 secs] 
13.621: [GC (Allocation Failure) 13.621: [DefNew: 959K->64K(960K), 0.0009280 secs] 77642K->77151K(524224K), 0.0009821 secs] [Times: user=0.00 sys=0.00, real=0.00 secs] 
13.623: [GC (Allocation Failure) 13.623: [DefNew: 960K->63K(960K), 0.0010125 secs] 78048K->77570K(524224K), 0.0010776 secs] [Times: user=0.00 sys=0.00, real=0.00 secs] 
13.626: [GC (Allocation Failure) 13.626: [DefNew: 959K->63K(960K), 0.0011724 secs] 78467K->77955K(524224K), 0.0012612 secs] [Times: user=0.00 sys=0.00, real=0.00 secs] 
13.628: [GC (Allocation Failure) 13.628: [DefNew: 959K->64K(960K), 0.0012332 secs] 78852K->78419K(524224K), 0.0013161 secs] [Times: user=0.00 sys=0.00, real=0.00 secs] 
13.632: [GC (Allocation Failure) 13.632: [DefNew: 960K->64K(960K), 0.0012462 secs] 79318K->78845K(524224K), 0.0013058 secs] [Times: user=0.00 sys=0.00, real=0.00 secs] 
13.635: [GC (Allocation Failure) 13.635: [DefNew: 960K->64K(960K), 0.0011514 secs] 79742K->79270K(524224K), 0.0012122 secs] [Times: user=0.00 sys=0.00, real=0.00 secs] 
13.637: [GC (Allocation Failure) 13.637: [DefNew: 960K->64K(960K), 0.0010887 secs] 80169K->79682K(524224K), 0.0011522 secs] [Times: user=0.00 sys=0.00, real=0.00 secs] 
13.640: [GC (Allocation Failure) 13.640: [DefNew: 960K->64K(960K), 0.0009829 secs] 80578K->80080K(524224K), 0.0010378 secs] [Times: user=0.00 sys=0.00, real=0.00 secs] 
13.642: [GC (Allocation Failure) 13.642: [DefNew: 960K->63K(960K), 0.0008755 secs] 80978K->80461K(524224K), 0.0009284 secs] [Times: user=0.02 sys=0.00, real=0.00 secs] 
13.645: [GC (Allocation Failure) 13.645: [DefNew: 959K->63K(960K), 0.0009920 secs] 81360K->80852K(524224K), 0.0010626 secs] [Times: user=0.00 sys=0.00, real=0.00 secs] 
13.648: [GC (Allocation Failure) 13.648: [DefNew: 959K->64K(960K), 0.0008704 secs] 81749K->81279K(524224K), 0.0009312 secs] [Times: user=0.00 sys=0.00, real=0.00 secs] 
13.650: [GC (Allocation Failure) 13.650: [DefNew: 960K->63K(960K), 0.0009051 secs] 82175K->81674K(524224K), 0.0009762 secs] [Times: user=0.00 sys=0.00, real=0.00 secs] 
13.653: [GC (Allocation Failure) 13.653: [DefNew: 959K->64K(960K), 0.0009864 secs] 82570K->82117K(524224K), 0.0010555 secs] [Times: user=0.00 sys=0.00, real=0.00 secs] 
13.655: [GC (Allocation Failure) 13.655: [DefNew: 960K->63K(960K), 0.0010243 secs] 83014K->82498K(524224K), 0.0011025 secs] [Times: user=0.00 sys=0.00, real=0.00 secs] 
13.658: [GC (Allocation Failure) 13.658: [DefNew: 959K->64K(960K), 0.0009545 secs] 83394K->82902K(524224K), 0.0010212 secs] [Times: user=0.01 sys=0.00, real=0.00 secs] 
13.661: [GC (Allocation Failure) 13.661: [DefNew: 960K->63K(960K), 0.0013216 secs] 83799K->83396K(524224K), 0.0014578 secs] [Times: user=0.00 sys=0.00, real=0.00 secs] 
13.663: [GC (Allocation Failure) 13.663: [DefNew: 959K->63K(960K), 0.0011905 secs] 84293K->83800K(524224K), 0.0012564 secs] [Times: user=0.00 sys=0.00, real=0.00 secs] 
13.666: [GC (Allocation Failure) 13.666: [DefNew: 959K->64K(960K), 0.0010472 secs] 84697K->84224K(524224K), 0.0011242 secs] [Times: user=0.00 sys=0.00, real=0.00 secs] 
13.668: [GC (Allocation Failure) 13.668: [DefNew: 960K->63K(960K), 0.0010512 secs] 85121K->84605K(524224K), 0.0011084 secs] [Times: user=0.00 sys=0.00, real=0.00 secs] 
13.674: [GC (Allocation Failure) 13.674: [DefNew: 959K->63K(960K), 0.0014984 secs] 85503K->84998K(524224K), 0.0016157 secs] [Times: user=0.02 sys=0.00, real=0.00 secs] 
13.678: [GC (Allocation Failure) 13.678: [DefNew: 959K->64K(960K), 0.0010693 secs] 85895K->85431K(524224K), 0.0011321 secs] [Times: user=0.00 sys=0.00, real=0.00 secs] 
13.680: [GC (Allocation Failure) 13.680: [DefNew: 960K->64K(960K), 0.0009971 secs] 86327K->85816K(524224K), 0.0010579 secs] [Times: user=0.00 sys=0.00, real=0.00 secs] 
13.683: [GC (Allocation Failure) 13.683: [DefNew: 960K->64K(960K), 0.0009584 secs] 86712K->86234K(524224K), 0.0010307 secs] [Times: user=0.00 sys=0.00, real=0.00 secs] 
13.685: [GC (Allocation Failure) 13.685: [DefNew: 960K->64K(960K), 0.0008542 secs] 87133K->86590K(524224K), 0.0009118 secs] [Times: user=0.00 sys=0.00, real=0.00 secs] 
13.688: [GC (Allocation Failure) 13.688: [DefNew: 960K->63K(960K), 0.0010437 secs] 87487K->87041K(524224K), 0.0011254 secs] [Times: user=0.00 sys=0.00, real=0.00 secs] 
13.691: [GC (Allocation Failure) 13.691: [DefNew: 959K->64K(960K), 0.0011400 secs] 87937K->87411K(524224K), 0.0012442 secs] [Times: user=0.00 sys=0.00, real=0.00 secs] 
13.693: [GC (Allocation Failure) 13.693: [DefNew: 960K->63K(960K), 0.0016058 secs] 88309K->87789K(524224K), 0.0017463 secs] [Times: user=0.00 sys=0.00, real=0.00 secs] 
13.697: [GC (Allocation Failure) 13.697: [DefNew: 959K->64K(960K), 0.0012375 secs] 88686K->88232K(524224K), 0.0013164 secs] [Times: user=0.00 sys=0.00, real=0.00 secs] 
13.700: [GC (Allocation Failure) 13.700: [DefNew: 960K->63K(960K), 0.0012746 secs] 89129K->88724K(524224K), 0.0013539 secs] [Times: user=0.00 sys=0.00, real=0.00 secs] 
13.702: [GC (Allocation Failure) 13.702: [DefNew: 959K->63K(960K), 0.0012284 secs] 89620K->89138K(524224K), 0.0012999 secs] [Times: user=0.00 sys=0.00, real=0.00 secs] 
13.705: [GC (Allocation Failure) 13.705: [DefNew: 959K->63K(960K), 0.0011159 secs] 90036K->89589K(524224K), 0.0012217 secs] [Times: user=0.01 sys=0.00, real=0.00 secs] 
13.707: [GC (Allocation Failure) 13.707: [DefNew: 959K->64K(960K), 0.0012529 secs] 90486K->89964K(524224K), 0.0013326 secs] [Times: user=0.00 sys=0.00, real=0.00 secs] 
13.710: [GC (Allocation Failure) 13.710: [DefNew: 960K->63K(960K), 0.0010022 secs] 90860K->90394K(524224K), 0.0010800 secs] [Times: user=0.00 sys=0.00, real=0.00 secs] 
13.713: [GC (Allocation Failure) 13.713: [DefNew: 959K->64K(960K), 0.0009462 secs] 91291K->90797K(524224K), 0.0010161 secs] [Times: user=0.00 sys=0.00, real=0.00 secs] 
13.715: [GC (Allocation Failure) 13.715: [DefNew: 960K->64K(960K), 0.0009825 secs] 91693K->91182K(524224K), 0.0010484 secs] [Times: user=0.00 sys=0.00, real=0.00 secs] 
13.718: [GC (Allocation Failure) 13.718: [DefNew: 960K->64K(960K), 0.0009695 secs] 92079K->91610K(524224K), 0.0010251 secs] [Times: user=0.00 sys=0.00, real=0.00 secs] 
13.720: [GC (Allocation Failure) 13.720: [DefNew: 960K->63K(960K), 0.0010074 secs] 92508K->92014K(524224K), 0.0010808 secs] [Times: user=0.02 sys=0.00, real=0.00 secs] 
13.723: [GC (Allocation Failure) 13.723: [DefNew: 959K->63K(960K), 0.0010745 secs] 92910K->92439K(524224K), 0.0011570 secs] [Times: user=0.00 sys=0.00, real=0.00 secs] 
13.726: [GC (Allocation Failure) 13.726: [DefNew: 959K->64K(960K), 0.0013520 secs] 93335K->92817K(524224K), 0.0015099 secs] [Times: user=0.00 sys=0.00, real=0.00 secs] 
13.729: [GC (Allocation Failure) 13.729: [DefNew: 960K->64K(960K), 0.0013208 secs] 93714K->93345K(524224K), 0.0014104 secs] [Times: user=0.00 sys=0.00, real=0.00 secs] 
13.732: [GC (Allocation Failure) 13.732: [DefNew: 960K->64K(960K), 0.0012695 secs] 94241K->93721K(524224K), 0.0013453 secs] [Times: user=0.00 sys=0.00, real=0.00 secs] 
13.734: [GC (Allocation Failure) 13.734: [DefNew: 960K->64K(960K), 0.0011436 secs] 94618K->94138K(524224K), 0.0012213 secs] [Times: user=0.00 sys=0.00, real=0.00 secs] 
13.737: [GC (Allocation Failure) 13.737: [DefNew: 960K->64K(960K), 0.0011850 secs] 95035K->94589K(524224K), 0.0012584 secs] [Times: user=0.00 sys=0.00, real=0.00 secs] 
13.740: [GC (Allocation Failure) 13.740: [DefNew: 960K->63K(960K), 0.0011779 secs] 95486K->95022K(524224K), 0.0012517 secs] [Times: user=0.00 sys=0.00, real=0.00 secs] 
13.742: [GC (Allocation Failure) 13.742: [DefNew: 959K->64K(960K), 0.0010520 secs] 95918K->95406K(524224K), 0.0011096 secs] [Times: user=0.00 sys=0.00, real=0.00 secs] 
13.745: [GC (Allocation Failure) 13.745: [DefNew: 960K->63K(960K), 0.0009928 secs] 96302K->95826K(524224K), 0.0010504 secs] [Times: user=0.00 sys=0.00, real=0.00 secs] 
13.747: [GC (Allocation Failure) 13.747: [DefNew: 959K->64K(960K), 0.0010386 secs] 96722K->96241K(524224K), 0.0011116 secs] [Times: user=0.00 sys=0.00, real=0.00 secs] 
13.750: [GC (Allocation Failure) 13.750: [DefNew: 960K->63K(960K), 0.0010532 secs] 97137K->96698K(524224K), 0.0011096 secs] [Times: user=0.00 sys=0.00, real=0.00 secs] 
13.753: [GC (Allocation Failure) 13.753: [DefNew: 959K->64K(960K), 0.0010453 secs] 97595K->97122K(524224K), 0.0011203 secs] [Times: user=0.00 sys=0.00, real=0.00 secs] 
13.755: [GC (Allocation Failure) 13.755: [DefNew: 960K->63K(960K), 0.0010650 secs] 98018K->97512K(524224K), 0.0011459 secs] [Times: user=0.00 sys=0.00, real=0.00 secs] 
13.758: [GC (Allocation Failure) 13.758: [DefNew: 959K->64K(960K), 0.0010433 secs] 98408K->97926K(524224K), 0.0011136 secs] [Times: user=0.00 sys=0.00, real=0.00 secs] 
13.760: [GC (Allocation Failure) 13.760: [DefNew: 960K->63K(960K), 0.0014282 secs] 98822K->98316K(524224K), 0.0015193 secs] [Times: user=0.00 sys=0.00, real=0.00 secs] 
13.764: [GC (Allocation Failure) 13.764: [DefNew: 959K->64K(960K), 0.0012596 secs] 99213K->98755K(524224K), 0.0013508 secs] [Times: user=0.00 sys=0.00, real=0.00 secs] 
13.767: [GC (Allocation Failure) 13.767: [DefNew: 960K->64K(960K), 0.0011755 secs] 99652K->99201K(524224K), 0.0012545 secs] [Times: user=0.02 sys=0.00, real=0.00 secs] 
13.769: [GC (Allocation Failure) 13.769: [DefNew: 960K->64K(960K), 0.0011329 secs] 100098K->99601K(524224K), 0.0011937 secs] [Times: user=0.00 sys=0.00, real=0.00 secs] 
13.775: [GC (Allocation Failure) 13.775: [DefNew: 960K->63K(960K), 0.0011546 secs] 100497K->100017K(524224K), 0.0012564 secs] [Times: user=0.00 sys=0.00, real=0.00 secs] 
13.777: [GC (Allocation Failure) 13.777: [DefNew: 959K->63K(960K), 0.0009659 secs] 100915K->100416K(524224K), 0.0010224 secs] [Times: user=0.00 sys=0.00, real=0.00 secs] 
13.780: [GC (Allocation Failure) 13.780: [DefNew: 959K->63K(960K), 0.0010086 secs] 101312K->100839K(524224K), 0.0010820 secs] [Times: user=0.00 sys=0.00, real=0.00 secs] 
13.783: [GC (Allocation Failure) 13.783: [DefNew: 959K->64K(960K), 0.0009995 secs] 101735K->101254K(524224K), 0.0010717 secs] [Times: user=0.01 sys=0.00, real=0.00 secs] 
13.785: [GC (Allocation Failure) 13.785: [DefNew: 960K->63K(960K), 0.0011317 secs] 102150K->101673K(524224K), 0.0012154 secs] [Times: user=0.00 sys=0.00, real=0.00 secs] 
13.788: [GC (Allocation Failure) 13.788: [DefNew: 959K->64K(960K), 0.0011080 secs] 102570K->102112K(524224K), 0.0011842 secs] [Times: user=0.00 sys=0.00, real=0.00 secs] 
13.790: [GC (Allocation Failure) 13.790: [DefNew: 960K->64K(960K), 0.0011483 secs] 103008K->102516K(524224K), 0.0012320 secs] [Times: user=0.00 sys=0.00, real=0.00 secs] 
13.794: [GC (Allocation Failure) 13.795: [DefNew: 960K->63K(960K), 0.0014992 secs] 103412K->103050K(524224K), 0.0017333 secs] [Times: user=0.00 sys=0.00, real=0.00 secs] 
13.798: [GC (Allocation Failure) 13.798: [DefNew: 959K->64K(960K), 0.0015067 secs] 103948K->103515K(524224K), 0.0016003 secs] [Times: user=0.02 sys=0.00, real=0.00 secs] 
13.801: [GC (Allocation Failure) 13.801: [DefNew: 960K->64K(960K), 0.0012486 secs] 104412K->103945K(524224K), 0.0013255 secs] [Times: user=0.00 sys=0.00, real=0.00 secs] 
13.804: [GC (Allocation Failure) 13.804: [DefNew: 960K->63K(960K), 0.0011554 secs] 104842K->104379K(524224K), 0.0012328 secs] [Times: user=0.00 sys=0.00, real=0.00 secs] 
13.807: [GC (Allocation Failure) 13.807: [DefNew: 959K->64K(960K), 0.0011080 secs] 105276K->104752K(524224K), 0.0011830 secs] [Times: user=0.00 sys=0.00, real=0.00 secs] 
13.809: [GC (Allocation Failure) 13.809: [DefNew: 960K->64K(960K), 0.0011108 secs] 105650K->105178K(524224K), 0.0011882 secs] [Times: user=0.00 sys=0.00, real=0.00 secs] 
13.812: [GC (Allocation Failure) 13.812: [DefNew: 960K->64K(960K), 0.0010808 secs] 106076K->105653K(524224K), 0.0011534 secs] [Times: user=0.00 sys=0.00, real=0.00 secs] 
13.814: [GC (Allocation Failure) 13.814: [DefNew: 960K->63K(960K), 0.0010220 secs] 106552K->106048K(524224K), 0.0010871 secs] [Times: user=0.02 sys=0.00, real=0.00 secs] 
13.817: [GC (Allocation Failure) 13.817: [DefNew: 959K->64K(960K), 0.0011676 secs] 106944K->106494K(524224K), 0.0012509 secs] [Times: user=0.00 sys=0.00, real=0.00 secs] 
13.820: [GC (Allocation Failure) 13.820: [DefNew: 960K->63K(960K), 0.0010603 secs] 107391K->106923K(524224K), 0.0011313 secs] [Times: user=0.00 sys=0.00, real=0.00 secs] 
13.822: [GC (Allocation Failure) 13.822: [DefNew: 959K->63K(960K), 0.0011195 secs] 107821K->107325K(524224K), 0.0011976 secs] [Times: user=0.00 sys=0.00, real=0.00 secs] 
13.825: [GC (Allocation Failure) 13.825: [DefNew: 959K->63K(960K), 0.0010011 secs] 108223K->107720K(524224K), 0.0010686 secs] [Times: user=0.00 sys=0.00, real=0.00 secs] 
13.827: [GC (Allocation Failure) 13.827: [DefNew: 959K->63K(960K), 0.0014550 secs] 108617K->108149K(524224K), 0.0015632 secs] [Times: user=0.00 sys=0.00, real=0.00 secs] 
13.831: [GC (Allocation Failure) 13.831: [DefNew: 959K->63K(960K), 0.0012786 secs] 109045K->108632K(524224K), 0.0013524 secs] [Times: user=0.00 sys=0.00, real=0.00 secs] 
13.834: [GC (Allocation Failure) 13.834: [DefNew: 959K->63K(960K), 0.0012071 secs] 109530K->109042K(524224K), 0.0012896 secs] [Times: user=0.00 sys=0.00, real=0.00 secs] 
13.836: [GC (Allocation Failure) 13.836: [DefNew: 959K->63K(960K), 0.0011957 secs] 109938K->109450K(524224K), 0.0012679 secs] [Times: user=0.00 sys=0.00, real=0.00 secs] 
13.839: [GC (Allocation Failure) 13.839: [DefNew: 959K->63K(960K), 0.0011850 secs] 110347K->109892K(524224K), 0.0012541 secs] [Times: user=0.00 sys=0.00, real=0.00 secs] 
13.841: [GC (Allocation Failure) 13.841: [DefNew: 959K->63K(960K), 0.0011017 secs] 110788K->110292K(524224K), 0.0011736 secs] [Times: user=0.00 sys=0.00, real=0.00 secs] 
13.844: [GC (Allocation Failure) 13.844: [DefNew: 959K->63K(960K), 0.0010500 secs] 111189K->110712K(524224K), 0.0011128 secs] [Times: user=0.00 sys=0.00, real=0.00 secs] 
13.847: [GC (Allocation Failure) 13.847: [DefNew: 959K->63K(960K), 0.0010753 secs] 111610K->111138K(524224K), 0.0011396 secs] [Times: user=0.00 sys=0.00, real=0.00 secs] 
13.849: [GC (Allocation Failure) 13.849: [DefNew: 959K->64K(960K), 0.0010551 secs] 112035K->111518K(524224K), 0.0011289 secs] [Times: user=0.00 sys=0.00, real=0.00 secs] 
13.852: [GC (Allocation Failure) 13.852: [DefNew: 960K->64K(960K), 0.0010618 secs] 112414K->111966K(524224K), 0.0011305 secs] [Times: user=0.00 sys=0.00, real=0.00 secs] 
13.854: [GC (Allocation Failure) 13.854: [DefNew: 960K->64K(960K), 0.0011692 secs] 112862K->112362K(524224K), 0.0012320 secs] [Times: user=0.00 sys=0.00, real=0.00 secs] 
13.857: [GC (Allocation Failure) 13.857: [DefNew: 960K->63K(960K), 0.0010808 secs] 113258K->112810K(524224K), 0.0011562 secs] [Times: user=0.00 sys=0.00, real=0.00 secs] 
13.860: [GC (Allocation Failure) 13.860: [DefNew: 959K->63K(960K), 0.0014333 secs] 113707K->113239K(524224K), 0.0015178 secs] [Times: user=0.00 sys=0.00, real=0.00 secs] 
13.862: [GC (Allocation Failure) 13.862: [DefNew: 959K->64K(960K), 0.0011637 secs] 114137K->113652K(524224K), 0.0012363 secs] [Times: user=0.00 sys=0.00, real=0.00 secs] 
13.865: [GC (Allocation Failure) 13.865: [DefNew: 960K->63K(960K), 0.0012284 secs] 114551K->114052K(524224K), 0.0013164 secs] [Times: user=0.00 sys=0.00, real=0.00 secs] 
13.867: [GC (Allocation Failure) 13.867: [DefNew: 959K->63K(960K), 0.0011096 secs] 114948K->114441K(524224K), 0.0011795 secs] [Times: user=0.00 sys=0.00, real=0.00 secs] 
13.873: [GC (Allocation Failure) 13.873: [DefNew: 959K->64K(960K), 0.0011325 secs] 115337K->114855K(524224K), 0.0012450 secs] [Times: user=0.00 sys=0.00, real=0.00 secs] 
13.877: [GC (Allocation Failure) 13.877: [DefNew: 960K->63K(960K), 0.0011471 secs] 115753K->115321K(524224K), 0.0012343 secs] [Times: user=0.00 sys=0.00, real=0.00 secs] 
13.879: [GC (Allocation Failure) 13.879: [DefNew: 959K->63K(960K), 0.0011230 secs] 116217K->115703K(524224K), 0.0012142 secs] [Times: user=0.00 sys=0.00, real=0.00 secs] 
13.882: [GC (Allocation Failure) 13.882: [DefNew: 959K->64K(960K), 0.0011017 secs] 116599K->116163K(524224K), 0.0011747 secs] [Times: user=0.00 sys=0.00, real=0.00 secs] 
13.884: [GC (Allocation Failure) 13.884: [DefNew: 960K->64K(960K), 0.0010946 secs] 117061K->116548K(524224K), 0.0011692 secs] [Times: user=0.00 sys=0.00, real=0.00 secs] 
13.887: [GC (Allocation Failure) 13.887: [DefNew: 960K->63K(960K), 0.0009754 secs] 117445K->116960K(524224K), 0.0010468 secs] [Times: user=0.00 sys=0.00, real=0.00 secs] 
13.890: [GC (Allocation Failure) 13.890: [DefNew: 959K->64K(960K), 0.0010188 secs] 117856K->117375K(524224K), 0.0010946 secs] [Times: user=0.00 sys=0.00, real=0.00 secs] 
13.892: [GC (Allocation Failure) 13.892: [DefNew: 960K->63K(960K), 0.0011771 secs] 118271K->117754K(524224K), 0.0012576 secs] [Times: user=0.02 sys=0.00, real=0.00 secs] 
13.896: [GC (Allocation Failure) 13.896: [DefNew: 959K->64K(960K), 0.0013812 secs] 118650K->118266K(524224K), 0.0014878 secs] [Times: user=0.00 sys=0.00, real=0.00 secs] 
13.899: [GC (Allocation Failure) 13.899: [DefNew: 960K->64K(960K), 0.0012904 secs] 119163K->118641K(524224K), 0.0013816 secs] [Times: user=0.00 sys=0.00, real=0.00 secs] 
13.901: [GC (Allocation Failure) 13.901: [DefNew: 960K->63K(960K), 0.0011507 secs] 119538K->119047K(524224K), 0.0012241 secs] [Times: user=0.00 sys=0.00, real=0.00 secs] 
13.904: [GC (Allocation Failure) 13.904: [DefNew: 959K->63K(960K), 0.0011834 secs] 119944K->119482K(524224K), 0.0012446 secs] [Times: user=0.00 sys=0.00, real=0.00 secs] 
13.906: [GC (Allocation Failure) 13.906: [DefNew: 959K->63K(960K), 0.0011187 secs] 120378K->119856K(524224K), 0.0011803 secs] [Times: user=0.00 sys=0.00, real=0.00 secs] 
13.909: [GC (Allocation Failure) 13.909: [DefNew: 959K->63K(960K), 0.0010504 secs] 120753K->120262K(524224K), 0.0011128 secs] [Times: user=0.00 sys=0.00, real=0.00 secs] 
13.912: [GC (Allocation Failure) 13.912: [DefNew: 959K->63K(960K), 0.0010563 secs] 121159K->120679K(524224K), 0.0011171 secs] [Times: user=0.00 sys=0.00, real=0.00 secs] 
13.914: [GC (Allocation Failure) 13.914: [DefNew: 959K->64K(960K), 0.0010772 secs] 121575K->121088K(524224K), 0.0011467 secs] [Times: user=0.00 sys=0.00, real=0.00 secs] 
13.917: [GC (Allocation Failure) 13.917: [DefNew: 960K->64K(960K), 0.0009525 secs] 121984K->121494K(524224K), 0.0010070 secs] [Times: user=0.00 sys=0.00, real=0.00 secs] 
13.919: [GC (Allocation Failure) 13.919: [DefNew: 960K->63K(960K), 0.0009857 secs] 122392K->121897K(524224K), 0.0010386 secs] [Times: user=0.00 sys=0.00, real=0.00 secs] 
13.922: [GC (Allocation Failure) 13.922: [DefNew: 959K->63K(960K), 0.0011207 secs] 122794K->122329K(524224K), 0.0011803 secs] [Times: user=0.00 sys=0.00, real=0.00 secs] 
13.925: [GC (Allocation Failure) 13.925: [DefNew: 959K->64K(960K), 0.0011842 secs] 123225K->122742K(524224K), 0.0012521 secs] [Times: user=0.00 sys=0.00, real=0.00 secs] 
13.928: [GC (Allocation Failure) 13.928: [DefNew: 960K->63K(960K), 0.0015186 secs] 123638K->123319K(524224K), 0.0016149 secs] [Times: user=0.00 sys=0.00, real=0.00 secs] 
13.932: [GC (Allocation Failure) 13.932: [DefNew: 959K->64K(960K), 0.0013761 secs] 124216K->123756K(524224K), 0.0014364 secs] [Times: user=0.00 sys=0.00, real=0.00 secs] 
13.934: [GC (Allocation Failure) 13.934: [DefNew: 960K->64K(960K), 0.0011732 secs] 124652K->124149K(524224K), 0.0012308 secs] [Times: user=0.00 sys=0.00, real=0.00 secs] 
13.937: [GC (Allocation Failure) 13.937: [DefNew: 960K->64K(960K), 0.0011645 secs] 125046K->124594K(524224K), 0.0012257 secs] [Times: user=0.00 sys=0.00, real=0.00 secs] 
13.940: [GC (Allocation Failure) 13.940: [DefNew: 960K->64K(960K), 0.0011550 secs] 125490K->125005K(524224K), 0.0012213 secs] [Times: user=0.00 sys=0.00, real=0.00 secs] 
13.942: [GC (Allocation Failure) 13.942: [DefNew: 960K->64K(960K), 0.0011171 secs] 125901K->125416K(524224K), 0.0011795 secs] [Times: user=0.00 sys=0.00, real=0.00 secs] 
13.945: [GC (Allocation Failure) 13.945: [DefNew: 960K->63K(960K), 0.0011822 secs] 126315K->125871K(524224K), 0.0012454 secs] [Times: user=0.00 sys=0.00, real=0.00 secs] 
13.947: [GC (Allocation Failure) 13.947: [DefNew: 959K->63K(960K), 0.0011136 secs] 126769K->126278K(524224K), 0.0011708 secs] [Times: user=0.00 sys=0.00, real=0.00 secs] 
13.950: [GC (Allocation Failure) 13.950: [DefNew: 959K->63K(960K), 0.0010239 secs] 127174K->126671K(524224K), 0.0010792 secs] [Times: user=0.00 sys=0.00, real=0.00 secs] 
13.953: [GC (Allocation Failure) 13.953: [DefNew: 959K->63K(960K), 0.0010275 secs] 127567K->127112K(524224K), 0.0010820 secs] [Times: user=0.00 sys=0.00, real=0.00 secs] 
13.955: [GC (Allocation Failure) 13.955: [DefNew: 959K->63K(960K), 0.0011475 secs] 128009K->127526K(524224K), 0.0012126 secs] [Times: user=0.00 sys=0.00, real=0.00 secs] 
13.958: [GC (Allocation Failure) 13.958: [DefNew: 959K->63K(960K), 0.0010137 secs] 128424K->127965K(524224K), 0.0010682 secs] [Times: user=0.00 sys=0.00, real=0.00 secs] 
13.960: [GC (Allocation Failure) 13.960: [DefNew: 959K->64K(960K), 0.0014483 secs] 128863K->128355K(524224K), 0.0015576 secs] [Times: user=0.00 sys=0.00, real=0.00 secs] 
13.964: [GC (Allocation Failure) 13.964: [DefNew: 960K->64K(960K), 0.0012734 secs] 129251K->128804K(524224K), 0.0013441 secs] [Times: user=0.00 sys=0.00, real=0.00 secs] 
13.967: [GC (Allocation Failure) 13.967: [DefNew: 960K->63K(960K), 0.0012253 secs] 129701K->129236K(524224K), 0.0012849 secs] [Times: user=0.00 sys=0.00, real=0.00 secs] 
13.969: [GC (Allocation Failure) 13.969: [DefNew: 959K->63K(960K), 0.0012332 secs] 130133K->129656K(524224K), 0.0012924 secs] [Times: user=0.00 sys=0.00, real=0.00 secs] 
13.975: [GC (Allocation Failure) 13.975: [DefNew: 959K->64K(960K), 0.0012454 secs] 130552K->130072K(524224K), 0.0013413 secs] [Times: user=0.00 sys=0.00, real=0.00 secs] 
13.977: [GC (Allocation Failure) 13.977: [DefNew: 960K->63K(960K), 0.0010622 secs] 130968K->130463K(524224K), 0.0011301 secs] [Times: user=0.00 sys=0.00, real=0.00 secs] 
13.980: [GC (Allocation Failure) 13.980: [DefNew: 959K->64K(960K), 0.0009616 secs] 131360K->130879K(524224K), 0.0010176 secs] [Times: user=0.00 sys=0.00, real=0.00 secs] 
13.983: [GC (Allocation Failure) 13.983: [DefNew: 960K->64K(960K), 0.0010358 secs] 131775K->131325K(524224K), 0.0010926 secs] [Times: user=0.00 sys=0.00, real=0.00 secs] 
13.985: [GC (Allocation Failure) 13.985: [DefNew: 960K->64K(960K), 0.0010772 secs] 132221K->131720K(524224K), 0.0011380 secs] [Times: user=0.00 sys=0.00, real=0.00 secs] 
13.988: [GC (Allocation Failure) 13.988: [DefNew: 960K->63K(960K), 0.0010504 secs] 132617K->132120K(524224K), 0.0011191 secs] [Times: user=0.00 sys=0.00, real=0.00 secs] 
13.991: [GC (Allocation Failure) 13.991: [DefNew: 959K->64K(960K), 0.0010050 secs] 133017K->132525K(524224K), 0.0010646 secs] [Times: user=0.00 sys=0.00, real=0.00 secs] 
13.994: [GC (Allocation Failure) 13.994: [DefNew: 960K->63K(960K), 0.0016389 secs] 133422K->133028K(524224K), 0.0018213 secs] [Times: user=0.00 sys=0.00, real=0.00 secs] 
13.999: [GC (Allocation Failure) 13.999: [DefNew: 959K->63K(960K), 0.0014964 secs] 133925K->133413K(524224K), 0.0015991 secs] [Times: user=0.00 sys=0.00, real=0.00 secs] 
14.002: [GC (Allocation Failure) 14.002: [DefNew: 959K->64K(960K), 0.0011645 secs] 134310K->133823K(524224K), 0.0012292 secs] [Times: user=0.00 sys=0.00, real=0.00 secs] 
14.005: [GC (Allocation Failure) 14.005: [DefNew: 960K->63K(960K), 0.0012217 secs] 134719K->134280K(524224K), 0.0012951 secs] [Times: user=0.00 sys=0.00, real=0.00 secs] 
14.008: [GC (Allocation Failure) 14.008: [DefNew: 959K->63K(960K), 0.0011897 secs] 135177K->134687K(524224K), 0.0012533 secs] [Times: user=0.00 sys=0.00, real=0.00 secs] 
14.010: [GC (Allocation Failure) 14.010: [DefNew: 959K->64K(960K), 0.0011874 secs] 135584K->135108K(524224K), 0.0012517 secs] [Times: user=0.00 sys=0.00, real=0.00 secs] 
14.013: [GC (Allocation Failure) 14.013: [DefNew: 960K->63K(960K), 0.0011005 secs] 136006K->135562K(524224K), 0.0011633 secs] [Times: user=0.00 sys=0.00, real=0.00 secs] 
14.015: [GC (Allocation Failure) 14.015: [DefNew: 959K->64K(960K), 0.0011736 secs] 136458K->135973K(524224K), 0.0012375 secs] [Times: user=0.00 sys=0.00, real=0.00 secs] 
14.018: [GC (Allocation Failure) 14.018: [DefNew: 960K->64K(960K), 0.0011147 secs] 136869K->136417K(524224K), 0.0011807 secs] [Times: user=0.00 sys=0.00, real=0.00 secs] 
14.021: [GC (Allocation Failure) 14.021: [DefNew: 960K->64K(960K), 0.0011507 secs] 137316K->136817K(524224K), 0.0012245 secs] [Times: user=0.00 sys=0.00, real=0.00 secs] 
14.023: [GC (Allocation Failure) 14.023: [DefNew: 960K->63K(960K), 0.0011218 secs] 137716K->137242K(524224K), 0.0011830 secs] [Times: user=0.00 sys=0.00, real=0.00 secs] 
14.026: [GC (Allocation Failure) 14.026: [DefNew: 959K->64K(960K), 0.0013903 secs] 138140K->137654K(524224K), 0.0015051 secs] [Times: user=0.00 sys=0.00, real=0.00 secs] 
14.029: [GC (Allocation Failure) 14.029: [DefNew: 960K->64K(960K), 0.0013749 secs] 138551K->138164K(524224K), 0.0014491 secs] [Times: user=0.00 sys=0.00, real=0.00 secs] 
14.032: [GC (Allocation Failure) 14.032: [DefNew: 960K->64K(960K), 0.0011901 secs] 139062K->138589K(524224K), 0.0012482 secs] [Times: user=0.02 sys=0.00, real=0.00 secs] 
14.035: [GC (Allocation Failure) 14.035: [DefNew: 960K->63K(960K), 0.0013089 secs] 139485K->139013K(524224K), 0.0013784 secs] [Times: user=0.00 sys=0.00, real=0.00 secs] 
14.037: [GC (Allocation Failure) 14.037: [DefNew: 959K->64K(960K), 0.0012197 secs] 139911K->139382K(524224K), 0.0012920 secs] [Times: user=0.00 sys=0.00, real=0.00 secs] 
14.040: [GC (Allocation Failure) 14.040: [DefNew: 960K->63K(960K), 0.0012114 secs] 140279K->139798K(524224K), 0.0012742 secs] [Times: user=0.00 sys=0.00, real=0.00 secs] 
14.042: [GC (Allocation Failure) 14.042: [DefNew: 959K->64K(960K), 0.0010516 secs] 140696K->140176K(524224K), 0.0011064 secs] [Times: user=0.00 sys=0.00, real=0.00 secs] 
14.045: [GC (Allocation Failure) 14.045: [DefNew: 960K->63K(960K), 0.0011139 secs] 141073K->140626K(524224K), 0.0011743 secs] [Times: user=0.00 sys=0.00, real=0.00 secs] 
14.048: [GC (Allocation Failure) 14.048: [DefNew: 959K->63K(960K), 0.0010816 secs] 141524K->141065K(524224K), 0.0011376 secs] [Times: user=0.01 sys=0.00, real=0.00 secs] 
14.050: [GC (Allocation Failure) 14.050: [DefNew: 959K->64K(960K), 0.0011432 secs] 141961K->141474K(524224K), 0.0012099 secs] [Times: user=0.00 sys=0.00, real=0.00 secs] 
14.053: [GC (Allocation Failure) 14.053: [DefNew: 960K->64K(960K), 0.0010358 secs] 142371K->141875K(524224K), 0.0010907 secs] [Times: user=0.00 sys=0.00, real=0.00 secs] 
14.055: [GC (Allocation Failure) 14.055: [DefNew: 960K->63K(960K), 0.0011072 secs] 142772K->142280K(524224K), 0.0011712 secs] [Times: user=0.00 sys=0.00, real=0.00 secs] 
14.058: [GC (Allocation Failure) 14.058: [DefNew: 959K->64K(960K), 0.0010184 secs] 143176K->142681K(524224K), 0.0010725 secs] [Times: user=0.00 sys=0.00, real=0.00 secs] 
14.061: [GC (Allocation Failure) 14.061: [DefNew: 960K->63K(960K), 0.0012900 secs] 143579K->143104K(524224K), 0.0014120 secs] [Times: user=0.00 sys=0.00, real=0.00 secs] 
14.063: [GC (Allocation Failure) 14.063: [DefNew: 959K->64K(960K), 0.0011724 secs] 144000K->143490K(524224K), 0.0012304 secs] [Times: user=0.00 sys=0.00, real=0.00 secs] 
14.066: [GC (Allocation Failure) 14.066: [DefNew: 960K->63K(960K), 0.0011696 secs] 144386K->143888K(524224K), 0.0012466 secs] [Times: user=0.00 sys=0.00, real=0.00 secs] 
14.068: [GC (Allocation Failure) 14.068: [DefNew: 959K->63K(960K), 0.0011720 secs] 144784K->144291K(524224K), 0.0012411 secs] [Times: user=0.00 sys=0.00, real=0.00 secs] 
14.074: [GC (Allocation Failure) 14.074: [DefNew: 959K->64K(960K), 0.0012718 secs] 145188K->144687K(524224K), 0.0013753 secs] [Times: user=0.00 sys=0.00, real=0.00 secs] 
14.077: [GC (Allocation Failure) 14.077: [DefNew: 960K->63K(960K), 0.0010962 secs] 145583K->145114K(524224K), 0.0011582 secs] [Times: user=0.00 sys=0.00, real=0.00 secs] 
14.079: [GC (Allocation Failure) 14.079: [DefNew: 959K->64K(960K), 0.0010650 secs] 146012K->145492K(524224K), 0.0011234 secs] [Times: user=0.02 sys=0.00, real=0.00 secs] 
14.082: [GC (Allocation Failure) 14.082: [DefNew: 960K->63K(960K), 0.0010986 secs] 146388K->145914K(524224K), 0.0011605 secs] [Times: user=0.00 sys=0.00, real=0.00 secs] 
14.085: [GC (Allocation Failure) 14.085: [DefNew: 959K->64K(960K), 0.0013934 secs] 146811K->146322K(524224K), 0.0014649 secs] [Times: user=0.00 sys=0.00, real=0.00 secs] 
14.087: [GC (Allocation Failure) 14.087: [DefNew: 960K->63K(960K), 0.0011582 secs] 147219K->146741K(524224K), 0.0012245 secs] [Times: user=0.00 sys=0.00, real=0.00 secs] 
14.090: [GC (Allocation Failure) 14.090: [DefNew: 959K->63K(960K), 0.0010263 secs] 147638K->147153K(524224K), 0.0010820 secs] [Times: user=0.00 sys=0.00, real=0.00 secs] 
14.092: [GC (Allocation Failure) 14.092: [DefNew: 959K->63K(960K), 0.0011980 secs] 148049K->147566K(524224K), 0.0012667 secs] [Times: user=0.00 sys=0.00, real=0.00 secs] 
14.095: [GC (Allocation Failure) 14.095: [DefNew: 959K->64K(960K), 0.0014061 secs] 148463K->148024K(524224K), 0.0015134 secs] [Times: user=0.01 sys=0.00, real=0.00 secs] 
14.099: [GC (Allocation Failure) 14.099: [DefNew: 960K->64K(960K), 0.0013378 secs] 148920K->148411K(524224K), 0.0014199 secs] [Times: user=0.00 sys=0.00, real=0.00 secs] 
14.101: [GC (Allocation Failure) 14.101: [DefNew: 960K->64K(960K), 0.0012375 secs] 149307K->148825K(524224K), 0.0013062 secs] [Times: user=0.00 sys=0.00, real=0.00 secs] 
14.104: [GC (Allocation Failure) 14.104: [DefNew: 960K->63K(960K), 0.0012600 secs] 149721K->149285K(524224K), 0.0013251 secs] [Times: user=0.00 sys=0.00, real=0.00 secs] 
14.106: [GC (Allocation Failure) 14.106: [DefNew: 959K->63K(960K), 0.0012493 secs] 150182K->149688K(524224K), 0.0013086 secs] [Times: user=0.00 sys=0.00, real=0.00 secs] 
14.109: [GC (Allocation Failure) 14.109: [DefNew: 959K->64K(960K), 0.0011009 secs] 150587K->150108K(524224K), 0.0011566 secs] [Times: user=0.00 sys=0.00, real=0.00 secs] 
14.112: [GC (Allocation Failure) 14.112: [DefNew: 960K->64K(960K), 0.0011937 secs] 151005K->150524K(524224K), 0.0012671 secs] [Times: user=0.00 sys=0.00, real=0.00 secs] 
14.114: [GC (Allocation Failure) 14.114: [DefNew: 960K->64K(960K), 0.0011274 secs] 151421K->150912K(524224K), 0.0011961 secs] [Times: user=0.00 sys=0.00, real=0.00 secs] 
14.117: [GC (Allocation Failure) 14.117: [DefNew: 960K->63K(960K), 0.0010911 secs] 151808K->151355K(524224K), 0.0011507 secs] [Times: user=0.00 sys=0.00, real=0.00 secs] 
14.119: [GC (Allocation Failure) 14.119: [DefNew: 959K->63K(960K), 0.0011333 secs] 152251K->151756K(524224K), 0.0011949 secs] [Times: user=0.00 sys=0.00, real=0.00 secs] 
14.122: [GC (Allocation Failure) 14.122: [DefNew: 959K->63K(960K), 0.0011724 secs] 152653K->152212K(524224K), 0.0012363 secs] [Times: user=0.00 sys=0.00, real=0.00 secs] 
14.125: [GC (Allocation Failure) 14.125: [DefNew: 959K->63K(960K), 0.0012201 secs] 153109K->152638K(524224K), 0.0013145 secs] [Times: user=0.00 sys=0.00, real=0.00 secs] 
14.127: [GC (Allocation Failure) 14.127: [DefNew: 959K->63K(960K), 0.0014968 secs] 153536K->153060K(524224K), 0.0015908 secs] [Times: user=0.00 sys=0.00, real=0.00 secs] 
14.131: [GC (Allocation Failure) 14.131: [DefNew: 959K->63K(960K), 0.0013618 secs] 153956K->153516K(524224K), 0.0014234 secs] [Times: user=0.00 sys=0.00, real=0.00 secs] 
14.133: [GC (Allocation Failure) 14.133: [DefNew: 959K->63K(960K), 0.0011799 secs] 154413K->153924K(524224K), 0.0012359 secs] [Times: user=0.00 sys=0.00, real=0.00 secs] 
14.136: [GC (Allocation Failure) 14.136: [DefNew: 959K->64K(960K), 0.0012470 secs] 154821K->154362K(524224K), 0.0013243 secs] [Times: user=0.00 sys=0.00, real=0.00 secs] 
14.139: [GC (Allocation Failure) 14.139: [DefNew: 960K->63K(960K), 0.0012217 secs] 155258K->154795K(524224K), 0.0012841 secs] [Times: user=0.00 sys=0.00, real=0.00 secs] 
14.141: [GC (Allocation Failure) 14.141: [DefNew: 959K->63K(960K), 0.0012284 secs] 155691K->155200K(524224K), 0.0012939 secs] [Times: user=0.00 sys=0.00, real=0.00 secs] 
14.144: [GC (Allocation Failure) 14.144: [DefNew: 959K->63K(960K), 0.0012261 secs] 156097K->155655K(524224K), 0.0012908 secs] [Times: user=0.00 sys=0.00, real=0.00 secs] 
14.146: [GC (Allocation Failure) 14.146: [DefNew: 959K->63K(960K), 0.0012107 secs] 156552K->156062K(524224K), 0.0012837 secs] [Times: user=0.00 sys=0.00, real=0.00 secs] 
14.149: [GC (Allocation Failure) 14.149: [DefNew: 959K->64K(960K), 0.0011846 secs] 156959K->156497K(524224K), 0.0012462 secs] [Times: user=0.00 sys=0.00, real=0.00 secs] 
14.152: [GC (Allocation Failure) 14.152: [DefNew: 960K->63K(960K), 0.0011570 secs] 157396K->156923K(524224K), 0.0012150 secs] [Times: user=0.00 sys=0.00, real=0.00 secs] 
14.154: [GC (Allocation Failure) 14.154: [DefNew: 959K->64K(960K), 0.0012920 secs] 157821K->157342K(524224K), 0.0013682 secs] [Times: user=0.00 sys=0.00, real=0.00 secs] 
14.157: [GC (Allocation Failure) 14.157: [DefNew: 960K->63K(960K), 0.0010326 secs] 158239K->157743K(524224K), 0.0010970 secs] [Times: user=0.02 sys=0.00, real=0.00 secs] 
14.160: [GC (Allocation Failure) 14.160: [DefNew: 959K->64K(960K), 0.0014191 secs] 158641K->158162K(524224K), 0.0014961 secs] [Times: user=0.00 sys=0.00, real=0.00 secs] 
14.162: [GC (Allocation Failure) 14.162: [DefNew: 960K->64K(960K), 0.0012387 secs] 159058K->158575K(524224K), 0.0013034 secs] [Times: user=0.00 sys=0.00, real=0.00 secs] 
14.165: [GC (Allocation Failure) 14.165: [DefNew: 960K->64K(960K), 0.0012158 secs] 159471K->158975K(524224K), 0.0012762 secs] [Times: user=0.00 sys=0.00, real=0.00 secs] 
14.167: [GC (Allocation Failure) 14.167: [DefNew: 960K->64K(960K), 0.0011767 secs] 159872K->159354K(524224K), 0.0012332 secs] [Times: user=0.00 sys=0.00, real=0.00 secs] 
14.173: [GC (Allocation Failure) 14.173: [DefNew: 960K->63K(960K), 0.0012426 secs] 160250K->159768K(524224K), 0.0013342 secs] [Times: user=0.02 sys=0.00, real=0.00 secs] 
14.177: [GC (Allocation Failure) 14.177: [DefNew: 959K->63K(960K), 0.0012099 secs] 160664K->160190K(524224K), 0.0013022 secs] [Times: user=0.00 sys=0.00, real=0.00 secs] 
14.179: [GC (Allocation Failure) 14.179: [DefNew: 959K->64K(960K), 0.0011514 secs] 161087K->160598K(524224K), 0.0012241 secs] [Times: user=0.00 sys=0.00, real=0.00 secs] 
14.182: [GC (Allocation Failure) 14.182: [DefNew: 960K->63K(960K), 0.0011057 secs] 161494K->161029K(524224K), 0.0011775 secs] [Times: user=0.00 sys=0.00, real=0.00 secs] 
14.184: [GC (Allocation Failure) 14.184: [DefNew: 959K->63K(960K), 0.0011609 secs] 161925K->161417K(524224K), 0.0012367 secs] [Times: user=0.00 sys=0.00, real=0.00 secs] 
14.187: [GC (Allocation Failure) 14.187: [DefNew: 959K->64K(960K), 0.0011242 secs] 162314K->161853K(524224K), 0.0011838 secs] [Times: user=0.00 sys=0.00, real=0.00 secs] 
14.190: [GC (Allocation Failure) 14.190: [DefNew: 960K->64K(960K), 0.0012296 secs] 162750K->162249K(524224K), 0.0013042 secs] [Times: user=0.00 sys=0.00, real=0.00 secs] 
14.193: [GC (Allocation Failure) 14.193: [DefNew: 960K->64K(960K), 0.0017925 secs] 163146K->162665K(524224K), 0.0018943 secs] [Times: user=0.00 sys=0.00, real=0.00 secs] 
14.197: [GC (Allocation Failure) 14.197: [DefNew: 960K->63K(960K), 0.0012636 secs] 163562K->163080K(524224K), 0.0013393 secs] [Times: user=0.00 sys=0.00, real=0.00 secs] 
14.199: [GC (Allocation Failure) 14.199: [DefNew: 959K->63K(960K), 0.0012399 secs] 163976K->163470K(524224K), 0.0013093 secs] [Times: user=0.00 sys=0.00, real=0.00 secs] 
14.202: [GC (Allocation Failure) 14.202: [DefNew: 959K->64K(960K), 0.0012047 secs] 164367K->163920K(524224K), 0.0012632 secs] [Times: user=0.00 sys=0.00, real=0.00 secs] 
14.205: [GC (Allocation Failure) 14.205: [DefNew: 960K->63K(960K), 0.0013820 secs] 164817K->164370K(524224K), 0.0014376 secs] [Times: user=0.00 sys=0.00, real=0.00 secs] 
14.207: [GC (Allocation Failure) 14.207: [DefNew: 959K->63K(960K), 0.0012324 secs] 165267K->164770K(524224K), 0.0013034 secs] [Times: user=0.00 sys=0.00, real=0.00 secs] 
14.210: [GC (Allocation Failure) 14.210: [DefNew: 959K->63K(960K), 0.0011811 secs] 165666K->165171K(524224K), 0.0012414 secs] [Times: user=0.00 sys=0.00, real=0.00 secs] 
14.212: [GC (Allocation Failure) 14.212: [DefNew: 959K->63K(960K), 0.0012036 secs] 166069K->165591K(524224K), 0.0012671 secs] [Times: user=0.00 sys=0.00, real=0.00 secs] 
14.215: [GC (Allocation Failure) 14.215: [DefNew: 959K->63K(960K), 0.0012324 secs] 166488K->166036K(524224K), 0.0013086 secs] [Times: user=0.00 sys=0.00, real=0.00 secs] 
14.218: [GC (Allocation Failure) 14.218: [DefNew: 959K->63K(960K), 0.0011297 secs] 166933K->166439K(524224K), 0.0011893 secs] [Times: user=0.00 sys=0.00, real=0.00 secs] 
14.220: [GC (Allocation Failure) 14.220: [DefNew: 959K->63K(960K), 0.0011428 secs] 167336K->166860K(524224K), 0.0012024 secs] [Times: user=0.02 sys=0.00, real=0.00 secs] 
14.223: [GC (Allocation Failure) 14.223: [DefNew: 959K->63K(960K), 0.0010926 secs] 167756K->167299K(524224K), 0.0011566 secs] [Times: user=0.00 sys=0.00, real=0.00 secs] 
14.225: [GC (Allocation Failure) 14.225: [DefNew: 959K->63K(960K), 0.0010378 secs] 168196K->167679K(524224K), 0.0010954 secs] [Times: user=0.00 sys=0.00, real=0.00 secs] 
14.228: [GC (Allocation Failure) 14.228: [DefNew: 959K->64K(960K), 0.0012711 secs] 168576K->168159K(524224K), 0.0013539 secs] [Times: user=0.00 sys=0.00, real=0.00 secs] 
14.231: [GC (Allocation Failure) 14.231: [DefNew: 960K->63K(960K), 0.0014147 secs] 169056K->168614K(524224K), 0.0014791 secs] [Times: user=0.00 sys=0.00, real=0.00 secs] 
14.233: [GC (Allocation Failure) 14.233: [DefNew: 959K->63K(960K), 0.0012726 secs] 169510K->169027K(524224K), 0.0013307 secs] [Times: user=0.00 sys=0.00, real=0.00 secs] 
14.236: [GC (Allocation Failure) 14.236: [DefNew: 959K->64K(960K), 0.0012253 secs] 169923K->169431K(524224K), 0.0012939 secs] [Times: user=0.00 sys=0.00, real=0.00 secs] 
14.238: [GC (Allocation Failure) 14.238: [DefNew: 960K->63K(960K), 0.0012355 secs] 170327K->169843K(524224K), 0.0013050 secs] [Times: user=0.00 sys=0.00, real=0.00 secs] 
14.241: [GC (Allocation Failure) 14.241: [DefNew: 959K->63K(960K), 0.0012375 secs] 170739K->170299K(524224K), 0.0012951 secs] [Times: user=0.00 sys=0.00, real=0.00 secs] 
14.244: [GC (Allocation Failure) 14.244: [DefNew: 959K->63K(960K), 0.0012557 secs] 171196K->170726K(524224K), 0.0013204 secs] [Times: user=0.00 sys=0.00, real=0.00 secs] 
14.246: [GC (Allocation Failure) 14.246: [DefNew: 959K->63K(960K), 0.0010741 secs] 171622K->171106K(524224K), 0.0011297 secs] [Times: user=0.00 sys=0.00, real=0.00 secs] 
14.249: [GC (Allocation Failure) 14.249: [DefNew: 959K->63K(960K), 0.0011092 secs] 172004K->171552K(524224K), 0.0011649 secs] [Times: user=0.00 sys=0.00, real=0.00 secs] 
14.252: [GC (Allocation Failure) 14.252: [DefNew: 959K->63K(960K), 0.0011582 secs] 172449K->171954K(524224K), 0.0012225 secs] [Times: user=0.00 sys=0.00, real=0.00 secs] 
14.254: [GC (Allocation Failure) 14.254: [DefNew: 959K->64K(960K), 0.0011321 secs] 172850K->172359K(524224K), 0.0011996 secs] [Times: user=0.00 sys=0.00, real=0.00 secs] 
14.257: [GC (Allocation Failure) 14.257: [DefNew: 960K->63K(960K), 0.0012249 secs] 173255K->172811K(524224K), 0.0012880 secs] [Times: user=0.00 sys=0.00, real=0.00 secs] 
14.259: [GC (Allocation Failure) 14.259: [DefNew: 959K->64K(960K), 0.0013954 secs] 173709K->173217K(524224K), 0.0014953 secs] [Times: user=0.00 sys=0.00, real=0.00 secs] 
14.262: [GC (Allocation Failure) 14.262: [DefNew: 960K->64K(960K), 0.0013800 secs] 174113K->173732K(524224K), 0.0014609 secs] [Times: user=0.00 sys=0.00, real=0.00 secs] 
14.265: [GC (Allocation Failure) 14.265: [DefNew: 960K->63K(960K), 0.0014053 secs] 174629K->174149K(524224K), 0.0014696 secs] [Times: user=0.00 sys=0.00, real=0.00 secs] 
14.267: [GC (Allocation Failure) 14.267: [DefNew: 959K->63K(960K), 0.0012561 secs] 175045K->174564K(524224K), 0.0013137 secs] [Times: user=0.00 sys=0.00, real=0.00 secs] 
14.273: [GC (Allocation Failure) 14.273: [DefNew: 959K->63K(960K), 0.0013970 secs] 175461K->174991K(524224K), 0.0015043 secs] [Times: user=0.00 sys=0.00, real=0.00 secs] 
14.276: [GC (Allocation Failure) 14.276: [DefNew: 959K->63K(960K), 0.0012525 secs] 175888K->175369K(524224K), 0.0013129 secs] [Times: user=0.00 sys=0.00, real=0.00 secs] 
14.279: [GC (Allocation Failure) 14.279: [DefNew: 959K->64K(960K), 0.0011432 secs] 176266K->175779K(524224K), 0.0011984 secs] [Times: user=0.00 sys=0.00, real=0.00 secs] 
14.282: [GC (Allocation Failure) 14.282: [DefNew: 960K->64K(960K), 0.0011625 secs] 176677K->176205K(524224K), 0.0012186 secs] [Times: user=0.02 sys=0.00, real=0.00 secs] 
14.284: [GC (Allocation Failure) 14.284: [DefNew: 960K->64K(960K), 0.0012047 secs] 177102K->176584K(524224K), 0.0012774 secs] [Times: user=0.00 sys=0.00, real=0.00 secs] 
14.288: [GC (Allocation Failure) 14.288: [DefNew: 960K->64K(960K), 0.0011909 secs] 177480K->177017K(524224K), 0.0012541 secs] [Times: user=0.00 sys=0.00, real=0.00 secs] 
14.290: [GC (Allocation Failure) 14.290: [DefNew: 960K->63K(960K), 0.0011057 secs] 177913K->177424K(524224K), 0.0011692 secs] [Times: user=0.00 sys=0.00, real=0.00 secs] 
14.294: [GC (Allocation Failure) 14.294: [DefNew: 959K->63K(960K), 0.0014621 secs] 178321K->177841K(524224K), 0.0016011 secs] [Times: user=0.00 sys=0.00, real=0.00 secs] 
14.297: [GC (Allocation Failure) 14.297: [DefNew: 959K->63K(960K), 0.0013046 secs] 178738K->178276K(524224K), 0.0013867 secs] [Times: user=0.00 sys=0.00, real=0.00 secs] 
14.300: [GC (Allocation Failure) 14.300: [DefNew: 959K->63K(960K), 0.0014957 secs] 179172K->178757K(524224K), 0.0015801 secs] [Times: user=0.00 sys=0.00, real=0.00 secs] 
14.303: [GC (Allocation Failure) 14.303: [DefNew: 959K->63K(960K), 0.0014112 secs] 179654K->179203K(524224K), 0.0014763 secs] [Times: user=0.00 sys=0.00, real=0.00 secs] 
14.305: [GC (Allocation Failure) 14.305: [DefNew: 959K->63K(960K), 0.0012699 secs] 180099K->179617K(524224K), 0.0013299 secs] [Times: user=0.00 sys=0.00, real=0.00 secs] 
14.308: [GC (Allocation Failure) 14.308: [DefNew: 959K->63K(960K), 0.0012391 secs] 180513K->180053K(524224K), 0.0012955 secs] [Times: user=0.00 sys=0.00, real=0.00 secs] 
14.311: [GC (Allocation Failure) 14.311: [DefNew: 959K->64K(960K), 0.0012395 secs] 180951K->180501K(524224K), 0.0012963 secs] [Times: user=0.00 sys=0.00, real=0.00 secs] 
14.313: [GC (Allocation Failure) 14.313: [DefNew: 960K->64K(960K), 0.0012636 secs] 181398K->180907K(524224K), 0.0013354 secs] [Times: user=0.02 sys=0.00, real=0.00 secs] 
14.316: [GC (Allocation Failure) 14.316: [DefNew: 960K->63K(960K), 0.0011901 secs] 181803K->181361K(524224K), 0.0012655 secs] [Times: user=0.00 sys=0.00, real=0.00 secs] 
14.318: [GC (Allocation Failure) 14.318: [DefNew: 959K->64K(960K), 0.0011258 secs] 182258K->181752K(524224K), 0.0011858 secs] [Times: user=0.00 sys=0.00, real=0.00 secs] 
14.321: [GC (Allocation Failure) 14.321: [DefNew: 960K->64K(960K), 0.0012264 secs] 182649K->182207K(524224K), 0.0013011 secs] [Times: user=0.00 sys=0.00, real=0.00 secs] 
14.324: [GC (Allocation Failure) 14.324: [DefNew: 960K->63K(960K), 0.0012707 secs] 183104K->182657K(524224K), 0.0013362 secs] [Times: user=0.00 sys=0.00, real=0.00 secs] 
14.326: [GC (Allocation Failure) 14.326: [DefNew: 959K->63K(960K), 0.0015486 secs] 183553K->183025K(524224K), 0.0016749 secs] [Times: user=0.00 sys=0.00, real=0.00 secs] 
14.330: [GC (Allocation Failure) 14.330: [DefNew: 959K->63K(960K), 0.0012221 secs] 183924K->183470K(524224K), 0.0012821 secs] [Times: user=0.00 sys=0.00, real=0.00 secs] 
14.332: [GC (Allocation Failure) 14.332: [DefNew: 959K->63K(960K), 0.0012466 secs] 184367K->183860K(524224K), 0.0013113 secs] [Times: user=0.00 sys=0.00, real=0.00 secs] 
14.335: [GC (Allocation Failure) 14.335: [DefNew: 959K->63K(960K), 0.0013303 secs] 184756K->184314K(524224K), 0.0013903 secs] [Times: user=0.00 sys=0.00, real=0.00 secs] 
14.338: [GC (Allocation Failure) 14.338: [DefNew: 959K->64K(960K), 0.0013247 secs] 185211K->184765K(524224K), 0.0013792 secs] [Times: user=0.00 sys=0.00, real=0.00 secs] 
14.340: [GC (Allocation Failure) 14.340: [DefNew: 960K->63K(960K), 0.0012442 secs] 185662K->185164K(524224K), 0.0013034 secs] [Times: user=0.00 sys=0.00, real=0.00 secs] 
14.343: [GC (Allocation Failure) 14.343: [DefNew: 959K->63K(960K), 0.0011759 secs] 186061K->185578K(524224K), 0.0012328 secs] [Times: user=0.00 sys=0.00, real=0.00 secs] 
14.345: [GC (Allocation Failure) 14.345: [DefNew: 959K->63K(960K), 0.0012237 secs] 186475K->185998K(524224K), 0.0012868 secs] [Times: user=0.00 sys=0.00, real=0.00 secs] 
14.348: [GC (Allocation Failure) 14.348: [DefNew: 959K->63K(960K), 0.0012403 secs] 186895K->186413K(524224K), 0.0013168 secs] [Times: user=0.00 sys=0.00, real=0.00 secs] 
14.351: [GC (Allocation Failure) 14.351: [DefNew: 959K->64K(960K), 0.0012055 secs] 187309K->186827K(524224K), 0.0012628 secs] [Times: user=0.00 sys=0.00, real=0.00 secs] 
14.353: [GC (Allocation Failure) 14.353: [DefNew: 960K->63K(960K), 0.0011917 secs] 187724K->187255K(524224K), 0.0012549 secs] [Times: user=0.00 sys=0.00, real=0.00 secs] 
14.356: [GC (Allocation Failure) 14.356: [DefNew: 959K->63K(960K), 0.0012549 secs] 188153K->187716K(524224K), 0.0013180 secs] [Times: user=0.00 sys=0.00, real=0.00 secs] 
14.359: [GC (Allocation Failure) 14.359: [DefNew: 959K->64K(960K), 0.0013528 secs] 188613K->188117K(524224K), 0.0014530 secs] [Times: user=0.00 sys=0.00, real=0.00 secs] 
14.361: [GC (Allocation Failure) 14.361: [DefNew: 960K->64K(960K), 0.0016587 secs] 189013K->188652K(524224K), 0.0017664 secs] [Times: user=0.00 sys=0.00, real=0.00 secs] 
14.365: [GC (Allocation Failure) 14.365: [DefNew: 960K->64K(960K), 0.0014755 secs] 189548K->189077K(524224K), 0.0015482 secs] [Times: user=0.00 sys=0.00, real=0.00 secs] 
14.367: [GC (Allocation Failure) 14.367: [DefNew: 960K->64K(960K), 0.0012166 secs] 189974K->189445K(524224K), 0.0012738 secs] [Times: user=0.00 sys=0.00, real=0.00 secs] 
14.373: [GC (Allocation Failure) 14.373: [DefNew: 960K->63K(960K), 0.0012900 secs] 190341K->189850K(524224K), 0.0013859 secs] [Times: user=0.00 sys=0.00, real=0.00 secs] 
14.377: [GC (Allocation Failure) 14.377: [DefNew: 959K->64K(960K), 0.0013405 secs] 190748K->190253K(524224K), 0.0014203 secs] [Times: user=0.00 sys=0.00, real=0.00 secs] 
14.380: [GC (Allocation Failure) 14.380: [DefNew: 960K->64K(960K), 0.0011605 secs] 191149K->190678K(524224K), 0.0012142 secs] [Times: user=0.00 sys=0.00, real=0.00 secs] 
14.383: [GC (Allocation Failure) 14.383: [DefNew: 960K->64K(960K), 0.0011128 secs] 191574K->191116K(524224K), 0.0011811 secs] [Times: user=0.00 sys=0.00, real=0.00 secs] 
14.385: [GC (Allocation Failure) 14.385: [DefNew: 960K->64K(960K), 0.0012008 secs] 192012K->191534K(524224K), 0.0012801 secs] [Times: user=0.00 sys=0.00, real=0.00 secs] 
14.388: [GC (Allocation Failure) 14.388: [DefNew: 960K->64K(960K), 0.0011791 secs] 192430K->191965K(524224K), 0.0012434 secs] [Times: user=0.00 sys=0.00, real=0.00 secs] 
14.391: [GC (Allocation Failure) 14.391: [DefNew: 960K->63K(960K), 0.0012959 secs] 192861K->192401K(524224K), 0.0013701 secs] [Times: user=0.02 sys=0.00, real=0.00 secs] 
14.396: [GC (Allocation Failure) 14.396: [DefNew: 959K->63K(960K), 0.0016524 secs] 193298K->192943K(524224K), 0.0018497 secs] [Times: user=0.00 sys=0.00, real=0.00 secs] 
14.400: [GC (Allocation Failure) 14.400: [DefNew: 959K->63K(960K), 0.0015296 secs] 193840K->193372K(524224K), 0.0016078 secs] [Times: user=0.00 sys=0.00, real=0.00 secs] 
14.403: [GC (Allocation Failure) 14.403: [DefNew: 959K->64K(960K), 0.0013587 secs] 194268K->193790K(524224K), 0.0014293 secs] [Times: user=0.00 sys=0.00, real=0.00 secs] 
14.406: [GC (Allocation Failure) 14.406: [DefNew: 960K->64K(960K), 0.0012734 secs] 194686K->194241K(524224K), 0.0013350 secs] [Times: user=0.00 sys=0.00, real=0.00 secs] 
14.409: [GC (Allocation Failure) 14.409: [DefNew: 960K->64K(960K), 0.0013772 secs] 195139K->194658K(524224K), 0.0014629 secs] [Times: user=0.00 sys=0.00, real=0.00 secs] 
14.411: [GC (Allocation Failure) 14.411: [DefNew: 960K->63K(960K), 0.0012359 secs] 195556K->195077K(524224K), 0.0013038 secs] [Times: user=0.00 sys=0.00, real=0.00 secs] 
14.414: [GC (Allocation Failure) 14.414: [DefNew: 959K->63K(960K), 0.0012407 secs] 195973K->195520K(524224K), 0.0013133 secs] [Times: user=0.00 sys=0.00, real=0.00 secs] 
14.416: [GC (Allocation Failure) 14.416: [DefNew: 959K->64K(960K), 0.0012166 secs] 196416K->195934K(524224K), 0.0012900 secs] [Times: user=0.00 sys=0.00, real=0.00 secs] 
14.419: [GC (Allocation Failure) 14.419: [DefNew: 960K->63K(960K), 0.0012067 secs] 196830K->196376K(524224K), 0.0012797 secs] [Times: user=0.00 sys=0.00, real=0.00 secs] 
14.422: [GC (Allocation Failure) 14.422: [DefNew: 959K->64K(960K), 0.0012813 secs] 197274K->196821K(524224K), 0.0013461 secs] [Times: user=0.02 sys=0.00, real=0.00 secs] 
14.424: [GC (Allocation Failure) 14.424: [DefNew: 960K->64K(960K), 0.0012351 secs] 197717K->197202K(524224K), 0.0013164 secs] [Times: user=0.00 sys=0.00, real=0.00 secs] 
14.427: [GC (Allocation Failure) 14.427: [DefNew: 960K->63K(960K), 0.0014416 secs] 198100K->197625K(524224K), 0.0015383 secs] [Times: user=0.00 sys=0.00, real=0.00 secs] 
14.430: [GC (Allocation Failure) 14.430: [DefNew: 959K->64K(960K), 0.0012711 secs] 198522K->198061K(524224K), 0.0013291 secs] [Times: user=0.00 sys=0.00, real=0.00 secs] 
14.433: [GC (Allocation Failure) 14.433: [DefNew: 960K->64K(960K), 0.0012478 secs] 198959K->198490K(524224K), 0.0013058 secs] [Times: user=0.00 sys=0.00, real=0.00 secs] 
14.436: [GC (Allocation Failure) 14.436: [DefNew: 960K->63K(960K), 0.0013579 secs] 199387K->198943K(524224K), 0.0014278 secs] [Times: user=0.00 sys=0.00, real=0.00 secs] 
14.438: [GC (Allocation Failure) 14.438: [DefNew: 959K->64K(960K), 0.0012134 secs] 199841K->199343K(524224K), 0.0012683 secs] [Times: user=0.01 sys=0.00, real=0.00 secs] 
14.441: [GC (Allocation Failure) 14.441: [DefNew: 960K->63K(960K), 0.0012833 secs] 200240K->199774K(524224K), 0.0013472 secs] [Times: user=0.00 sys=0.00, real=0.00 secs] 
14.443: [GC (Allocation Failure) 14.443: [DefNew: 959K->63K(960K), 0.0012714 secs] 200672K->200189K(524224K), 0.0013366 secs] [Times: user=0.00 sys=0.00, real=0.00 secs] 
14.446: [GC (Allocation Failure) 14.446: [DefNew: 959K->63K(960K), 0.0012328 secs] 201085K->200634K(524224K), 0.0012896 secs] [Times: user=0.00 sys=0.00, real=0.00 secs] 
14.449: [GC (Allocation Failure) 14.449: [DefNew: 959K->63K(960K), 0.0012529 secs] 201533K->201099K(524224K), 0.0013157 secs] [Times: user=0.00 sys=0.00, real=0.00 secs] 
14.451: [GC (Allocation Failure) 14.451: [DefNew: 959K->64K(960K), 0.0011700 secs] 201996K->201506K(524224K), 0.0012296 secs] [Times: user=0.00 sys=0.00, real=0.00 secs] 
14.454: [GC (Allocation Failure) 14.454: [DefNew: 960K->63K(960K), 0.0012071 secs] 202403K->201957K(524224K), 0.0012711 secs] [Times: user=0.02 sys=0.00, real=0.00 secs] 
14.456: [GC (Allocation Failure) 14.456: [DefNew: 959K->63K(960K), 0.0012568 secs] 202853K->202378K(524224K), 0.0013216 secs] [Times: user=0.00 sys=0.00, real=0.00 secs] 
14.459: [GC (Allocation Failure) 14.459: [DefNew: 959K->64K(960K), 0.0013682 secs] 203275K->202800K(524224K), 0.0014708 secs] [Times: user=0.00 sys=0.00, real=0.00 secs] 
14.462: [GC (Allocation Failure) 14.462: [DefNew: 960K->63K(960K), 0.0015430 secs] 203697K->203400K(524224K), 0.0016176 secs] [Times: user=0.00 sys=0.00, real=0.00 secs] 
14.465: [GC (Allocation Failure) 14.465: [DefNew: 959K->64K(960K), 0.0014597 secs] 204296K->203817K(524224K), 0.0015268 secs] [Times: user=0.00 sys=0.00, real=0.00 secs] 
14.468: [GC (Allocation Failure) 14.468: [DefNew: 960K->63K(960K), 0.0012628 secs] 204714K->204252K(524224K), 0.0013267 secs] [Times: user=0.00 sys=0.00, real=0.00 secs] 
14.474: [GC (Allocation Failure) 14.474: [DefNew: 959K->63K(960K), 0.0014992 secs] 205149K->204657K(524224K), 0.0016074 secs] [Times: user=0.00 sys=0.00, real=0.00 secs] 
14.477: [GC (Allocation Failure) 14.477: [DefNew: 959K->63K(960K), 0.0013776 secs] 205554K->205096K(524224K), 0.0014380 secs] [Times: user=0.00 sys=0.00, real=0.00 secs] 
14.480: [GC (Allocation Failure) 14.480: [DefNew: 959K->64K(960K), 0.0012924 secs] 205992K->205535K(524224K), 0.0013480 secs] [Times: user=0.00 sys=0.00, real=0.00 secs] 
14.482: [GC (Allocation Failure) 14.482: [DefNew: 960K->64K(960K), 0.0012103 secs] 206433K->205937K(524224K), 0.0012726 secs] [Times: user=0.00 sys=0.00, real=0.00 secs] 
14.485: [GC (Allocation Failure) 14.485: [DefNew: 960K->63K(960K), 0.0012639 secs] 206834K->206333K(524224K), 0.0013283 secs] [Times: user=0.01 sys=0.00, real=0.00 secs] 
14.488: [GC (Allocation Failure) 14.488: [DefNew: 959K->63K(960K), 0.0012039 secs] 207229K->206754K(524224K), 0.0012793 secs] [Times: user=0.00 sys=0.00, real=0.00 secs] 
14.490: [GC (Allocation Failure) 14.490: [DefNew: 959K->63K(960K), 0.0011743 secs] 207650K->207179K(524224K), 0.0012379 secs] [Times: user=0.00 sys=0.00, real=0.00 secs] 
14.493: [GC (Allocation Failure) 14.493: [DefNew: 959K->64K(960K), 0.0013271 secs] 208075K->207570K(524224K), 0.0014289 secs] [Times: user=0.00 sys=0.00, real=0.00 secs] 
14.495: [GC (Allocation Failure) 14.495: [DefNew: 960K->63K(960K), 0.0015130 secs] 208467K->207971K(524224K), 0.0016168 secs] [Times: user=0.00 sys=0.00, real=0.00 secs] 
14.499: [GC (Allocation Failure) 14.499: [DefNew: 959K->64K(960K), 0.0015083 secs] 208868K->208423K(524224K), 0.0015928 secs] [Times: user=0.00 sys=0.00, real=0.00 secs] 
14.503: [GC (Allocation Failure) 14.503: [DefNew: 960K->64K(960K), 0.0013646 secs] 209321K->208832K(524224K), 0.0014341 secs] [Times: user=0.00 sys=0.00, real=0.00 secs] 
14.505: [GC (Allocation Failure) 14.505: [DefNew: 960K->63K(960K), 0.0013168 secs] 209728K->209213K(524224K), 0.0013820 secs] [Times: user=0.00 sys=0.00, real=0.00 secs] 
14.508: [GC (Allocation Failure) 14.508: [DefNew: 959K->64K(960K), 0.0012343 secs] 210110K->209648K(524224K), 0.0012924 secs] [Times: user=0.00 sys=0.00, real=0.00 secs] 
14.510: [GC (Allocation Failure) 14.510: [DefNew: 960K->63K(960K), 0.0013125 secs] 210545K->210076K(524224K), 0.0013749 secs] [Times: user=0.00 sys=0.00, real=0.00 secs] 
14.513: [GC (Allocation Failure) 14.513: [DefNew: 959K->63K(960K), 0.0012241 secs] 210972K->210522K(524224K), 0.0012797 secs] [Times: user=0.00 sys=0.00, real=0.00 secs] 
14.516: [GC (Allocation Failure) 14.516: [DefNew: 959K->63K(960K), 0.0012284 secs] 211418K->210957K(524224K), 0.0013003 secs] [Times: user=0.02 sys=0.00, real=0.00 secs] 
14.518: [GC (Allocation Failure) 14.518: [DefNew: 959K->63K(960K), 0.0012091 secs] 211853K->211338K(524224K), 0.0012793 secs] [Times: user=0.00 sys=0.00, real=0.00 secs] 
14.522: [GC (Allocation Failure) 14.522: [DefNew: 959K->64K(960K), 0.0012951 secs] 212235K->211807K(524224K), 0.0013591 secs] [Times: user=0.00 sys=0.00, real=0.00 secs] 
14.524: [GC (Allocation Failure) 14.524: [DefNew: 960K->64K(960K), 0.0012083 secs] 212703K->212207K(524224K), 0.0012738 secs] [Times: user=0.00 sys=0.00, real=0.00 secs] 
14.527: [GC (Allocation Failure) 14.527: [DefNew: 960K->64K(960K), 0.0014333 secs] 213104K->212612K(524224K), 0.0015272 secs] [Times: user=0.00 sys=0.00, real=0.00 secs] 
14.531: [GC (Allocation Failure) 14.531: [DefNew: 960K->64K(960K), 0.0013950 secs] 213510K->213080K(524224K), 0.0014601 secs] [Times: user=0.00 sys=0.00, real=0.00 secs] 
14.533: [GC (Allocation Failure) 14.533: [DefNew: 960K->64K(960K), 0.0013662 secs] 213976K->213501K(524224K), 0.0014408 secs] [Times: user=0.00 sys=0.00, real=0.00 secs] 
14.536: [GC (Allocation Failure) 14.536: [DefNew: 960K->64K(960K), 0.0013401 secs] 214397K->213953K(524224K), 0.0014009 secs] [Times: user=0.00 sys=0.00, real=0.00 secs] 
14.538: [GC (Allocation Failure) 14.538: [DefNew: 960K->63K(960K), 0.0012347 secs] 214849K->214343K(524224K), 0.0012904 secs] [Times: user=0.00 sys=0.00, real=0.00 secs] 
14.541: [GC (Allocation Failure) 14.541: [DefNew: 959K->63K(960K), 0.0012217 secs] 215240K->214784K(524224K), 0.0012774 secs] [Times: user=0.00 sys=0.00, real=0.00 secs] 
14.544: [GC (Allocation Failure) 14.544: [DefNew: 959K->64K(960K), 0.0013022 secs] 215680K->215230K(524224K), 0.0013678 secs] [Times: user=0.00 sys=0.00, real=0.00 secs] 
14.546: [GC (Allocation Failure) 14.546: [DefNew: 960K->64K(960K), 0.0012466 secs] 216127K->215611K(524224K), 0.0013030 secs] [Times: user=0.00 sys=0.00, real=0.00 secs] 
14.549: [GC (Allocation Failure) 14.549: [DefNew: 960K->63K(960K), 0.0012363 secs] 216508K->216037K(524224K), 0.0012979 secs] [Times: user=0.00 sys=0.00, real=0.00 secs] 
14.551: [GC (Allocation Failure) 14.551: [DefNew: 959K->64K(960K), 0.0011696 secs] 216935K->216415K(524224K), 0.0012233 secs] [Times: user=0.00 sys=0.00, real=0.00 secs] 
14.554: [GC (Allocation Failure) 14.554: [DefNew: 960K->63K(960K), 0.0012118 secs] 217311K->216838K(524224K), 0.0012671 secs] [Times: user=0.00 sys=0.00, real=0.00 secs] 
14.557: [GC (Allocation Failure) 14.557: [DefNew: 959K->64K(960K), 0.0012517 secs] 217735K->217306K(524224K), 0.0013346 secs] [Times: user=0.00 sys=0.00, real=0.00 secs] 
14.559: [GC (Allocation Failure) 14.559: [DefNew: 960K->63K(960K), 0.0014696 secs] 218203K->217722K(524224K), 0.0016259 secs] [Times: user=0.00 sys=0.00, real=0.00 secs] 
14.563: [GC (Allocation Failure) 14.563: [DefNew: 959K->63K(960K), 0.0014388 secs] 218618K->218199K(524224K), 0.0015336 secs] [Times: user=0.02 sys=0.00, real=0.00 secs] 
14.566: [GC (Allocation Failure) 14.566: [DefNew: 959K->64K(960K), 0.0013595 secs] 219095K->218585K(524224K), 0.0014305 secs] [Times: user=0.00 sys=0.00, real=0.00 secs] 
14.573: [GC (Allocation Failure) 14.573: [DefNew: 960K->63K(960K), 0.0013532 secs] 219481K->219020K(524224K), 0.0014811 secs] [Times: user=0.00 sys=0.00, real=0.00 secs] 
14.577: [GC (Allocation Failure) 14.577: [DefNew: 959K->63K(960K), 0.0013405 secs] 219919K->219471K(524224K), 0.0014159 secs] [Times: user=0.00 sys=0.00, real=0.00 secs] 
14.579: [GC (Allocation Failure) 14.579: [DefNew: 959K->63K(960K), 0.0016393 secs] 220368K->219890K(524224K), 0.0017124 secs] [Times: user=0.00 sys=0.00, real=0.00 secs] 
14.583: [GC (Allocation Failure) 14.583: [DefNew: 959K->63K(960K), 0.0012738 secs] 220786K->220344K(524224K), 0.0013464 secs] [Times: user=0.00 sys=0.00, real=0.00 secs] 
14.586: [GC (Allocation Failure) 14.586: [DefNew: 959K->63K(960K), 0.0012837 secs] 221242K->220763K(524224K), 0.0013547 secs] [Times: user=0.00 sys=0.00, real=0.00 secs] 
14.588: [GC (Allocation Failure) 14.588: [DefNew: 959K->64K(960K), 0.0012261 secs] 221661K->221156K(524224K), 0.0013022 secs] [Times: user=0.00 sys=0.00, real=0.00 secs] 
14.591: [GC (Allocation Failure) 14.591: [DefNew: 960K->64K(960K), 0.0012276 secs] 222052K->221573K(524224K), 0.0013062 secs] [Times: user=0.00 sys=0.00, real=0.00 secs] 
14.594: [GC (Allocation Failure) 14.595: [DefNew: 960K->64K(960K), 0.0017301 secs] 222469K->222128K(524224K), 0.0019393 secs] [Times: user=0.00 sys=0.00, real=0.00 secs] 
14.598: [GC (Allocation Failure) 14.598: [DefNew: 960K->63K(960K), 0.0015896 secs] 223025K->222578K(524224K), 0.0016745 secs] [Times: user=0.00 sys=0.00, real=0.00 secs] 
14.602: [GC (Allocation Failure) 14.602: [DefNew: 959K->64K(960K), 0.0013528 secs] 223476K->222988K(524224K), 0.0014274 secs] [Times: user=0.00 sys=0.00, real=0.00 secs] 
14.604: [GC (Allocation Failure) 14.604: [DefNew: 960K->64K(960K), 0.0013393 secs] 223884K->223390K(524224K), 0.0014045 secs] [Times: user=0.00 sys=0.00, real=0.00 secs] 
14.607: [GC (Allocation Failure) 14.607: [DefNew: 960K->64K(960K), 0.0012612 secs] 224287K->223812K(524224K), 0.0013239 secs] [Times: user=0.00 sys=0.00, real=0.00 secs] 
14.609: [GC (Allocation Failure) 14.609: [DefNew: 960K->63K(960K), 0.0014179 secs] 224709K->224220K(524224K), 0.0014953 secs] [Times: user=0.00 sys=0.00, real=0.00 secs] 
14.613: [GC (Allocation Failure) 14.613: [DefNew: 959K->64K(960K), 0.0013796 secs] 225116K->224613K(524224K), 0.0014629 secs] [Times: user=0.00 sys=0.00, real=0.00 secs] 
14.616: [GC (Allocation Failure) 14.616: [DefNew: 960K->63K(960K), 0.0012426 secs] 225510K->224998K(524224K), 0.0013196 secs] [Times: user=0.00 sys=0.00, real=0.00 secs] 
14.618: [GC (Allocation Failure) 14.618: [DefNew: 959K->64K(960K), 0.0012861 secs] 225896K->225382K(524224K), 0.0013686 secs] [Times: user=0.00 sys=0.00, real=0.00 secs] 
14.621: [GC (Allocation Failure) 14.621: [DefNew: 960K->63K(960K), 0.0012896 secs] 226278K->225759K(524224K), 0.0013713 secs] [Times: user=0.00 sys=0.00, real=0.00 secs] 
14.623: [GC (Allocation Failure) 14.623: [DefNew: 959K->64K(960K), 0.0011901 secs] 226655K->226173K(524224K), 0.0012513 secs] [Times: user=0.00 sys=0.00, real=0.00 secs] 
14.626: [GC (Allocation Failure) 14.627: [DefNew: 960K->63K(960K), 0.0016279 secs] 227069K->226563K(524224K), 0.0017767 secs] [Times: user=0.00 sys=0.00, real=0.00 secs] 
14.630: [GC (Allocation Failure) 14.630: [DefNew: 959K->63K(960K), 0.0012730 secs] 227459K->227007K(524224K), 0.0013370 secs] [Times: user=0.00 sys=0.00, real=0.00 secs] 
14.632: [GC (Allocation Failure) 14.632: [DefNew: 959K->63K(960K), 0.0013101 secs] 227905K->227409K(524224K), 0.0013686 secs] [Times: user=0.00 sys=0.00, real=0.00 secs] 
14.635: [GC (Allocation Failure) 14.635: [DefNew: 959K->63K(960K), 0.0013101 secs] 228307K->227821K(524224K), 0.0013729 secs] [Times: user=0.00 sys=0.00, real=0.00 secs] 
14.637: [GC (Allocation Failure) 14.637: [DefNew: 959K->64K(960K), 0.0012868 secs] 228717K->228214K(524224K), 0.0013500 secs] [Times: user=0.00 sys=0.00, real=0.00 secs] 
14.640: [GC (Allocation Failure) 14.640: [DefNew: 960K->64K(960K), 0.0013780 secs] 229112K->228673K(524224K), 0.0014329 secs] [Times: user=0.00 sys=0.00, real=0.00 secs] 
14.643: [GC (Allocation Failure) 14.643: [DefNew: 960K->63K(960K), 0.0013386 secs] 229569K->229079K(524224K), 0.0014009 secs] [Times: user=0.00 sys=0.00, real=0.00 secs] 
14.645: [GC (Allocation Failure) 14.645: [DefNew: 959K->64K(960K), 0.0013034 secs] 229975K->229475K(524224K), 0.0013611 secs] [Times: user=0.00 sys=0.00, real=0.00 secs] 
14.648: [GC (Allocation Failure) 14.648: [DefNew: 960K->63K(960K), 0.0013251 secs] 230371K->229911K(524224K), 0.0013907 secs] [Times: user=0.00 sys=0.00, real=0.00 secs] 
14.651: [GC (Allocation Failure) 14.651: [DefNew: 959K->64K(960K), 0.0012032 secs] 230808K->230311K(524224K), 0.0012588 secs] [Times: user=0.00 sys=0.00, real=0.00 secs] 
14.653: [GC (Allocation Failure) 14.653: [DefNew: 960K->64K(960K), 0.0012272 secs] 231208K->230738K(524224K), 0.0012809 secs] [Times: user=0.00 sys=0.00, real=0.00 secs] 
14.656: [GC (Allocation Failure) 14.656: [DefNew: 960K->64K(960K), 0.0012596 secs] 231634K->231166K(524224K), 0.0013295 secs] [Times: user=0.02 sys=0.00, real=0.00 secs] 
14.658: [GC (Allocation Failure) 14.658: [DefNew: 960K->64K(960K), 0.0012841 secs] 232063K->231568K(524224K), 0.0013970 secs] [Times: user=0.00 sys=0.00, real=0.00 secs] 
14.662: [GC (Allocation Failure) 14.662: [DefNew: 960K->64K(960K), 0.0015343 secs] 232464K->232121K(524224K), 0.0016200 secs] [Times: user=0.00 sys=0.00, real=0.00 secs] 
14.666: [GC (Allocation Failure) 14.666: [DefNew: 960K->63K(960K), 0.0015489 secs] 233018K->232568K(524224K), 0.0016204 secs] [Times: user=0.00 sys=0.00, real=0.00 secs] 
14.669: [GC (Allocation Failure) 14.669: [DefNew: 959K->64K(960K), 0.0014542 secs] 233464K->232993K(524224K), 0.0015186 secs] [Times: user=0.00 sys=0.00, real=0.00 secs] 
14.676: [GC (Allocation Failure) 14.676: [DefNew: 960K->64K(960K), 0.0014988 secs] 233890K->233458K(524224K), 0.0015975 secs] [Times: user=0.00 sys=0.00, real=0.00 secs] 
14.679: [GC (Allocation Failure) 14.679: [DefNew: 960K->64K(960K), 0.0014495 secs] 234356K->233890K(524224K), 0.0015154 secs] [Times: user=0.00 sys=0.00, real=0.00 secs] 
14.683: [GC (Allocation Failure) 14.683: [DefNew: 960K->64K(960K), 0.0013938 secs] 234786K->234329K(524224K), 0.0014783 secs] [Times: user=0.00 sys=0.00, real=0.00 secs] 
14.687: [GC (Allocation Failure) 14.687: [DefNew: 960K->64K(960K), 0.0013721 secs] 235227K->234756K(524224K), 0.0014408 secs] [Times: user=0.00 sys=0.00, real=0.00 secs] 
14.689: [GC (Allocation Failure) 14.689: [DefNew: 960K->64K(960K), 0.0014416 secs] 235653K->235154K(524224K), 0.0015122 secs] [Times: user=0.00 sys=0.00, real=0.00 secs] 
14.695: [GC (Allocation Failure) 14.695: [DefNew: 960K->63K(960K), 0.0014021 secs] 236051K->235589K(524224K), 0.0015253 secs] [Times: user=0.00 sys=0.00, real=0.00 secs] 
14.698: [GC (Allocation Failure) 14.698: [DefNew: 959K->64K(960K), 0.0016204 secs] 236486K->236030K(524224K), 0.0017558 secs] [Times: user=0.00 sys=0.00, real=0.00 secs] 
14.702: [GC (Allocation Failure) 14.702: [DefNew: 960K->63K(960K), 0.0014404 secs] 236927K->236471K(524224K), 0.0015182 secs] [Times: user=0.00 sys=0.00, real=0.00 secs] 
14.706: [GC (Allocation Failure) 14.706: [DefNew: 959K->64K(960K), 0.0014743 secs] 237367K->236920K(524224K), 0.0015564 secs] [Times: user=0.00 sys=0.00, real=0.00 secs] 
14.709: [GC (Allocation Failure) 14.709: [DefNew: 960K->63K(960K), 0.0013989 secs] 237817K->237343K(524224K), 0.0014621 secs] [Times: user=0.00 sys=0.00, real=0.00 secs] 
14.712: [GC (Allocation Failure) 14.712: [DefNew: 959K->64K(960K), 0.0014242 secs] 238240K->237844K(524224K), 0.0014842 secs] [Times: user=0.00 sys=0.00, real=0.00 secs] 
14.714: [GC (Allocation Failure) 14.714: [DefNew: 960K->63K(960K), 0.0014147 secs] 238741K->238276K(524224K), 0.0014874 secs] [Times: user=0.00 sys=0.00, real=0.00 secs] 
14.717: [GC (Allocation Failure) 14.717: [DefNew: 959K->64K(960K), 0.0012509 secs] 239173K->238694K(524224K), 0.0013153 secs] [Times: user=0.00 sys=0.00, real=0.00 secs] 
14.720: [GC (Allocation Failure) 14.720: [DefNew: 960K->64K(960K), 0.0012553 secs] 239591K->239127K(524224K), 0.0013220 secs] [Times: user=0.00 sys=0.00, real=0.00 secs] 
14.722: [GC (Allocation Failure) 14.722: [DefNew: 960K->64K(960K), 0.0013516 secs] 240024K->239539K(524224K), 0.0014222 secs] [Times: user=0.00 sys=0.00, real=0.00 secs] 
14.725: [GC (Allocation Failure) 14.725: [DefNew: 960K->64K(960K), 0.0014278 secs] 240435K->239969K(524224K), 0.0014968 secs] [Times: user=0.00 sys=0.00, real=0.00 secs] 
14.728: [GC (Allocation Failure) 14.728: [DefNew: 960K->64K(960K), 0.0014368 secs] 240865K->240457K(524224K), 0.0015189 secs] [Times: user=0.00 sys=0.00, real=0.00 secs] 
14.732: [GC (Allocation Failure) 14.732: [DefNew: 960K->64K(960K), 0.0014254 secs] 241354K->240896K(524224K), 0.0014874 secs] [Times: user=0.00 sys=0.00, real=0.00 secs] 
14.735: [GC (Allocation Failure) 14.735: [DefNew: 960K->64K(960K), 0.0013461 secs] 241793K->241293K(524224K), 0.0014132 secs] [Times: user=0.00 sys=0.00, real=0.00 secs] 
14.737: [GC (Allocation Failure) 14.737: [DefNew: 960K->63K(960K), 0.0013417 secs] 242189K->241720K(524224K), 0.0014128 secs] [Times: user=0.00 sys=0.00, real=0.00 secs] 
14.740: [GC (Allocation Failure) 14.740: [DefNew: 959K->64K(960K), 0.0013761 secs] 242617K->242178K(524224K), 0.0014345 secs] [Times: user=0.00 sys=0.00, real=0.00 secs] 
14.742: [GC (Allocation Failure) 14.742: [DefNew: 960K->64K(960K), 0.0013993 secs] 243074K->242559K(524224K), 0.0014684 secs] [Times: user=0.00 sys=0.00, real=0.00 secs] 
14.745: [GC (Allocation Failure) 14.745: [DefNew: 960K->64K(960K), 0.0013792 secs] 243456K->242956K(524224K), 0.0014609 secs] [Times: user=0.00 sys=0.00, real=0.00 secs] 
14.748: [GC (Allocation Failure) 14.748: [DefNew: 960K->64K(960K), 0.0013867 secs] 243852K->243414K(524224K), 0.0014495 secs] [Times: user=0.00 sys=0.00, real=0.00 secs] 
14.750: [GC (Allocation Failure) 14.750: [DefNew: 960K->63K(960K), 0.0013618 secs] 244311K->243841K(524224K), 0.0014361 secs] [Times: user=0.02 sys=0.00, real=0.00 secs] 
14.753: [GC (Allocation Failure) 14.753: [DefNew: 959K->63K(960K), 0.0013220 secs] 244738K->244278K(524224K), 0.0013871 secs] [Times: user=0.00 sys=0.00, real=0.00 secs] 
14.755: [GC (Allocation Failure) 14.755: [DefNew: 959K->63K(960K), 0.0013346 secs] 245175K->244706K(524224K), 0.0013989 secs] [Times: user=0.00 sys=0.00, real=0.00 secs] 
14.758: [GC (Allocation Failure) 14.758: [DefNew: 959K->63K(960K), 0.0012580 secs] 245603K->245142K(524224K), 0.0013153 secs] [Times: user=0.00 sys=0.00, real=0.00 secs] 
14.761: [GC (Allocation Failure) 14.761: [DefNew: 959K->63K(960K), 0.0014511 secs] 246039K->245621K(524224K), 0.0015872 secs] [Times: user=0.00 sys=0.00, real=0.00 secs] 
14.764: [GC (Allocation Failure) 14.764: [DefNew: 959K->63K(960K), 0.0013970 secs] 246518K->246043K(524224K), 0.0014692 secs] [Times: user=0.00 sys=0.00, real=0.00 secs] 
14.768: [GC (Allocation Failure) 14.768: [DefNew: 959K->64K(960K), 0.0014617 secs] 246939K->246518K(524224K), 0.0016172 secs] [Times: user=0.00 sys=0.00, real=0.00 secs] 
14.774: [GC (Allocation Failure) 14.774: [DefNew: 960K->64K(960K), 0.0015272 secs] 247415K->246955K(524224K), 0.0016382 secs] [Times: user=0.00 sys=0.00, real=0.00 secs] 
14.778: [GC (Allocation Failure) 14.778: [DefNew: 960K->63K(960K), 0.0014838 secs] 247852K->247418K(524224K), 0.0015442 secs] [Times: user=0.00 sys=0.00, real=0.00 secs] 
14.782: [GC (Allocation Failure) 14.782: [DefNew: 959K->64K(960K), 0.0014566 secs] 248314K->247860K(524224K), 0.0015261 secs] [Times: user=0.00 sys=0.00, real=0.00 secs] 
14.784: [GC (Allocation Failure) 14.784: [DefNew: 960K->63K(960K), 0.0013200 secs] 248756K->248292K(524224K), 0.0013883 secs] [Times: user=0.00 sys=0.00, real=0.00 secs] 
14.787: [GC (Allocation Failure) 14.787: [DefNew: 959K->63K(960K), 0.0012525 secs] 249188K->248709K(524224K), 0.0013137 secs] [Times: user=0.00 sys=0.00, real=0.00 secs] 
14.790: [GC (Allocation Failure) 14.790: [DefNew: 959K->64K(960K), 0.0012343 secs] 249606K->249106K(524224K), 0.0012987 secs] [Times: user=0.00 sys=0.00, real=0.00 secs] 
14.792: [GC (Allocation Failure) 14.792: [DefNew: 960K->64K(960K), 0.0012983 secs] 250002K->249516K(524224K), 0.0013670 secs] [Times: user=0.00 sys=0.00, real=0.00 secs] 
14.796: [GC (Allocation Failure) 14.796: [DefNew: 960K->64K(960K), 0.0016855 secs] 250413K->250069K(524224K), 0.0017996 secs] [Times: user=0.00 sys=0.02, real=0.00 secs] 
14.800: [GC (Allocation Failure) 14.800: [DefNew: 960K->63K(960K), 0.0016089 secs] 250965K->250476K(524224K), 0.0017163 secs] [Times: user=0.00 sys=0.00, real=0.00 secs] 
14.804: [GC (Allocation Failure) 14.804: [DefNew: 959K->63K(960K), 0.0014301 secs] 251372K->250930K(524224K), 0.0015122 secs] [Times: user=0.00 sys=0.00, real=0.00 secs] 
14.808: [GC (Allocation Failure) 14.808: [DefNew: 959K->64K(960K), 0.0014246 secs] 251828K->251370K(524224K), 0.0014858 secs] [Times: user=0.00 sys=0.00, real=0.00 secs] 
14.810: [GC (Allocation Failure) 14.810: [DefNew: 960K->64K(960K), 0.0013962 secs] 252267K->251787K(524224K), 0.0014586 secs] [Times: user=0.00 sys=0.00, real=0.00 secs] 
14.813: [GC (Allocation Failure) 14.813: [DefNew: 960K->63K(960K), 0.0013820 secs] 252683K->252232K(524224K), 0.0014558 secs] [Times: user=0.00 sys=0.00, real=0.00 secs] 
14.815: [GC (Allocation Failure) 14.815: [DefNew: 959K->64K(960K), 0.0016299 secs] 253129K->252696K(524224K), 0.0017136 secs] [Times: user=0.00 sys=0.00, real=0.00 secs] 
14.819: [GC (Allocation Failure) 14.819: [DefNew: 960K->63K(960K), 0.0014593 secs] 253592K->253143K(524224K), 0.0015355 secs] [Times: user=0.00 sys=0.00, real=0.00 secs] 
14.823: [GC (Allocation Failure) 14.823: [DefNew: 959K->64K(960K), 0.0014676 secs] 254040K->253623K(524224K), 0.0015383 secs] [Times: user=0.00 sys=0.00, real=0.00 secs] 
14.825: [GC (Allocation Failure) 14.825: [DefNew: 960K->63K(960K), 0.0013733 secs] 254522K->253999K(524224K), 0.0014432 secs] [Times: user=0.00 sys=0.00, real=0.00 secs] 
14.828: [GC (Allocation Failure) 14.828: [DefNew: 959K->63K(960K), 0.0013382 secs] 254895K->254481K(524224K), 0.0014195 secs] [Times: user=0.01 sys=0.00, real=0.00 secs] 
14.830: [GC (Allocation Failure) 14.830: [DefNew: 959K->63K(960K), 0.0013117 secs] 255378K->254874K(524224K), 0.0013761 secs] [Times: user=0.00 sys=0.00, real=0.00 secs] 
14.833: [GC (Allocation Failure) 14.833: [DefNew: 959K->63K(960K), 0.0013725 secs] 255770K->255298K(524224K), 0.0014384 secs] [Times: user=0.00 sys=0.00, real=0.00 secs] 
14.836: [GC (Allocation Failure) 14.836: [DefNew: 959K->63K(960K), 0.0014108 secs] 256195K->255757K(524224K), 0.0014712 secs] [Times: user=0.00 sys=0.00, real=0.00 secs] 
14.838: [GC (Allocation Failure) 14.838: [DefNew: 959K->64K(960K), 0.0014171 secs] 256653K->256175K(524224K), 0.0014811 secs] [Times: user=0.00 sys=0.00, real=0.00 secs] 
14.841: [GC (Allocation Failure) 14.841: [DefNew: 960K->63K(960K), 0.0014033 secs] 257071K->256636K(524224K), 0.0014609 secs] [Times: user=0.00 sys=0.00, real=0.00 secs] 
14.843: [GC (Allocation Failure) 14.843: [DefNew: 959K->64K(960K), 0.0013733 secs] 257535K->257053K(524224K), 0.0014345 secs] [Times: user=0.00 sys=0.00, real=0.00 secs] 
14.846: [GC (Allocation Failure) 14.846: [DefNew: 960K->63K(960K), 0.0013824 secs] 257950K->257449K(524224K), 0.0014550 secs] [Times: user=0.00 sys=0.00, real=0.00 secs] 
14.849: [GC (Allocation Failure) 14.849: [DefNew: 959K->64K(960K), 0.0014301 secs] 258346K->257908K(524224K), 0.0014933 secs] [Times: user=0.00 sys=0.00, real=0.00 secs] 
14.851: [GC (Allocation Failure) 14.851: [DefNew: 960K->64K(960K), 0.0013188 secs] 258805K->258311K(524224K), 0.0013847 secs] [Times: user=0.00 sys=0.00, real=0.00 secs] 
14.854: [GC (Allocation Failure) 14.854: [DefNew: 960K->63K(960K), 0.0012789 secs] 259207K->258758K(524224K), 0.0013622 secs] [Times: user=0.00 sys=0.00, real=0.00 secs] 
14.856: [GC (Allocation Failure) 14.856: [DefNew: 959K->63K(960K), 0.0013993 secs] 259655K->259206K(524224K), 0.0014653 secs] [Times: user=0.00 sys=0.00, real=0.00 secs] 
14.859: [GC (Allocation Failure) 14.859: [DefNew: 959K->63K(960K), 0.0015454 secs] 260103K->259680K(524224K), 0.0016255 secs] [Times: user=0.02 sys=0.00, real=0.00 secs] 
14.863: [GC (Allocation Failure) 14.863: [DefNew: 959K->63K(960K), 0.0015639 secs] 260576K->260161K(524224K), 0.0016571 secs] [Times: user=0.00 sys=0.00, real=0.00 secs] 
14.866: [GC (Allocation Failure) 14.866: [DefNew: 959K->63K(960K), 0.0014893 secs] 261057K->260554K(524224K), 0.0015620 secs] [Times: user=0.00 sys=0.00, real=0.00 secs] 
14.873: [GC (Allocation Failure) 14.873: [DefNew: 959K->64K(960K), 0.0015063 secs] 261450K->260958K(524224K), 0.0016153 secs] [Times: user=0.00 sys=0.00, real=0.00 secs] 
14.876: [GC (Allocation Failure) 14.876: [DefNew: 960K->63K(960K), 0.0013863 secs] 261855K->261346K(524224K), 0.0014554 secs] [Times: user=0.00 sys=0.00, real=0.00 secs] 
14.879: [GC (Allocation Failure) 14.879: [DefNew: 959K->63K(960K), 0.0013634 secs] 262243K->261745K(524224K), 0.0014337 secs] [Times: user=0.00 sys=0.00, real=0.00 secs] 
14.882: [GC (Allocation Failure) 14.882: [DefNew: 959K->64K(960K), 0.0013670 secs] 262641K->262148K(524224K), 0.0014317 secs] [Times: user=0.00 sys=0.00, real=0.00 secs] 
14.884: [GC (Allocation Failure) 14.884: [DefNew: 960K->64K(960K), 0.0015051 secs] 263045K->262555K(524224K), 0.0015849 secs] [Times: user=0.00 sys=0.00, real=0.00 secs] 
14.888: [GC (Allocation Failure) 14.888: [DefNew: 960K->64K(960K), 0.0013753 secs] 263453K->262944K(524224K), 0.0014578 secs] [Times: user=0.00 sys=0.00, real=0.00 secs] 
14.890: [GC (Allocation Failure) 14.890: [DefNew: 960K->64K(960K), 0.0012272 secs] 263841K->263332K(524224K), 0.0012955 secs] [Times: user=0.01 sys=0.00, real=0.00 secs] 
14.894: [GC (Allocation Failure) 14.895: [DefNew: 960K->63K(960K), 0.0018316 secs] 264230K->263867K(524224K), 0.0020001 secs] [Times: user=0.00 sys=0.00, real=0.00 secs] 
14.898: [GC (Allocation Failure) 14.898: [DefNew: 959K->63K(960K), 0.0016318 secs] 264763K->264263K(524224K), 0.0017163 secs] [Times: user=0.00 sys=0.00, real=0.00 secs] 
14.902: [GC (Allocation Failure) 14.902: [DefNew: 959K->64K(960K), 0.0014155 secs] 265160K->264658K(524224K), 0.0015043 secs] [Times: user=0.00 sys=0.00, real=0.00 secs] 
14.905: [GC (Allocation Failure) 14.905: [DefNew: 960K->63K(960K), 0.0014392 secs] 265554K->265061K(524224K), 0.0015229 secs] [Times: user=0.00 sys=0.00, real=0.00 secs] 
14.907: [GC (Allocation Failure) 14.907: [DefNew: 959K->63K(960K), 0.0018774 secs] 265958K->265563K(524224K), 0.0019678 secs] [Times: user=0.00 sys=0.00, real=0.00 secs] 
14.911: [GC (Allocation Failure) 14.911: [DefNew: 959K->63K(960K), 0.0018505 secs] 266459K->266172K(524224K), 0.0019291 secs] [Times: user=0.00 sys=0.00, real=0.00 secs] 
14.915: [GC (Allocation Failure) 14.915: [DefNew: 959K->63K(960K), 0.0019496 secs] 267068K->266746K(524224K), 0.0020345 secs] [Times: user=0.00 sys=0.00, real=0.00 secs] 
14.918: [GC (Allocation Failure) 14.918: [DefNew: 959K->63K(960K), 0.0015714 secs] 267642K->267178K(524224K), 0.0016421 secs] [Times: user=0.00 sys=0.00, real=0.00 secs] 
14.922: [GC (Allocation Failure) 14.922: [DefNew: 959K->63K(960K), 0.0015750 secs] 268075K->267656K(524224K), 0.0016622 secs] [Times: user=0.02 sys=0.00, real=0.00 secs] 
14.925: [GC (Allocation Failure) 14.925: [DefNew: 959K->63K(960K), 0.0014491 secs] 268552K->268076K(524224K), 0.0015237 secs] [Times: user=0.00 sys=0.00, real=0.00 secs] 
14.928: [GC (Allocation Failure) 14.928: [DefNew: 959K->63K(960K), 0.0014258 secs] 268973K->268580K(524224K), 0.0015063 secs] [Times: user=0.00 sys=0.00, real=0.00 secs] 
14.931: [GC (Allocation Failure) 14.931: [DefNew: 959K->64K(960K), 0.0014633 secs] 269476K->269019K(524224K), 0.0015253 secs] [Times: user=0.00 sys=0.00, real=0.00 secs] 
14.933: [GC (Allocation Failure) 14.933: [DefNew: 960K->63K(960K), 0.0014424 secs] 269916K->269472K(524224K), 0.0015024 secs] [Times: user=0.00 sys=0.00, real=0.00 secs] 
14.936: [GC (Allocation Failure) 14.936: [DefNew: 959K->63K(960K), 0.0014751 secs] 270368K->269934K(524224K), 0.0015395 secs] [Times: user=0.00 sys=0.00, real=0.00 secs] 
14.938: [GC (Allocation Failure) 14.938: [DefNew: 959K->63K(960K), 0.0014566 secs] 270832K->270352K(524224K), 0.0015237 secs] [Times: user=0.00 sys=0.00, real=0.00 secs] 
14.941: [GC (Allocation Failure) 14.941: [DefNew: 959K->64K(960K), 0.0014629 secs] 271249K->270829K(524224K), 0.0015245 secs] [Times: user=0.00 sys=0.00, real=0.00 secs] 
14.944: [GC (Allocation Failure) 14.944: [DefNew: 960K->63K(960K), 0.0015399 secs] 271725K->271299K(524224K), 0.0016117 secs] [Times: user=0.00 sys=0.00, real=0.00 secs] 
14.946: [GC (Allocation Failure) 14.946: [DefNew: 959K->63K(960K), 0.0013950 secs] 272198K->271698K(524224K), 0.0014530 secs] [Times: user=0.00 sys=0.00, real=0.00 secs] 
14.949: [GC (Allocation Failure) 14.949: [DefNew: 959K->63K(960K), 0.0013764 secs] 272596K->272170K(524224K), 0.0014341 secs] [Times: user=0.00 sys=0.00, real=0.00 secs] 
14.951: [GC (Allocation Failure) 14.951: [DefNew: 959K->63K(960K), 0.0013603 secs] 273068K->272586K(524224K), 0.0014230 secs] [Times: user=0.00 sys=0.00, real=0.00 secs] 
14.954: [GC (Allocation Failure) 14.954: [DefNew: 959K->63K(960K), 0.0014597 secs] 273483K->273041K(524224K), 0.0015387 secs] [Times: user=0.00 sys=0.00, real=0.00 secs] 
14.957: [GC (Allocation Failure) 14.957: [DefNew: 959K->63K(960K), 0.0015458 secs] 273938K->273519K(524224K), 0.0016267 secs] [Times: user=0.00 sys=0.00, real=0.00 secs] 
14.960: [GC (Allocation Failure) 14.960: [DefNew: 959K->63K(960K), 0.0016974 secs] 274416K->273958K(524224K), 0.0017909 secs] [Times: user=0.00 sys=0.00, real=0.00 secs] 
14.964: [GC (Allocation Failure) 14.964: [DefNew: 959K->63K(960K), 0.0013824 secs] 274854K->274410K(524224K), 0.0014566 secs] [Times: user=0.00 sys=0.00, real=0.00 secs] 
14.967: [GC (Allocation Failure) 14.967: [DefNew: 959K->63K(960K), 0.0014076 secs] 275306K->274805K(524224K), 0.0014803 secs] [Times: user=0.00 sys=0.00, real=0.00 secs] 
14.969: [GC (Allocation Failure) 14.969: [DefNew: 959K->64K(960K), 0.0016145 secs] 275702K->275297K(524224K), 0.0016926 secs] [Times: user=0.00 sys=0.00, real=0.00 secs] 
14.973: [GC (Allocation Failure) 14.973: [DefNew: 960K->64K(960K), 0.0025543 secs] 276194K->275891K(524224K), 0.0026909 secs] [Times: user=0.00 sys=0.00, real=0.00 secs] 
14.977: [GC (Allocation Failure) 14.977: [DefNew: 960K->64K(960K), 0.0017214 secs] 276787K->276347K(524224K), 0.0017941 secs] [Times: user=0.00 sys=0.00, real=0.00 secs] 
14.981: [GC (Allocation Failure) 14.981: [DefNew: 960K->63K(960K), 0.0015367 secs] 277243K->276819K(524224K), 0.0016034 secs] [Times: user=0.00 sys=0.00, real=0.00 secs] 
14.983: [GC (Allocation Failure) 14.983: [DefNew: 959K->64K(960K), 0.0014037 secs] 277717K->277236K(524224K), 0.0014716 secs] [Times: user=0.00 sys=0.00, real=0.00 secs] 
14.986: [GC (Allocation Failure) 14.986: [DefNew: 960K->63K(960K), 0.0014088 secs] 278132K->277636K(524224K), 0.0014941 secs] [Times: user=0.00 sys=0.00, real=0.00 secs] 
14.989: [GC (Allocation Failure) 14.989: [DefNew: 959K->63K(960K), 0.0013137 secs] 278533K->278084K(524224K), 0.0013772 secs] [Times: user=0.00 sys=0.00, real=0.00 secs] 
14.991: [GC (Allocation Failure) 14.991: [DefNew: 959K->63K(960K), 0.0014199 secs] 278980K->278510K(524224K), 0.0014961 secs] [Times: user=0.00 sys=0.00, real=0.00 secs] 
14.994: [GC (Allocation Failure) 14.994: [DefNew: 959K->64K(960K), 0.0023380 secs] 279407K->279102K(524224K), 0.0025315 secs] [Times: user=0.00 sys=0.00, real=0.00 secs] 
14.998: [GC (Allocation Failure) 14.998: [DefNew: 960K->64K(960K), 0.0016409 secs] 279998K->279510K(524224K), 0.0017416 secs] [Times: user=0.00 sys=0.00, real=0.00 secs] 
15.002: [GC (Allocation Failure) 15.002: [DefNew: 960K->64K(960K), 0.0016472 secs] 280407K->280062K(524224K), 0.0017597 secs] [Times: user=0.00 sys=0.00, real=0.00 secs] 
15.006: [GC (Allocation Failure) 15.010: [DefNew: 960K->64K(960K), 0.0017250 secs] 280958K->280518K(524224K), 0.0061634 secs] [Times: user=0.00 sys=0.00, real=0.01 secs] 
15.013: [GC (Allocation Failure) 15.013: [DefNew: 960K->64K(960K), 0.0014700 secs] 281415K->280937K(524224K), 0.0015572 secs] [Times: user=0.00 sys=0.00, real=0.00 secs] 
15.017: [GC (Allocation Failure) 15.017: [DefNew: 960K->63K(960K), 0.0021793 secs] 281833K->281462K(524224K), 0.0022997 secs] [Times: user=0.00 sys=0.00, real=0.00 secs] 
15.020: [GC (Allocation Failure) 15.020: [DefNew: 959K->63K(960K), 0.0015280 secs] 282358K->281889K(524224K), 0.0016066 secs] [Times: user=0.00 sys=0.00, real=0.00 secs] 
15.024: [GC (Allocation Failure) 15.024: [DefNew: 959K->64K(960K), 0.0014961 secs] 282786K->282380K(524224K), 0.0015936 secs] [Times: user=0.00 sys=0.00, real=0.00 secs] 
15.028: [GC (Allocation Failure) 15.028: [DefNew: 960K->63K(960K), 0.0015912 secs] 283276K->282877K(524224K), 0.0016891 secs] [Times: user=0.00 sys=0.00, real=0.00 secs] 
15.031: [GC (Allocation Failure) 15.031: [DefNew: 959K->63K(960K), 0.0014637 secs] 283774K->283317K(524224K), 0.0015430 secs] [Times: user=0.02 sys=0.00, real=0.00 secs] 
15.035: [GC (Allocation Failure) 15.035: [DefNew: 959K->63K(960K), 0.0014830 secs] 284213K->283764K(524224K), 0.0015643 secs] [Times: user=0.00 sys=0.00, real=0.00 secs] 
15.037: [GC (Allocation Failure) 15.037: [DefNew: 959K->63K(960K), 0.0014195 secs] 284661K->284184K(524224K), 0.0014779 secs] [Times: user=0.00 sys=0.00, real=0.00 secs] 
15.040: [GC (Allocation Failure) 15.040: [DefNew: 959K->63K(960K), 0.0014349 secs] 285081K->284635K(524224K), 0.0015008 secs] [Times: user=0.00 sys=0.00, real=0.00 secs] 
15.043: [GC (Allocation Failure) 15.043: [DefNew: 959K->64K(960K), 0.0014921 secs] 285532K->285103K(524224K), 0.0015695 secs] [Times: user=0.00 sys=0.00, real=0.00 secs] 
15.046: [GC (Allocation Failure) 15.046: [DefNew: 960K->63K(960K), 0.0015655 secs] 285999K->285594K(524224K), 0.0016484 secs] [Times: user=0.02 sys=0.00, real=0.00 secs] 
15.050: [GC (Allocation Failure) 15.050: [DefNew: 959K->63K(960K), 0.0014968 secs] 286490K->286074K(524224K), 0.0015687 secs] [Times: user=0.00 sys=0.00, real=0.00 secs] 
15.053: [GC (Allocation Failure) 15.053: [DefNew: 959K->64K(960K), 0.0013453 secs] 286970K->286478K(524224K), 0.0014175 secs] [Times: user=0.00 sys=0.00, real=0.00 secs] 
15.056: [GC (Allocation Failure) 15.056: [DefNew: 960K->63K(960K), 0.0013204 secs] 287375K->286906K(524224K), 0.0013974 secs] [Times: user=0.00 sys=0.00, real=0.00 secs] 
15.059: [GC (Allocation Failure) 15.059: [DefNew: 959K->63K(960K), 0.0018600 secs] 287803K->287364K(524224K), 0.0019966 secs] [Times: user=0.00 sys=0.00, real=0.00 secs] 
15.062: [GC (Allocation Failure) 15.062: [DefNew: 959K->64K(960K), 0.0015071 secs] 288260K->287810K(524224K), 0.0015829 secs] [Times: user=0.02 sys=0.00, real=0.00 secs] 
15.066: [GC (Allocation Failure) 15.066: [DefNew: 960K->63K(960K), 0.0016378 secs] 288707K->288308K(524224K), 0.0017222 secs] [Times: user=0.00 sys=0.00, real=0.00 secs] 
15.069: [GC (Allocation Failure) 15.069: [DefNew: 959K->64K(960K), 0.0022378 secs] 289205K->288742K(524224K), 0.0023503 secs] [Times: user=0.00 sys=0.00, real=0.00 secs] 
15.073: [GC (Allocation Failure) 15.073: [DefNew: 960K->64K(960K), 0.0019196 secs] 289640K->289406K(524224K), 0.0020274 secs] [Times: user=0.00 sys=0.00, real=0.00 secs] 
15.077: [GC (Allocation Failure) 15.077: [DefNew: 960K->63K(960K), 0.0018036 secs] 290304K->289893K(524224K), 0.0018817 secs] [Times: user=0.02 sys=0.00, real=0.00 secs] 
15.080: [GC (Allocation Failure) 15.080: [DefNew: 959K->64K(960K), 0.0015375 secs] 290790K->290323K(524224K), 0.0016109 secs] [Times: user=0.00 sys=0.00, real=0.00 secs] 
15.084: [GC (Allocation Failure) 15.084: [DefNew: 960K->64K(960K), 0.0014538 secs] 291220K->290761K(524224K), 0.0015296 secs] [Times: user=0.00 sys=0.00, real=0.00 secs] 
15.087: [GC (Allocation Failure) 15.087: [DefNew: 960K->64K(960K), 0.0013887 secs] 291658K->291181K(524224K), 0.0014645 secs] [Times: user=0.00 sys=0.00, real=0.00 secs] 
15.091: [GC (Allocation Failure) 15.091: [DefNew: 960K->63K(960K), 0.0014345 secs] 292077K->291681K(524224K), 0.0015055 secs] [Times: user=0.00 sys=0.00, real=0.00 secs] 
15.095: [GC (Allocation Failure) 15.095: [DefNew: 959K->64K(960K), 0.0021178 secs] 292578K->292343K(524224K), 0.0022540 secs] [Times: user=0.00 sys=0.00, real=0.00 secs] 
15.098: [GC (Allocation Failure) 15.098: [DefNew: 960K->64K(960K), 0.0018225 secs] 293240K->292739K(524224K), 0.0019212 secs] [Times: user=0.00 sys=0.00, real=0.00 secs] 
15.102: [GC (Allocation Failure) 15.102: [DefNew: 960K->64K(960K), 0.0014447 secs] 293635K->293171K(524224K), 0.0015249 secs] [Times: user=0.00 sys=0.00, real=0.00 secs] 
15.105: [GC (Allocation Failure) 15.105: [DefNew: 960K->64K(960K), 0.0014664 secs] 294067K->293600K(524224K), 0.0015387 secs] [Times: user=0.00 sys=0.00, real=0.00 secs] 
15.109: [GC (Allocation Failure) 15.109: [DefNew: 960K->63K(960K), 0.0014286 secs] 294497K->294053K(524224K), 0.0015016 secs] [Times: user=0.02 sys=0.00, real=0.00 secs] 
15.113: [GC (Allocation Failure) 15.113: [DefNew: 959K->63K(960K), 0.0016879 secs] 294950K->294600K(524224K), 0.0017842 secs] [Times: user=0.00 sys=0.00, real=0.00 secs] 
15.116: [GC (Allocation Failure) 15.116: [DefNew: 959K->63K(960K), 0.0015987 secs] 295496K->295018K(524224K), 0.0016658 secs] [Times: user=0.00 sys=0.00, real=0.00 secs] 
15.120: [GC (Allocation Failure) 15.120: [DefNew: 959K->64K(960K), 0.0014136 secs] 295915K->295482K(524224K), 0.0014846 secs] [Times: user=0.00 sys=0.00, real=0.00 secs] 
15.122: [GC (Allocation Failure) 15.122: [DefNew: 960K->63K(960K), 0.0015403 secs] 296379K->295944K(524224K), 0.0016228 secs] [Times: user=0.00 sys=0.00, real=0.00 secs] 
15.126: [GC (Allocation Failure) 15.126: [DefNew: 959K->63K(960K), 0.0022465 secs] 296840K->296406K(524224K), 0.0023451 secs] [Times: user=0.00 sys=0.00, real=0.00 secs] 
15.131: [GC (Allocation Failure) 15.131: [DefNew: 959K->63K(960K), 0.0015233 secs] 297304K->296867K(524224K), 0.0016030 secs] [Times: user=0.00 sys=0.00, real=0.00 secs] 
15.134: [GC (Allocation Failure) 15.134: [DefNew: 959K->63K(960K), 0.0015233 secs] 297764K->297302K(524224K), 0.0015932 secs] [Times: user=0.00 sys=0.00, real=0.00 secs] 
15.138: [GC (Allocation Failure) 15.138: [DefNew: 959K->64K(960K), 0.0015470 secs] 298199K->297779K(524224K), 0.0016093 secs] [Times: user=0.00 sys=0.00, real=0.00 secs] 
15.141: [GC (Allocation Failure) 15.141: [DefNew: 960K->64K(960K), 0.0015620 secs] 298675K->298268K(524224K), 0.0016350 secs] [Times: user=0.00 sys=0.00, real=0.00 secs] 
15.145: [GC (Allocation Failure) 15.145: [DefNew: 960K->64K(960K), 0.0015497 secs] 299165K->298720K(524224K), 0.0016125 secs] [Times: user=0.00 sys=0.00, real=0.00 secs] 
15.149: [GC (Allocation Failure) 15.149: [DefNew: 960K->64K(960K), 0.0015738 secs] 299616K->299209K(524224K), 0.0016318 secs] [Times: user=0.00 sys=0.00, real=0.00 secs] 
15.152: [GC (Allocation Failure) 15.152: [DefNew: 960K->63K(960K), 0.0015134 secs] 300105K->299650K(524224K), 0.0015722 secs] [Times: user=0.00 sys=0.00, real=0.00 secs] 
15.156: [GC (Allocation Failure) 15.156: [DefNew: 959K->63K(960K), 0.0016421 secs] 300546K->300236K(524224K), 0.0017108 secs] [Times: user=0.02 sys=0.00, real=0.00 secs] 
15.159: [GC (Allocation Failure) 15.159: [DefNew: 959K->63K(960K), 0.0020274 secs] 301133K->300685K(524224K), 0.0021284 secs] [Times: user=0.00 sys=0.00, real=0.00 secs] 
15.163: [GC (Allocation Failure) 15.163: [DefNew: 959K->63K(960K), 0.0015529 secs] 301581K->301145K(524224K), 0.0016251 secs] [Times: user=0.00 sys=0.00, real=0.00 secs] 
15.167: [GC (Allocation Failure) 15.167: [DefNew: 959K->64K(960K), 0.0014692 secs] 302042K->301611K(524224K), 0.0015332 secs] [Times: user=0.00 sys=0.00, real=0.00 secs] 
15.170: [GC (Allocation Failure) 15.170: [DefNew: 960K->63K(960K), 0.0020396 secs] 302508K->301995K(524224K), 0.0021711 secs] [Times: user=0.01 sys=0.00, real=0.00 secs] 
15.174: [GC (Allocation Failure) 15.174: [DefNew: 959K->63K(960K), 0.0019243 secs] 302892K->302596K(524224K), 0.0020155 secs] [Times: user=0.00 sys=0.00, real=0.00 secs] 
15.177: [GC (Allocation Failure) 15.177: [DefNew: 959K->63K(960K), 0.0014732 secs] 303493K->303001K(524224K), 0.0015399 secs] [Times: user=0.00 sys=0.00, real=0.00 secs] 
15.181: [GC (Allocation Failure) 15.181: [DefNew: 959K->64K(960K), 0.0015213 secs] 303897K->303469K(524224K), 0.0015829 secs] [Times: user=0.00 sys=0.00, real=0.00 secs] 
15.185: [GC (Allocation Failure) 15.185: [DefNew: 960K->64K(960K), 0.0015166 secs] 304365K->303942K(524224K), 0.0015955 secs] [Times: user=0.00 sys=0.00, real=0.00 secs] 
15.188: [GC (Allocation Failure) 15.188: [DefNew: 960K->64K(960K), 0.0014664 secs] 304839K->304382K(524224K), 0.0015343 secs] [Times: user=0.00 sys=0.00, real=0.00 secs] 
15.191: [GC (Allocation Failure) 15.191: [DefNew: 960K->64K(960K), 0.0014633 secs] 305278K->304889K(524224K), 0.0015316 secs] [Times: user=0.00 sys=0.00, real=0.00 secs] 
15.195: [GC (Allocation Failure) 15.195: [DefNew: 960K->63K(960K), 0.0024047 secs] 305787K->305535K(524224K), 0.0025500 secs] [Times: user=0.00 sys=0.00, real=0.00 secs] 
15.199: [GC (Allocation Failure) 15.199: [DefNew: 959K->63K(960K), 0.0018482 secs] 306431K->306001K(524224K), 0.0019330 secs] [Times: user=0.00 sys=0.00, real=0.00 secs] 
15.203: [GC (Allocation Failure) 15.203: [DefNew: 959K->63K(960K), 0.0016018 secs] 306897K->306450K(524224K), 0.0016772 secs] [Times: user=0.00 sys=0.00, real=0.00 secs] 
15.206: [GC (Allocation Failure) 15.206: [DefNew: 959K->64K(960K), 0.0015296 secs] 307346K->306875K(524224K), 0.0015920 secs] [Times: user=0.00 sys=0.00, real=0.00 secs] 
15.210: [GC (Allocation Failure) 15.210: [DefNew: 960K->64K(960K), 0.0014459 secs] 307771K->307337K(524224K), 0.0015043 secs] [Times: user=0.00 sys=0.00, real=0.00 secs] 
15.212: [GC (Allocation Failure) 15.212: [DefNew: 960K->63K(960K), 0.0014076 secs] 308235K->307732K(524224K), 0.0014732 secs] [Times: user=0.00 sys=0.00, real=0.00 secs] 
15.215: [GC (Allocation Failure) 15.215: [DefNew: 959K->63K(960K), 0.0014092 secs] 308628K->308167K(524224K), 0.0014949 secs] [Times: user=0.00 sys=0.00, real=0.00 secs] 
15.218: [GC (Allocation Failure) 15.218: [DefNew: 959K->63K(960K), 0.0014826 secs] 309063K->308628K(524224K), 0.0015446 secs] [Times: user=0.02 sys=0.00, real=0.00 secs] 
15.221: [GC (Allocation Failure) 15.221: [DefNew: 959K->63K(960K), 0.0015367 secs] 309524K->309084K(524224K), 0.0016236 secs] [Times: user=0.00 sys=0.00, real=0.00 secs] 
15.225: [GC (Allocation Failure) 15.225: [DefNew: 959K->63K(960K), 0.0015268 secs] 309981K->309520K(524224K), 0.0016086 secs] [Times: user=0.00 sys=0.00, real=0.00 secs] 
15.228: [GC (Allocation Failure) 15.228: [DefNew: 959K->63K(960K), 0.0014984 secs] 310417K->309984K(524224K), 0.0015825 secs] [Times: user=0.00 sys=0.00, real=0.00 secs] 
15.232: [GC (Allocation Failure) 15.232: [DefNew: 959K->64K(960K), 0.0015734 secs] 310881K->310440K(524224K), 0.0016433 secs] [Times: user=0.00 sys=0.00, real=0.00 secs] 
15.236: [GC (Allocation Failure) 15.236: [DefNew: 960K->63K(960K), 0.0014925 secs] 311337K->310857K(524224K), 0.0015707 secs] [Times: user=0.00 sys=0.00, real=0.00 secs] 
15.239: [GC (Allocation Failure) 15.239: [DefNew: 959K->63K(960K), 0.0015328 secs] 311753K->311276K(524224K), 0.0016042 secs] [Times: user=0.00 sys=0.00, real=0.00 secs] 
15.243: [GC (Allocation Failure) 15.243: [DefNew: 959K->63K(960K), 0.0015722 secs] 312173K->311774K(524224K), 0.0016453 secs] [Times: user=0.00 sys=0.00, real=0.00 secs] 
15.246: [GC (Allocation Failure) 15.246: [DefNew: 959K->63K(960K), 0.0015296 secs] 312671K->312227K(524224K), 0.0015947 secs] [Times: user=0.00 sys=0.00, real=0.00 secs] 
15.250: [GC (Allocation Failure) 15.250: [DefNew: 959K->63K(960K), 0.0015975 secs] 313124K->312696K(524224K), 0.0016749 secs] [Times: user=0.00 sys=0.00, real=0.00 secs] 
15.254: [GC (Allocation Failure) 15.254: [DefNew: 959K->64K(960K), 0.0016295 secs] 313593K->313159K(524224K), 0.0017112 secs] [Times: user=0.00 sys=0.00, real=0.00 secs] 
15.257: [GC (Allocation Failure) 15.257: [DefNew: 960K->64K(960K), 0.0014668 secs] 314056K->313585K(524224K), 0.0015422 secs] [Times: user=0.00 sys=0.00, real=0.00 secs] 
15.261: [GC (Allocation Failure) 15.261: [DefNew: 960K->63K(960K), 0.0016074 secs] 314482K->314081K(524224K), 0.0017424 secs] [Times: user=0.00 sys=0.00, real=0.00 secs] 
15.264: [GC (Allocation Failure) 15.264: [DefNew: 959K->63K(960K), 0.0015470 secs] 314977K->314516K(524224K), 0.0016176 secs] [Times: user=0.00 sys=0.00, real=0.00 secs] 
15.268: [GC (Allocation Failure) 15.268: [DefNew: 959K->64K(960K), 0.0016046 secs] 315413K->314992K(524224K), 0.0016942 secs] [Times: user=0.00 sys=0.00, real=0.00 secs] 
15.275: [GC (Allocation Failure) 15.275: [DefNew: 960K->63K(960K), 0.0017416 secs] 315889K->315455K(524224K), 0.0018517 secs] [Times: user=0.00 sys=0.00, real=0.00 secs] 
15.278: [GC (Allocation Failure) 15.278: [DefNew: 959K->64K(960K), 0.0015888 secs] 316351K->315879K(524224K), 0.0016678 secs] [Times: user=0.00 sys=0.00, real=0.00 secs] 
15.282: [GC (Allocation Failure) 15.282: [DefNew: 960K->64K(960K), 0.0016516 secs] 316775K->316297K(524224K), 0.0017672 secs] [Times: user=0.00 sys=0.00, real=0.00 secs] 
15.286: [GC (Allocation Failure) 15.286: [DefNew: 960K->63K(960K), 0.0015932 secs] 317193K->316712K(524224K), 0.0016930 secs] [Times: user=0.00 sys=0.00, real=0.00 secs] 
15.289: [GC (Allocation Failure) 15.289: [DefNew: 959K->63K(960K), 0.0015971 secs] 317608K->317131K(524224K), 0.0017053 secs] [Times: user=0.00 sys=0.00, real=0.00 secs] 
15.294: [GC (Allocation Failure) 15.294: [DefNew: 959K->64K(960K), 0.0020128 secs] 318028K->317546K(524224K), 0.0021683 secs] [Times: user=0.00 sys=0.00, real=0.00 secs] 
15.298: [GC (Allocation Failure) 15.298: [DefNew: 960K->63K(960K), 0.0017937 secs] 318443K->317980K(524224K), 0.0019299 secs] [Times: user=0.00 sys=0.00, real=0.00 secs] 
15.303: [GC (Allocation Failure) 15.303: [DefNew: 959K->63K(960K), 0.0014980 secs] 318877K->318410K(524224K), 0.0016232 secs] [Times: user=0.00 sys=0.00, real=0.00 secs] 
15.307: [GC (Allocation Failure) 15.307: [DefNew: 959K->64K(960K), 0.0015608 secs] 319307K->318835K(524224K), 0.0016567 secs] [Times: user=0.00 sys=0.00, real=0.00 secs] 
15.310: [GC (Allocation Failure) 15.310: [DefNew: 960K->64K(960K), 0.0015489 secs] 319732K->319281K(524224K), 0.0016405 secs] [Times: user=0.00 sys=0.00, real=0.00 secs] 
15.314: [GC (Allocation Failure) 15.314: [DefNew: 960K->63K(960K), 0.0015643 secs] 320177K->319767K(524224K), 0.0016461 secs] [Times: user=0.00 sys=0.00, real=0.00 secs] 
15.317: [GC (Allocation Failure) 15.317: [DefNew: 959K->63K(960K), 0.0015880 secs] 320663K->320195K(524224K), 0.0016741 secs] [Times: user=0.00 sys=0.00, real=0.00 secs] 
15.321: [GC (Allocation Failure) 15.321: [DefNew: 959K->63K(960K), 0.0014100 secs] 321094K->320668K(524224K), 0.0014791 secs] [Times: user=0.00 sys=0.00, real=0.00 secs] 
15.324: [GC (Allocation Failure) 15.324: [DefNew: 959K->63K(960K), 0.0014961 secs] 321565K->321118K(524224K), 0.0015758 secs] [Times: user=0.00 sys=0.00, real=0.00 secs] 
15.326: [GC (Allocation Failure) 15.326: [DefNew: 959K->64K(960K), 0.0018501 secs] 322015K->321534K(524224K), 0.0019397 secs] [Times: user=0.02 sys=0.00, real=0.00 secs] 
15.330: [GC (Allocation Failure) 15.330: [DefNew: 960K->64K(960K), 0.0015118 secs] 322430K->322003K(524224K), 0.0015758 secs] [Times: user=0.00 sys=0.00, real=0.00 secs] 
15.332: [GC (Allocation Failure) 15.332: [DefNew: 960K->64K(960K), 0.0014818 secs] 322899K->322406K(524224K), 0.0015564 secs] [Times: user=0.00 sys=0.00, real=0.00 secs] 
15.335: [GC (Allocation Failure) 15.335: [DefNew: 960K->63K(960K), 0.0014282 secs] 323303K->322868K(524224K), 0.0014968 secs] [Times: user=0.00 sys=0.00, real=0.00 secs] 
15.338: [GC (Allocation Failure) 15.338: [DefNew: 959K->64K(960K), 0.0015320 secs] 323765K->323330K(524224K), 0.0015967 secs] [Times: user=0.00 sys=0.00, real=0.00 secs] 
15.340: [GC (Allocation Failure) 15.340: [DefNew: 960K->64K(960K), 0.0015111 secs] 324226K->323740K(524224K), 0.0015758 secs] [Times: user=0.00 sys=0.00, real=0.00 secs] 
15.343: [GC (Allocation Failure) 15.343: [DefNew: 960K->63K(960K), 0.0014680 secs] 324636K->324196K(524224K), 0.0015336 secs] [Times: user=0.02 sys=0.00, real=0.00 secs] 
15.345: [GC (Allocation Failure) 15.345: [DefNew: 959K->63K(960K), 0.0016018 secs] 325093K->324631K(524224K), 0.0016776 secs] [Times: user=0.00 sys=0.00, real=0.00 secs] 
15.349: [GC (Allocation Failure) 15.349: [DefNew: 959K->63K(960K), 0.0015407 secs] 325527K->325076K(524224K), 0.0016070 secs] [Times: user=0.00 sys=0.00, real=0.00 secs] 
15.352: [GC (Allocation Failure) 15.352: [DefNew: 959K->64K(960K), 0.0014874 secs] 325972K->325537K(524224K), 0.0015541 secs] [Times: user=0.00 sys=0.00, real=0.00 secs] 
15.354: [GC (Allocation Failure) 15.354: [DefNew: 960K->63K(960K), 0.0015411 secs] 326434K->325951K(524224K), 0.0016243 secs] [Times: user=0.00 sys=0.00, real=0.00 secs] 
15.358: [GC (Allocation Failure) 15.358: [DefNew: 959K->63K(960K), 0.0015130 secs] 326848K->326423K(524224K), 0.0015916 secs] [Times: user=0.02 sys=0.00, real=0.00 secs] 
15.362: [GC (Allocation Failure) 15.362: [DefNew: 959K->64K(960K), 0.0015643 secs] 327319K->326880K(524224K), 0.0016512 secs] [Times: user=0.00 sys=0.00, real=0.00 secs] 
15.365: [GC (Allocation Failure) 15.365: [DefNew: 960K->63K(960K), 0.0015434 secs] 327776K->327345K(524224K), 0.0016247 secs] [Times: user=0.00 sys=0.00, real=0.00 secs] 
15.369: [GC (Allocation Failure) 15.369: [DefNew: 959K->64K(960K), 0.0014889 secs] 328242K->327763K(524224K), 0.0015541 secs] [Times: user=0.00 sys=0.00, real=0.00 secs] 
15.375: [GC (Allocation Failure) 15.375: [DefNew: 960K->64K(960K), 0.0015186 secs] 328660K->328199K(524224K), 0.0016386 secs] [Times: user=0.00 sys=0.00, real=0.00 secs] 
15.379: [GC (Allocation Failure) 15.379: [DefNew: 960K->63K(960K), 0.0015955 secs] 329096K->328676K(524224K), 0.0016788 secs] [Times: user=0.00 sys=0.00, real=0.00 secs] 
15.382: [GC (Allocation Failure) 15.382: [DefNew: 959K->64K(960K), 0.0016816 secs] 329572K->329107K(524224K), 0.0017676 secs] [Times: user=0.00 sys=0.00, real=0.00 secs] 
15.387: [GC (Allocation Failure) 15.387: [DefNew: 960K->64K(960K), 0.0015837 secs] 330004K->329552K(524224K), 0.0016867 secs] [Times: user=0.00 sys=0.00, real=0.00 secs] 
15.391: [GC (Allocation Failure) 15.391: [DefNew: 960K->63K(960K), 0.0016358 secs] 330448K->330009K(524224K), 0.0017479 secs] [Times: user=0.00 sys=0.00, real=0.00 secs] 
15.394: [GC (Allocation Failure) 15.394: [DefNew: 959K->63K(960K), 0.0020621 secs] 330905K->330516K(524224K), 0.0022409 secs] [Times: user=0.00 sys=0.00, real=0.00 secs] 
15.399: [GC (Allocation Failure) 15.399: [DefNew: 959K->63K(960K), 0.0020933 secs] 331413K->330942K(524224K), 0.0022015 secs] [Times: user=0.00 sys=0.00, real=0.00 secs] 
15.403: [GC (Allocation Failure) 15.404: [DefNew: 959K->64K(960K), 0.0016745 secs] 331839K->331345K(524224K), 0.0017657 secs] [Times: user=0.00 sys=0.00, real=0.00 secs] 
15.408: [GC (Allocation Failure) 15.408: [DefNew: 960K->64K(960K), 0.0015636 secs] 332242K->331773K(524224K), 0.0016614 secs] [Times: user=0.00 sys=0.00, real=0.00 secs] 
15.412: [GC (Allocation Failure) 15.412: [DefNew: 960K->63K(960K), 0.0015943 secs] 332669K->332184K(524224K), 0.0016918 secs] [Times: user=0.00 sys=0.00, real=0.00 secs] 
15.415: [GC (Allocation Failure) 15.415: [DefNew: 959K->64K(960K), 0.0015414 secs] 333080K->332587K(524224K), 0.0016393 secs] [Times: user=0.00 sys=0.00, real=0.00 secs] 
15.419: [GC (Allocation Failure) 15.419: [DefNew: 960K->64K(960K), 0.0022824 secs] 333483K->333189K(524224K), 0.0024079 secs] [Times: user=0.00 sys=0.00, real=0.00 secs] 
15.423: [GC (Allocation Failure) 15.423: [DefNew: 960K->63K(960K), 0.0027940 secs] 334086K->333814K(524224K), 0.0029068 secs] [Times: user=0.00 sys=0.00, real=0.00 secs] 
15.428: [GC (Allocation Failure) 15.428: [DefNew: 959K->64K(960K), 0.0026191 secs] 334711K->334433K(524224K), 0.0027308 secs] [Times: user=0.00 sys=0.00, real=0.00 secs] 
15.433: [GC (Allocation Failure) 15.433: [DefNew: 960K->64K(960K), 0.0023384 secs] 335329K->334965K(524224K), 0.0024347 secs] [Times: user=0.00 sys=0.00, real=0.00 secs] 
15.436: [GC (Allocation Failure) 15.436: [DefNew: 960K->63K(960K), 0.0015979 secs] 335861K->335370K(524224K), 0.0016646 secs] [Times: user=0.02 sys=0.00, real=0.00 secs] 
15.440: [GC (Allocation Failure) 15.440: [DefNew: 959K->64K(960K), 0.0017882 secs] 336266K->335928K(524224K), 0.0018628 secs] [Times: user=0.00 sys=0.00, real=0.00 secs] 
15.443: [GC (Allocation Failure) 15.443: [DefNew: 960K->64K(960K), 0.0015821 secs] 336826K->336342K(524224K), 0.0016449 secs] [Times: user=0.00 sys=0.00, real=0.00 secs] 
15.447: [GC (Allocation Failure) 15.447: [DefNew: 960K->64K(960K), 0.0015789 secs] 337239K->336820K(524224K), 0.0016461 secs] [Times: user=0.00 sys=0.00, real=0.00 secs] 
15.451: [GC (Allocation Failure) 15.451: [DefNew: 960K->64K(960K), 0.0016082 secs] 337717K->337284K(524224K), 0.0016689 secs] [Times: user=0.00 sys=0.00, real=0.00 secs] 
15.454: [GC (Allocation Failure) 15.454: [DefNew: 960K->63K(960K), 0.0016287 secs] 338180K->337737K(524224K), 0.0016982 secs] [Times: user=0.00 sys=0.00, real=0.00 secs] 
15.458: [GC (Allocation Failure) 15.458: [DefNew: 959K->63K(960K), 0.0019287 secs] 338634K->338225K(524224K), 0.0020286 secs] [Times: user=0.00 sys=0.00, real=0.00 secs] 
15.461: [GC (Allocation Failure) 15.461: [DefNew: 959K->64K(960K), 0.0018971 secs] 339121K->338794K(524224K), 0.0019839 secs] [Times: user=0.00 sys=0.00, real=0.00 secs] 
15.465: [GC (Allocation Failure) 15.465: [DefNew: 960K->64K(960K), 0.0017333 secs] 339691K->339219K(524224K), 0.0018103 secs] [Times: user=0.00 sys=0.00, real=0.00 secs] 
15.469: [GC (Allocation Failure) 15.469: [DefNew: 960K->63K(960K), 0.0019334 secs] 340116K->339650K(524224K), 0.0020191 secs] [Times: user=0.00 sys=0.00, real=0.00 secs] 
15.476: [GC (Allocation Failure) 15.476: [DefNew: 959K->63K(960K), 0.0023680 secs] 340547K->340300K(524224K), 0.0024778 secs] [Times: user=0.00 sys=0.00, real=0.00 secs] 
15.480: [GC (Allocation Failure) 15.480: [DefNew: 959K->64K(960K), 0.0017751 secs] 341196K->340727K(524224K), 0.0018399 secs] [Times: user=0.00 sys=0.00, real=0.00 secs] 
15.483: [GC (Allocation Failure) 15.483: [DefNew: 960K->64K(960K), 0.0015126 secs] 341623K->341126K(524224K), 0.0015959 secs] [Times: user=0.02 sys=0.00, real=0.00 secs] 
15.486: [GC (Allocation Failure) 15.486: [DefNew: 960K->63K(960K), 0.0016796 secs] 342023K->341681K(524224K), 0.0017582 secs] [Times: user=0.00 sys=0.00, real=0.00 secs] 
15.489: [GC (Allocation Failure) 15.489: [DefNew: 959K->64K(960K), 0.0019271 secs] 342577K->342283K(524224K), 0.0020065 secs] [Times: user=0.00 sys=0.00, real=0.00 secs] 
15.493: [GC (Allocation Failure) 15.494: [DefNew: 960K->64K(960K), 0.0029507 secs] 343180K->342762K(524224K), 0.0030888 secs] [Times: user=0.00 sys=0.00, real=0.00 secs] 
15.498: [GC (Allocation Failure) 15.498: [DefNew: 960K->64K(960K), 0.0018825 secs] 343659K->343194K(524224K), 0.0020226 secs] [Times: user=0.02 sys=0.00, real=0.00 secs] 
15.501: [GC (Allocation Failure) 15.501: [DefNew: 960K->64K(960K), 0.0019954 secs] 344091K->343709K(524224K), 0.0020957 secs] [Times: user=0.00 sys=0.00, real=0.00 secs] 
15.505: [GC (Allocation Failure) 15.505: [DefNew: 960K->63K(960K), 0.0017491 secs] 344605K->344161K(524224K), 0.0018343 secs] [Times: user=0.00 sys=0.00, real=0.00 secs] 
15.508: [GC (Allocation Failure) 15.508: [DefNew: 959K->63K(960K), 0.0017522 secs] 345057K->344691K(524224K), 0.0018304 secs] [Times: user=0.00 sys=0.00, real=0.00 secs] 
15.512: [GC (Allocation Failure) 15.512: [DefNew: 959K->64K(960K), 0.0024521 secs] 345588K->345245K(524224K), 0.0025555 secs] [Times: user=0.00 sys=0.00, real=0.00 secs] 
15.516: [GC (Allocation Failure) 15.516: [DefNew: 960K->64K(960K), 0.0019567 secs] 346142K->345812K(524224K), 0.0020297 secs] [Times: user=0.00 sys=0.00, real=0.00 secs] 
15.519: [GC (Allocation Failure) 15.519: [DefNew: 960K->64K(960K), 0.0019326 secs] 346708K->346433K(524224K), 0.0020001 secs] [Times: user=0.00 sys=0.00, real=0.00 secs] 
15.523: [GC (Allocation Failure) 15.523: [DefNew: 960K->64K(960K), 0.0027095 secs] 347329K->347087K(524224K), 0.0028196 secs] [Times: user=0.00 sys=0.00, real=0.00 secs] 
15.527: [GC (Allocation Failure) 15.527: [DefNew: 960K->64K(960K), 0.0022922 secs] 347984K->347599K(524224K), 0.0024853 secs] [Times: user=0.00 sys=0.00, real=0.00 secs] 
15.532: [GC (Allocation Failure) 15.532: [DefNew: 960K->64K(960K), 0.0030170 secs] 348495K->348091K(524224K), 0.0031484 secs] [Times: user=0.00 sys=0.00, real=0.00 secs] 
15.537: [GC (Allocation Failure) 15.537: [DefNew: 960K->63K(960K), 0.0022891 secs] 348987K->348583K(524224K), 0.0024205 secs] [Times: user=0.00 sys=0.00, real=0.00 secs] 
15.541: [GC (Allocation Failure) 15.541: [DefNew: 959K->64K(960K), 0.0017171 secs] 349479K->349049K(524224K), 0.0018032 secs] [Times: user=0.00 sys=0.00, real=0.00 secs] 
15.545: [GC (Allocation Failure) 15.545: [DefNew: 960K->64K(960K), 0.0016034 secs] 349946K->349510K(524224K), 0.0016772 secs] [Times: user=0.01 sys=0.00, real=0.00 secs] 
15.548: [GC (Allocation Failure) 15.548: [DefNew: 960K->64K(960K), 0.0016595 secs] 350407K->349982K(524224K), 0.0017459 secs] [Times: user=0.00 sys=0.00, real=0.00 secs] 
15.552: [GC (Allocation Failure) 15.552: [DefNew: 960K->63K(960K), 0.0016287 secs] 350879K->350452K(524224K), 0.0016997 secs] [Times: user=0.00 sys=0.00, real=0.00 secs] 
15.555: [GC (Allocation Failure) 15.555: [DefNew: 959K->64K(960K), 0.0017866 secs] 351348K->350903K(524224K), 0.0018742 secs] [Times: user=0.00 sys=0.00, real=0.00 secs] 
15.559: [GC (Allocation Failure) 15.559: [DefNew: 960K->63K(960K), 0.0020203 secs] 351800K->351386K(524224K), 0.0021541 secs] [Times: user=0.00 sys=0.00, real=0.00 secs] 
15.563: [GC (Allocation Failure) 15.563: [DefNew: 959K->64K(960K), 0.0022575 secs] 352282K->351864K(524224K), 0.0023471 secs] [Times: user=0.00 sys=0.00, real=0.00 secs] 
15.566: [GC (Allocation Failure) 15.566: [DefNew: 960K->64K(960K), 0.0015797 secs] 352760K->352294K(524224K), 0.0016524 secs] [Times: user=0.00 sys=0.00, real=0.00 secs] 
15.570: [GC (Allocation Failure) 15.570: [DefNew: 960K->63K(960K), 0.0023672 secs] 353191K->352811K(524224K), 0.0025026 secs] [Times: user=0.00 sys=0.00, real=0.00 secs] 
15.574: [GC (Allocation Failure) 15.574: [DefNew: 959K->64K(960K), 0.0020088 secs] 353708K->353338K(524224K), 0.0021111 secs] [Times: user=0.00 sys=0.00, real=0.00 secs] 
15.578: [GC (Allocation Failure) 15.578: [DefNew: 960K->64K(960K), 0.0017049 secs] 354235K->353805K(524224K), 0.0017964 secs] [Times: user=0.00 sys=0.00, real=0.00 secs] 
15.582: [GC (Allocation Failure) 15.582: [DefNew: 960K->63K(960K), 0.0016871 secs] 354701K->354327K(524224K), 0.0017767 secs] [Times: user=0.00 sys=0.00, real=0.00 secs] 
15.585: [GC (Allocation Failure) 15.585: [DefNew: 959K->63K(960K), 0.0016709 secs] 355223K->354781K(524224K), 0.0017664 secs] [Times: user=0.00 sys=0.00, real=0.00 secs] 
15.589: [GC (Allocation Failure) 15.589: [DefNew: 959K->64K(960K), 0.0016453 secs] 355678K->355331K(524224K), 0.0017368 secs] [Times: user=0.00 sys=0.00, real=0.00 secs] 
15.592: [GC (Allocation Failure) 15.592: [DefNew: 960K->63K(960K), 0.0021979 secs] 356228K->355784K(524224K), 0.0023830 secs] [Times: user=0.02 sys=0.00, real=0.00 secs] 
15.596: [GC (Allocation Failure) 15.596: [DefNew: 959K->63K(960K), 0.0019314 secs] 356681K->356358K(524224K), 0.0020582 secs] [Times: user=0.00 sys=0.00, real=0.00 secs] 
15.600: [GC (Allocation Failure) 15.600: [DefNew: 959K->64K(960K), 0.0020507 secs] 357254K->356976K(524224K), 0.0022007 secs] [Times: user=0.00 sys=0.00, real=0.00 secs] 
15.603: [GC (Allocation Failure) 15.603: [DefNew: 960K->63K(960K), 0.0018213 secs] 357872K->357406K(524224K), 0.0019093 secs] [Times: user=0.00 sys=0.00, real=0.00 secs] 
15.607: [GC (Allocation Failure) 15.607: [DefNew: 959K->63K(960K), 0.0015900 secs] 358302K->357866K(524224K), 0.0016622 secs] [Times: user=0.00 sys=0.00, real=0.00 secs] 
15.610: [GC (Allocation Failure) 15.610: [DefNew: 959K->64K(960K), 0.0016816 secs] 358763K->358326K(524224K), 0.0017712 secs] [Times: user=0.00 sys=0.00, real=0.00 secs] 
15.614: [GC (Allocation Failure) 15.614: [DefNew: 960K->64K(960K), 0.0016879 secs] 359222K->358792K(524224K), 0.0017692 secs] [Times: user=0.00 sys=0.00, real=0.00 secs] 
15.618: [GC (Allocation Failure) 15.618: [DefNew: 960K->64K(960K), 0.0016338 secs] 359689K->359256K(524224K), 0.0017143 secs] [Times: user=0.00 sys=0.00, real=0.00 secs] 
15.621: [GC (Allocation Failure) 15.621: [DefNew: 960K->64K(960K), 0.0016228 secs] 360152K->359692K(524224K), 0.0016974 secs] [Times: user=0.00 sys=0.00, real=0.00 secs] 
15.625: [GC (Allocation Failure) 15.625: [DefNew: 960K->64K(960K), 0.0018403 secs] 360588K->360254K(524224K), 0.0019461 secs] [Times: user=0.00 sys=0.00, real=0.00 secs] 
15.628: [GC (Allocation Failure) 15.628: [DefNew: 960K->64K(960K), 0.0019528 secs] 361151K->360729K(524224K), 0.0020633 secs] [Times: user=0.00 sys=0.00, real=0.00 secs] 
15.632: [GC (Allocation Failure) 15.632: [DefNew: 960K->64K(960K), 0.0016804 secs] 361625K->361215K(524224K), 0.0017530 secs] [Times: user=0.00 sys=0.00, real=0.00 secs] 
15.636: [GC (Allocation Failure) 15.636: [DefNew: 960K->63K(960K), 0.0016374 secs] 362111K->361687K(524224K), 0.0017076 secs] [Times: user=0.00 sys=0.00, real=0.00 secs] 
15.639: [GC (Allocation Failure) 15.639: [DefNew: 959K->64K(960K), 0.0016314 secs] 362583K->362143K(524224K), 0.0016946 secs] [Times: user=0.02 sys=0.00, real=0.00 secs] 
15.643: [GC (Allocation Failure) 15.643: [DefNew: 960K->64K(960K), 0.0016634 secs] 363040K->362626K(524224K), 0.0017297 secs] [Times: user=0.00 sys=0.00, real=0.00 secs] 
15.646: [GC (Allocation Failure) 15.646: [DefNew: 960K->63K(960K), 0.0016086 secs] 363522K->363071K(524224K), 0.0016757 secs] [Times: user=0.00 sys=0.00, real=0.00 secs] 
15.650: [GC (Allocation Failure) 15.650: [DefNew: 959K->64K(960K), 0.0016003 secs] 363968K->363550K(524224K), 0.0016599 secs] [Times: user=0.00 sys=0.00, real=0.00 secs] 
15.654: [GC (Allocation Failure) 15.654: [DefNew: 960K->63K(960K), 0.0019022 secs] 364446K->364036K(524224K), 0.0020061 secs] [Times: user=0.02 sys=0.00, real=0.00 secs] 
15.657: [GC (Allocation Failure) 15.657: [DefNew: 959K->63K(960K), 0.0017325 secs] 364932K->364547K(524224K), 0.0018032 secs] [Times: user=0.00 sys=0.00, real=0.00 secs] 
15.661: [GC (Allocation Failure) 15.661: [DefNew: 959K->63K(960K), 0.0017526 secs] 365444K->365047K(524224K), 0.0018861 secs] [Times: user=0.00 sys=0.00, real=0.00 secs] 
15.664: [GC (Allocation Failure) 15.664: [DefNew: 959K->63K(960K), 0.0015699 secs] 365943K->365486K(524224K), 0.0016449 secs] [Times: user=0.00 sys=0.00, real=0.00 secs] 
15.668: [GC (Allocation Failure) 15.668: [DefNew: 959K->63K(960K), 0.0015268 secs] 366382K->365953K(524224K), 0.0015928 secs] [Times: user=0.00 sys=0.00, real=0.00 secs] 
15.672: [GC (Allocation Failure) 15.672: [DefNew: 959K->64K(960K), 0.0019326 secs] 366849K->366544K(524224K), 0.0020633 secs] [Times: user=0.00 sys=0.00, real=0.00 secs] 
15.676: [GC (Allocation Failure) 15.676: [DefNew: 960K->64K(960K), 0.0020266 secs] 367441K->367144K(524224K), 0.0021103 secs] [Times: user=0.00 sys=0.00, real=0.00 secs] 
15.680: [GC (Allocation Failure) 15.680: [DefNew: 960K->64K(960K), 0.0017783 secs] 368040K->367616K(524224K), 0.0018616 secs] [Times: user=0.00 sys=0.00, real=0.00 secs] 
15.683: [GC (Allocation Failure) 15.683: [DefNew: 960K->63K(960K), 0.0016311 secs] 368512K->368035K(524224K), 0.0017234 secs] [Times: user=0.00 sys=0.00, real=0.00 secs] 
15.687: [GC (Allocation Failure) 15.687: [DefNew: 959K->64K(960K), 0.0017878 secs] 368932K->368523K(524224K), 0.0018888 secs] [Times: user=0.00 sys=0.00, real=0.00 secs] 
15.691: [GC (Allocation Failure) 15.691: [DefNew: 960K->63K(960K), 0.0019583 secs] 369419K->368969K(524224K), 0.0020751 secs] [Times: user=0.00 sys=0.00, real=0.00 secs] 
15.694: [GC (Allocation Failure) 15.694: [DefNew: 959K->63K(960K), 0.0026629 secs] 369865K->369502K(524224K), 0.0028484 secs] [Times: user=0.00 sys=0.00, real=0.00 secs] 
15.700: [GC (Allocation Failure) 15.700: [DefNew: 959K->64K(960K), 0.0023238 secs] 370398K->370147K(524224K), 0.0024782 secs] [Times: user=0.01 sys=0.00, real=0.00 secs] 
15.703: [GC (Allocation Failure) 15.703: [DefNew: 960K->64K(960K), 0.0022362 secs] 371044K->370672K(524224K), 0.0023313 secs] [Times: user=0.00 sys=0.00, real=0.00 secs] 
15.707: [GC (Allocation Failure) 15.707: [DefNew: 960K->63K(960K), 0.0018051 secs] 371568K->371137K(524224K), 0.0018888 secs] [Times: user=0.00 sys=0.00, real=0.00 secs] 
15.710: [GC (Allocation Failure) 15.710: [DefNew: 959K->63K(960K), 0.0016089 secs] 372034K->371558K(524224K), 0.0016847 secs] [Times: user=0.00 sys=0.00, real=0.00 secs] 
15.714: [GC (Allocation Failure) 15.714: [DefNew: 959K->63K(960K), 0.0016812 secs] 372455K->372036K(524224K), 0.0017613 secs] [Times: user=0.00 sys=0.00, real=0.00 secs] 
15.718: [GC (Allocation Failure) 15.718: [DefNew: 959K->63K(960K), 0.0017518 secs] 372933K->372519K(524224K), 0.0018493 secs] [Times: user=0.00 sys=0.00, real=0.00 secs] 
15.721: [GC (Allocation Failure) 15.721: [DefNew: 959K->64K(960K), 0.0017432 secs] 373416K->372989K(524224K), 0.0018324 secs] [Times: user=0.00 sys=0.00, real=0.00 secs] 
15.725: [GC (Allocation Failure) 15.725: [DefNew: 960K->64K(960K), 0.0015872 secs] 373885K->373434K(524224K), 0.0016607 secs] [Times: user=0.00 sys=0.00, real=0.00 secs] 
15.728: [GC (Allocation Failure) 15.728: [DefNew: 960K->64K(960K), 0.0016958 secs] 374331K->373934K(524224K), 0.0017964 secs] [Times: user=0.00 sys=0.00, real=0.00 secs] 
15.732: [GC (Allocation Failure) 15.732: [DefNew: 960K->64K(960K), 0.0017013 secs] 374831K->374412K(524224K), 0.0017858 secs] [Times: user=0.02 sys=0.00, real=0.00 secs] 
15.736: [GC (Allocation Failure) 15.736: [DefNew: 960K->63K(960K), 0.0017854 secs] 375308K->374902K(524224K), 0.0018663 secs] [Times: user=0.00 sys=0.00, real=0.00 secs] 
15.739: [GC (Allocation Failure) 15.739: [DefNew: 959K->64K(960K), 0.0015663 secs] 375799K->375335K(524224K), 0.0016279 secs] [Times: user=0.00 sys=0.00, real=0.00 secs] 
15.743: [GC (Allocation Failure) 15.743: [DefNew: 960K->63K(960K), 0.0016567 secs] 376232K->375821K(524224K), 0.0017475 secs] [Times: user=0.00 sys=0.00, real=0.00 secs] 
15.746: [GC (Allocation Failure) 15.746: [DefNew: 959K->64K(960K), 0.0016180 secs] 376718K->376265K(524224K), 0.0016954 secs] [Times: user=0.00 sys=0.00, real=0.00 secs] 
15.750: [GC (Allocation Failure) 15.750: [DefNew: 960K->63K(960K), 0.0018375 secs] 377161K->376713K(524224K), 0.0019397 secs] [Times: user=0.00 sys=0.00, real=0.00 secs] 
15.754: [GC (Allocation Failure) 15.754: [DefNew: 959K->64K(960K), 0.0017980 secs] 377609K->377186K(524224K), 0.0018939 secs] [Times: user=0.00 sys=0.00, real=0.00 secs] 
15.757: [GC (Allocation Failure) 15.757: [DefNew: 960K->64K(960K), 0.0015351 secs] 378082K->377622K(524224K), 0.0015947 secs] [Times: user=0.00 sys=0.00, real=0.00 secs] 
15.761: [GC (Allocation Failure) 15.761: [DefNew: 960K->64K(960K), 0.0017672 secs] 378519K->378132K(524224K), 0.0019054 secs] [Times: user=0.00 sys=0.00, real=0.00 secs] 
15.764: [GC (Allocation Failure) 15.764: [DefNew: 960K->63K(960K), 0.0016263 secs] 379029K->378573K(524224K), 0.0017199 secs] [Times: user=0.01 sys=0.00, real=0.00 secs] 
15.768: [GC (Allocation Failure) 15.768: [DefNew: 959K->63K(960K), 0.0016030 secs] 379470K->379038K(524224K), 0.0016946 secs] [Times: user=0.00 sys=0.00, real=0.00 secs] 
15.775: [GC (Allocation Failure) 15.775: [DefNew: 959K->64K(960K), 0.0017424 secs] 379935K->379519K(524224K), 0.0018624 secs] [Times: user=0.00 sys=0.00, real=0.00 secs] 
15.778: [GC (Allocation Failure) 15.778: [DefNew: 960K->63K(960K), 0.0016851 secs] 380415K->379969K(524224K), 0.0017645 secs] [Times: user=0.02 sys=0.00, real=0.00 secs] 
15.782: [GC (Allocation Failure) 15.782: [DefNew: 959K->63K(960K), 0.0017511 secs] 380866K->380414K(524224K), 0.0018363 secs] [Times: user=0.00 sys=0.00, real=0.00 secs] 
15.785: [GC (Allocation Failure) 15.785: [DefNew: 959K->64K(960K), 0.0015916 secs] 381310K->380847K(524224K), 0.0016859 secs] [Times: user=0.00 sys=0.00, real=0.00 secs] 
15.789: [GC (Allocation Failure) 15.789: [DefNew: 960K->63K(960K), 0.0015714 secs] 381744K->381282K(524224K), 0.0016405 secs] [Times: user=0.00 sys=0.00, real=0.00 secs] 
15.793: [GC (Allocation Failure) 15.793: [DefNew: 959K->64K(960K), 0.0017807 secs] 382179K->381714K(524224K), 0.0018774 secs] [Times: user=0.00 sys=0.00, real=0.00 secs] 
15.796: [GC (Allocation Failure) 15.796: [DefNew: 960K->64K(960K), 0.0015150 secs] 382610K->382118K(524224K), 0.0016042 secs] [Times: user=0.00 sys=0.00, real=0.00 secs] 
15.800: [GC (Allocation Failure) 15.800: [DefNew: 960K->63K(960K), 0.0015971 secs] 383015K->382570K(524224K), 0.0016812 secs] [Times: user=0.00 sys=0.00, real=0.00 secs] 
15.804: [GC (Allocation Failure) 15.804: [DefNew: 959K->63K(960K), 0.0015955 secs] 383467K->383006K(524224K), 0.0016741 secs] [Times: user=0.00 sys=0.00, real=0.00 secs] 
15.807: [GC (Allocation Failure) 15.807: [DefNew: 959K->64K(960K), 0.0016003 secs] 383903K->383448K(524224K), 0.0016757 secs] [Times: user=0.00 sys=0.00, real=0.00 secs] 
15.811: [GC (Allocation Failure) 15.811: [DefNew: 960K->64K(960K), 0.0016109 secs] 384345K->383909K(524224K), 0.0016891 secs] [Times: user=0.02 sys=0.00, real=0.00 secs] 
15.814: [GC (Allocation Failure) 15.814: [DefNew: 960K->64K(960K), 0.0016642 secs] 384805K->384345K(524224K), 0.0017436 secs] [Times: user=0.00 sys=0.00, real=0.00 secs] 
15.818: [GC (Allocation Failure) 15.818: [DefNew: 960K->63K(960K), 0.0016646 secs] 385242K->384786K(524224K), 0.0017400 secs] [Times: user=0.00 sys=0.00, real=0.00 secs] 
15.822: [GC (Allocation Failure) 15.822: [DefNew: 959K->64K(960K), 0.0016607 secs] 385682K->385214K(524224K), 0.0017345 secs] [Times: user=0.00 sys=0.00, real=0.00 secs] 
15.825: [GC (Allocation Failure) 15.825: [DefNew: 960K->64K(960K), 0.0017376 secs] 386110K->385649K(524224K), 0.0018462 secs] [Times: user=0.01 sys=0.00, real=0.00 secs] 
15.829: [GC (Allocation Failure) 15.829: [DefNew: 960K->64K(960K), 0.0015553 secs] 386545K->386088K(524224K), 0.0016382 secs] [Times: user=0.00 sys=0.00, real=0.00 secs] 
15.832: [GC (Allocation Failure) 15.832: [DefNew: 960K->63K(960K), 0.0015608 secs] 386985K->386524K(524224K), 0.0016563 secs] [Times: user=0.00 sys=0.00, real=0.00 secs] 
15.836: [GC (Allocation Failure) 15.836: [DefNew: 959K->64K(960K), 0.0015861 secs] 387421K->386980K(524224K), 0.0016697 secs] [Times: user=0.00 sys=0.00, real=0.00 secs] 
15.840: [GC (Allocation Failure) 15.840: [DefNew: 960K->63K(960K), 0.0015864 secs] 387877K->387427K(524224K), 0.0016583 secs] [Times: user=0.00 sys=0.00, real=0.00 secs] 
15.843: [GC (Allocation Failure) 15.843: [DefNew: 959K->64K(960K), 0.0017124 secs] 388324K->387873K(524224K), 0.0018039 secs] [Times: user=0.00 sys=0.00, real=0.00 secs] 
15.847: [GC (Allocation Failure) 15.847: [DefNew: 960K->64K(960K), 0.0015545 secs] 388769K->388306K(524224K), 0.0016334 secs] [Times: user=0.00 sys=0.00, real=0.00 secs] 
15.850: [GC (Allocation Failure) 15.850: [DefNew: 960K->64K(960K), 0.0016674 secs] 389203K->388752K(524224K), 0.0017578 secs] [Times: user=0.00 sys=0.00, real=0.00 secs] 
15.854: [GC (Allocation Failure) 15.854: [DefNew: 960K->63K(960K), 0.0017246 secs] 389648K->389222K(524224K), 0.0018229 secs] [Times: user=0.00 sys=0.00, real=0.00 secs] 
15.858: [GC (Allocation Failure) 15.858: [DefNew: 959K->63K(960K), 0.0017017 secs] 390119K->389680K(524224K), 0.0017929 secs] [Times: user=0.00 sys=0.00, real=0.00 secs] 
15.861: [GC (Allocation Failure) 15.861: [DefNew: 959K->63K(960K), 0.0017526 secs] 390576K->390192K(524224K), 0.0018434 secs] [Times: user=0.00 sys=0.00, real=0.00 secs] 
15.865: [GC (Allocation Failure) 15.865: [DefNew: 959K->64K(960K), 0.0019543 secs] 391089K->390689K(524224K), 0.0020376 secs] [Times: user=0.00 sys=0.00, real=0.00 secs] 
15.868: [GC (Allocation Failure) 15.868: [DefNew: 960K->64K(960K), 0.0016386 secs] 391585K->391138K(524224K), 0.0017025 secs] [Times: user=0.00 sys=0.00, real=0.00 secs] 
15.875: [GC (Allocation Failure) 15.875: [DefNew: 960K->64K(960K), 0.0016046 secs] 392034K->391568K(524224K), 0.0017061 secs] [Times: user=0.00 sys=0.00, real=0.00 secs] 
15.879: [GC (Allocation Failure) 15.879: [DefNew: 960K->63K(960K), 0.0016942 secs] 392465K->392043K(524224K), 0.0017621 secs] [Times: user=0.00 sys=0.00, real=0.00 secs] 
15.882: [GC (Allocation Failure) 15.882: [DefNew: 959K->64K(960K), 0.0017807 secs] 392939K->392495K(524224K), 0.0018450 secs] [Times: user=0.00 sys=0.00, real=0.00 secs] 
15.886: [GC (Allocation Failure) 15.886: [DefNew: 960K->63K(960K), 0.0016299 secs] 393391K->392946K(524224K), 0.0017116 secs] [Times: user=0.00 sys=0.00, real=0.00 secs] 
15.889: [GC (Allocation Failure) 15.889: [DefNew: 959K->64K(960K), 0.0015193 secs] 393842K->393353K(524224K), 0.0015888 secs] [Times: user=0.02 sys=0.00, real=0.00 secs] 
15.892: [GC (Allocation Failure) 15.892: [DefNew: 960K->64K(960K), 0.0017980 secs] 394249K->393773K(524224K), 0.0019433 secs] [Times: user=0.00 sys=0.00, real=0.00 secs] 
15.896: [GC (Allocation Failure) 15.896: [DefNew: 960K->63K(960K), 0.0015730 secs] 394669K->394218K(524224K), 0.0016543 secs] [Times: user=0.00 sys=0.00, real=0.00 secs] 
15.899: [GC (Allocation Failure) 15.899: [DefNew: 959K->64K(960K), 0.0016109 secs] 395115K->394682K(524224K), 0.0016832 secs] [Times: user=0.00 sys=0.00, real=0.00 secs] 
15.903: [GC (Allocation Failure) 15.903: [DefNew: 960K->63K(960K), 0.0016346 secs] 395578K->395158K(524224K), 0.0017143 secs] [Times: user=0.00 sys=0.00, real=0.00 secs] 
15.906: [GC (Allocation Failure) 15.906: [DefNew: 959K->63K(960K), 0.0019097 secs] 396054K->395568K(524224K), 0.0019895 secs] [Times: user=0.00 sys=0.00, real=0.00 secs] 
15.910: [GC (Allocation Failure) 15.910: [DefNew: 959K->63K(960K), 0.0016386 secs] 396465K->396028K(524224K), 0.0017084 secs] [Times: user=0.00 sys=0.00, real=0.00 secs] 
15.914: [GC (Allocation Failure) 15.914: [DefNew: 959K->64K(960K), 0.0017475 secs] 396924K->396498K(524224K), 0.0018111 secs] [Times: user=0.00 sys=0.00, real=0.00 secs] 
15.917: [GC (Allocation Failure) 15.917: [DefNew: 960K->64K(960K), 0.0016086 secs] 397395K->396941K(524224K), 0.0016757 secs] [Times: user=0.00 sys=0.00, real=0.00 secs] 
15.922: [GC (Allocation Failure) 15.922: [DefNew: 960K->63K(960K), 0.0017309 secs] 397838K->397395K(524224K), 0.0018087 secs] [Times: user=0.00 sys=0.00, real=0.00 secs] 
15.925: [GC (Allocation Failure) 15.925: [DefNew: 959K->63K(960K), 0.0017353 secs] 398292K->397840K(524224K), 0.0018367 secs] [Times: user=0.00 sys=0.00, real=0.00 secs] 
15.929: [GC (Allocation Failure) 15.929: [DefNew: 959K->63K(960K), 0.0016026 secs] 398737K->398304K(524224K), 0.0016796 secs] [Times: user=0.00 sys=0.00, real=0.00 secs] 
15.933: [GC (Allocation Failure) 15.933: [DefNew: 959K->63K(960K), 0.0017404 secs] 399202K->398782K(524224K), 0.0018403 secs] [Times: user=0.00 sys=0.00, real=0.00 secs] 
15.936: [GC (Allocation Failure) 15.936: [DefNew: 959K->64K(960K), 0.0015568 secs] 399678K->399185K(524224K), 0.0016354 secs] [Times: user=0.00 sys=0.00, real=0.00 secs] 
15.940: [GC (Allocation Failure) 15.940: [DefNew: 960K->64K(960K), 0.0015801 secs] 400082K->399652K(524224K), 0.0016476 secs] [Times: user=0.00 sys=0.00, real=0.00 secs] 
15.943: [GC (Allocation Failure) 15.943: [DefNew: 960K->64K(960K), 0.0016922 secs] 400549K->400091K(524224K), 0.0017633 secs] [Times: user=0.00 sys=0.00, real=0.00 secs] 
15.947: [GC (Allocation Failure) 15.947: [DefNew: 960K->63K(960K), 0.0017041 secs] 400988K->400557K(524224K), 0.0017822 secs] [Times: user=0.00 sys=0.00, real=0.00 secs] 
15.954: [GC (Allocation Failure) 15.954: [DefNew: 959K->64K(960K), 0.0018355 secs] 401453K->401022K(524224K), 0.0019354 secs] [Times: user=0.00 sys=0.00, real=0.00 secs] 
15.957: [GC (Allocation Failure) 15.957: [DefNew: 960K->63K(960K), 0.0017384 secs] 401918K->401488K(524224K), 0.0018071 secs] [Times: user=0.00 sys=0.00, real=0.00 secs] 
15.961: [GC (Allocation Failure) 15.961: [DefNew: 959K->64K(960K), 0.0017289 secs] 402385K->401987K(524224K), 0.0018643 secs] [Times: user=0.00 sys=0.00, real=0.00 secs] 
15.964: [GC (Allocation Failure) 15.964: [DefNew: 960K->64K(960K), 0.0016153 secs] 402884K->402401K(524224K), 0.0017017 secs] [Times: user=0.00 sys=0.00, real=0.00 secs] 
15.968: [GC (Allocation Failure) 15.968: [DefNew: 960K->63K(960K), 0.0015912 secs] 403298K->402847K(524224K), 0.0016693 secs] [Times: user=0.00 sys=0.00, real=0.00 secs] 
15.975: [GC (Allocation Failure) 15.975: [DefNew: 959K->63K(960K), 0.0017061 secs] 403743K->403309K(524224K), 0.0018462 secs] [Times: user=0.00 sys=0.00, real=0.00 secs] 
15.978: [GC (Allocation Failure) 15.978: [DefNew: 959K->64K(960K), 0.0016993 secs] 404205K->403753K(524224K), 0.0017763 secs] [Times: user=0.00 sys=0.00, real=0.00 secs] 
15.982: [GC (Allocation Failure) 15.982: [DefNew: 960K->64K(960K), 0.0017167 secs] 404649K->404247K(524224K), 0.0017846 secs] [Times: user=0.02 sys=0.00, real=0.00 secs] 
15.985: [GC (Allocation Failure) 15.985: [DefNew: 960K->64K(960K), 0.0017605 secs] 405144K->404702K(524224K), 0.0018478 secs] [Times: user=0.00 sys=0.00, real=0.00 secs] 
15.989: [GC (Allocation Failure) 15.989: [DefNew: 960K->64K(960K), 0.0016401 secs] 405598K->405134K(524224K), 0.0017147 secs] [Times: user=0.00 sys=0.00, real=0.00 secs] 
15.993: [GC (Allocation Failure) 15.993: [DefNew: 960K->63K(960K), 0.0018241 secs] 406031K->405560K(524224K), 0.0019516 secs] [Times: user=0.00 sys=0.00, real=0.00 secs] 
15.996: [GC (Allocation Failure) 15.996: [DefNew: 959K->64K(960K), 0.0015036 secs] 406457K->405984K(524224K), 0.0015667 secs] [Times: user=0.00 sys=0.00, real=0.00 secs] 
15.999: [GC (Allocation Failure) 15.999: [DefNew: 960K->64K(960K), 0.0016839 secs] 406882K->406414K(524224K), 0.0017684 secs] [Times: user=0.00 sys=0.00, real=0.00 secs] 
16.002: [GC (Allocation Failure) 16.002: [DefNew: 960K->63K(960K), 0.0016196 secs] 407310K->406860K(524224K), 0.0017013 secs] [Times: user=0.00 sys=0.00, real=0.00 secs] 
16.006: [GC (Allocation Failure) 16.006: [DefNew: 959K->63K(960K), 0.0016674 secs] 407757K->407315K(524224K), 0.0017511 secs] [Times: user=0.00 sys=0.00, real=0.00 secs] 
16.010: [GC (Allocation Failure) 16.010: [DefNew: 959K->64K(960K), 0.0016962 secs] 408212K->407787K(524224K), 0.0017645 secs] [Times: user=0.00 sys=0.00, real=0.00 secs] 
16.013: [GC (Allocation Failure) 16.013: [DefNew: 960K->64K(960K), 0.0017072 secs] 408683K->408220K(524224K), 0.0017747 secs] [Times: user=0.02 sys=0.00, real=0.00 secs] 
16.017: [GC (Allocation Failure) 16.017: [DefNew: 960K->64K(960K), 0.0016449 secs] 409117K->408688K(524224K), 0.0017136 secs] [Times: user=0.00 sys=0.00, real=0.00 secs] 
16.020: [GC (Allocation Failure) 16.020: [DefNew: 960K->63K(960K), 0.0016153 secs] 409584K->409126K(524224K), 0.0016784 secs] [Times: user=0.00 sys=0.00, real=0.00 secs] 
16.024: [GC (Allocation Failure) 16.024: [DefNew: 959K->64K(960K), 0.0017597 secs] 410022K->409600K(524224K), 0.0018407 secs] [Times: user=0.00 sys=0.00, real=0.00 secs] 
16.028: [GC (Allocation Failure) 16.028: [DefNew: 960K->63K(960K), 0.0017151 secs] 410497K->410086K(524224K), 0.0018075 secs] [Times: user=0.00 sys=0.01, real=0.00 secs] 
16.031: [GC (Allocation Failure) 16.031: [DefNew: 959K->64K(960K), 0.0015849 secs] 410982K->410539K(524224K), 0.0016476 secs] [Times: user=0.00 sys=0.00, real=0.00 secs] 
16.035: [GC (Allocation Failure) 16.035: [DefNew: 960K->63K(960K), 0.0016567 secs] 411435K->411026K(524224K), 0.0017313 secs] [Times: user=0.00 sys=0.00, real=0.00 secs] 
16.038: [GC (Allocation Failure) 16.038: [DefNew: 959K->63K(960K), 0.0015608 secs] 411925K->411460K(524224K), 0.0016291 secs] [Times: user=0.00 sys=0.00, real=0.00 secs] 
16.042: [GC (Allocation Failure) 16.042: [DefNew: 959K->64K(960K), 0.0015426 secs] 412357K->411917K(524224K), 0.0016054 secs] [Times: user=0.00 sys=0.00, real=0.00 secs] 
16.046: [GC (Allocation Failure) 16.046: [DefNew: 960K->63K(960K), 0.0016433 secs] 412813K->412370K(524224K), 0.0017092 secs] [Times: user=0.00 sys=0.00, real=0.00 secs] 
16.049: [GC (Allocation Failure) 16.049: [DefNew: 959K->64K(960K), 0.0015616 secs] 413267K->412792K(524224K), 0.0016342 secs] [Times: user=0.00 sys=0.00, real=0.00 secs] 
16.053: [GC (Allocation Failure) 16.053: [DefNew: 960K->63K(960K), 0.0021122 secs] 413688K->413242K(524224K), 0.0022449 secs] [Times: user=0.00 sys=0.00, real=0.00 secs] 
16.056: [GC (Allocation Failure) 16.056: [DefNew: 959K->64K(960K), 0.0017661 secs] 414138K->413733K(524224K), 0.0018466 secs] [Times: user=0.00 sys=0.00, real=0.00 secs] 
16.060: [GC (Allocation Failure) 16.060: [DefNew: 960K->63K(960K), 0.0020309 secs] 414629K->414218K(524224K), 0.0021265 secs] [Times: user=0.01 sys=0.00, real=0.00 secs] 
16.064: [GC (Allocation Failure) 16.064: [DefNew: 959K->63K(960K), 0.0017586 secs] 415114K->414692K(524224K), 0.0018355 secs] [Times: user=0.00 sys=0.00, real=0.00 secs] 
16.067: [GC (Allocation Failure) 16.067: [DefNew: 959K->63K(960K), 0.0016812 secs] 415588K->415164K(524224K), 0.0017546 secs] [Times: user=0.00 sys=0.00, real=0.00 secs] 
16.074: [GC (Allocation Failure) 16.074: [DefNew: 959K->63K(960K), 0.0017404 secs] 416060K->415617K(524224K), 0.0018426 secs] [Times: user=0.00 sys=0.00, real=0.00 secs] 
16.077: [GC (Allocation Failure) 16.077: [DefNew: 959K->64K(960K), 0.0016812 secs] 416513K->416057K(524224K), 0.0017609 secs] [Times: user=0.00 sys=0.00, real=0.00 secs] 
16.081: [GC (Allocation Failure) 16.081: [DefNew: 960K->64K(960K), 0.0016101 secs] 416953K->416498K(524224K), 0.0016926 secs] [Times: user=0.00 sys=0.00, real=0.00 secs] 
16.085: [GC (Allocation Failure) 16.085: [DefNew: 960K->63K(960K), 0.0016757 secs] 417394K->416951K(524224K), 0.0017578 secs] [Times: user=0.00 sys=0.00, real=0.00 secs] 
16.088: [GC (Allocation Failure) 16.088: [DefNew: 959K->63K(960K), 0.0016512 secs] 417847K->417385K(524224K), 0.0017313 secs] [Times: user=0.00 sys=0.00, real=0.00 secs] 
16.092: [GC (Allocation Failure) 16.092: [DefNew: 959K->63K(960K), 0.0018947 secs] 418282K->417830K(524224K), 0.0020317 secs] [Times: user=0.00 sys=0.00, real=0.00 secs] 
16.095: [GC (Allocation Failure) 16.095: [DefNew: 959K->63K(960K), 0.0016611 secs] 418726K->418293K(524224K), 0.0017514 secs] [Times: user=0.00 sys=0.00, real=0.00 secs] 
16.099: [GC (Allocation Failure) 16.099: [DefNew: 959K->64K(960K), 0.0017258 secs] 419190K->418777K(524224K), 0.0018012 secs] [Times: user=0.00 sys=0.00, real=0.00 secs] 
16.103: [GC (Allocation Failure) 16.103: [DefNew: 960K->63K(960K), 0.0016283 secs] 419675K->419251K(524224K), 0.0017092 secs] [Times: user=0.00 sys=0.00, real=0.00 secs] 
16.106: [GC (Allocation Failure) 16.106: [DefNew: 959K->64K(960K), 0.0016318 secs] 420148K->419693K(524224K), 0.0016978 secs] [Times: user=0.00 sys=0.02, real=0.00 secs] 
16.110: [GC (Allocation Failure) 16.110: [DefNew: 960K->63K(960K), 0.0017175 secs] 420589K->420150K(524224K), 0.0018150 secs] [Times: user=0.00 sys=0.00, real=0.00 secs] 
16.113: [GC (Allocation Failure) 16.113: [DefNew: 959K->63K(960K), 0.0017242 secs] 421046K->420602K(524224K), 0.0017961 secs] [Times: user=0.00 sys=0.00, real=0.00 secs] 
16.117: [GC (Allocation Failure) 16.117: [DefNew: 959K->63K(960K), 0.0016492 secs] 421499K->421058K(524224K), 0.0017147 secs] [Times: user=0.00 sys=0.00, real=0.00 secs] 
16.121: [GC (Allocation Failure) 16.121: [DefNew: 959K->64K(960K), 0.0017834 secs] 421955K->421544K(524224K), 0.0018541 secs] [Times: user=0.00 sys=0.00, real=0.00 secs] 
16.124: [GC (Allocation Failure) 16.124: [DefNew: 960K->63K(960K), 0.0016950 secs] 422441K->421983K(524224K), 0.0017645 secs] [Times: user=0.00 sys=0.00, real=0.00 secs] 
16.128: [GC (Allocation Failure) 16.128: [DefNew: 959K->64K(960K), 0.0016879 secs] 422880K->422494K(524224K), 0.0017889 secs] [Times: user=0.00 sys=0.00, real=0.00 secs] 
16.131: [GC (Allocation Failure) 16.131: [DefNew: 960K->63K(960K), 0.0015975 secs] 423391K->422929K(524224K), 0.0017349 secs] [Times: user=0.00 sys=0.00, real=0.00 secs] 
16.135: [GC (Allocation Failure) 16.135: [DefNew: 959K->64K(960K), 0.0017053 secs] 423826K->423410K(524224K), 0.0017933 secs] [Times: user=0.00 sys=0.00, real=0.00 secs] 
16.139: [GC (Allocation Failure) 16.139: [DefNew: 960K->64K(960K), 0.0016709 secs] 424306K->423863K(524224K), 0.0017514 secs] [Times: user=0.00 sys=0.00, real=0.00 secs] 
16.142: [GC (Allocation Failure) 16.142: [DefNew: 960K->63K(960K), 0.0016089 secs] 424759K->424296K(524224K), 0.0016768 secs] [Times: user=0.00 sys=0.00, real=0.00 secs] 
16.146: [GC (Allocation Failure) 16.146: [DefNew: 959K->63K(960K), 0.0016603 secs] 425193K->424772K(524224K), 0.0017254 secs] [Times: user=0.00 sys=0.00, real=0.00 secs] 
16.150: [GC (Allocation Failure) 16.150: [DefNew: 959K->63K(960K), 0.0018328 secs] 425668K->425205K(524224K), 0.0019476 secs] [Times: user=0.00 sys=0.00, real=0.00 secs] 
16.153: [GC (Allocation Failure) 16.153: [DefNew: 959K->64K(960K), 0.0016638 secs] 426102K->425657K(524224K), 0.0018300 secs] [Times: user=0.00 sys=0.01, real=0.00 secs] 
16.157: [GC (Allocation Failure) 16.157: [DefNew: 960K->63K(960K), 0.0017226 secs] 426554K->426124K(524224K), 0.0018032 secs] [Times: user=0.00 sys=0.00, real=0.00 secs] 
16.160: [GC (Allocation Failure) 16.160: [DefNew: 959K->63K(960K), 0.0020112 secs] 427020K->426599K(524224K), 0.0021071 secs] [Times: user=0.00 sys=0.00, real=0.00 secs] 
16.164: [GC (Allocation Failure) 16.164: [DefNew: 959K->64K(960K), 0.0017653 secs] 427496K->427091K(524224K), 0.0018493 secs] [Times: user=0.00 sys=0.00, real=0.00 secs] 
16.168: [GC (Allocation Failure) 16.168: [DefNew: 960K->64K(960K), 0.0017893 secs] 427988K->427603K(524224K), 0.0018821 secs] [Times: user=0.02 sys=0.00, real=0.00 secs] 
16.174: [GC (Allocation Failure) 16.174: [DefNew: 960K->63K(960K), 0.0018809 secs] 428499K->428052K(524224K), 0.0020088 secs] [Times: user=0.00 sys=0.00, real=0.00 secs] 
16.178: [GC (Allocation Failure) 16.178: [DefNew: 959K->64K(960K), 0.0017605 secs] 428949K->428539K(524224K), 0.0018316 secs] [Times: user=0.00 sys=0.00, real=0.00 secs] 
16.181: [GC (Allocation Failure) 16.181: [DefNew: 960K->63K(960K), 0.0016524 secs] 429435K->428958K(524224K), 0.0017282 secs] [Times: user=0.00 sys=0.00, real=0.00 secs] 
16.185: [GC (Allocation Failure) 16.185: [DefNew: 959K->64K(960K), 0.0017471 secs] 429855K->429430K(524224K), 0.0018407 secs] [Times: user=0.01 sys=0.00, real=0.00 secs] 
16.189: [GC (Allocation Failure) 16.189: [DefNew: 960K->63K(960K), 0.0017100 secs] 430326K->429885K(524224K), 0.0017882 secs] [Times: user=0.00 sys=0.00, real=0.00 secs] 
16.192: [GC (Allocation Failure) 16.192: [DefNew: 959K->63K(960K), 0.0020088 secs] 430782K->430314K(524224K), 0.0021766 secs] [Times: user=0.00 sys=0.00, real=0.00 secs] 
16.196: [GC (Allocation Failure) 16.196: [DefNew: 959K->64K(960K), 0.0017037 secs] 431211K->430821K(524224K), 0.0017905 secs] [Times: user=0.00 sys=0.00, real=0.00 secs] 
16.199: [GC (Allocation Failure) 16.199: [DefNew: 960K->64K(960K), 0.0023392 secs] 431718K->431252K(524224K), 0.0024699 secs] [Times: user=0.00 sys=0.00, real=0.00 secs] 
16.203: [GC (Allocation Failure) 16.203: [DefNew: 960K->63K(960K), 0.0018655 secs] 432149K->431738K(524224K), 0.0019492 secs] [Times: user=0.00 sys=0.00, real=0.00 secs] 
16.207: [GC (Allocation Failure) 16.207: [DefNew: 959K->63K(960K), 0.0017487 secs] 432635K->432179K(524224K), 0.0018268 secs] [Times: user=0.00 sys=0.00, real=0.00 secs] 
16.210: [GC (Allocation Failure) 16.210: [DefNew: 959K->63K(960K), 0.0016433 secs] 433075K->432603K(524224K), 0.0017132 secs] [Times: user=0.00 sys=0.00, real=0.00 secs] 
16.214: [GC (Allocation Failure) 16.214: [DefNew: 959K->63K(960K), 0.0018079 secs] 433500K->433020K(524224K), 0.0018963 secs] [Times: user=0.00 sys=0.00, real=0.00 secs] 
16.217: [GC (Allocation Failure) 16.217: [DefNew: 959K->64K(960K), 0.0020447 secs] 433917K->433450K(524224K), 0.0021300 secs] [Times: user=0.00 sys=0.00, real=0.00 secs] 
16.222: [GC (Allocation Failure) 16.222: [DefNew: 960K->64K(960K), 0.0017207 secs] 434347K->433897K(524224K), 0.0019050 secs] [Times: user=0.00 sys=0.00, real=0.00 secs] 
16.227: [GC (Allocation Failure) 16.228: [DefNew: 960K->64K(960K), 0.0026222 secs] 434793K->434451K(524224K), 0.0028397 secs] [Times: user=0.00 sys=0.00, real=0.00 secs] 
16.232: [GC (Allocation Failure) 16.232: [DefNew: 960K->64K(960K), 0.0026313 secs] 435347K->434884K(524224K), 0.0027253 secs] [Times: user=0.02 sys=0.00, real=0.00 secs] 
16.237: [GC (Allocation Failure) 16.237: [DefNew: 960K->64K(960K), 0.0020443 secs] 435781K->435444K(524224K), 0.0021683 secs] [Times: user=0.00 sys=0.00, real=0.00 secs] 
16.240: [GC (Allocation Failure) 16.240: [DefNew: 960K->64K(960K), 0.0021265 secs] 436341K->436032K(524224K), 0.0022007 secs] [Times: user=0.00 sys=0.00, real=0.00 secs] 
16.244: [GC (Allocation Failure) 16.244: [DefNew: 960K->63K(960K), 0.0024928 secs] 436928K->436494K(524224K), 0.0025705 secs] [Times: user=0.00 sys=0.00, real=0.00 secs] 
16.247: [GC (Allocation Failure) 16.247: [DefNew: 959K->64K(960K), 0.0017716 secs] 437390K->436942K(524224K), 0.0018403 secs] [Times: user=0.02 sys=0.00, real=0.00 secs] 
16.251: [GC (Allocation Failure) 16.251: [DefNew: 960K->64K(960K), 0.0019693 secs] 437839K->437503K(524224K), 0.0020613 secs] [Times: user=0.00 sys=0.00, real=0.00 secs] 
16.255: [GC (Allocation Failure) 16.255: [DefNew: 960K->64K(960K), 0.0023767 secs] 438399K->437977K(524224K), 0.0024707 secs] [Times: user=0.00 sys=0.00, real=0.00 secs] 
16.258: [GC (Allocation Failure) 16.258: [DefNew: 960K->64K(960K), 0.0022776 secs] 438874K->438421K(524224K), 0.0023830 secs] [Times: user=0.00 sys=0.00, real=0.00 secs] 
16.262: [GC (Allocation Failure) 16.262: [DefNew: 960K->64K(960K), 0.0022855 secs] 439317K->439043K(524224K), 0.0023862 secs] [Times: user=0.01 sys=0.00, real=0.00 secs] 
16.266: [GC (Allocation Failure) 16.266: [DefNew: 960K->63K(960K), 0.0023278 secs] 439939K->439673K(524224K), 0.0024265 secs] [Times: user=0.00 sys=0.00, real=0.00 secs] 
16.275: [GC (Allocation Failure) 16.275: [DefNew: 959K->64K(960K), 0.0024150 secs] 440570K->440283K(524224K), 0.0025437 secs] [Times: user=0.00 sys=0.00, real=0.00 secs] 
16.279: [GC (Allocation Failure) 16.279: [DefNew: 960K->63K(960K), 0.0020230 secs] 441180K->440784K(524224K), 0.0021197 secs] [Times: user=0.02 sys=0.00, real=0.00 secs] 
16.282: [GC (Allocation Failure) 16.282: [DefNew: 959K->63K(960K), 0.0016780 secs] 441681K->441209K(524224K), 0.0017637 secs] [Times: user=0.00 sys=0.00, real=0.00 secs] 
16.286: [GC (Allocation Failure) 16.286: [DefNew: 959K->64K(960K), 0.0024928 secs] 442106K->441700K(524224K), 0.0026187 secs] [Times: user=0.00 sys=0.00, real=0.00 secs] 
16.290: [GC (Allocation Failure) 16.290: [DefNew: 960K->63K(960K), 0.0026787 secs] 442597K->442245K(524224K), 0.0027608 secs] [Times: user=0.00 sys=0.00, real=0.00 secs] 
16.295: [GC (Allocation Failure) 16.295: [DefNew: 959K->64K(960K), 0.0022188 secs] 443142K->442897K(524224K), 0.0023175 secs] [Times: user=0.00 sys=0.00, real=0.00 secs] 
16.298: [GC (Allocation Failure) 16.298: [DefNew: 960K->64K(960K), 0.0042912 secs] 443793K->443563K(524224K), 0.0044013 secs] [Times: user=0.00 sys=0.00, real=0.00 secs] 
16.304: [GC (Allocation Failure) 16.304: [DefNew: 960K->64K(960K), 0.0023937 secs] 444460K->444001K(524224K), 0.0024730 secs] [Times: user=0.00 sys=0.00, real=0.00 secs] 
16.308: [GC (Allocation Failure) 16.308: [DefNew: 960K->64K(960K), 0.0017388 secs] 444897K->444499K(524224K), 0.0018055 secs] [Times: user=0.00 sys=0.00, real=0.00 secs] 
16.311: [GC (Allocation Failure) 16.311: [DefNew: 960K->63K(960K), 0.0022133 secs] 445396K->444943K(524224K), 0.0023278 secs] [Times: user=0.00 sys=0.00, real=0.00 secs] 
16.315: [GC (Allocation Failure) 16.315: [DefNew: 959K->63K(960K), 0.0024122 secs] 445840K->445534K(524224K), 0.0025251 secs] [Times: user=0.00 sys=0.00, real=0.00 secs] 
16.318: [GC (Allocation Failure) 16.318: [DefNew: 959K->63K(960K), 0.0024951 secs] 446430K->446117K(524224K), 0.0025879 secs] [Times: user=0.00 sys=0.00, real=0.00 secs] 
16.323: [GC (Allocation Failure) 16.323: [DefNew: 959K->64K(960K), 0.0020088 secs] 447014K->446585K(524224K), 0.0020890 secs] [Times: user=0.00 sys=0.00, real=0.00 secs] 
16.327: [GC (Allocation Failure) 16.327: [DefNew: 960K->64K(960K), 0.0030916 secs] 447481K->447212K(524224K), 0.0032317 secs] [Times: user=0.00 sys=0.00, real=0.00 secs] 
16.331: [GC (Allocation Failure) 16.331: [DefNew: 960K->63K(960K), 0.0025800 secs] 448108K->447636K(524224K), 0.0026759 secs] [Times: user=0.00 sys=0.00, real=0.00 secs] 
16.336: [GC (Allocation Failure) 16.336: [DefNew: 959K->64K(960K), 0.0020392 secs] 448533K->448272K(524224K), 0.0021430 secs] [Times: user=0.00 sys=0.00, real=0.00 secs] 
16.339: [GC (Allocation Failure) 16.339: [DefNew: 960K->64K(960K), 0.0020965 secs] 449168K->448695K(524224K), 0.0021695 secs] [Times: user=0.00 sys=0.00, real=0.00 secs] 
16.343: [GC (Allocation Failure) 16.343: [DefNew: 960K->63K(960K), 0.0017613 secs] 449592K->449158K(524224K), 0.0018371 secs] [Times: user=0.00 sys=0.00, real=0.00 secs] 
16.346: [GC (Allocation Failure) 16.346: [DefNew: 959K->64K(960K), 0.0018403 secs] 450054K->449662K(524224K), 0.0019141 secs] [Times: user=0.00 sys=0.00, real=0.00 secs] 
16.350: [GC (Allocation Failure) 16.350: [DefNew: 960K->64K(960K), 0.0026270 secs] 450558K->450323K(524224K), 0.0027458 secs] [Times: user=0.00 sys=0.00, real=0.00 secs] 
16.355: [GC (Allocation Failure) 16.355: [DefNew: 960K->63K(960K), 0.0026455 secs] 451220K->450927K(524224K), 0.0027355 secs] [Times: user=0.00 sys=0.00, real=0.00 secs] 
16.359: [GC (Allocation Failure) 16.359: [DefNew: 959K->63K(960K), 0.0025086 secs] 451823K->451511K(524224K), 0.0026080 secs] [Times: user=0.00 sys=0.00, real=0.00 secs] 
16.364: [GC (Allocation Failure) 16.364: [DefNew: 959K->63K(960K), 0.0023562 secs] 452407K->452172K(524224K), 0.0024411 secs] [Times: user=0.00 sys=0.00, real=0.00 secs] 
16.367: [GC (Allocation Failure) 16.367: [DefNew: 959K->64K(960K), 0.0026463 secs] 453069K->452847K(524224K), 0.0027549 secs] [Times: user=0.00 sys=0.00, real=0.00 secs] 
16.372: [GC (Allocation Failure) 16.372: [DefNew: 960K->63K(960K), 0.0033726 secs] 453745K->453530K(524224K), 0.0034899 secs] [Times: user=0.02 sys=0.00, real=0.00 secs] 
16.377: [GC (Allocation Failure) 16.377: [DefNew: 959K->64K(960K), 0.0022997 secs] 454427K->454117K(524224K), 0.0023779 secs] [Times: user=0.00 sys=0.00, real=0.00 secs] 
16.381: [GC (Allocation Failure) 16.381: [DefNew: 960K->63K(960K), 0.0025828 secs] 455016K->454777K(524224K), 0.0026830 secs] [Times: user=0.00 sys=0.00, real=0.00 secs] 
16.386: [GC (Allocation Failure) 16.386: [DefNew: 959K->64K(960K), 0.0025555 secs] 455673K->455299K(524224K), 0.0026590 secs] [Times: user=0.00 sys=0.00, real=0.00 secs] 
16.390: [GC (Allocation Failure) 16.390: [DefNew: 960K->64K(960K), 0.0020151 secs] 456196K->455818K(524224K), 0.0021067 secs] [Times: user=0.00 sys=0.00, real=0.00 secs] 
16.394: [GC (Allocation Failure) 16.394: [DefNew: 960K->64K(960K), 0.0021790 secs] 456715K->456370K(524224K), 0.0023128 secs] [Times: user=0.00 sys=0.00, real=0.00 secs] 
16.397: [GC (Allocation Failure) 16.397: [DefNew: 960K->63K(960K), 0.0023613 secs] 457266K->456913K(524224K), 0.0024663 secs] [Times: user=0.00 sys=0.00, real=0.00 secs] 
16.401: [GC (Allocation Failure) 16.401: [DefNew: 959K->64K(960K), 0.0022133 secs] 457809K->457598K(524224K), 0.0023116 secs] [Times: user=0.00 sys=0.00, real=0.00 secs] 
16.405: [GC (Allocation Failure) 16.405: [DefNew: 960K->64K(960K), 0.0025725 secs] 458495K->458206K(524224K), 0.0026842 secs] [Times: user=0.00 sys=0.00, real=0.00 secs] 
16.409: [GC (Allocation Failure) 16.409: [DefNew: 960K->64K(960K), 0.0022421 secs] 459105K->458859K(524224K), 0.0023151 secs] [Times: user=0.00 sys=0.00, real=0.00 secs] 
16.413: [GC (Allocation Failure) 16.413: [DefNew: 960K->64K(960K), 0.0023641 secs] 459755K->459507K(524224K), 0.0024418 secs] [Times: user=0.00 sys=0.00, real=0.00 secs] 
16.416: [GC (Allocation Failure) 16.416: [DefNew: 960K->63K(960K), 0.0022342 secs] 460404K->460054K(524224K), 0.0023171 secs] [Times: user=0.00 sys=0.00, real=0.00 secs] 
16.420: [GC (Allocation Failure) 16.420: [DefNew: 959K->63K(960K), 0.0023830 secs] 460950K->460713K(524224K), 0.0024778 secs] [Times: user=0.00 sys=0.00, real=0.00 secs] 
16.424: [GC (Allocation Failure) 16.424: [DefNew: 959K->64K(960K), 0.0020526 secs] 461610K->461172K(524224K), 0.0021284 secs] [Times: user=0.00 sys=0.00, real=0.00 secs] 
16.428: [GC (Allocation Failure) 16.428: [DefNew: 960K->63K(960K), 0.0018229 secs] 462068K->461700K(524224K), 0.0019129 secs] [Times: user=0.00 sys=0.00, real=0.00 secs] 
16.432: [GC (Allocation Failure) 16.432: [DefNew: 959K->63K(960K), 0.0019176 secs] 462596K->462190K(524224K), 0.0020053 secs] [Times: user=0.00 sys=0.00, real=0.00 secs] 
16.435: [GC (Allocation Failure) 16.435: [DefNew: 959K->64K(960K), 0.0017937 secs] 463087K->462647K(524224K), 0.0018671 secs] [Times: user=0.01 sys=0.00, real=0.00 secs] 
16.439: [GC (Allocation Failure) 16.439: [DefNew: 960K->63K(960K), 0.0018983 secs] 463544K->463221K(524224K), 0.0019824 secs] [Times: user=0.00 sys=0.00, real=0.00 secs] 
16.442: [GC (Allocation Failure) 16.442: [DefNew: 959K->64K(960K), 0.0018584 secs] 464118K->463669K(524224K), 0.0019208 secs] [Times: user=0.00 sys=0.00, real=0.00 secs] 
16.446: [GC (Allocation Failure) 16.446: [DefNew: 960K->64K(960K), 0.0017803 secs] 464565K->464138K(524224K), 0.0018513 secs] [Times: user=0.00 sys=0.00, real=0.00 secs] 
16.450: [GC (Allocation Failure) 16.450: [DefNew: 960K->64K(960K), 0.0017230 secs] 465036K->464586K(524224K), 0.0017964 secs] [Times: user=0.02 sys=0.00, real=0.00 secs] 
16.453: [GC (Allocation Failure) 16.453: [DefNew: 960K->63K(960K), 0.0018075 secs] 465482K->465078K(524224K), 0.0018797 secs] [Times: user=0.00 sys=0.00, real=0.00 secs] 
16.457: [GC (Allocation Failure) 16.457: [DefNew: 959K->63K(960K), 0.0019618 secs] 465975K->465594K(524224K), 0.0020475 secs] [Times: user=0.00 sys=0.00, real=0.00 secs] 
16.460: [GC (Allocation Failure) 16.460: [DefNew: 959K->64K(960K), 0.0022386 secs] 466490K->466084K(524224K), 0.0023471 secs] [Times: user=0.00 sys=0.00, real=0.00 secs] 
16.464: [GC (Allocation Failure) 16.464: [DefNew: 960K->63K(960K), 0.0018959 secs] 466982K->466583K(524224K), 0.0019784 secs] [Times: user=0.00 sys=0.00, real=0.00 secs] 
16.468: [GC (Allocation Failure) 16.468: [DefNew: 959K->63K(960K), 0.0018837 secs] 467481K->467017K(524224K), 0.0019867 secs] [Times: user=0.00 sys=0.00, real=0.00 secs] 
16.471: [GC (Allocation Failure) 16.471: [DefNew: 959K->64K(960K), 0.0030059 secs] 467915K->467726K(524224K), 0.0031512 secs] [Times: user=0.00 sys=0.00, real=0.00 secs] 
16.476: [GC (Allocation Failure) 16.476: [DefNew: 960K->63K(960K), 0.0021533 secs] 468623K->468222K(524224K), 0.0022409 secs] [Times: user=0.00 sys=0.00, real=0.00 secs] 
16.479: [GC (Allocation Failure) 16.479: [DefNew: 959K->63K(960K), 0.0017692 secs] 469118K->468668K(524224K), 0.0018343 secs] [Times: user=0.00 sys=0.00, real=0.00 secs] 
16.483: [GC (Allocation Failure) 16.483: [DefNew: 959K->63K(960K), 0.0019536 secs] 469564K->469241K(524224K), 0.0020333 secs] [Times: user=0.00 sys=0.00, real=0.00 secs] 
16.486: [GC (Allocation Failure) 16.486: [DefNew: 959K->64K(960K), 0.0019741 secs] 470137K->469694K(524224K), 0.0020570 secs] [Times: user=0.00 sys=0.00, real=0.00 secs] 
16.490: [GC (Allocation Failure) 16.490: [DefNew: 960K->63K(960K), 0.0017653 secs] 470591K->470171K(524224K), 0.0018343 secs] [Times: user=0.00 sys=0.00, real=0.00 secs] 
16.494: [GC (Allocation Failure) 16.494: [DefNew: 959K->64K(960K), 0.0021912 secs] 471068K->470753K(524224K), 0.0023372 secs] [Times: user=0.00 sys=0.00, real=0.00 secs] 
16.497: [GC (Allocation Failure) 16.497: [DefNew: 960K->63K(960K), 0.0020254 secs] 471649K->471208K(524224K), 0.0021154 secs] [Times: user=0.01 sys=0.00, real=0.00 secs] 
16.501: [GC (Allocation Failure) 16.501: [DefNew: 959K->64K(960K), 0.0022674 secs] 472105K->471721K(524224K), 0.0024146 secs] [Times: user=0.00 sys=0.00, real=0.00 secs] 
16.504: [GC (Allocation Failure) 16.504: [DefNew: 960K->64K(960K), 0.0020621 secs] 472618K->472301K(524224K), 0.0021533 secs] [Times: user=0.00 sys=0.00, real=0.00 secs] 
16.508: [GC (Allocation Failure) 16.508: [DefNew: 960K->64K(960K), 0.0019236 secs] 473197K->472798K(524224K), 0.0020080 secs] [Times: user=0.00 sys=0.00, real=0.00 secs] 
16.512: [GC (Allocation Failure) 16.512: [DefNew: 960K->63K(960K), 0.0018039 secs] 473695K->473285K(524224K), 0.0018936 secs] [Times: user=0.02 sys=0.00, real=0.00 secs] 
16.515: [GC (Allocation Failure) 16.515: [DefNew: 959K->64K(960K), 0.0021458 secs] 474182K->473840K(524224K), 0.0022354 secs] [Times: user=0.00 sys=0.00, real=0.00 secs] 
16.519: [GC (Allocation Failure) 16.519: [DefNew: 960K->63K(960K), 0.0019354 secs] 474737K->474343K(524224K), 0.0020092 secs] [Times: user=0.00 sys=0.00, real=0.00 secs] 
16.522: [GC (Allocation Failure) 16.522: [DefNew: 959K->63K(960K), 0.0020345 secs] 475239K->474925K(524224K), 0.0021024 secs] [Times: user=0.00 sys=0.00, real=0.00 secs] 
16.526: [GC (Allocation Failure) 16.526: [DefNew: 959K->63K(960K), 0.0022240 secs] 475822K->475415K(524224K), 0.0023132 secs] [Times: user=0.00 sys=0.00, real=0.00 secs] 
16.530: [GC (Allocation Failure) 16.530: [DefNew: 959K->64K(960K), 0.0019022 secs] 476312K->475887K(524224K), 0.0019808 secs] [Times: user=0.00 sys=0.00, real=0.00 secs] 
16.533: [GC (Allocation Failure) 16.533: [DefNew: 960K->64K(960K), 0.0017925 secs] 476784K->476356K(524224K), 0.0018675 secs] [Times: user=0.00 sys=0.00, real=0.00 secs] 
16.537: [GC (Allocation Failure) 16.537: [DefNew: 960K->64K(960K), 0.0018900 secs] 477252K->476844K(524224K), 0.0019697 secs] [Times: user=0.00 sys=0.00, real=0.00 secs] 
16.540: [GC (Allocation Failure) 16.540: [DefNew: 960K->63K(960K), 0.0017542 secs] 477741K->477309K(524224K), 0.0018347 secs] [Times: user=0.00 sys=0.00, real=0.00 secs] 
16.544: [GC (Allocation Failure) 16.544: [DefNew: 959K->64K(960K), 0.0018987 secs] 478205K->477798K(524224K), 0.0019966 secs] [Times: user=0.02 sys=0.00, real=0.00 secs] 
16.548: [GC (Allocation Failure) 16.548: [DefNew: 960K->63K(960K), 0.0019705 secs] 478695K->478313K(524224K), 0.0020491 secs] [Times: user=0.00 sys=0.00, real=0.00 secs] 
16.551: [GC (Allocation Failure) 16.551: [DefNew: 959K->63K(960K), 0.0019926 secs] 479209K->478808K(524224K), 0.0020740 secs] [Times: user=0.00 sys=0.00, real=0.00 secs] 
16.555: [GC (Allocation Failure) 16.555: [DefNew: 959K->63K(960K), 0.0020759 secs] 479706K->479289K(524224K), 0.0021655 secs] [Times: user=0.00 sys=0.00, real=0.00 secs] 
16.558: [GC (Allocation Failure) 16.558: [DefNew: 959K->64K(960K), 0.0018107 secs] 480186K->479751K(524224K), 0.0019026 secs] [Times: user=0.02 sys=0.00, real=0.00 secs] 
16.562: [GC (Allocation Failure) 16.562: [DefNew: 960K->63K(960K), 0.0021525 secs] 480648K->480399K(524224K), 0.0022524 secs] [Times: user=0.00 sys=0.00, real=0.00 secs] 
16.565: [GC (Allocation Failure) 16.565: [DefNew: 959K->64K(960K), 0.0020329 secs] 481295K->480859K(524224K), 0.0021150 secs] [Times: user=0.00 sys=0.00, real=0.00 secs] 
16.569: [GC (Allocation Failure) 16.569: [DefNew: 960K->64K(960K), 0.0020191 secs] 481755K->481340K(524224K), 0.0021209 secs] [Times: user=0.00 sys=0.00, real=0.00 secs] 
16.573: [GC (Allocation Failure) 16.573: [DefNew: 960K->63K(960K), 0.0022042 secs] 482236K->481800K(524224K), 0.0023230 secs] [Times: user=0.00 sys=0.00, real=0.00 secs] 
16.576: [GC (Allocation Failure) 16.576: [DefNew: 959K->64K(960K), 0.0017747 secs] 482696K->482310K(524224K), 0.0018430 secs] [Times: user=0.00 sys=0.00, real=0.00 secs] 
16.580: [GC (Allocation Failure) 16.580: [DefNew: 960K->64K(960K), 0.0018091 secs] 483207K->482789K(524224K), 0.0018789 secs] [Times: user=0.00 sys=0.00, real=0.00 secs] 
16.583: [GC (Allocation Failure) 16.583: [DefNew: 960K->64K(960K), 0.0018328 secs] 483686K->483243K(524224K), 0.0019030 secs] [Times: user=0.00 sys=0.00, real=0.00 secs] 
16.587: [GC (Allocation Failure) 16.587: [DefNew: 960K->63K(960K), 0.0018588 secs] 484140K->483725K(524224K), 0.0019322 secs] [Times: user=0.00 sys=0.00, real=0.00 secs] 
16.591: [GC (Allocation Failure) 16.591: [DefNew: 959K->64K(960K), 0.0017941 secs] 484622K->484205K(524224K), 0.0018655 secs] [Times: user=0.02 sys=0.00, real=0.00 secs] 
16.595: [GC (Allocation Failure) 16.595: [DefNew: 960K->64K(960K), 0.0021434 secs] 485101K->484797K(524224K), 0.0023455 secs] [Times: user=0.00 sys=0.00, real=0.00 secs] 
16.599: [GC (Allocation Failure) 16.599: [DefNew: 960K->63K(960K), 0.0019464 secs] 485694K->485284K(524224K), 0.0020258 secs] [Times: user=0.00 sys=0.00, real=0.00 secs] 
16.602: [GC (Allocation Failure) 16.602: [DefNew: 959K->64K(960K), 0.0018592 secs] 486180K->485744K(524224K), 0.0019547 secs] [Times: user=0.00 sys=0.00, real=0.00 secs] 
16.606: [GC (Allocation Failure) 16.606: [DefNew: 960K->63K(960K), 0.0022630 secs] 486641K->486221K(524224K), 0.0023929 secs] [Times: user=0.02 sys=0.00, real=0.00 secs] 
16.610: [GC (Allocation Failure) 16.610: [DefNew: 959K->63K(960K), 0.0018359 secs] 487117K->486720K(524224K), 0.0019109 secs] [Times: user=0.00 sys=0.00, real=0.00 secs] 
16.613: [GC (Allocation Failure) 16.613: [DefNew: 959K->64K(960K), 0.0018568 secs] 487617K->487210K(524224K), 0.0019275 secs] [Times: user=0.00 sys=0.00, real=0.00 secs] 
16.617: [GC (Allocation Failure) 16.617: [DefNew: 960K->63K(960K), 0.0018975 secs] 488106K->487634K(524224K), 0.0019836 secs] [Times: user=0.00 sys=0.00, real=0.00 secs] 
16.620: [GC (Allocation Failure) 16.620: [DefNew: 959K->63K(960K), 0.0017309 secs] 488530K->488088K(524224K), 0.0018114 secs] [Times: user=0.00 sys=0.00, real=0.00 secs] 
16.625: [GC (Allocation Failure) 16.625: [DefNew: 959K->64K(960K), 0.0018426 secs] 488985K->488533K(524224K), 0.0019453 secs] [Times: user=0.00 sys=0.00, real=0.00 secs] 
16.628: [GC (Allocation Failure) 16.628: [DefNew: 960K->63K(960K), 0.0019153 secs] 489430K->489037K(524224K), 0.0020041 secs] [Times: user=0.00 sys=0.00, real=0.00 secs] 
16.631: [GC (Allocation Failure) 16.631: [DefNew: 959K->64K(960K), 0.0017901 secs] 489934K->489490K(524224K), 0.0018533 secs] [Times: user=0.00 sys=0.00, real=0.00 secs] 
16.635: [GC (Allocation Failure) 16.635: [DefNew: 960K->64K(960K), 0.0016239 secs] 490387K->489942K(524224K), 0.0016895 secs] [Times: user=0.00 sys=0.00, real=0.00 secs] 
16.638: [GC (Allocation Failure) 16.638: [DefNew: 960K->63K(960K), 0.0017878 secs] 490839K->490398K(524224K), 0.0018699 secs] [Times: user=0.00 sys=0.00, real=0.00 secs] 
16.642: [GC (Allocation Failure) 16.642: [DefNew: 959K->63K(960K), 0.0017088 secs] 491294K->490887K(524224K), 0.0017779 secs] [Times: user=0.00 sys=0.00, real=0.00 secs] 
16.646: [GC (Allocation Failure) 16.646: [DefNew: 959K->63K(960K), 0.0017901 secs] 491784K->491389K(524224K), 0.0018691 secs] [Times: user=0.00 sys=0.00, real=0.00 secs] 
16.649: [GC (Allocation Failure) 16.649: [DefNew: 959K->63K(960K), 0.0017976 secs] 492286K->491839K(524224K), 0.0018600 secs] [Times: user=0.00 sys=0.00, real=0.00 secs] 
16.653: [GC (Allocation Failure) 16.653: [DefNew: 959K->64K(960K), 0.0018620 secs] 492735K->492313K(524224K), 0.0019374 secs] [Times: user=0.02 sys=0.00, real=0.00 secs] 
16.656: [GC (Allocation Failure) 16.656: [DefNew: 960K->64K(960K), 0.0018912 secs] 493210K->492764K(524224K), 0.0019701 secs] [Times: user=0.00 sys=0.00, real=0.00 secs] 
16.660: [GC (Allocation Failure) 16.660: [DefNew: 960K->63K(960K), 0.0021592 secs] 493660K->493244K(524224K), 0.0022682 secs] [Times: user=0.00 sys=0.00, real=0.00 secs] 
16.664: [GC (Allocation Failure) 16.664: [DefNew: 959K->64K(960K), 0.0017408 secs] 494141K->493731K(524224K), 0.0018241 secs] [Times: user=0.00 sys=0.00, real=0.00 secs] 
16.667: [GC (Allocation Failure) 16.667: [DefNew: 960K->64K(960K), 0.0015943 secs] 494627K->494156K(524224K), 0.0016603 secs] [Times: user=0.00 sys=0.00, real=0.00 secs] 
16.674: [GC (Allocation Failure) 16.674: [DefNew: 960K->64K(960K), 0.0017254 secs] 495053K->494596K(524224K), 0.0018446 secs] [Times: user=0.00 sys=0.00, real=0.00 secs] 
16.677: [GC (Allocation Failure) 16.677: [DefNew: 960K->64K(960K), 0.0017507 secs] 495492K->495036K(524224K), 0.0018264 secs] [Times: user=0.00 sys=0.00, real=0.00 secs] 
16.681: [GC (Allocation Failure) 16.681: [DefNew: 960K->63K(960K), 0.0017858 secs] 495932K->495538K(524224K), 0.0018576 secs] [Times: user=0.00 sys=0.00, real=0.00 secs] 
16.685: [GC (Allocation Failure) 16.685: [DefNew: 959K->64K(960K), 0.0017791 secs] 496434K->495968K(524224K), 0.0019058 secs] [Times: user=0.00 sys=0.00, real=0.00 secs] 
16.688: [GC (Allocation Failure) 16.688: [DefNew: 960K->64K(960K), 0.0016646 secs] 496864K->496416K(524224K), 0.0017420 secs] [Times: user=0.00 sys=0.00, real=0.00 secs] 
16.692: [GC (Allocation Failure) 16.692: [DefNew: 960K->63K(960K), 0.0025109 secs] 497312K->496874K(524224K), 0.0026120 secs] [Times: user=0.00 sys=0.00, real=0.00 secs] 
16.696: [GC (Allocation Failure) 16.696: [DefNew: 959K->64K(960K), 0.0018430 secs] 497771K->497341K(524224K), 0.0019283 secs] [Times: user=0.00 sys=0.00, real=0.00 secs] 
16.700: [GC (Allocation Failure) 16.700: [DefNew: 960K->64K(960K), 0.0020183 secs] 498238K->497816K(524224K), 0.0021012 secs] [Times: user=0.02 sys=0.00, real=0.00 secs] 
16.704: [GC (Allocation Failure) 16.704: [DefNew: 960K->64K(960K), 0.0019982 secs] 498713K->498281K(524224K), 0.0020913 secs] [Times: user=0.00 sys=0.00, real=0.00 secs] 
16.708: [GC (Allocation Failure) 16.708: [DefNew: 960K->64K(960K), 0.0018174 secs] 499179K->498723K(524224K), 0.0019243 secs] [Times: user=0.00 sys=0.00, real=0.00 secs] 
16.712: [GC (Allocation Failure) 16.712: [DefNew: 960K->63K(960K), 0.0017720 secs] 499619K->499214K(524224K), 0.0018462 secs] [Times: user=0.00 sys=0.00, real=0.00 secs] 
16.715: [GC (Allocation Failure) 16.715: [DefNew: 959K->63K(960K), 0.0019559 secs] 500110K->499674K(524224K), 0.0020467 secs] [Times: user=0.01 sys=0.00, real=0.00 secs] 
16.719: [GC (Allocation Failure) 16.719: [DefNew: 959K->63K(960K), 0.0017941 secs] 500571K->500161K(524224K), 0.0018695 secs] [Times: user=0.00 sys=0.00, real=0.00 secs] 
16.723: [GC (Allocation Failure) 16.723: [DefNew: 959K->64K(960K), 0.0018643 secs] 501057K->500680K(524224K), 0.0019397 secs] [Times: user=0.00 sys=0.00, real=0.00 secs] 
16.726: [GC (Allocation Failure) 16.726: [DefNew: 960K->63K(960K), 0.0021454 secs] 501576K->501137K(524224K), 0.0022291 secs] [Times: user=0.00 sys=0.00, real=0.00 secs] 
16.730: [GC (Allocation Failure) 16.730: [DefNew: 959K->64K(960K), 0.0017570 secs] 502034K->501592K(524224K), 0.0018371 secs] [Times: user=0.02 sys=0.00, real=0.00 secs] 
16.733: [GC (Allocation Failure) 16.733: [DefNew: 960K->64K(960K), 0.0021225 secs] 502489K->502041K(524224K), 0.0022145 secs] [Times: user=0.00 sys=0.00, real=0.00 secs] 
16.737: [GC (Allocation Failure) 16.737: [DefNew: 960K->63K(960K), 0.0017234 secs] 502938K->502478K(524224K), 0.0018024 secs] [Times: user=0.00 sys=0.00, real=0.00 secs] 
16.741: [GC (Allocation Failure) 16.741: [DefNew: 959K->64K(960K), 0.0017250 secs] 503374K->502947K(524224K), 0.0018071 secs] [Times: user=0.00 sys=0.00, real=0.00 secs] 
16.744: [GC (Allocation Failure) 16.744: [DefNew: 960K->63K(960K), 0.0017345 secs] 503844K->503388K(524224K), 0.0018032 secs] [Times: user=0.00 sys=0.00, real=0.00 secs] 
16.748: [GC (Allocation Failure) 16.748: [DefNew: 959K->63K(960K), 0.0017755 secs] 504285K->503863K(524224K), 0.0018482 secs] [Times: user=0.00 sys=0.00, real=0.00 secs] 
16.751: [GC (Allocation Failure) 16.751: [DefNew: 959K->64K(960K), 0.0018024 secs] 504760K->504345K(524224K), 0.0018711 secs] [Times: user=0.00 sys=0.00, real=0.00 secs] 
16.755: [GC (Allocation Failure) 16.755: [DefNew: 960K->64K(960K), 0.0018979 secs] 505242K->504842K(524224K), 0.0019725 secs] [Times: user=0.00 sys=0.00, real=0.00 secs] 
16.759: [GC (Allocation Failure) 16.759: [DefNew: 960K->63K(960K), 0.0022350 secs] 505738K->505314K(524224K), 0.0023242 secs] [Times: user=0.00 sys=0.00, real=0.00 secs] 
16.762: [GC (Allocation Failure) 16.762: [DefNew: 959K->64K(960K), 0.0017771 secs] 506210K->505768K(524224K), 0.0018442 secs] [Times: user=0.01 sys=0.00, real=0.00 secs] 
16.766: [GC (Allocation Failure) 16.766: [DefNew: 960K->64K(960K), 0.0018561 secs] 506664K->506248K(524224K), 0.0019520 secs] [Times: user=0.00 sys=0.00, real=0.00 secs] 
16.769: [GC (Allocation Failure) 16.769: [DefNew: 960K->63K(960K), 0.0017629 secs] 507145K->506700K(524224K), 0.0018312 secs] [Times: user=0.00 sys=0.00, real=0.00 secs] 
16.774: [GC (Allocation Failure) 16.774: [DefNew: 959K->64K(960K), 0.0018904 secs] 507596K->507155K(524224K), 0.0020266 secs] [Times: user=0.00 sys=0.00, real=0.00 secs] 
16.778: [GC (Allocation Failure) 16.778: [DefNew: 960K->63K(960K), 0.0018880 secs] 508052K->507632K(524224K), 0.0019658 secs] [Times: user=0.02 sys=0.00, real=0.00 secs] 
16.781: [GC (Allocation Failure) 16.781: [DefNew: 959K->64K(960K), 0.0018000 secs] 508529K->508084K(524224K), 0.0018718 secs] [Times: user=0.00 sys=0.00, real=0.00 secs] 
16.785: [GC (Allocation Failure) 16.785: [DefNew: 960K->64K(960K), 0.0018450 secs] 508980K->508566K(524224K), 0.0019149 secs] [Times: user=0.00 sys=0.00, real=0.00 secs] 
16.788: [GC (Allocation Failure) 16.788: [DefNew: 960K->64K(960K), 0.0019018 secs] 509463K->509029K(524224K), 0.0019934 secs] [Times: user=0.00 sys=0.00, real=0.00 secs] 
16.792: [GC (Allocation Failure) 16.792: [DefNew: 960K->63K(960K), 0.0022658 secs] 509925K->509495K(524224K), 0.0024442 secs] [Times: user=0.02 sys=0.00, real=0.00 secs] 
16.796: [GC (Allocation Failure) 16.796: [DefNew: 959K->63K(960K), 0.0017491 secs] 510391K->509956K(524224K), 0.0018178 secs] [Times: user=0.00 sys=0.00, real=0.00 secs] 
16.799: [GC (Allocation Failure) 16.799: [DefNew: 959K->64K(960K), 0.0017712 secs] 510852K->510434K(524224K), 0.0018442 secs] [Times: user=0.00 sys=0.00, real=0.00 secs] 
16.803: [GC (Allocation Failure) 16.803: [DefNew: 960K->64K(960K), 0.0018667 secs] 511331K->510926K(524224K), 0.0019382 secs] [Times: user=0.00 sys=0.00, real=0.00 secs] 
16.806: [GC (Allocation Failure) 16.806: [DefNew: 960K->63K(960K), 0.0020262 secs] 511822K->511371K(524224K), 0.0021797 secs] [Times: user=0.00 sys=0.00, real=0.00 secs] 
16.810: [GC (Allocation Failure) 16.810: [DefNew: 959K->64K(960K), 0.0019539 secs] 512268K->511891K(524224K), 0.0020554 secs] [Times: user=0.00 sys=0.00, real=0.00 secs] 
16.814: [GC (Allocation Failure) 16.814: [DefNew: 960K->64K(960K), 0.0019607 secs] 512787K->512359K(524224K), 0.0020416 secs] [Times: user=0.00 sys=0.00, real=0.00 secs] 
16.817: [GC (Allocation Failure) 16.817: [DefNew: 960K->64K(960K), 0.0020297 secs] 513255K->512791K(524224K), 0.0021134 secs] [Times: user=0.00 sys=0.00, real=0.00 secs] 
16.821: [GC (Allocation Failure) 16.821: [DefNew: 960K->63K(960K), 0.0019374 secs] 513687K->513275K(524224K), 0.0020203 secs] [Times: user=0.00 sys=0.00, real=0.00 secs] 
16.824: [GC (Allocation Failure) 16.824: [DefNew: 959K->64K(960K), 0.0019764 secs] 514172K->513725K(524224K), 0.0020590 secs] [Times: user=0.02 sys=0.00, real=0.00 secs] 
16.828: [GC (Allocation Failure) 16.828: [DefNew: 960K->63K(960K), 0.0018904 secs] 514622K->514246K(524224K), 0.0019855 secs] [Times: user=0.00 sys=0.00, real=0.00 secs] 
16.831: [GC (Allocation Failure) 16.831: [DefNew: 959K->63K(960K), 0.0018276 secs] 515142K->514696K(524224K), 0.0018979 secs] [Times: user=0.00 sys=0.00, real=0.00 secs] 
16.835: [GC (Allocation Failure) 16.835: [DefNew: 959K->63K(960K), 0.0017337 secs] 515593K->515165K(524224K), 0.0018071 secs] [Times: user=0.00 sys=0.00, real=0.00 secs] 
16.839: [GC (Allocation Failure) 16.839: [DefNew: 959K->63K(960K), 0.0017889 secs] 516062K->515656K(524224K), 0.0018651 secs] [Times: user=0.02 sys=0.00, real=0.00 secs] 
16.842: [GC (Allocation Failure) 16.842: [DefNew: 959K->64K(960K), 0.0017949 secs] 516552K->516098K(524224K), 0.0018916 secs] [Times: user=0.00 sys=0.00, real=0.00 secs] 
16.846: [GC (Allocation Failure) 16.846: [DefNew: 960K->64K(960K), 0.0017996 secs] 516995K->516588K(524224K), 0.0018718 secs] [Times: user=0.00 sys=0.00, real=0.00 secs] 
16.849: [GC (Allocation Failure) 16.849: [DefNew: 960K->64K(960K), 0.0019733 secs] 517485K->517081K(524224K), 0.0020503 secs] [Times: user=0.00 sys=0.00, real=0.00 secs] 
16.853: [GC (Allocation Failure) 16.853: [DefNew: 960K->64K(960K), 0.0020980 secs] 517978K->517567K(524224K), 0.0022042 secs] [Times: user=0.00 sys=0.00, real=0.00 secs] 
16.857: [GC (Allocation Failure) 16.857: [DefNew: 960K->63K(960K), 0.0019729 secs] 518463K->518066K(524224K), 0.0020542 secs] [Times: user=0.00 sys=0.00, real=0.00 secs] 
16.860: [GC (Allocation Failure) 16.860: [DefNew: 959K->63K(960K), 0.0023258 secs] 518962K->518570K(524224K), 0.0024284 secs] [Times: user=0.00 sys=0.00, real=0.00 secs] 
16.865: [GC (Allocation Failure) 16.865: [DefNew: 959K->63K(960K), 0.0019429 secs] 519466K->519079K(524224K), 0.0020215 secs] [Times: user=0.00 sys=0.00, real=0.00 secs] 
16.868: [GC (Allocation Failure) 16.868: [DefNew: 959K->63K(960K), 0.0019342 secs] 519976K->519549K(524224K), 0.0020120 secs] [Times: user=0.00 sys=0.00, real=0.00 secs] 
16.876: [GC (Allocation Failure) 16.876: [DefNew: 959K->63K(960K), 0.0018853 secs] 520445K->520033K(524224K), 0.0019875 secs] [Times: user=0.00 sys=0.00, real=0.00 secs] 
16.882: [GC (Allocation Failure) 16.882: [DefNew: 959K->64K(960K), 0.0024166 secs] 520930K->520337K(524224K), 0.0025275 secs] [Times: user=0.00 sys=0.00, real=0.00 secs] 
16.886: [GC (Allocation Failure) 16.886: [DefNew: 960K->63K(960K), 0.0010875 secs] 521235K->520713K(524224K), 0.0011566 secs] [Times: user=0.00 sys=0.00, real=0.00 secs] 
16.889: [GC (Allocation Failure) 16.889: [DefNew: 959K->63K(960K), 0.0009513 secs] 521611K->521060K(524224K), 0.0010117 secs] [Times: user=0.00 sys=0.00, real=0.00 secs] 
16.891: [GC (Allocation Failure) 16.891: [DefNew: 959K->63K(960K), 0.0010417 secs] 521956K->521453K(524224K), 0.0010989 secs] [Times: user=0.00 sys=0.00, real=0.00 secs] 
16.895: [GC (Allocation Failure) 16.895: [DefNew: 959K->64K(960K), 0.0012347 secs] 522350K->521911K(524224K), 0.0013883 secs] [Times: user=0.00 sys=0.00, real=0.00 secs] 
16.898: [GC (Allocation Failure) 16.898: [DefNew: 960K->63K(960K), 0.0011100 secs] 522808K->522311K(524224K), 0.0011826 secs] [Times: user=0.00 sys=0.00, real=0.00 secs] 
16.900: [GC (Allocation Failure) 16.900: [DefNew: 959K->63K(960K), 0.0010646 secs] 523209K->522708K(524224K), 0.0011317 secs] [Times: user=0.00 sys=0.00, real=0.00 secs] 
16.903: [GC (Allocation Failure) 16.903: [DefNew: 959K->63K(960K), 0.0009849 secs] 523605K->523131K(524224K), 0.0010500 secs] [Times: user=0.02 sys=0.00, real=0.00 secs] 
16.905: [GC (Allocation Failure) 16.905: [DefNew: 959K->959K(960K), 0.0000237 secs]16.905: [Tenured: 523067K->12168K(523264K), 0.0794950 secs] 524027K->12168K(524224K), [Metaspace: 1790K->1790K(4480K)], 0.0796414 secs] [Times: user=0.08 sys=0.00, real=0.08 secs] 
16.987: [GC (Allocation Failure) 16.987: [DefNew: 896K->64K(960K), 0.0006722 secs] 13064K->12533K(524224K), 0.0007907 secs] [Times: user=0.00 sys=0.00, real=0.00 secs] 
16.990: [GC (Allocation Failure) 16.990: [DefNew: 960K->63K(960K), 0.0009454 secs] 13431K->12973K(524224K), 0.0010259 secs] [Times: user=0.00 sys=0.00, real=0.00 secs] 
16.992: [GC (Allocation Failure) 16.992: [DefNew: 959K->63K(960K), 0.0009411 secs] 13872K->13346K(524224K), 0.0010157 secs] [Times: user=0.00 sys=0.00, real=0.00 secs] 
16.995: [GC (Allocation Failure) 16.995: [DefNew: 959K->63K(960K), 0.0009884 secs] 14244K->13847K(524224K), 0.0010761 secs] [Times: user=0.00 sys=0.00, real=0.00 secs] 
16.998: [GC (Allocation Failure) 16.998: [DefNew: 959K->64K(960K), 0.0008882 secs] 14743K->14243K(524224K), 0.0009462 secs] [Times: user=0.00 sys=0.00, real=0.00 secs] 
17.000: [GC (Allocation Failure) 17.000: [DefNew: 960K->64K(960K), 0.0010172 secs] 15142K->14656K(524224K), 0.0011021 secs] [Times: user=0.00 sys=0.00, real=0.00 secs] 
17.003: [GC (Allocation Failure) 17.003: [DefNew: 960K->63K(960K), 0.0008443 secs] 15553K->15085K(524224K), 0.0009154 secs] [Times: user=0.00 sys=0.00, real=0.00 secs] 
17.005: [GC (Allocation Failure) 17.005: [DefNew: 959K->64K(960K), 0.0010078 secs] 15982K->15452K(524224K), 0.0048280 secs] [Times: user=0.00 sys=0.00, real=0.01 secs] 
17.012: [GC (Allocation Failure) 17.012: [DefNew: 960K->64K(960K), 0.0012746 secs] 16348K->15902K(524224K), 0.0013480 secs] [Times: user=0.02 sys=0.00, real=0.00 secs] 
17.015: [GC (Allocation Failure) 17.015: [DefNew: 960K->63K(960K), 0.0009884 secs] 16800K->16306K(524224K), 0.0010614 secs] [Times: user=0.00 sys=0.00, real=0.00 secs] 
17.017: [GC (Allocation Failure) 17.017: [DefNew: 959K->63K(960K), 0.0009778 secs] 17202K->16692K(524224K), 0.0010382 secs] [Times: user=0.00 sys=0.00, real=0.00 secs] 
17.020: [GC (Allocation Failure) 17.020: [DefNew: 959K->63K(960K), 0.0008980 secs] 17588K->17117K(524224K), 0.0009572 secs] [Times: user=0.00 sys=0.00, real=0.00 secs] 
17.022: [GC (Allocation Failure) 17.022: [DefNew: 959K->64K(960K), 0.0008463 secs] 18015K->17494K(524224K), 0.0009055 secs] [Times: user=0.00 sys=0.00, real=0.00 secs] 
17.025: [GC (Allocation Failure) 17.025: [DefNew: 960K->63K(960K), 0.0009430 secs] 18392K->17924K(524224K), 0.0010113 secs] [Times: user=0.00 sys=0.00, real=0.00 secs] 
17.028: [GC (Allocation Failure) 17.028: [DefNew: 959K->64K(960K), 0.0009568 secs] 18820K->18325K(524224K), 0.0010378 secs] [Times: user=0.00 sys=0.00, real=0.00 secs] 
17.030: [GC (Allocation Failure) 17.030: [DefNew: 960K->63K(960K), 0.0009162 secs] 19221K->18721K(524224K), 0.0009864 secs] [Times: user=0.00 sys=0.00, real=0.00 secs] 
17.033: [GC (Allocation Failure) 17.033: [DefNew: 959K->63K(960K), 0.0008917 secs] 19617K->19149K(524224K), 0.0009549 secs] [Times: user=0.00 sys=0.00, real=0.00 secs] 
17.035: [GC (Allocation Failure) 17.035: [DefNew: 959K->64K(960K), 0.0008708 secs] 20047K->19532K(524224K), 0.0009434 secs] [Times: user=0.00 sys=0.00, real=0.00 secs] 
17.038: [GC (Allocation Failure) 17.038: [DefNew: 960K->63K(960K), 0.0008092 secs] 20429K->19937K(524224K), 0.0008791 secs] [Times: user=0.00 sys=0.00, real=0.00 secs] 
17.041: [GC (Allocation Failure) 17.041: [DefNew: 959K->63K(960K), 0.0008049 secs] 20833K->20343K(524224K), 0.0008613 secs] [Times: user=0.00 sys=0.00, real=0.00 secs] 
17.043: [GC (Allocation Failure) 17.043: [DefNew: 959K->63K(960K), 0.0007591 secs] 21240K->20746K(524224K), 0.0008167 secs] [Times: user=0.02 sys=0.00, real=0.00 secs] 
17.046: [GC (Allocation Failure) 17.046: [DefNew: 959K->63K(960K), 0.0009533 secs] 21643K->21193K(524224K), 0.0010239 secs] [Times: user=0.00 sys=0.00, real=0.00 secs] 
17.048: [GC (Allocation Failure) 17.048: [DefNew: 959K->63K(960K), 0.0009537 secs] 22091K->21585K(524224K), 0.0010243 secs] [Times: user=0.00 sys=0.00, real=0.00 secs] 
17.051: [GC (Allocation Failure) 17.051: [DefNew: 959K->64K(960K), 0.0008850 secs] 22482K->22017K(524224K), 0.0009418 secs] [Times: user=0.00 sys=0.00, real=0.00 secs] 
17.054: [GC (Allocation Failure) 17.054: [DefNew: 960K->64K(960K), 0.0009442 secs] 22914K->22422K(524224K), 0.0010074 secs] [Times: user=0.00 sys=0.00, real=0.00 secs] 
17.056: [GC (Allocation Failure) 17.056: [DefNew: 960K->63K(960K), 0.0008712 secs] 23319K->22807K(524224K), 0.0009296 secs] [Times: user=0.00 sys=0.00, real=0.00 secs] 
17.059: [GC (Allocation Failure) 17.059: [DefNew: 959K->63K(960K), 0.0011487 secs] 23704K->23260K(524224K), 0.0012446 secs] [Times: user=0.02 sys=0.00, real=0.00 secs] 
17.061: [GC (Allocation Failure) 17.061: [DefNew: 959K->63K(960K), 0.0012383 secs] 24157K->23806K(524224K), 0.0013137 secs] [Times: user=0.00 sys=0.00, real=0.00 secs] 
17.064: [GC (Allocation Failure) 17.064: [DefNew: 959K->64K(960K), 0.0011072 secs] 24703K->24270K(524224K), 0.0011704 secs] [Times: user=0.00 sys=0.00, real=0.00 secs] 
17.067: [GC (Allocation Failure) 17.067: [DefNew: 960K->64K(960K), 0.0009154 secs] 25167K->24699K(524224K), 0.0009782 secs] [Times: user=0.00 sys=0.00, real=0.00 secs] 
17.069: [GC (Allocation Failure) 17.069: [DefNew: 960K->63K(960K), 0.0008064 secs] 25598K->25063K(524224K), 0.0008783 secs] [Times: user=0.00 sys=0.00, real=0.00 secs] 
17.074: [GC (Allocation Failure) 17.074: [DefNew: 959K->64K(960K), 0.0010003 secs] 25959K->25506K(524224K), 0.0011072 secs] [Times: user=0.02 sys=0.00, real=0.00 secs] 
17.077: [GC (Allocation Failure) 17.077: [DefNew: 960K->64K(960K), 0.0009016 secs] 26402K->25876K(524224K), 0.0009703 secs] [Times: user=0.00 sys=0.00, real=0.00 secs] 
17.079: [GC (Allocation Failure) 17.079: [DefNew: 960K->64K(960K), 0.0010121 secs] 26772K->26328K(524224K), 0.0010879 secs] [Times: user=0.00 sys=0.00, real=0.00 secs] 
17.082: [GC (Allocation Failure) 17.082: [DefNew: 960K->63K(960K), 0.0010536 secs] 27224K->26776K(524224K), 0.0011128 secs] [Times: user=0.00 sys=0.00, real=0.00 secs] 
17.084: [GC (Allocation Failure) 17.084: [DefNew: 959K->64K(960K), 0.0011396 secs] 27673K->27169K(524224K), 0.0012122 secs] [Times: user=0.00 sys=0.00, real=0.00 secs] 
17.087: [GC (Allocation Failure) 17.087: [DefNew: 960K->64K(960K), 0.0009809 secs] 28065K->27530K(524224K), 0.0010650 secs] [Times: user=0.00 sys=0.00, real=0.00 secs] 
17.089: [GC (Allocation Failure) 17.089: [DefNew: 960K->63K(960K), 0.0008822 secs] 28426K->27878K(524224K), 0.0009418 secs] [Times: user=0.00 sys=0.00, real=0.00 secs] 
17.092: [GC (Allocation Failure) 17.092: [DefNew: 959K->63K(960K), 0.0010121 secs] 28774K->28291K(524224K), 0.0010970 secs] [Times: user=0.00 sys=0.00, real=0.00 secs] 
17.095: [GC (Allocation Failure) 17.095: [DefNew: 959K->64K(960K), 0.0012683 secs] 29187K->28874K(524224K), 0.0013543 secs] [Times: user=0.00 sys=0.00, real=0.00 secs] 
17.097: [GC (Allocation Failure) 17.097: [DefNew: 960K->63K(960K), 0.0010662 secs] 29771K->29266K(524224K), 0.0011234 secs] [Times: user=0.00 sys=0.00, real=0.00 secs] 
17.100: [GC (Allocation Failure) 17.100: [DefNew: 959K->64K(960K), 0.0010058 secs] 30162K->29696K(524224K), 0.0010768 secs] [Times: user=0.00 sys=0.00, real=0.00 secs] 
17.102: [GC (Allocation Failure) 17.102: [DefNew: 960K->64K(960K), 0.0008724 secs] 30593K->30080K(524224K), 0.0009292 secs] [Times: user=0.00 sys=0.00, real=0.00 secs] 
17.105: [GC (Allocation Failure) 17.105: [DefNew: 960K->63K(960K), 0.0008558 secs] 30978K->30488K(524224K), 0.0009162 secs] [Times: user=0.02 sys=0.00, real=0.00 secs] 
17.108: [GC (Allocation Failure) 17.108: [DefNew: 959K->63K(960K), 0.0007997 secs] 31384K->30916K(524224K), 0.0008625 secs] [Times: user=0.00 sys=0.00, real=0.00 secs] 
17.110: [GC (Allocation Failure) 17.110: [DefNew: 959K->63K(960K), 0.0007496 secs] 31812K->31293K(524224K), 0.0008100 secs] [Times: user=0.00 sys=0.00, real=0.00 secs] 
17.113: [GC (Allocation Failure) 17.113: [DefNew: 959K->63K(960K), 0.0009071 secs] 32190K->31734K(524224K), 0.0009616 secs] [Times: user=0.00 sys=0.00, real=0.00 secs] 
17.116: [GC (Allocation Failure) 17.116: [DefNew: 959K->63K(960K), 0.0009438 secs] 32631K->32095K(524224K), 0.0010042 secs] [Times: user=0.00 sys=0.00, real=0.00 secs] 
17.118: [GC (Allocation Failure) 17.118: [DefNew: 959K->63K(960K), 0.0009107 secs] 32992K->32496K(524224K), 0.0009695 secs] [Times: user=0.00 sys=0.00, real=0.00 secs] 
17.121: [GC (Allocation Failure) 17.121: [DefNew: 959K->64K(960K), 0.0010484 secs] 33392K->32922K(524224K), 0.0011143 secs] [Times: user=0.02 sys=0.00, real=0.00 secs] 
17.123: [GC (Allocation Failure) 17.123: [DefNew: 960K->63K(960K), 0.0010453 secs] 33818K->33326K(524224K), 0.0011064 secs] [Times: user=0.00 sys=0.00, real=0.00 secs] 
17.126: [GC (Allocation Failure) 17.126: [DefNew: 959K->64K(960K), 0.0010421 secs] 34223K->33739K(524224K), 0.0011361 secs] [Times: user=0.00 sys=0.00, real=0.00 secs] 
17.129: [GC (Allocation Failure) 17.129: [DefNew: 960K->63K(960K), 0.0011787 secs] 34636K->34225K(524224K), 0.0012553 secs] [Times: user=0.00 sys=0.00, real=0.00 secs] 
17.131: [GC (Allocation Failure) 17.131: [DefNew: 959K->63K(960K), 0.0010251 secs] 35121K->34624K(524224K), 0.0010828 secs] [Times: user=0.00 sys=0.00, real=0.00 secs] 
17.134: [GC (Allocation Failure) 17.134: [DefNew: 959K->64K(960K), 0.0009095 secs] 35521K->35025K(524224K), 0.0009864 secs] [Times: user=0.00 sys=0.00, real=0.00 secs] 
17.136: [GC (Allocation Failure) 17.136: [DefNew: 960K->63K(960K), 0.0008009 secs] 35923K->35402K(524224K), 0.0008589 secs] [Times: user=0.00 sys=0.00, real=0.00 secs] 
17.140: [GC (Allocation Failure) 17.140: [DefNew: 959K->64K(960K), 0.0008850 secs] 36298K->35790K(524224K), 0.0009478 secs] [Times: user=0.00 sys=0.00, real=0.00 secs] 
17.143: [GC (Allocation Failure) 17.143: [DefNew: 960K->64K(960K), 0.0009833 secs] 36687K->36237K(524224K), 0.0010662 secs] [Times: user=0.00 sys=0.00, real=0.00 secs] 
17.145: [GC (Allocation Failure) 17.145: [DefNew: 960K->63K(960K), 0.0009647 secs] 37135K->36636K(524224K), 0.0010314 secs] [Times: user=0.00 sys=0.00, real=0.00 secs] 
17.148: [GC (Allocation Failure) 17.148: [DefNew: 959K->64K(960K), 0.0009608 secs] 37535K->37083K(524224K), 0.0010224 secs] [Times: user=0.00 sys=0.00, real=0.00 secs] 
17.150: [GC (Allocation Failure) 17.150: [DefNew: 960K->63K(960K), 0.0010038 secs] 37980K->37484K(524224K), 0.0010686 secs] [Times: user=0.00 sys=0.00, real=0.00 secs] 
17.153: [GC (Allocation Failure) 17.153: [DefNew: 959K->64K(960K), 0.0010978 secs] 38381K->37896K(524224K), 0.0011688 secs] [Times: user=0.00 sys=0.00, real=0.00 secs] 
17.157: [GC (Allocation Failure) 17.157: [DefNew: 960K->63K(960K), 0.0011743 secs] 38794K->38265K(524224K), 0.0012801 secs] [Times: user=0.00 sys=0.00, real=0.00 secs] 
17.160: [GC (Allocation Failure) 17.160: [DefNew: 959K->64K(960K), 0.0017811 secs] 39161K->38752K(524224K), 0.0019342 secs] [Times: user=0.00 sys=0.00, real=0.00 secs] 
17.164: [GC (Allocation Failure) 17.164: [DefNew: 960K->64K(960K), 0.0011080 secs] 39650K->39128K(524224K), 0.0012032 secs] [Times: user=0.00 sys=0.00, real=0.00 secs] 
17.166: [GC (Allocation Failure) 17.166: [DefNew: 960K->63K(960K), 0.0015572 secs] 40026K->39500K(524224K), 0.0016828 secs] [Times: user=0.00 sys=0.00, real=0.00 secs] 
17.175: [GC (Allocation Failure) 17.175: [DefNew: 959K->64K(960K), 0.0010464 secs] 40396K->39889K(524224K), 0.0011787 secs] [Times: user=0.00 sys=0.00, real=0.00 secs] 
17.180: [GC (Allocation Failure) 17.180: [DefNew: 960K->64K(960K), 0.0009572 secs] 40788K->40261K(524224K), 0.0010796 secs] [Times: user=0.00 sys=0.00, real=0.00 secs] 
17.183: [GC (Allocation Failure) 17.183: [DefNew: 960K->64K(960K), 0.0011724 secs] 41159K->40625K(524224K), 0.0013109 secs] [Times: user=0.02 sys=0.00, real=0.00 secs] 
17.191: [GC (Allocation Failure) 17.191: [DefNew: 960K->63K(960K), 0.0016330 secs] 41522K->41029K(524224K), 0.0018604 secs] [Times: user=0.00 sys=0.00, real=0.00 secs] 
17.195: [GC (Allocation Failure) 17.195: [DefNew: 959K->63K(960K), 0.0019753 secs] 41926K->41699K(524224K), 0.0021663 secs] [Times: user=0.00 sys=0.00, real=0.00 secs] 
17.198: [GC (Allocation Failure) 17.198: [DefNew: 959K->63K(960K), 0.0015387 secs] 42595K->42186K(524224K), 0.0016745 secs] [Times: user=0.00 sys=0.00, real=0.00 secs] 
17.202: [GC (Allocation Failure) 17.202: [DefNew: 959K->63K(960K), 0.0014428 secs] 43082K->42687K(524224K), 0.0015928 secs] [Times: user=0.00 sys=0.00, real=0.00 secs] 
17.205: [GC (Allocation Failure) 17.205: [DefNew: 959K->64K(960K), 0.0010828 secs] 43583K->43140K(524224K), 0.0011953 secs] [Times: user=0.00 sys=0.00, real=0.00 secs] 
17.208: [GC (Allocation Failure) 17.208: [DefNew: 960K->63K(960K), 0.0015647 secs] 44037K->43692K(524224K), 0.0016836 secs] [Times: user=0.00 sys=0.00, real=0.00 secs] 
17.211: [GC (Allocation Failure) 17.211: [DefNew: 959K->64K(960K), 0.0015718 secs] 44590K->44087K(524224K), 0.0017001 secs] [Times: user=0.00 sys=0.00, real=0.00 secs] 
17.215: [GC (Allocation Failure) 17.215: [DefNew: 960K->64K(960K), 0.0013311 secs] 44983K->44588K(524224K), 0.0014408 secs] [Times: user=0.02 sys=0.00, real=0.00 secs] 
17.218: [GC (Allocation Failure) 17.218: [DefNew: 960K->63K(960K), 0.0013101 secs] 45484K->45062K(524224K), 0.0014226 secs] [Times: user=0.00 sys=0.00, real=0.00 secs] 
17.220: [GC (Allocation Failure) 17.220: [DefNew: 959K->63K(960K), 0.0014495 secs] 45959K->45631K(524224K), 0.0015466 secs] [Times: user=0.00 sys=0.00, real=0.00 secs] 
17.223: [GC (Allocation Failure) 17.223: [DefNew: 959K->63K(960K), 0.0018403 secs] 46528K->46223K(524224K), 0.0019567 secs] [Times: user=0.00 sys=0.00, real=0.00 secs] 
17.226: [GC (Allocation Failure) 17.226: [DefNew: 959K->64K(960K), 0.0019243 secs] 47119K->46792K(524224K), 0.0020455 secs] [Times: user=0.00 sys=0.00, real=0.00 secs] 
17.230: [GC (Allocation Failure) 17.230: [DefNew: 960K->63K(960K), 0.0014313 secs] 47688K->47245K(524224K), 0.0015584 secs] [Times: user=0.01 sys=0.00, real=0.00 secs] 
17.233: [GC (Allocation Failure) 17.233: [DefNew: 959K->63K(960K), 0.0010918 secs] 48141K->47656K(524224K), 0.0011759 secs] [Times: user=0.00 sys=0.00, real=0.00 secs] 
17.236: [GC (Allocation Failure) 17.236: [DefNew: 959K->63K(960K), 0.0009379 secs] 48552K->48082K(524224K), 0.0010050 secs] [Times: user=0.00 sys=0.00, real=0.00 secs] 
17.239: [GC (Allocation Failure) 17.239: [DefNew: 959K->63K(960K), 0.0010018 secs] 48979K->48484K(524224K), 0.0010883 secs] [Times: user=0.00 sys=0.00, real=0.00 secs] 
17.241: [GC (Allocation Failure) 17.241: [DefNew: 959K->64K(960K), 0.0009225 secs] 49381K->48891K(524224K), 0.0009943 secs] [Times: user=0.00 sys=0.00, real=0.00 secs] 
17.244: [GC (Allocation Failure) 17.244: [DefNew: 960K->64K(960K), 0.0009399 secs] 49788K->49322K(524224K), 0.0010153 secs] [Times: user=0.00 sys=0.00, real=0.00 secs] 
17.246: [GC (Allocation Failure) 17.246: [DefNew: 960K->63K(960K), 0.0009411 secs] 50219K->49724K(524224K), 0.0010275 secs] [Times: user=0.02 sys=0.00, real=0.00 secs] 
17.249: [GC (Allocation Failure) 17.249: [DefNew: 959K->64K(960K), 0.0010216 secs] 50620K->50175K(524224K), 0.0011100 secs] [Times: user=0.00 sys=0.00, real=0.00 secs] 
17.252: [GC (Allocation Failure) 17.252: [DefNew: 960K->64K(960K), 0.0010764 secs] 51071K->50625K(524224K), 0.0011479 secs] [Times: user=0.00 sys=0.00, real=0.00 secs] 
17.254: [GC (Allocation Failure) 17.254: [DefNew: 960K->64K(960K), 0.0010472 secs] 51521K->51027K(524224K), 0.0011191 secs] [Times: user=0.00 sys=0.00, real=0.00 secs] 
17.257: [GC (Allocation Failure) 17.257: [DefNew: 960K->64K(960K), 0.0010464 secs] 51924K->51496K(524224K), 0.0011222 secs] [Times: user=0.00 sys=0.00, real=0.00 secs] 
17.259: [GC (Allocation Failure) 17.259: [DefNew: 960K->64K(960K), 0.0014009 secs] 52393K->51981K(524224K), 0.0015371 secs] [Times: user=0.00 sys=0.00, real=0.00 secs] 
17.263: [GC (Allocation Failure) 17.263: [DefNew: 960K->63K(960K), 0.0014282 secs] 52877K->52556K(524224K), 0.0015130 secs] [Times: user=0.00 sys=0.00, real=0.00 secs] 
17.266: [GC (Allocation Failure) 17.266: [DefNew: 959K->63K(960K), 0.0011384 secs] 53452K->52988K(524224K), 0.0012016 secs] [Times: user=0.00 sys=0.00, real=0.00 secs] 
17.268: [GC (Allocation Failure) 17.268: [DefNew: 959K->63K(960K), 0.0008664 secs] 53884K->53383K(524224K), 0.0009209 secs] [Times: user=0.00 sys=0.00, real=0.00 secs] 
17.271: [GC (Allocation Failure) 17.271: [DefNew: 959K->63K(960K), 0.0016472 secs] 54279K->53957K(524224K), 0.0017937 secs] [Times: user=0.00 sys=0.00, real=0.00 secs] 
17.274: [GC (Allocation Failure) 17.274: [DefNew: 959K->63K(960K), 0.0016172 secs] 54854K->54434K(524224K), 0.0017013 secs] [Times: user=0.00 sys=0.00, real=0.00 secs] 
17.278: [GC (Allocation Failure) 17.278: [DefNew: 959K->64K(960K), 0.0011147 secs] 55330K->54889K(524224K), 0.0011759 secs] [Times: user=0.00 sys=0.00, real=0.00 secs] 
17.281: [GC (Allocation Failure) 17.281: [DefNew: 960K->64K(960K), 0.0010784 secs] 55785K->55322K(524224K), 0.0011550 secs] [Times: user=0.00 sys=0.00, real=0.00 secs] 
17.283: [GC (Allocation Failure) 17.283: [DefNew: 960K->63K(960K), 0.0011001 secs] 56219K->55764K(524224K), 0.0011645 secs] [Times: user=0.00 sys=0.00, real=0.00 secs] 
17.286: [GC (Allocation Failure) 17.286: [DefNew: 959K->63K(960K), 0.0011357 secs] 56661K->56265K(524224K), 0.0012071 secs] [Times: user=0.00 sys=0.00, real=0.00 secs] 
17.288: [GC (Allocation Failure) 17.288: [DefNew: 959K->63K(960K), 0.0012758 secs] 57163K->56650K(524224K), 0.0013666 secs] [Times: user=0.00 sys=0.00, real=0.00 secs] 
17.291: [GC (Allocation Failure) 17.291: [DefNew: 959K->64K(960K), 0.0011649 secs] 57547K->57128K(524224K), 0.0012347 secs] [Times: user=0.00 sys=0.00, real=0.00 secs] 
17.294: [GC (Allocation Failure) 17.294: [DefNew: 960K->63K(960K), 0.0013891 secs] 58024K->57513K(524224K), 0.0016405 secs] [Times: user=0.00 sys=0.00, real=0.00 secs] 
17.297: [GC (Allocation Failure) 17.297: [DefNew: 959K->63K(960K), 0.0010591 secs] 58409K->57912K(524224K), 0.0011384 secs] [Times: user=0.00 sys=0.00, real=0.00 secs] 
17.300: [GC (Allocation Failure) 17.300: [DefNew: 959K->63K(960K), 0.0010046 secs] 58808K->58361K(524224K), 0.0010780 secs] [Times: user=0.00 sys=0.00, real=0.00 secs] 
17.302: [GC (Allocation Failure) 17.302: [DefNew: 959K->63K(960K), 0.0009525 secs] 59257K->58763K(524224K), 0.0010228 secs] [Times: user=0.00 sys=0.00, real=0.00 secs] 
17.305: [GC (Allocation Failure) 17.305: [DefNew: 959K->64K(960K), 0.0009545 secs] 59660K->59193K(524224K), 0.0010275 secs] [Times: user=0.00 sys=0.00, real=0.00 secs] 
17.308: [GC (Allocation Failure) 17.308: [DefNew: 960K->63K(960K), 0.0010654 secs] 60089K->59633K(524224K), 0.0011514 secs] [Times: user=0.02 sys=0.00, real=0.00 secs] 
17.310: [GC (Allocation Failure) 17.310: [DefNew: 959K->64K(960K), 0.0010966 secs] 60529K->60183K(524224K), 0.0011779 secs] [Times: user=0.00 sys=0.00, real=0.00 secs] 
17.313: [GC (Allocation Failure) 17.313: [DefNew: 960K->64K(960K), 0.0009679 secs] 61080K->60626K(524224K), 0.0010405 secs] [Times: user=0.00 sys=0.00, real=0.00 secs] 
17.315: [GC (Allocation Failure) 17.315: [DefNew: 960K->64K(960K), 0.0009746 secs] 61522K->61031K(524224K), 0.0010464 secs] [Times: user=0.00 sys=0.00, real=0.00 secs] 
17.318: [GC (Allocation Failure) 17.318: [DefNew: 960K->63K(960K), 0.0010930 secs] 61928K->61491K(524224K), 0.0011617 secs] [Times: user=0.00 sys=0.00, real=0.00 secs] 
17.321: [GC (Allocation Failure) 17.321: [DefNew: 959K->63K(960K), 0.0011546 secs] 62387K->61914K(524224K), 0.0012336 secs] [Times: user=0.00 sys=0.00, real=0.00 secs] 
17.323: [GC (Allocation Failure) 17.323: [DefNew: 959K->64K(960K), 0.0010634 secs] 62813K->62329K(524224K), 0.0011329 secs] [Times: user=0.00 sys=0.00, real=0.00 secs] 
17.326: [GC (Allocation Failure) 17.326: [DefNew: 960K->63K(960K), 0.0014562 secs] 63227K->62747K(524224K), 0.0016046 secs] [Times: user=0.00 sys=0.00, real=0.00 secs] 
17.329: [GC (Allocation Failure) 17.329: [DefNew: 959K->64K(960K), 0.0011850 secs] 63644K->63161K(524224K), 0.0012655 secs] [Times: user=0.00 sys=0.00, real=0.00 secs] 
17.332: [GC (Allocation Failure) 17.332: [DefNew: 960K->63K(960K), 0.0010393 secs] 64057K->63620K(524224K), 0.0011112 secs] [Times: user=0.00 sys=0.00, real=0.00 secs] 
17.335: [GC (Allocation Failure) 17.335: [DefNew: 959K->64K(960K), 0.0010461 secs] 64516K->64079K(524224K), 0.0011175 secs] [Times: user=0.00 sys=0.00, real=0.00 secs] 
17.337: [GC (Allocation Failure) 17.337: [DefNew: 960K->64K(960K), 0.0009347 secs] 64975K->64476K(524224K), 0.0009896 secs] [Times: user=0.00 sys=0.00, real=0.00 secs] 
17.340: [GC (Allocation Failure) 17.340: [DefNew: 960K->63K(960K), 0.0010078 secs] 65372K->64900K(524224K), 0.0010911 secs] [Times: user=0.00 sys=0.00, real=0.00 secs] 
17.342: [GC (Allocation Failure) 17.342: [DefNew: 959K->64K(960K), 0.0010457 secs] 65799K->65301K(524224K), 0.0011159 secs] [Times: user=0.00 sys=0.00, real=0.00 secs] 
17.345: [GC (Allocation Failure) 17.345: [DefNew: 960K->63K(960K), 0.0009462 secs] 66198K->65703K(524224K), 0.0010086 secs] [Times: user=0.00 sys=0.00, real=0.00 secs] 
17.348: [GC (Allocation Failure) 17.348: [DefNew: 959K->63K(960K), 0.0010875 secs] 66599K->66133K(524224K), 0.0011807 secs] [Times: user=0.00 sys=0.00, real=0.00 secs] 
17.350: [GC (Allocation Failure) 17.350: [DefNew: 959K->64K(960K), 0.0011254 secs] 67030K->66543K(524224K), 0.0011972 secs] [Times: user=0.00 sys=0.00, real=0.00 secs] 
17.353: [GC (Allocation Failure) 17.353: [DefNew: 960K->63K(960K), 0.0010674 secs] 67440K->66995K(524224K), 0.0011380 secs] [Times: user=0.00 sys=0.00, real=0.00 secs] 
17.355: [GC (Allocation Failure) 17.355: [DefNew: 959K->63K(960K), 0.0012103 secs] 67892K->67470K(524224K), 0.0012782 secs] [Times: user=0.02 sys=0.00, real=0.00 secs] 
17.358: [GC (Allocation Failure) 17.358: [DefNew: 959K->63K(960K), 0.0011886 secs] 68367K->67879K(524224K), 0.0012754 secs] [Times: user=0.00 sys=0.00, real=0.00 secs] 
17.361: [GC (Allocation Failure) 17.361: [DefNew: 959K->64K(960K), 0.0012000 secs] 68775K->68329K(524224K), 0.0013180 secs] [Times: user=0.00 sys=0.00, real=0.00 secs] 
17.363: [GC (Allocation Failure) 17.363: [DefNew: 960K->63K(960K), 0.0011661 secs] 69225K->68749K(524224K), 0.0012403 secs] [Times: user=0.00 sys=0.00, real=0.00 secs] 
17.366: [GC (Allocation Failure) 17.366: [DefNew: 959K->63K(960K), 0.0010670 secs] 69646K->69163K(524224K), 0.0011428 secs] [Times: user=0.00 sys=0.00, real=0.00 secs] 
17.368: [GC (Allocation Failure) 17.368: [DefNew: 959K->63K(960K), 0.0010958 secs] 70059K->69556K(524224K), 0.0011759 secs] [Times: user=0.00 sys=0.00, real=0.00 secs] 
17.371: [GC (Allocation Failure) 17.371: [DefNew: 959K->63K(960K), 0.0017392 secs] 70453K->70156K(524224K), 0.0018699 secs] [Times: user=0.02 sys=0.00, real=0.00 secs] 
17.375: [GC (Allocation Failure) 17.375: [DefNew: 959K->64K(960K), 0.0012951 secs] 71053K->70635K(524224K), 0.0013808 secs] [Times: user=0.00 sys=0.00, real=0.00 secs] 
17.377: [GC (Allocation Failure) 17.377: [DefNew: 960K->63K(960K), 0.0009718 secs] 71531K->71015K(524224K), 0.0010437 secs] [Times: user=0.00 sys=0.00, real=0.00 secs] 
17.380: [GC (Allocation Failure) 17.380: [DefNew: 959K->64K(960K), 0.0009126 secs] 71912K->71431K(524224K), 0.0009718 secs] [Times: user=0.00 sys=0.00, real=0.00 secs] 
17.382: [GC (Allocation Failure) 17.382: [DefNew: 960K->64K(960K), 0.0009505 secs] 72327K->71826K(524224K), 0.0010038 secs] [Times: user=0.00 sys=0.00, real=0.00 secs] 
17.385: [GC (Allocation Failure) 17.385: [DefNew: 960K->64K(960K), 0.0016062 secs] 72722K->72330K(524224K), 0.0017278 secs] [Times: user=0.02 sys=0.00, real=0.00 secs] 
17.389: [GC (Allocation Failure) 17.389: [DefNew: 960K->63K(960K), 0.0012375 secs] 73226K->72745K(524224K), 0.0013311 secs] [Times: user=0.00 sys=0.00, real=0.00 secs] 
17.391: [GC (Allocation Failure) 17.391: [DefNew: 959K->63K(960K), 0.0010705 secs] 73642K->73147K(524224K), 0.0011282 secs] [Times: user=0.00 sys=0.00, real=0.00 secs] 
17.394: [GC (Allocation Failure) 17.394: [DefNew: 959K->64K(960K), 0.0014357 secs] 74043K->73659K(524224K), 0.0015888 secs] [Times: user=0.00 sys=0.00, real=0.00 secs] 
17.397: [GC (Allocation Failure) 17.397: [DefNew: 960K->64K(960K), 0.0011250 secs] 74556K->74057K(524224K), 0.0011905 secs] [Times: user=0.00 sys=0.00, real=0.00 secs] 
17.400: [GC (Allocation Failure) 17.400: [DefNew: 960K->64K(960K), 0.0010026 secs] 74953K->74484K(524224K), 0.0010713 secs] [Times: user=0.00 sys=0.00, real=0.00 secs] 
17.403: [GC (Allocation Failure) 17.403: [DefNew: 960K->63K(960K), 0.0011905 secs] 75382K->74939K(524224K), 0.0012730 secs] [Times: user=0.00 sys=0.00, real=0.00 secs] 
17.405: [GC (Allocation Failure) 17.405: [DefNew: 959K->64K(960K), 0.0009947 secs] 75835K->75334K(524224K), 0.0010563 secs] [Times: user=0.00 sys=0.00, real=0.00 secs] 
17.408: [GC (Allocation Failure) 17.408: [DefNew: 960K->64K(960K), 0.0009888 secs] 76231K->75778K(524224K), 0.0010433 secs] [Times: user=0.00 sys=0.00, real=0.00 secs] 
17.410: [GC (Allocation Failure) 17.410: [DefNew: 960K->64K(960K), 0.0009517 secs] 76676K->76175K(524224K), 0.0010058 secs] [Times: user=0.00 sys=0.00, real=0.00 secs] 
17.413: [GC (Allocation Failure) 17.413: [DefNew: 960K->64K(960K), 0.0010141 secs] 77071K->76612K(524224K), 0.0010749 secs] [Times: user=0.00 sys=0.00, real=0.00 secs] 
17.416: [GC (Allocation Failure) 17.416: [DefNew: 960K->63K(960K), 0.0011029 secs] 77509K->77060K(524224K), 0.0011696 secs] [Times: user=0.00 sys=0.00, real=0.00 secs] 
17.419: [GC (Allocation Failure) 17.419: [DefNew: 959K->64K(960K), 0.0013378 secs] 77957K->77477K(524224K), 0.0014238 secs] [Times: user=0.00 sys=0.00, real=0.00 secs] 
17.422: [GC (Allocation Failure) 17.422: [DefNew: 960K->64K(960K), 0.0011759 secs] 78374K->77945K(524224K), 0.0012493 secs] [Times: user=0.00 sys=0.00, real=0.00 secs] 
17.424: [GC (Allocation Failure) 17.424: [DefNew: 960K->64K(960K), 0.0011724 secs] 78841K->78365K(524224K), 0.0012391 secs] [Times: user=0.00 sys=0.00, real=0.00 secs] 
17.427: [GC (Allocation Failure) 17.427: [DefNew: 960K->64K(960K), 0.0013267 secs] 79261K->78769K(524224K), 0.0014688 secs] [Times: user=0.00 sys=0.00, real=0.00 secs] 
17.430: [GC (Allocation Failure) 17.430: [DefNew: 960K->64K(960K), 0.0010962 secs] 79666K->79166K(524224K), 0.0011554 secs] [Times: user=0.00 sys=0.00, real=0.00 secs] 
17.432: [GC (Allocation Failure) 17.432: [DefNew: 960K->63K(960K), 0.0009809 secs] 80064K->79560K(524224K), 0.0010437 secs] [Times: user=0.00 sys=0.00, real=0.00 secs] 
17.435: [GC (Allocation Failure) 17.435: [DefNew: 959K->64K(960K), 0.0010539 secs] 80457K->80002K(524224K), 0.0011321 secs] [Times: user=0.00 sys=0.00, real=0.00 secs] 
17.438: [GC (Allocation Failure) 17.438: [DefNew: 960K->64K(960K), 0.0009872 secs] 80899K->80416K(524224K), 0.0010425 secs] [Times: user=0.00 sys=0.00, real=0.00 secs] 
17.440: [GC (Allocation Failure) 17.440: [DefNew: 960K->64K(960K), 0.0009742 secs] 81313K->80844K(524224K), 0.0010275 secs] [Times: user=0.00 sys=0.00, real=0.00 secs] 
17.443: [GC (Allocation Failure) 17.443: [DefNew: 960K->63K(960K), 0.0008980 secs] 81740K->81267K(524224K), 0.0009643 secs] [Times: user=0.00 sys=0.00, real=0.00 secs] 
17.445: [GC (Allocation Failure) 17.445: [DefNew: 959K->64K(960K), 0.0009809 secs] 82164K->81722K(524224K), 0.0010389 secs] [Times: user=0.00 sys=0.00, real=0.00 secs] 
17.448: [GC (Allocation Failure) 17.448: [DefNew: 960K->63K(960K), 0.0010011 secs] 82619K->82146K(524224K), 0.0010678 secs] [Times: user=0.00 sys=0.00, real=0.00 secs] 
17.451: [GC (Allocation Failure) 17.451: [DefNew: 959K->63K(960K), 0.0010670 secs] 83042K->82611K(524224K), 0.0011246 secs] [Times: user=0.00 sys=0.00, real=0.00 secs] 
17.453: [GC (Allocation Failure) 17.453: [DefNew: 959K->64K(960K), 0.0012063 secs] 83508K->83006K(524224K), 0.0012754 secs] [Times: user=0.00 sys=0.00, real=0.00 secs] 
17.456: [GC (Allocation Failure) 17.456: [DefNew: 960K->64K(960K), 0.0012770 secs] 83902K->83553K(524224K), 0.0013425 secs] [Times: user=0.00 sys=0.00, real=0.00 secs] 
17.458: [GC (Allocation Failure) 17.458: [DefNew: 960K->64K(960K), 0.0012300 secs] 84449K->83950K(524224K), 0.0012857 secs] [Times: user=0.00 sys=0.00, real=0.00 secs] 
17.461: [GC (Allocation Failure) 17.461: [DefNew: 960K->64K(960K), 0.0011964 secs] 84847K->84418K(524224K), 0.0012904 secs] [Times: user=0.00 sys=0.00, real=0.00 secs] 
17.464: [GC (Allocation Failure) 17.464: [DefNew: 960K->63K(960K), 0.0011353 secs] 85315K->84840K(524224K), 0.0011976 secs] [Times: user=0.02 sys=0.00, real=0.00 secs] 
17.466: [GC (Allocation Failure) 17.466: [DefNew: 959K->63K(960K), 0.0010607 secs] 85739K->85247K(524224K), 0.0011183 secs] [Times: user=0.00 sys=0.00, real=0.00 secs] 
17.469: [GC (Allocation Failure) 17.469: [DefNew: 959K->64K(960K), 0.0013903 secs] 86144K->85659K(524224K), 0.0014996 secs] [Times: user=0.00 sys=0.00, real=0.00 secs] 
17.472: [GC (Allocation Failure) 17.472: [DefNew: 960K->63K(960K), 0.0018695 secs] 86556K->86274K(524224K), 0.0019938 secs] [Times: user=0.00 sys=0.00, real=0.00 secs] 
17.476: [GC (Allocation Failure) 17.476: [DefNew: 959K->64K(960K), 0.0011329 secs] 87171K->86699K(524224K), 0.0012036 secs] [Times: user=0.00 sys=0.00, real=0.00 secs] 
17.479: [GC (Allocation Failure) 17.479: [DefNew: 960K->63K(960K), 0.0009963 secs] 87597K->87097K(524224K), 0.0010536 secs] [Times: user=0.00 sys=0.00, real=0.00 secs] 
17.481: [GC (Allocation Failure) 17.481: [DefNew: 959K->64K(960K), 0.0010370 secs] 87994K->87482K(524224K), 0.0011226 secs] [Times: user=0.00 sys=0.00, real=0.00 secs] 
17.484: [GC (Allocation Failure) 17.484: [DefNew: 960K->64K(960K), 0.0009351 secs] 88378K->87837K(524224K), 0.0010046 secs] [Times: user=0.00 sys=0.00, real=0.00 secs] 
17.486: [GC (Allocation Failure) 17.486: [DefNew: 960K->64K(960K), 0.0010607 secs] 88733K->88205K(524224K), 0.0011408 secs] [Times: user=0.00 sys=0.00, real=0.00 secs] 
17.490: [GC (Allocation Failure) 17.490: [DefNew: 960K->64K(960K), 0.0011747 secs] 89102K->88587K(524224K), 0.0012837 secs] [Times: user=0.00 sys=0.00, real=0.00 secs] 
17.493: [GC (Allocation Failure) 17.493: [DefNew: 960K->63K(960K), 0.0015371 secs] 89483K->88992K(524224K), 0.0016378 secs] [Times: user=0.00 sys=0.00, real=0.00 secs] 
17.496: [GC (Allocation Failure) 17.496: [DefNew: 959K->63K(960K), 0.0011254 secs] 89889K->89389K(524224K), 0.0011893 secs] [Times: user=0.00 sys=0.00, real=0.00 secs] 
17.499: [GC (Allocation Failure) 17.499: [DefNew: 959K->63K(960K), 0.0010397 secs] 90286K->89802K(524224K), 0.0010946 secs] [Times: user=0.00 sys=0.00, real=0.00 secs] 
17.501: [GC (Allocation Failure) 17.501: [DefNew: 959K->64K(960K), 0.0011783 secs] 90699K->90285K(524224K), 0.0012612 secs] [Times: user=0.00 sys=0.00, real=0.00 secs] 
17.504: [GC (Allocation Failure) 17.504: [DefNew: 960K->63K(960K), 0.0011242 secs] 91182K->90735K(524224K), 0.0011917 secs] [Times: user=0.00 sys=0.00, real=0.00 secs] 
17.507: [GC (Allocation Failure) 17.507: [DefNew: 959K->64K(960K), 0.0010161 secs] 91633K->91148K(524224K), 0.0010757 secs] [Times: user=0.00 sys=0.00, real=0.00 secs] 
17.509: [GC (Allocation Failure) 17.509: [DefNew: 960K->64K(960K), 0.0009793 secs] 92046K->91542K(524224K), 0.0010326 secs] [Times: user=0.00 sys=0.00, real=0.00 secs] 
17.512: [GC (Allocation Failure) 17.512: [DefNew: 960K->64K(960K), 0.0010322 secs] 92438K->92011K(524224K), 0.0010899 secs] [Times: user=0.00 sys=0.00, real=0.00 secs] 
17.514: [GC (Allocation Failure) 17.514: [DefNew: 960K->63K(960K), 0.0010014 secs] 92907K->92416K(524224K), 0.0010622 secs] [Times: user=0.00 sys=0.00, real=0.00 secs] 
17.517: [GC (Allocation Failure) 17.517: [DefNew: 959K->63K(960K), 0.0010808 secs] 93312K->92860K(524224K), 0.0011530 secs] [Times: user=0.00 sys=0.00, real=0.00 secs] 
17.521: [GC (Allocation Failure) 17.521: [DefNew: 959K->63K(960K), 0.0012130 secs] 93758K->93234K(524224K), 0.0013042 secs] [Times: user=0.00 sys=0.00, real=0.00 secs] 
17.523: [GC (Allocation Failure) 17.523: [DefNew: 959K->64K(960K), 0.0010646 secs] 94131K->93604K(524224K), 0.0011380 secs] [Times: user=0.00 sys=0.00, real=0.00 secs] 
17.527: [GC (Allocation Failure) 17.527: [DefNew: 960K->63K(960K), 0.0016247 secs] 94501K->93968K(524224K), 0.0017574 secs] [Times: user=0.02 sys=0.00, real=0.00 secs] 
17.529: [GC (Allocation Failure) 17.529: [DefNew: 959K->63K(960K), 0.0012051 secs] 94864K->94389K(524224K), 0.0012833 secs] [Times: user=0.00 sys=0.00, real=0.00 secs] 
17.532: [GC (Allocation Failure) 17.532: [DefNew: 959K->63K(960K), 0.0011049 secs] 95287K->94764K(524224K), 0.0011747 secs] [Times: user=0.00 sys=0.00, real=0.00 secs] 
17.535: [GC (Allocation Failure) 17.535: [DefNew: 959K->63K(960K), 0.0011416 secs] 95663K->95167K(524224K), 0.0012328 secs] [Times: user=0.00 sys=0.00, real=0.00 secs] 
17.537: [GC (Allocation Failure) 17.537: [DefNew: 959K->63K(960K), 0.0009695 secs] 96065K->95537K(524224K), 0.0010354 secs] [Times: user=0.00 sys=0.00, real=0.00 secs] 
17.541: [GC (Allocation Failure) 17.541: [DefNew: 959K->63K(960K), 0.0011005 secs] 96433K->95968K(524224K), 0.0011850 secs] [Times: user=0.00 sys=0.00, real=0.00 secs] 
17.543: [GC (Allocation Failure) 17.543: [DefNew: 959K->64K(960K), 0.0010670 secs] 96866K->96342K(524224K), 0.0011479 secs] [Times: user=0.00 sys=0.00, real=0.00 secs] 
17.546: [GC (Allocation Failure) 17.546: [DefNew: 960K->63K(960K), 0.0010255 secs] 97239K->96730K(524224K), 0.0010958 secs] [Times: user=0.00 sys=0.00, real=0.00 secs] 
17.549: [GC (Allocation Failure) 17.549: [DefNew: 959K->64K(960K), 0.0010737 secs] 97627K->97119K(524224K), 0.0011605 secs] [Times: user=0.00 sys=0.00, real=0.00 secs] 
17.552: [GC (Allocation Failure) 17.552: [DefNew: 960K->64K(960K), 0.0012561 secs] 98016K->97497K(524224K), 0.0013563 secs] [Times: user=0.00 sys=0.00, real=0.00 secs] 
17.556: [GC (Allocation Failure) 17.556: [DefNew: 960K->64K(960K), 0.0012024 secs] 98394K->97884K(524224K), 0.0012943 secs] [Times: user=0.00 sys=0.00, real=0.00 secs] 
17.560: [GC (Allocation Failure) 17.560: [DefNew: 960K->64K(960K), 0.0016855 secs] 98780K->98261K(524224K), 0.0018205 secs] [Times: user=0.00 sys=0.00, real=0.00 secs] 
17.563: [GC (Allocation Failure) 17.563: [DefNew: 960K->63K(960K), 0.0011364 secs] 99157K->98647K(524224K), 0.0012071 secs] [Times: user=0.00 sys=0.00, real=0.00 secs] 
17.566: [GC (Allocation Failure) 17.566: [DefNew: 959K->63K(960K), 0.0010832 secs] 99545K->99020K(524224K), 0.0011633 secs] [Times: user=0.00 sys=0.00, real=0.00 secs] 
17.568: [GC (Allocation Failure) 17.568: [DefNew: 959K->64K(960K), 0.0011507 secs] 99919K->99468K(524224K), 0.0012387 secs] [Times: user=0.00 sys=0.00, real=0.00 secs] 
17.575: [GC (Allocation Failure) 17.575: [DefNew: 960K->63K(960K), 0.0014317 secs] 100364K->99876K(524224K), 0.0015782 secs] [Times: user=0.00 sys=0.00, real=0.00 secs] 
17.579: [GC (Allocation Failure) 17.579: [DefNew: 959K->64K(960K), 0.0017822 secs] 100772K->100443K(524224K), 0.0018805 secs] [Times: user=0.00 sys=0.00, real=0.00 secs] 
17.582: [GC (Allocation Failure) 17.582: [DefNew: 960K->63K(960K), 0.0018549 secs] 101340K->101003K(524224K), 0.0019618 secs] [Times: user=0.00 sys=0.00, real=0.00 secs] 
17.586: [GC (Allocation Failure) 17.586: [DefNew: 959K->63K(960K), 0.0013449 secs] 101899K->101382K(524224K), 0.0014451 secs] [Times: user=0.00 sys=0.00, real=0.00 secs] 
17.588: [GC (Allocation Failure) 17.588: [DefNew: 959K->63K(960K), 0.0022496 secs] 102278K->101908K(524224K), 0.0023846 secs] [Times: user=0.01 sys=0.00, real=0.00 secs] 
17.593: [GC (Allocation Failure) 17.593: [DefNew: 959K->64K(960K), 0.0023191 secs] 102804K->102448K(524224K), 0.0024312 secs] [Times: user=0.00 sys=0.00, real=0.00 secs] 
17.597: [GC (Allocation Failure) 17.597: [DefNew: 960K->64K(960K), 0.0017432 secs] 103344K->102929K(524224K), 0.0018564 secs] [Times: user=0.00 sys=0.00, real=0.00 secs] 
17.601: [GC (Allocation Failure) 17.601: [DefNew: 960K->63K(960K), 0.0019701 secs] 103826K->103377K(524224K), 0.0021115 secs] [Times: user=0.00 sys=0.00, real=0.00 secs] 
17.605: [GC (Allocation Failure) 17.605: [DefNew: 959K->64K(960K), 0.0013824 secs] 104274K->103978K(524224K), 0.0014633 secs] [Times: user=0.02 sys=0.00, real=0.00 secs] 
17.607: [GC (Allocation Failure) 17.607: [DefNew: 960K->64K(960K), 0.0020238 secs] 104874K->104485K(524224K), 0.0021537 secs] [Times: user=0.00 sys=0.00, real=0.00 secs] 
17.611: [GC (Allocation Failure) 17.611: [DefNew: 960K->64K(960K), 0.0012821 secs] 105381K->104933K(524224K), 0.0013768 secs] [Times: user=0.00 sys=0.00, real=0.00 secs] 
17.613: [GC (Allocation Failure) 17.613: [DefNew: 960K->64K(960K), 0.0011179 secs] 105831K->105357K(524224K), 0.0011736 secs] [Times: user=0.00 sys=0.00, real=0.00 secs] 
17.616: [GC (Allocation Failure) 17.616: [DefNew: 960K->63K(960K), 0.0011286 secs] 106253K->105817K(524224K), 0.0011870 secs] [Times: user=0.00 sys=0.00, real=0.00 secs] 
17.619: [GC (Allocation Failure) 17.619: [DefNew: 959K->63K(960K), 0.0014684 secs] 106714K->106396K(524224K), 0.0015845 secs] [Times: user=0.00 sys=0.00, real=0.00 secs] 
17.623: [GC (Allocation Failure) 17.623: [DefNew: 959K->63K(960K), 0.0015000 secs] 107293K->106863K(524224K), 0.0015892 secs] [Times: user=0.00 sys=0.00, real=0.00 secs] 
17.626: [GC (Allocation Failure) 17.626: [DefNew: 959K->64K(960K), 0.0016082 secs] 107760K->107320K(524224K), 0.0017467 secs] [Times: user=0.00 sys=0.00, real=0.00 secs] 
17.629: [GC (Allocation Failure) 17.629: [DefNew: 960K->63K(960K), 0.0013520 secs] 108217K->107725K(524224K), 0.0014254 secs] [Times: user=0.00 sys=0.00, real=0.00 secs] 
17.632: [GC (Allocation Failure) 17.632: [DefNew: 959K->64K(960K), 0.0011653 secs] 108622K->108174K(524224K), 0.0012328 secs] [Times: user=0.00 sys=0.00, real=0.00 secs] 
17.635: [GC (Allocation Failure) 17.635: [DefNew: 960K->64K(960K), 0.0011886 secs] 109072K->108608K(524224K), 0.0012647 secs] [Times: user=0.00 sys=0.00, real=0.00 secs] 
17.637: [GC (Allocation Failure) 17.637: [DefNew: 960K->63K(960K), 0.0012379 secs] 109505K->109018K(524224K), 0.0013192 secs] [Times: user=0.00 sys=0.00, real=0.00 secs] 
17.640: [GC (Allocation Failure) 17.640: [DefNew: 959K->63K(960K), 0.0011317 secs] 109915K->109466K(524224K), 0.0011988 secs] [Times: user=0.00 sys=0.00, real=0.00 secs] 
17.642: [GC (Allocation Failure) 17.642: [DefNew: 959K->63K(960K), 0.0010832 secs] 110362K->109861K(524224K), 0.0011420 secs] [Times: user=0.00 sys=0.00, real=0.00 secs] 
17.645: [GC (Allocation Failure) 17.645: [DefNew: 959K->64K(960K), 0.0010772 secs] 110757K->110295K(524224K), 0.0011463 secs] [Times: user=0.00 sys=0.00, real=0.00 secs] 
17.648: [GC (Allocation Failure) 17.648: [DefNew: 960K->63K(960K), 0.0010970 secs] 111192K->110736K(524224K), 0.0011526 secs] [Times: user=0.00 sys=0.00, real=0.00 secs] 
17.650: [GC (Allocation Failure) 17.650: [DefNew: 959K->64K(960K), 0.0011526 secs] 111634K->111149K(524224K), 0.0012201 secs] [Times: user=0.00 sys=0.00, real=0.00 secs] 
17.653: [GC (Allocation Failure) 17.653: [DefNew: 960K->64K(960K), 0.0013417 secs] 112045K->111644K(524224K), 0.0014325 secs] [Times: user=0.00 sys=0.00, real=0.00 secs] 
17.655: [GC (Allocation Failure) 17.655: [DefNew: 960K->63K(960K), 0.0014775 secs] 112541K->112095K(524224K), 0.0015549 secs] [Times: user=0.00 sys=0.00, real=0.00 secs] 
17.658: [GC (Allocation Failure) 17.658: [DefNew: 959K->63K(960K), 0.0011842 secs] 112992K->112526K(524224K), 0.0012486 secs] [Times: user=0.00 sys=0.00, real=0.00 secs] 
17.661: [GC (Allocation Failure) 17.661: [DefNew: 959K->63K(960K), 0.0013488 secs] 113423K->113037K(524224K), 0.0014858 secs] [Times: user=0.00 sys=0.00, real=0.00 secs] 
17.664: [GC (Allocation Failure) 17.664: [DefNew: 959K->63K(960K), 0.0013382 secs] 113933K->113472K(524224K), 0.0014143 secs] [Times: user=0.00 sys=0.00, real=0.00 secs] 
17.667: [GC (Allocation Failure) 17.667: [DefNew: 959K->63K(960K), 0.0011862 secs] 114368K->113908K(524224K), 0.0012612 secs] [Times: user=0.02 sys=0.00, real=0.00 secs] 
17.669: [GC (Allocation Failure) 17.669: [DefNew: 959K->64K(960K), 0.0015478 secs] 114806K->114315K(524224K), 0.0016433 secs] [Times: user=0.00 sys=0.00, real=0.00 secs] 
17.673: [GC (Allocation Failure) 17.673: [DefNew: 960K->64K(960K), 0.0016157 secs] 115212K->114923K(524224K), 0.0017384 secs] [Times: user=0.00 sys=0.00, real=0.00 secs] 
17.677: [GC (Allocation Failure) 17.677: [DefNew: 960K->63K(960K), 0.0013239 secs] 115821K->115353K(524224K), 0.0014029 secs] [Times: user=0.00 sys=0.00, real=0.00 secs] 
17.679: [GC (Allocation Failure) 17.679: [DefNew: 959K->64K(960K), 0.0011218 secs] 116250K->115762K(524224K), 0.0011937 secs] [Times: user=0.00 sys=0.00, real=0.00 secs] 
17.682: [GC (Allocation Failure) 17.682: [DefNew: 960K->63K(960K), 0.0010958 secs] 116659K->116200K(524224K), 0.0011692 secs] [Times: user=0.00 sys=0.00, real=0.00 secs] 
17.684: [GC (Allocation Failure) 17.684: [DefNew: 959K->64K(960K), 0.0013042 secs] 117096K->116597K(524224K), 0.0013974 secs] [Times: user=0.00 sys=0.00, real=0.00 secs] 
17.687: [GC (Allocation Failure) 17.687: [DefNew: 960K->63K(960K), 0.0018837 secs] 117494K->117098K(524224K), 0.0020171 secs] [Times: user=0.00 sys=0.00, real=0.00 secs] 
17.691: [GC (Allocation Failure) 17.691: [DefNew: 959K->64K(960K), 0.0013930 secs] 117995K->117594K(524224K), 0.0014779 secs] [Times: user=0.00 sys=0.00, real=0.00 secs] 
17.695: [GC (Allocation Failure) 17.695: [DefNew: 960K->64K(960K), 0.0015817 secs] 118491K->118219K(524224K), 0.0017396 secs] [Times: user=0.00 sys=0.00, real=0.00 secs] 
17.698: [GC (Allocation Failure) 17.698: [DefNew: 960K->63K(960K), 0.0014033 secs] 119115K->118662K(524224K), 0.0014775 secs] [Times: user=0.02 sys=0.00, real=0.00 secs] 
17.701: [GC (Allocation Failure) 17.701: [DefNew: 959K->63K(960K), 0.0012829 secs] 119558K->119042K(524224K), 0.0013725 secs] [Times: user=0.00 sys=0.00, real=0.00 secs] 
17.704: [GC (Allocation Failure) 17.704: [DefNew: 959K->64K(960K), 0.0010583 secs] 119939K->119475K(524224K), 0.0011258 secs] [Times: user=0.00 sys=0.00, real=0.00 secs] 
17.707: [GC (Allocation Failure) 17.707: [DefNew: 960K->63K(960K), 0.0010883 secs] 120371K->119890K(524224K), 0.0011621 secs] [Times: user=0.00 sys=0.00, real=0.00 secs] 
17.709: [GC (Allocation Failure) 17.709: [DefNew: 959K->64K(960K), 0.0010918 secs] 120787K->120288K(524224K), 0.0011558 secs] [Times: user=0.00 sys=0.00, real=0.00 secs] 
17.712: [GC (Allocation Failure) 17.712: [DefNew: 960K->63K(960K), 0.0010409 secs] 121184K->120693K(524224K), 0.0011218 secs] [Times: user=0.00 sys=0.00, real=0.00 secs] 
17.714: [GC (Allocation Failure) 17.714: [DefNew: 959K->63K(960K), 0.0009924 secs] 121591K->121089K(524224K), 0.0010658 secs] [Times: user=0.02 sys=0.00, real=0.00 secs] 
17.717: [GC (Allocation Failure) 17.717: [DefNew: 959K->64K(960K), 0.0012604 secs] 121986K->121580K(524224K), 0.0013528 secs] [Times: user=0.00 sys=0.00, real=0.00 secs] 
17.720: [GC (Allocation Failure) 17.720: [DefNew: 960K->64K(960K), 0.0012620 secs] 122477K->122024K(524224K), 0.0013362 secs] [Times: user=0.00 sys=0.00, real=0.00 secs] 
17.722: [GC (Allocation Failure) 17.722: [DefNew: 960K->63K(960K), 0.0014775 secs] 122920K->122637K(524224K), 0.0015557 secs] [Times: user=0.00 sys=0.00, real=0.00 secs] 
17.726: [GC (Allocation Failure) 17.726: [DefNew: 959K->64K(960K), 0.0018849 secs] 123533K->123094K(524224K), 0.0019883 secs] [Times: user=0.00 sys=0.00, real=0.00 secs] 
17.729: [GC (Allocation Failure) 17.729: [DefNew: 960K->64K(960K), 0.0012363 secs] 123990K->123504K(524224K), 0.0013089 secs] [Times: user=0.02 sys=0.00, real=0.00 secs] 
17.732: [GC (Allocation Failure) 17.732: [DefNew: 960K->64K(960K), 0.0013070 secs] 124401K->124013K(524224K), 0.0013847 secs] [Times: user=0.00 sys=0.00, real=0.00 secs] 
17.735: [GC (Allocation Failure) 17.735: [DefNew: 960K->63K(960K), 0.0013018 secs] 124909K->124441K(524224K), 0.0013859 secs] [Times: user=0.00 sys=0.00, real=0.00 secs] 
17.737: [GC (Allocation Failure) 17.737: [DefNew: 959K->64K(960K), 0.0011487 secs] 125338K->124883K(524224K), 0.0012079 secs] [Times: user=0.00 sys=0.00, real=0.00 secs] 
17.740: [GC (Allocation Failure) 17.740: [DefNew: 960K->64K(960K), 0.0011037 secs] 125780K->125354K(524224K), 0.0011657 secs] [Times: user=0.00 sys=0.00, real=0.00 secs] 
17.742: [GC (Allocation Failure) 17.742: [DefNew: 960K->63K(960K), 0.0015849 secs] 126251K->125793K(524224K), 0.0016836 secs] [Times: user=0.00 sys=0.00, real=0.00 secs] 
17.746: [GC (Allocation Failure) 17.746: [DefNew: 959K->64K(960K), 0.0014791 secs] 126689K->126333K(524224K), 0.0015750 secs] [Times: user=0.00 sys=0.00, real=0.00 secs] 
17.750: [GC (Allocation Failure) 17.750: [DefNew: 960K->63K(960K), 0.0012837 secs] 127231K->126755K(524224K), 0.0013611 secs] [Times: user=0.00 sys=0.00, real=0.00 secs] 
17.752: [GC (Allocation Failure) 17.752: [DefNew: 959K->63K(960K), 0.0011724 secs] 127652K->127156K(524224K), 0.0012375 secs] [Times: user=0.00 sys=0.00, real=0.00 secs] 
17.755: [GC (Allocation Failure) 17.755: [DefNew: 959K->63K(960K), 0.0013330 secs] 128053K->127607K(524224K), 0.0014163 secs] [Times: user=0.00 sys=0.00, real=0.00 secs] 
17.757: [GC (Allocation Failure) 17.757: [DefNew: 959K->63K(960K), 0.0011684 secs] 128505K->127976K(524224K), 0.0012339 secs] [Times: user=0.00 sys=0.00, real=0.00 secs] 
17.760: [GC (Allocation Failure) 17.760: [DefNew: 959K->63K(960K), 0.0015612 secs] 128873K->128539K(524224K), 0.0016579 secs] [Times: user=0.00 sys=0.00, real=0.00 secs] 
17.763: [GC (Allocation Failure) 17.763: [DefNew: 959K->63K(960K), 0.0015320 secs] 129436K->129066K(524224K), 0.0016303 secs] [Times: user=0.00 sys=0.00, real=0.00 secs] 
17.767: [GC (Allocation Failure) 17.767: [DefNew: 959K->64K(960K), 0.0015983 secs] 129963K->129543K(524224K), 0.0017053 secs] [Times: user=0.00 sys=0.00, real=0.00 secs] 
17.771: [GC (Allocation Failure) 17.771: [DefNew: 960K->64K(960K), 0.0021383 secs] 130439K->130166K(524224K), 0.0022701 secs] [Times: user=0.00 sys=0.00, real=0.00 secs] 
17.774: [GC (Allocation Failure) 17.774: [DefNew: 960K->64K(960K), 0.0015075 secs] 131063K->130655K(524224K), 0.0015825 secs] [Times: user=0.00 sys=0.00, real=0.00 secs] 
17.778: [GC (Allocation Failure) 17.778: [DefNew: 960K->64K(960K), 0.0011886 secs] 131552K->131124K(524224K), 0.0012466 secs] [Times: user=0.00 sys=0.00, real=0.00 secs] 
17.780: [GC (Allocation Failure) 17.780: [DefNew: 960K->64K(960K), 0.0010986 secs] 132021K->131523K(524224K), 0.0011704 secs] [Times: user=0.00 sys=0.00, real=0.00 secs] 
17.783: [GC (Allocation Failure) 17.783: [DefNew: 960K->63K(960K), 0.0013243 secs] 132420K->132042K(524224K), 0.0014088 secs] [Times: user=0.00 sys=0.00, real=0.00 secs] 
17.786: [GC (Allocation Failure) 17.786: [DefNew: 959K->63K(960K), 0.0013176 secs] 132939K->132484K(524224K), 0.0013879 secs] [Times: user=0.00 sys=0.00, real=0.00 secs] 
17.788: [GC (Allocation Failure) 17.788: [DefNew: 959K->64K(960K), 0.0019014 secs] 133381K->132991K(524224K), 0.0020167 secs] [Times: user=0.00 sys=0.00, real=0.00 secs] 
17.792: [GC (Allocation Failure) 17.792: [DefNew: 960K->64K(960K), 0.0026597 secs] 133887K->133590K(524224K), 0.0027908 secs] [Times: user=0.01 sys=0.00, real=0.00 secs] 
17.796: [GC (Allocation Failure) 17.796: [DefNew: 960K->64K(960K), 0.0015114 secs] 134486K->134092K(524224K), 0.0015920 secs] [Times: user=0.00 sys=0.00, real=0.00 secs] 
17.800: [GC (Allocation Failure) 17.800: [DefNew: 960K->64K(960K), 0.0015659 secs] 134991K->134552K(524224K), 0.0016634 secs] [Times: user=0.00 sys=0.00, real=0.00 secs] 
17.804: [GC (Allocation Failure) 17.804: [DefNew: 960K->63K(960K), 0.0012411 secs] 135449K->134987K(524224K), 0.0013050 secs] [Times: user=0.00 sys=0.00, real=0.00 secs] 
17.806: [GC (Allocation Failure) 17.806: [DefNew: 959K->63K(960K), 0.0013804 secs] 135884K->135403K(524224K), 0.0014791 secs] [Times: user=0.00 sys=0.00, real=0.00 secs] 
17.810: [GC (Allocation Failure) 17.810: [DefNew: 959K->63K(960K), 0.0013646 secs] 136300K->135984K(524224K), 0.0014439 secs] [Times: user=0.00 sys=0.00, real=0.00 secs] 
17.812: [GC (Allocation Failure) 17.812: [DefNew: 959K->63K(960K), 0.0011593 secs] 136882K->136388K(524224K), 0.0012241 secs] [Times: user=0.00 sys=0.00, real=0.00 secs] 
17.815: [GC (Allocation Failure) 17.815: [DefNew: 959K->63K(960K), 0.0012616 secs] 137285K->136869K(524224K), 0.0013283 secs] [Times: user=0.00 sys=0.00, real=0.00 secs] 
17.818: [GC (Allocation Failure) 17.818: [DefNew: 959K->64K(960K), 0.0015059 secs] 137765K->137294K(524224K), 0.0016074 secs] [Times: user=0.00 sys=0.00, real=0.00 secs] 
17.821: [GC (Allocation Failure) 17.821: [DefNew: 960K->63K(960K), 0.0013693 secs] 138190K->137705K(524224K), 0.0014428 secs] [Times: user=0.00 sys=0.00, real=0.00 secs] 
17.824: [GC (Allocation Failure) 17.824: [DefNew: 959K->63K(960K), 0.0012801 secs] 138601K->138116K(524224K), 0.0013579 secs] [Times: user=0.00 sys=0.00, real=0.00 secs] 
17.826: [GC (Allocation Failure) 17.826: [DefNew: 959K->64K(960K), 0.0016062 secs] 139013K->138507K(524224K), 0.0017057 secs] [Times: user=0.00 sys=0.00, real=0.00 secs] 
17.830: [GC (Allocation Failure) 17.830: [DefNew: 960K->64K(960K), 0.0013792 secs] 139403K->138951K(524224K), 0.0014566 secs] [Times: user=0.00 sys=0.00, real=0.00 secs] 
17.833: [GC (Allocation Failure) 17.833: [DefNew: 960K->64K(960K), 0.0013812 secs] 139847K->139347K(524224K), 0.0015091 secs] [Times: user=0.00 sys=0.00, real=0.00 secs] 
17.835: [GC (Allocation Failure) 17.835: [DefNew: 960K->64K(960K), 0.0011972 secs] 140244K->139749K(524224K), 0.0012671 secs] [Times: user=0.00 sys=0.00, real=0.00 secs] 
17.838: [GC (Allocation Failure) 17.838: [DefNew: 960K->64K(960K), 0.0011736 secs] 140646K->140178K(524224K), 0.0012375 secs] [Times: user=0.00 sys=0.00, real=0.00 secs] 
17.841: [GC (Allocation Failure) 17.841: [DefNew: 960K->64K(960K), 0.0012655 secs] 141075K->140643K(524224K), 0.0013358 secs] [Times: user=0.00 sys=0.00, real=0.00 secs] 
17.844: [GC (Allocation Failure) 17.844: [DefNew: 960K->63K(960K), 0.0012801 secs] 141540K->141110K(524224K), 0.0013536 secs] [Times: user=0.00 sys=0.00, real=0.00 secs] 
17.847: [GC (Allocation Failure) 17.847: [DefNew: 959K->64K(960K), 0.0011929 secs] 142006K->141570K(524224K), 0.0012608 secs] [Times: user=0.00 sys=0.00, real=0.00 secs] 
17.849: [GC (Allocation Failure) 17.849: [DefNew: 960K->63K(960K), 0.0012087 secs] 142469K->141980K(524224K), 0.0012801 secs] [Times: user=0.00 sys=0.00, real=0.00 secs] 
17.852: [GC (Allocation Failure) 17.852: [DefNew: 959K->63K(960K), 0.0012486 secs] 142877K->142493K(524224K), 0.0013208 secs] [Times: user=0.00 sys=0.00, real=0.00 secs] 
17.854: [GC (Allocation Failure) 17.854: [DefNew: 959K->63K(960K), 0.0016776 secs] 143390K->142926K(524224K), 0.0017917 secs] [Times: user=0.02 sys=0.00, real=0.00 secs] 
17.858: [GC (Allocation Failure) 17.858: [DefNew: 959K->63K(960K), 0.0013701 secs] 143823K->143380K(524224K), 0.0014467 secs] [Times: user=0.00 sys=0.00, real=0.00 secs] 
17.861: [GC (Allocation Failure) 17.861: [DefNew: 959K->64K(960K), 0.0014893 secs] 144276K->143852K(524224K), 0.0016295 secs] [Times: user=0.00 sys=0.00, real=0.00 secs] 
17.864: [GC (Allocation Failure) 17.864: [DefNew: 960K->63K(960K), 0.0013247 secs] 144748K->144239K(524224K), 0.0013978 secs] [Times: user=0.00 sys=0.00, real=0.00 secs] 
17.867: [GC (Allocation Failure) 17.867: [DefNew: 959K->64K(960K), 0.0012407 secs] 145135K->144673K(524224K), 0.0013137 secs] [Times: user=0.00 sys=0.00, real=0.00 secs] 
17.869: [GC (Allocation Failure) 17.869: [DefNew: 960K->64K(960K), 0.0049109 secs] 145569K->145075K(524224K), 0.0050246 secs] [Times: user=0.00 sys=0.00, real=0.01 secs] 
17.876: [GC (Allocation Failure) 17.876: [DefNew: 960K->64K(960K), 0.0012201 secs] 145971K->145492K(524224K), 0.0013026 secs] [Times: user=0.00 sys=0.00, real=0.00 secs] 
17.879: [GC (Allocation Failure) 17.879: [DefNew: 960K->63K(960K), 0.0012588 secs] 146388K->145975K(524224K), 0.0013295 secs] [Times: user=0.00 sys=0.00, real=0.00 secs] 
17.881: [GC (Allocation Failure) 17.881: [DefNew: 959K->64K(960K), 0.0012332 secs] 146872K->146398K(524224K), 0.0012892 secs] [Times: user=0.00 sys=0.00, real=0.00 secs] 
17.884: [GC (Allocation Failure) 17.884: [DefNew: 960K->64K(960K), 0.0012864 secs] 147295K->146870K(524224K), 0.0013583 secs] [Times: user=0.00 sys=0.00, real=0.00 secs] 
17.886: [GC (Allocation Failure) 17.886: [DefNew: 960K->63K(960K), 0.0015616 secs] 147766K->147308K(524224K), 0.0016682 secs] [Times: user=0.00 sys=0.00, real=0.00 secs] 
17.893: [GC (Allocation Failure) 17.893: [DefNew: 959K->63K(960K), 0.0019472 secs] 148205K->147775K(524224K), 0.0020799 secs] [Times: user=0.00 sys=0.00, real=0.00 secs] 
17.897: [GC (Allocation Failure) 17.897: [DefNew: 959K->64K(960K), 0.0015414 secs] 148671K->148310K(524224K), 0.0016413 secs] [Times: user=0.00 sys=0.00, real=0.00 secs] 
17.900: [GC (Allocation Failure) 17.900: [DefNew: 960K->63K(960K), 0.0015178 secs] 149207K->148759K(524224K), 0.0015924 secs] [Times: user=0.00 sys=0.00, real=0.00 secs] 
17.904: [GC (Allocation Failure) 17.904: [DefNew: 959K->64K(960K), 0.0016670 secs] 149656K->149163K(524224K), 0.0017941 secs] [Times: user=0.00 sys=0.00, real=0.00 secs] 
17.907: [GC (Allocation Failure) 17.907: [DefNew: 960K->64K(960K), 0.0011522 secs] 150060K->149575K(524224K), 0.0012186 secs] [Times: user=0.00 sys=0.00, real=0.00 secs] 
17.910: [GC (Allocation Failure) 17.910: [DefNew: 960K->63K(960K), 0.0011736 secs] 150471K->150019K(524224K), 0.0012422 secs] [Times: user=0.00 sys=0.00, real=0.00 secs] 
17.913: [GC (Allocation Failure) 17.913: [DefNew: 959K->63K(960K), 0.0011661 secs] 150916K->150445K(524224K), 0.0012367 secs] [Times: user=0.00 sys=0.00, real=0.00 secs] 
17.915: [GC (Allocation Failure) 17.915: [DefNew: 959K->63K(960K), 0.0012272 secs] 151341K->150913K(524224K), 0.0013003 secs] [Times: user=0.00 sys=0.00, real=0.00 secs] 
17.918: [GC (Allocation Failure) 17.918: [DefNew: 959K->64K(960K), 0.0013255 secs] 151810K->151369K(524224K), 0.0014183 secs] [Times: user=0.00 sys=0.00, real=0.00 secs] 
17.920: [GC (Allocation Failure) 17.920: [DefNew: 960K->63K(960K), 0.0014518 secs] 152266K->151788K(524224K), 0.0015249 secs] [Times: user=0.00 sys=0.00, real=0.00 secs] 
17.924: [GC (Allocation Failure) 17.924: [DefNew: 959K->64K(960K), 0.0013607 secs] 152685K->152232K(524224K), 0.0014400 secs] [Times: user=0.00 sys=0.00, real=0.00 secs] 
17.927: [GC (Allocation Failure) 17.927: [DefNew: 960K->63K(960K), 0.0016982 secs] 153129K->152746K(524224K), 0.0018233 secs] [Times: user=0.00 sys=0.00, real=0.00 secs] 
17.930: [GC (Allocation Failure) 17.930: [DefNew: 959K->64K(960K), 0.0013476 secs] 153642K->153162K(524224K), 0.0014139 secs] [Times: user=0.00 sys=0.00, real=0.00 secs] 
17.933: [GC (Allocation Failure) 17.933: [DefNew: 960K->63K(960K), 0.0014124 secs] 154058K->153608K(524224K), 0.0015055 secs] [Times: user=0.00 sys=0.00, real=0.00 secs] 
17.936: [GC (Allocation Failure) 17.936: [DefNew: 959K->63K(960K), 0.0011953 secs] 154505K->154000K(524224K), 0.0012738 secs] [Times: user=0.00 sys=0.00, real=0.00 secs] 
17.939: [GC (Allocation Failure) 17.939: [DefNew: 959K->64K(960K), 0.0010729 secs] 154897K->154443K(524224K), 0.0011325 secs] [Times: user=0.00 sys=0.00, real=0.00 secs] 
17.942: [GC (Allocation Failure) 17.942: [DefNew: 960K->64K(960K), 0.0012300 secs] 155340K->154861K(524224K), 0.0013074 secs] [Times: user=0.00 sys=0.00, real=0.00 secs] 
17.944: [GC (Allocation Failure) 17.944: [DefNew: 960K->64K(960K), 0.0013472 secs] 155757K->155258K(524224K), 0.0014341 secs] [Times: user=0.00 sys=0.00, real=0.00 secs] 
17.947: [GC (Allocation Failure) 17.947: [DefNew: 960K->63K(960K), 0.0011593 secs] 156154K->155688K(524224K), 0.0012284 secs] [Times: user=0.00 sys=0.00, real=0.00 secs] 
17.950: [GC (Allocation Failure) 17.950: [DefNew: 959K->64K(960K), 0.0014013 secs] 156584K->156086K(524224K), 0.0015225 secs] [Times: user=0.00 sys=0.00, real=0.00 secs] 
17.953: [GC (Allocation Failure) 17.953: [DefNew: 960K->63K(960K), 0.0013014 secs] 156982K->156501K(524224K), 0.0013851 secs] [Times: user=0.00 sys=0.00, real=0.00 secs] 
17.956: [GC (Allocation Failure) 17.956: [DefNew: 959K->63K(960K), 0.0013295 secs] 157397K->156951K(524224K), 0.0014017 secs] [Times: user=0.00 sys=0.00, real=0.00 secs] 
17.958: [GC (Allocation Failure) 17.958: [DefNew: 959K->64K(960K), 0.0012786 secs] 157848K->157373K(524224K), 0.0014025 secs] [Times: user=0.00 sys=0.00, real=0.00 secs] 
17.961: [GC (Allocation Failure) 17.961: [DefNew: 960K->64K(960K), 0.0013879 secs] 158270K->157865K(524224K), 0.0014763 secs] [Times: user=0.00 sys=0.00, real=0.00 secs] 
17.965: [GC (Allocation Failure) 17.965: [DefNew: 960K->64K(960K), 0.0013934 secs] 158762K->158250K(524224K), 0.0014692 secs] [Times: user=0.00 sys=0.00, real=0.00 secs] 
17.968: [GC (Allocation Failure) 17.968: [DefNew: 960K->64K(960K), 0.0012387 secs] 159148K->158627K(524224K), 0.0013295 secs] [Times: user=0.00 sys=0.00, real=0.00 secs] 
17.975: [GC (Allocation Failure) 17.975: [DefNew: 960K->64K(960K), 0.0012829 secs] 159524K->159062K(524224K), 0.0013907 secs] [Times: user=0.00 sys=0.00, real=0.00 secs] 
17.977: [GC (Allocation Failure) 17.977: [DefNew: 960K->63K(960K), 0.0012205 secs] 159959K->159478K(524224K), 0.0012995 secs] [Times: user=0.00 sys=0.00, real=0.00 secs] 
17.980: [GC (Allocation Failure) 17.980: [DefNew: 959K->63K(960K), 0.0011668 secs] 160377K->159920K(524224K), 0.0012474 secs] [Times: user=0.00 sys=0.00, real=0.00 secs] 
17.983: [GC (Allocation Failure) 17.983: [DefNew: 959K->63K(960K), 0.0011937 secs] 160817K->160358K(524224K), 0.0012726 secs] [Times: user=0.00 sys=0.00, real=0.00 secs] 
17.985: [GC (Allocation Failure) 17.985: [DefNew: 959K->63K(960K), 0.0012442 secs] 161254K->160772K(524224K), 0.0013184 secs] [Times: user=0.00 sys=0.00, real=0.00 secs] 
17.989: [GC (Allocation Failure) 17.989: [DefNew: 959K->63K(960K), 0.0013974 secs] 161668K->161181K(524224K), 0.0015079 secs] [Times: user=0.00 sys=0.00, real=0.00 secs] 
17.991: [GC (Allocation Failure) 17.991: [DefNew: 959K->64K(960K), 0.0013457 secs] 162077K->161572K(524224K), 0.0014495 secs] [Times: user=0.00 sys=0.00, real=0.00 secs] 
17.994: [GC (Allocation Failure) 17.995: [DefNew: 960K->63K(960K), 0.0013808 secs] 162470K->162038K(524224K), 0.0015517 secs] [Times: user=0.02 sys=0.00, real=0.00 secs] 
17.998: [GC (Allocation Failure) 17.998: [DefNew: 959K->64K(960K), 0.0013622 secs] 162934K->162447K(524224K), 0.0014337 secs] [Times: user=0.00 sys=0.00, real=0.00 secs] 
18.001: [GC (Allocation Failure) 18.001: [DefNew: 960K->64K(960K), 0.0014037 secs] 163345K->162821K(524224K), 0.0014795 secs] [Times: user=0.00 sys=0.00, real=0.00 secs] 
18.005: [GC (Allocation Failure) 18.005: [DefNew: 960K->63K(960K), 0.0012620 secs] 163718K->163294K(524224K), 0.0013342 secs] [Times: user=0.00 sys=0.00, real=0.00 secs] 
18.007: [GC (Allocation Failure) 18.007: [DefNew: 959K->63K(960K), 0.0011353 secs] 164191K->163709K(524224K), 0.0012000 secs] [Times: user=0.00 sys=0.00, real=0.00 secs] 
18.010: [GC (Allocation Failure) 18.010: [DefNew: 959K->63K(960K), 0.0011972 secs] 164606K->164180K(524224K), 0.0012568 secs] [Times: user=0.01 sys=0.00, real=0.00 secs] 
18.013: [GC (Allocation Failure) 18.013: [DefNew: 959K->64K(960K), 0.0012999 secs] 165078K->164592K(524224K), 0.0013745 secs] [Times: user=0.00 sys=0.00, real=0.00 secs] 
18.015: [GC (Allocation Failure) 18.015: [DefNew: 960K->63K(960K), 0.0012197 secs] 165489K->165021K(524224K), 0.0012793 secs] [Times: user=0.00 sys=0.00, real=0.00 secs] 
18.018: [GC (Allocation Failure) 18.018: [DefNew: 959K->64K(960K), 0.0011538 secs] 165917K->165426K(524224K), 0.0012138 secs] [Times: user=0.00 sys=0.00, real=0.00 secs] 
18.020: [GC (Allocation Failure) 18.020: [DefNew: 960K->64K(960K), 0.0012182 secs] 166322K->165825K(524224K), 0.0012825 secs] [Times: user=0.00 sys=0.00, real=0.00 secs] 
18.023: [GC (Allocation Failure) 18.023: [DefNew: 960K->63K(960K), 0.0012809 secs] 166722K->166285K(524224K), 0.0013536 secs] [Times: user=0.00 sys=0.00, real=0.00 secs] 
18.026: [GC (Allocation Failure) 18.026: [DefNew: 959K->64K(960K), 0.0017507 secs] 167182K->166715K(524224K), 0.0020791 secs] [Times: user=0.02 sys=0.00, real=0.00 secs] 
18.029: [GC (Allocation Failure) 18.029: [DefNew: 960K->64K(960K), 0.0013682 secs] 167611K->167142K(524224K), 0.0014376 secs] [Times: user=0.00 sys=0.00, real=0.00 secs] 
18.032: [GC (Allocation Failure) 18.032: [DefNew: 960K->63K(960K), 0.0012734 secs] 168038K->167560K(524224K), 0.0013314 secs] [Times: user=0.00 sys=0.00, real=0.00 secs] 
18.034: [GC (Allocation Failure) 18.034: [DefNew: 959K->63K(960K), 0.0012158 secs] 168456K->167968K(524224K), 0.0012853 secs] [Times: user=0.00 sys=0.00, real=0.00 secs] 
18.037: [GC (Allocation Failure) 18.037: [DefNew: 959K->63K(960K), 0.0012292 secs] 168865K->168400K(524224K), 0.0012979 secs] [Times: user=0.00 sys=0.00, real=0.00 secs] 
18.040: [GC (Allocation Failure) 18.040: [DefNew: 959K->64K(960K), 0.0011921 secs] 169297K->168827K(524224K), 0.0012501 secs] [Times: user=0.00 sys=0.00, real=0.00 secs] 
18.042: [GC (Allocation Failure) 18.043: [DefNew: 960K->63K(960K), 0.0011104 secs] 169725K->169196K(524224K), 0.0011668 secs] [Times: user=0.00 sys=0.00, real=0.00 secs] 
18.045: [GC (Allocation Failure) 18.045: [DefNew: 959K->64K(960K), 0.0012628 secs] 170093K->169645K(524224K), 0.0013314 secs] [Times: user=0.00 sys=0.00, real=0.00 secs] 
18.047: [GC (Allocation Failure) 18.047: [DefNew: 960K->64K(960K), 0.0011345 secs] 170541K->170075K(524224K), 0.0011905 secs] [Times: user=0.00 sys=0.00, real=0.00 secs] 
18.050: [GC (Allocation Failure) 18.050: [DefNew: 960K->63K(960K), 0.0011341 secs] 170972K->170496K(524224K), 0.0011976 secs] [Times: user=0.00 sys=0.00, real=0.00 secs] 
18.053: [GC (Allocation Failure) 18.053: [DefNew: 959K->64K(960K), 0.0012414 secs] 171392K->170919K(524224K), 0.0013082 secs] [Times: user=0.00 sys=0.00, real=0.00 secs] 
18.055: [GC (Allocation Failure) 18.055: [DefNew: 960K->64K(960K), 0.0013622 secs] 171815K->171310K(524224K), 0.0014282 secs] [Times: user=0.00 sys=0.00, real=0.00 secs] 
18.059: [GC (Allocation Failure) 18.059: [DefNew: 960K->64K(960K), 0.0013050 secs] 172209K->171728K(524224K), 0.0014037 secs] [Times: user=0.00 sys=0.00, real=0.00 secs] 
18.061: [GC (Allocation Failure) 18.062: [DefNew: 960K->64K(960K), 0.0014767 secs] 172624K->172272K(524224K), 0.0015636 secs] [Times: user=0.00 sys=0.00, real=0.00 secs] 
18.065: [GC (Allocation Failure) 18.065: [DefNew: 960K->63K(960K), 0.0013986 secs] 173168K->172681K(524224K), 0.0014578 secs] [Times: user=0.00 sys=0.00, real=0.00 secs] 
18.068: [GC (Allocation Failure) 18.068: [DefNew: 959K->63K(960K), 0.0012639 secs] 173578K->173130K(524224K), 0.0013255 secs] [Times: user=0.00 sys=0.00, real=0.00 secs] 
18.074: [GC (Allocation Failure) 18.074: [DefNew: 959K->64K(960K), 0.0012549 secs] 174027K->173528K(524224K), 0.0013607 secs] [Times: user=0.00 sys=0.00, real=0.00 secs] 
18.077: [GC (Allocation Failure) 18.077: [DefNew: 960K->63K(960K), 0.0012020 secs] 174424K->173921K(524224K), 0.0012793 secs] [Times: user=0.00 sys=0.00, real=0.00 secs] 
18.080: [GC (Allocation Failure) 18.080: [DefNew: 959K->63K(960K), 0.0011274 secs] 174818K->174346K(524224K), 0.0011846 secs] [Times: user=0.00 sys=0.00, real=0.00 secs] 
18.082: [GC (Allocation Failure) 18.082: [DefNew: 959K->64K(960K), 0.0011893 secs] 175242K->174745K(524224K), 0.0012549 secs] [Times: user=0.00 sys=0.00, real=0.00 secs] 
18.085: [GC (Allocation Failure) 18.085: [DefNew: 960K->63K(960K), 0.0012738 secs] 175642K->175193K(524224K), 0.0013421 secs] [Times: user=0.00 sys=0.00, real=0.00 secs] 
18.087: [GC (Allocation Failure) 18.087: [DefNew: 959K->63K(960K), 0.0013121 secs] 176090K->175619K(524224K), 0.0013828 secs] [Times: user=0.00 sys=0.00, real=0.00 secs] 
18.092: [GC (Allocation Failure) 18.092: [DefNew: 959K->64K(960K), 0.0014262 secs] 176515K->176020K(524224K), 0.0015312 secs] [Times: user=0.00 sys=0.00, real=0.00 secs] 
18.095: [GC (Allocation Failure) 18.095: [DefNew: 960K->64K(960K), 0.0014337 secs] 176918K->176526K(524224K), 0.0015292 secs] [Times: user=0.00 sys=0.00, real=0.00 secs] 
18.098: [GC (Allocation Failure) 18.098: [DefNew: 960K->64K(960K), 0.0013078 secs] 177422K->176930K(524224K), 0.0013662 secs] [Times: user=0.00 sys=0.00, real=0.00 secs] 
18.101: [GC (Allocation Failure) 18.101: [DefNew: 960K->64K(960K), 0.0013149 secs] 177827K->177363K(524224K), 0.0013934 secs] [Times: user=0.00 sys=0.00, real=0.00 secs] 
18.103: [GC (Allocation Failure) 18.103: [DefNew: 960K->63K(960K), 0.0012292 secs] 178260K->177793K(524224K), 0.0012955 secs] [Times: user=0.00 sys=0.00, real=0.00 secs] 
18.106: [GC (Allocation Failure) 18.106: [DefNew: 959K->63K(960K), 0.0011795 secs] 178690K->178192K(524224K), 0.0012462 secs] [Times: user=0.00 sys=0.00, real=0.00 secs] 
18.109: [GC (Allocation Failure) 18.109: [DefNew: 959K->63K(960K), 0.0012730 secs] 179090K->178621K(524224K), 0.0013397 secs] [Times: user=0.00 sys=0.00, real=0.00 secs] 
18.111: [GC (Allocation Failure) 18.111: [DefNew: 959K->63K(960K), 0.0011720 secs] 179519K->179041K(524224K), 0.0012292 secs] [Times: user=0.00 sys=0.00, real=0.00 secs] 
18.114: [GC (Allocation Failure) 18.114: [DefNew: 959K->64K(960K), 0.0011408 secs] 179939K->179470K(524224K), 0.0012091 secs] [Times: user=0.00 sys=0.00, real=0.00 secs] 
18.116: [GC (Allocation Failure) 18.116: [DefNew: 960K->64K(960K), 0.0011199 secs] 180366K->179861K(524224K), 0.0011795 secs] [Times: user=0.00 sys=0.00, real=0.00 secs] 
18.119: [GC (Allocation Failure) 18.119: [DefNew: 960K->63K(960K), 0.0012742 secs] 180759K->180317K(524224K), 0.0013496 secs] [Times: user=0.02 sys=0.00, real=0.00 secs] 
18.122: [GC (Allocation Failure) 18.122: [DefNew: 959K->64K(960K), 0.0013682 secs] 181213K->180724K(524224K), 0.0014459 secs] [Times: user=0.00 sys=0.00, real=0.00 secs] 
18.125: [GC (Allocation Failure) 18.125: [DefNew: 960K->63K(960K), 0.0015770 secs] 181621K->181177K(524224K), 0.0016622 secs] [Times: user=0.00 sys=0.00, real=0.00 secs] 
18.129: [GC (Allocation Failure) 18.129: [DefNew: 959K->63K(960K), 0.0013255 secs] 182074K->181634K(524224K), 0.0014033 secs] [Times: user=0.00 sys=0.00, real=0.00 secs] 
18.131: [GC (Allocation Failure) 18.131: [DefNew: 959K->64K(960K), 0.0012770 secs] 182532K->182056K(524224K), 0.0013421 secs] [Times: user=0.00 sys=0.00, real=0.00 secs] 
18.134: [GC (Allocation Failure) 18.134: [DefNew: 960K->63K(960K), 0.0016042 secs] 182953K->182533K(524224K), 0.0016658 secs] [Times: user=0.00 sys=0.00, real=0.00 secs] 
18.138: [GC (Allocation Failure) 18.138: [DefNew: 959K->64K(960K), 0.0013093 secs] 183430K->182983K(524224K), 0.0013674 secs] [Times: user=0.00 sys=0.00, real=0.00 secs] 
18.141: [GC (Allocation Failure) 18.141: [DefNew: 960K->63K(960K), 0.0012193 secs] 183881K->183349K(524224K), 0.0012880 secs] [Times: user=0.00 sys=0.00, real=0.00 secs] 
18.144: [GC (Allocation Failure) 18.144: [DefNew: 959K->63K(960K), 0.0012261 secs] 184245K->183814K(524224K), 0.0013046 secs] [Times: user=0.00 sys=0.00, real=0.00 secs] 
18.146: [GC (Allocation Failure) 18.146: [DefNew: 959K->63K(960K), 0.0011483 secs] 184712K->184219K(524224K), 0.0012075 secs] [Times: user=0.00 sys=0.00, real=0.00 secs] 
18.149: [GC (Allocation Failure) 18.149: [DefNew: 959K->64K(960K), 0.0012568 secs] 185115K->184670K(524224K), 0.0013216 secs] [Times: user=0.00 sys=0.00, real=0.00 secs] 
18.152: [GC (Allocation Failure) 18.152: [DefNew: 960K->64K(960K), 0.0012557 secs] 185566K->185078K(524224K), 0.0013208 secs] [Times: user=0.00 sys=0.00, real=0.00 secs] 
18.154: [GC (Allocation Failure) 18.154: [DefNew: 960K->63K(960K), 0.0013382 secs] 185974K->185503K(524224K), 0.0014211 secs] [Times: user=0.00 sys=0.00, real=0.00 secs] 
18.157: [GC (Allocation Failure) 18.157: [DefNew: 959K->64K(960K), 0.0012647 secs] 186400K->185940K(524224K), 0.0013342 secs] [Times: user=0.00 sys=0.00, real=0.00 secs] 
18.159: [GC (Allocation Failure) 18.159: [DefNew: 960K->64K(960K), 0.0016121 secs] 186838K->186361K(524224K), 0.0017649 secs] [Times: user=0.00 sys=0.00, real=0.00 secs] 
18.163: [GC (Allocation Failure) 18.163: [DefNew: 960K->63K(960K), 0.0014293 secs] 187258K->186816K(524224K), 0.0015099 secs] [Times: user=0.00 sys=0.00, real=0.00 secs] 
18.167: [GC (Allocation Failure) 18.167: [DefNew: 959K->64K(960K), 0.0014428 secs] 187713K->187279K(524224K), 0.0015296 secs] [Times: user=0.00 sys=0.00, real=0.00 secs] 
18.173: [GC (Allocation Failure) 18.173: [DefNew: 960K->63K(960K), 0.0013618 secs] 188177K->187668K(524224K), 0.0014846 secs] [Times: user=0.00 sys=0.00, real=0.00 secs] 
18.177: [GC (Allocation Failure) 18.177: [DefNew: 959K->63K(960K), 0.0011136 secs] 188565K->188091K(524224K), 0.0011870 secs] [Times: user=0.00 sys=0.00, real=0.00 secs] 
18.179: [GC (Allocation Failure) 18.179: [DefNew: 959K->63K(960K), 0.0011021 secs] 188987K->188487K(524224K), 0.0011633 secs] [Times: user=0.00 sys=0.00, real=0.00 secs] 
18.182: [GC (Allocation Failure) 18.182: [DefNew: 959K->64K(960K), 0.0012442 secs] 189384K->188974K(524224K), 0.0013038 secs] [Times: user=0.02 sys=0.00, real=0.00 secs] 
18.185: [GC (Allocation Failure) 18.185: [DefNew: 960K->64K(960K), 0.0012478 secs] 189872K->189359K(524224K), 0.0013287 secs] [Times: user=0.00 sys=0.00, real=0.00 secs] 
18.187: [GC (Allocation Failure) 18.187: [DefNew: 960K->64K(960K), 0.0011329 secs] 190255K->189768K(524224K), 0.0011945 secs] [Times: user=0.00 sys=0.00, real=0.00 secs] 
18.190: [GC (Allocation Failure) 18.190: [DefNew: 960K->64K(960K), 0.0017499 secs] 190664K->190192K(524224K), 0.0018774 secs] [Times: user=0.00 sys=0.00, real=0.00 secs] 
18.194: [GC (Allocation Failure) 18.194: [DefNew: 960K->63K(960K), 0.0015197 secs] 191089K->190569K(524224K), 0.0016441 secs] [Times: user=0.00 sys=0.00, real=0.00 secs] 
18.197: [GC (Allocation Failure) 18.197: [DefNew: 959K->64K(960K), 0.0012837 secs] 191465K->190985K(524224K), 0.0013524 secs] [Times: user=0.01 sys=0.00, real=0.00 secs] 
18.200: [GC (Allocation Failure) 18.200: [DefNew: 960K->64K(960K), 0.0015695 secs] 191882K->191449K(524224K), 0.0016472 secs] [Times: user=0.00 sys=0.00, real=0.00 secs] 
18.203: [GC (Allocation Failure) 18.203: [DefNew: 960K->63K(960K), 0.0013741 secs] 192345K->191881K(524224K), 0.0014459 secs] [Times: user=0.00 sys=0.00, real=0.00 secs] 
18.206: [GC (Allocation Failure) 18.206: [DefNew: 959K->64K(960K), 0.0012793 secs] 192778K->192329K(524224K), 0.0013488 secs] [Times: user=0.00 sys=0.00, real=0.00 secs] 
18.209: [GC (Allocation Failure) 18.209: [DefNew: 960K->63K(960K), 0.0012020 secs] 193227K->192752K(524224K), 0.0012600 secs] [Times: user=0.00 sys=0.00, real=0.00 secs] 
18.211: [GC (Allocation Failure) 18.211: [DefNew: 959K->64K(960K), 0.0012170 secs] 193650K->193168K(524224K), 0.0012734 secs] [Times: user=0.00 sys=0.00, real=0.00 secs] 
18.214: [GC (Allocation Failure) 18.214: [DefNew: 960K->64K(960K), 0.0013022 secs] 194065K->193618K(524224K), 0.0013729 secs] [Times: user=0.00 sys=0.00, real=0.00 secs] 
18.216: [GC (Allocation Failure) 18.216: [DefNew: 960K->64K(960K), 0.0012742 secs] 194514K->194035K(524224K), 0.0013492 secs] [Times: user=0.00 sys=0.00, real=0.00 secs] 
18.219: [GC (Allocation Failure) 18.219: [DefNew: 960K->63K(960K), 0.0011554 secs] 194932K->194465K(524224K), 0.0012170 secs] [Times: user=0.00 sys=0.00, real=0.00 secs] 
18.222: [GC (Allocation Failure) 18.222: [DefNew: 959K->63K(960K), 0.0012718 secs] 195363K->194866K(524224K), 0.0013413 secs] [Times: user=0.00 sys=0.00, real=0.00 secs] 
18.224: [GC (Allocation Failure) 18.224: [DefNew: 959K->63K(960K), 0.0013003 secs] 195764K->195283K(524224K), 0.0013686 secs] [Times: user=0.00 sys=0.00, real=0.00 secs] 
18.227: [GC (Allocation Failure) 18.227: [DefNew: 959K->64K(960K), 0.0014945 secs] 196180K->195697K(524224K), 0.0016326 secs] [Times: user=0.00 sys=0.00, real=0.00 secs] 
18.230: [GC (Allocation Failure) 18.230: [DefNew: 960K->64K(960K), 0.0013922 secs] 196594K->196159K(524224K), 0.0014582 secs] [Times: user=0.00 sys=0.00, real=0.00 secs] 
18.233: [GC (Allocation Failure) 18.233: [DefNew: 960K->64K(960K), 0.0014589 secs] 197056K->196548K(524224K), 0.0015422 secs] [Times: user=0.00 sys=0.00, real=0.00 secs] 
18.237: [GC (Allocation Failure) 18.237: [DefNew: 960K->64K(960K), 0.0013662 secs] 197445K->196977K(524224K), 0.0014420 secs] [Times: user=0.00 sys=0.00, real=0.00 secs] 
18.239: [GC (Allocation Failure) 18.239: [DefNew: 960K->64K(960K), 0.0012821 secs] 197874K->197391K(524224K), 0.0013520 secs] [Times: user=0.00 sys=0.00, real=0.00 secs] 
18.242: [GC (Allocation Failure) 18.242: [DefNew: 960K->64K(960K), 0.0012545 secs] 198288K->197856K(524224K), 0.0013129 secs] [Times: user=0.00 sys=0.00, real=0.00 secs] 
18.244: [GC (Allocation Failure) 18.244: [DefNew: 960K->64K(960K), 0.0012213 secs] 198753K->198269K(524224K), 0.0012872 secs] [Times: user=0.02 sys=0.00, real=0.00 secs] 
18.247: [GC (Allocation Failure) 18.247: [DefNew: 960K->63K(960K), 0.0012636 secs] 199165K->198723K(524224K), 0.0013338 secs] [Times: user=0.00 sys=0.00, real=0.00 secs] 
18.250: [GC (Allocation Failure) 18.250: [DefNew: 959K->63K(960K), 0.0011937 secs] 199621K->199154K(524224K), 0.0012557 secs] [Times: user=0.00 sys=0.00, real=0.00 secs] 
18.252: [GC (Allocation Failure) 18.252: [DefNew: 959K->63K(960K), 0.0011289 secs] 200052K->199551K(524224K), 0.0011897 secs] [Times: user=0.00 sys=0.00, real=0.00 secs] 
18.255: [GC (Allocation Failure) 18.255: [DefNew: 959K->64K(960K), 0.0013899 secs] 200447K->200032K(524224K), 0.0014664 secs] [Times: user=0.00 sys=0.00, real=0.00 secs] 
18.257: [GC (Allocation Failure) 18.257: [DefNew: 960K->63K(960K), 0.0013946 secs] 200930K->200460K(524224K), 0.0014593 secs] [Times: user=0.00 sys=0.00, real=0.00 secs] 
18.260: [GC (Allocation Failure) 18.260: [DefNew: 959K->64K(960K), 0.0017297 secs] 201356K->200926K(524224K), 0.0018486 secs] [Times: user=0.02 sys=0.00, real=0.00 secs] 
18.264: [GC (Allocation Failure) 18.264: [DefNew: 960K->63K(960K), 0.0015557 secs] 201823K->201374K(524224K), 0.0016326 secs] [Times: user=0.00 sys=0.00, real=0.00 secs] 
18.267: [GC (Allocation Failure) 18.267: [DefNew: 959K->63K(960K), 0.0013938 secs] 202270K->201784K(524224K), 0.0014589 secs] [Times: user=0.00 sys=0.00, real=0.00 secs] 
18.275: [GC (Allocation Failure) 18.275: [DefNew: 959K->63K(960K), 0.0014274 secs] 202680K->202206K(524224K), 0.0015304 secs] [Times: user=0.01 sys=0.00, real=0.00 secs] 
18.278: [GC (Allocation Failure) 18.278: [DefNew: 959K->64K(960K), 0.0013776 secs] 203102K->202663K(524224K), 0.0014609 secs] [Times: user=0.00 sys=0.00, real=0.00 secs] 
18.282: [GC (Allocation Failure) 18.282: [DefNew: 960K->63K(960K), 0.0014491 secs] 203560K->203144K(524224K), 0.0015126 secs] [Times: user=0.00 sys=0.00, real=0.00 secs] 
18.285: [GC (Allocation Failure) 18.285: [DefNew: 959K->64K(960K), 0.0013950 secs] 204042K->203612K(524224K), 0.0014680 secs] [Times: user=0.00 sys=0.00, real=0.00 secs] 
18.287: [GC (Allocation Failure) 18.287: [DefNew: 960K->63K(960K), 0.0014830 secs] 204508K->204050K(524224K), 0.0015525 secs] [Times: user=0.00 sys=0.00, real=0.00 secs] 
18.291: [GC (Allocation Failure) 18.291: [DefNew: 959K->63K(960K), 0.0014286 secs] 204946K->204459K(524224K), 0.0015371 secs] [Times: user=0.02 sys=0.00, real=0.00 secs] 
18.293: [GC (Allocation Failure) 18.293: [DefNew: 959K->64K(960K), 0.0017850 secs] 205355K->204834K(524224K), 0.0018714 secs] [Times: user=0.00 sys=0.00, real=0.00 secs] 
18.297: [GC (Allocation Failure) 18.297: [DefNew: 960K->64K(960K), 0.0012158 secs] 205731K->205216K(524224K), 0.0012947 secs] [Times: user=0.00 sys=0.00, real=0.00 secs] 
18.300: [GC (Allocation Failure) 18.300: [DefNew: 960K->63K(960K), 0.0013133 secs] 206114K->205667K(524224K), 0.0014072 secs] [Times: user=0.00 sys=0.00, real=0.00 secs] 
18.302: [GC (Allocation Failure) 18.302: [DefNew: 959K->64K(960K), 0.0013520 secs] 206563K->206090K(524224K), 0.0014207 secs] [Times: user=0.00 sys=0.00, real=0.00 secs] 
18.306: [GC (Allocation Failure) 18.306: [DefNew: 960K->63K(960K), 0.0013026 secs] 206987K->206541K(524224K), 0.0013626 secs] [Times: user=0.00 sys=0.00, real=0.00 secs] 
18.308: [GC (Allocation Failure) 18.308: [DefNew: 959K->63K(960K), 0.0012107 secs] 207437K->206936K(524224K), 0.0012774 secs] [Times: user=0.00 sys=0.00, real=0.00 secs] 
18.311: [GC (Allocation Failure) 18.311: [DefNew: 959K->63K(960K), 0.0013342 secs] 207833K->207430K(524224K), 0.0013993 secs] [Times: user=0.00 sys=0.00, real=0.00 secs] 
18.314: [GC (Allocation Failure) 18.314: [DefNew: 959K->64K(960K), 0.0013808 secs] 208327K->207890K(524224K), 0.0014491 secs] [Times: user=0.00 sys=0.00, real=0.00 secs] 
18.316: [GC (Allocation Failure) 18.316: [DefNew: 960K->64K(960K), 0.0011949 secs] 208786K->208285K(524224K), 0.0012561 secs] [Times: user=0.00 sys=0.00, real=0.00 secs] 
18.319: [GC (Allocation Failure) 18.319: [DefNew: 960K->64K(960K), 0.0011992 secs] 209183K->208716K(524224K), 0.0012683 secs] [Times: user=0.00 sys=0.00, real=0.00 secs] 
18.322: [GC (Allocation Failure) 18.322: [DefNew: 960K->64K(960K), 0.0012553 secs] 209614K->209133K(524224K), 0.0013232 secs] [Times: user=0.01 sys=0.00, real=0.00 secs] 
18.324: [GC (Allocation Failure) 18.324: [DefNew: 960K->64K(960K), 0.0013259 secs] 210030K->209543K(524224K), 0.0013879 secs] [Times: user=0.00 sys=0.00, real=0.00 secs] 
18.327: [GC (Allocation Failure) 18.327: [DefNew: 960K->63K(960K), 0.0015987 secs] 210440K->209974K(524224K), 0.0017100 secs] [Times: user=0.00 sys=0.00, real=0.00 secs] 
18.330: [GC (Allocation Failure) 18.330: [DefNew: 959K->63K(960K), 0.0013393 secs] 210871K->210386K(524224K), 0.0014005 secs] [Times: user=0.00 sys=0.00, real=0.00 secs] 
18.333: [GC (Allocation Failure) 18.333: [DefNew: 959K->63K(960K), 0.0013729 secs] 211283K->210839K(524224K), 0.0014459 secs] [Times: user=0.00 sys=0.00, real=0.00 secs] 
18.336: [GC (Allocation Failure) 18.336: [DefNew: 959K->63K(960K), 0.0013666 secs] 211735K->211261K(524224K), 0.0014286 secs] [Times: user=0.00 sys=0.00, real=0.00 secs] 
18.338: [GC (Allocation Failure) 18.338: [DefNew: 959K->63K(960K), 0.0017633 secs] 212158K->211664K(524224K), 0.0018339 secs] [Times: user=0.02 sys=0.00, real=0.00 secs] 
18.342: [GC (Allocation Failure) 18.342: [DefNew: 959K->63K(960K), 0.0012225 secs] 212560K->212097K(524224K), 0.0012928 secs] [Times: user=0.00 sys=0.00, real=0.00 secs] 
18.344: [GC (Allocation Failure) 18.344: [DefNew: 959K->63K(960K), 0.0012375 secs] 212994K->212505K(524224K), 0.0013054 secs] [Times: user=0.00 sys=0.00, real=0.00 secs] 
18.347: [GC (Allocation Failure) 18.347: [DefNew: 959K->64K(960K), 0.0012087 secs] 213401K->212942K(524224K), 0.0012687 secs] [Times: user=0.00 sys=0.00, real=0.00 secs] 
18.350: [GC (Allocation Failure) 18.350: [DefNew: 960K->64K(960K), 0.0013413 secs] 213838K->213372K(524224K), 0.0014250 secs] [Times: user=0.00 sys=0.00, real=0.00 secs] 
18.352: [GC (Allocation Failure) 18.352: [DefNew: 960K->63K(960K), 0.0012703 secs] 214269K->213796K(524224K), 0.0013346 secs] [Times: user=0.00 sys=0.00, real=0.00 secs] 
18.355: [GC (Allocation Failure) 18.355: [DefNew: 959K->64K(960K), 0.0013974 secs] 214693K->214214K(524224K), 0.0014728 secs] [Times: user=0.00 sys=0.00, real=0.00 secs] 
18.357: [GC (Allocation Failure) 18.357: [DefNew: 960K->64K(960K), 0.0012738 secs] 215111K->214616K(524224K), 0.0013334 secs] [Times: user=0.00 sys=0.00, real=0.00 secs] 
18.360: [GC (Allocation Failure) 18.360: [DefNew: 960K->63K(960K), 0.0016808 secs] 215513K->215075K(524224K), 0.0017976 secs] [Times: user=0.00 sys=0.00, real=0.00 secs] 
18.364: [GC (Allocation Failure) 18.364: [DefNew: 959K->64K(960K), 0.0014479 secs] 215971K->215528K(524224K), 0.0015375 secs] [Times: user=0.00 sys=0.00, real=0.00 secs] 
18.366: [GC (Allocation Failure) 18.366: [DefNew: 960K->64K(960K), 0.0013508 secs] 216424K->215948K(524224K), 0.0014092 secs] [Times: user=0.00 sys=0.00, real=0.00 secs] 
18.369: [GC (Allocation Failure) 18.369: [DefNew: 960K->64K(960K), 0.0013311 secs] 216845K->216369K(524224K), 0.0014017 secs] [Times: user=0.02 sys=0.00, real=0.00 secs] 
18.374: [GC (Allocation Failure) 18.374: [DefNew: 960K->64K(960K), 0.0015580 secs] 217265K->216772K(524224K), 0.0016836 secs] [Times: user=0.00 sys=0.00, real=0.00 secs] 
18.377: [GC (Allocation Failure) 18.377: [DefNew: 960K->64K(960K), 0.0013575 secs] 217668K->217233K(524224K), 0.0014317 secs] [Times: user=0.00 sys=0.00, real=0.00 secs] 
18.380: [GC (Allocation Failure) 18.380: [DefNew: 960K->63K(960K), 0.0012801 secs] 218129K->217649K(524224K), 0.0013397 secs] [Times: user=0.00 sys=0.00, real=0.00 secs] 
18.382: [GC (Allocation Failure) 18.382: [DefNew: 959K->63K(960K), 0.0012853 secs] 218545K->218100K(524224K), 0.0013484 secs] [Times: user=0.00 sys=0.00, real=0.00 secs] 
18.385: [GC (Allocation Failure) 18.385: [DefNew: 959K->64K(960K), 0.0013204 secs] 218996K->218554K(524224K), 0.0013903 secs] [Times: user=0.01 sys=0.00, real=0.00 secs] 
18.387: [GC (Allocation Failure) 18.387: [DefNew: 960K->63K(960K), 0.0012782 secs] 219450K->218971K(524224K), 0.0013366 secs] [Times: user=0.00 sys=0.00, real=0.00 secs] 
18.390: [GC (Allocation Failure) 18.390: [DefNew: 959K->64K(960K), 0.0014364 secs] 219868K->219391K(524224K), 0.0015486 secs] [Times: user=0.00 sys=0.00, real=0.00 secs] 
18.393: [GC (Allocation Failure) 18.393: [DefNew: 960K->64K(960K), 0.0015572 secs] 220287K->219804K(524224K), 0.0016417 secs] [Times: user=0.00 sys=0.00, real=0.00 secs] 
18.396: [GC (Allocation Failure) 18.396: [DefNew: 960K->64K(960K), 0.0014068 secs] 220701K->220214K(524224K), 0.0014814 secs] [Times: user=0.00 sys=0.00, real=0.00 secs] 
18.399: [GC (Allocation Failure) 18.399: [DefNew: 960K->63K(960K), 0.0013389 secs] 221111K->220662K(524224K), 0.0014017 secs] [Times: user=0.00 sys=0.00, real=0.00 secs] 
18.402: [GC (Allocation Failure) 18.402: [DefNew: 959K->63K(960K), 0.0016536 secs] 221560K->221153K(524224K), 0.0017570 secs] [Times: user=0.00 sys=0.00, real=0.00 secs] 
18.405: [GC (Allocation Failure) 18.405: [DefNew: 959K->63K(960K), 0.0014499 secs] 222050K->221589K(524224K), 0.0015166 secs] [Times: user=0.00 sys=0.00, real=0.00 secs] 
18.408: [GC (Allocation Failure) 18.408: [DefNew: 959K->64K(960K), 0.0012233 secs] 222486K->222030K(524224K), 0.0012825 secs] [Times: user=0.00 sys=0.00, real=0.00 secs] 
18.410: [GC (Allocation Failure) 18.410: [DefNew: 960K->63K(960K), 0.0012395 secs] 222926K->222453K(524224K), 0.0013078 secs] [Times: user=0.00 sys=0.00, real=0.00 secs] 
18.413: [GC (Allocation Failure) 18.413: [DefNew: 959K->64K(960K), 0.0013050 secs] 223349K->222920K(524224K), 0.0013784 secs] [Times: user=0.00 sys=0.00, real=0.00 secs] 
18.415: [GC (Allocation Failure) 18.415: [DefNew: 960K->63K(960K), 0.0012399 secs] 223817K->223342K(524224K), 0.0013011 secs] [Times: user=0.00 sys=0.00, real=0.00 secs] 
18.418: [GC (Allocation Failure) 18.418: [DefNew: 959K->63K(960K), 0.0012039 secs] 224239K->223738K(524224K), 0.0012679 secs] [Times: user=0.00 sys=0.00, real=0.00 secs] 
18.421: [GC (Allocation Failure) 18.421: [DefNew: 959K->63K(960K), 0.0013650 secs] 224635K->224173K(524224K), 0.0014400 secs] [Times: user=0.00 sys=0.00, real=0.00 secs] 
18.423: [GC (Allocation Failure) 18.423: [DefNew: 959K->64K(960K), 0.0013295 secs] 225069K->224577K(524224K), 0.0013993 secs] [Times: user=0.00 sys=0.00, real=0.00 secs] 
18.426: [GC (Allocation Failure) 18.426: [DefNew: 960K->63K(960K), 0.0016721 secs] 225473K->224982K(524224K), 0.0017570 secs] [Times: user=0.00 sys=0.00, real=0.00 secs] 
18.430: [GC (Allocation Failure) 18.430: [DefNew: 959K->64K(960K), 0.0013480 secs] 225879K->225400K(524224K), 0.0014132 secs] [Times: user=0.00 sys=0.00, real=0.00 secs] 
18.433: [GC (Allocation Failure) 18.433: [DefNew: 960K->64K(960K), 0.0013461 secs] 226297K->225790K(524224K), 0.0014104 secs] [Times: user=0.00 sys=0.00, real=0.00 secs] 
18.436: [GC (Allocation Failure) 18.436: [DefNew: 960K->64K(960K), 0.0014301 secs] 226687K->226243K(524224K), 0.0014996 secs] [Times: user=0.00 sys=0.00, real=0.00 secs] 
18.438: [GC (Allocation Failure) 18.438: [DefNew: 960K->64K(960K), 0.0012857 secs] 227139K->226632K(524224K), 0.0013421 secs] [Times: user=0.00 sys=0.00, real=0.00 secs] 
18.441: [GC (Allocation Failure) 18.441: [DefNew: 960K->64K(960K), 0.0011538 secs] 227529K->227039K(524224K), 0.0012114 secs] [Times: user=0.00 sys=0.00, real=0.00 secs] 
18.444: [GC (Allocation Failure) 18.444: [DefNew: 960K->64K(960K), 0.0012403 secs] 227937K->227471K(524224K), 0.0013026 secs] [Times: user=0.00 sys=0.00, real=0.00 secs] 
18.446: [GC (Allocation Failure) 18.446: [DefNew: 960K->63K(960K), 0.0012639 secs] 228368K->227891K(524224K), 0.0013263 secs] [Times: user=0.00 sys=0.00, real=0.00 secs] 
18.449: [GC (Allocation Failure) 18.449: [DefNew: 959K->64K(960K), 0.0012162 secs] 228787K->228338K(524224K), 0.0012857 secs] [Times: user=0.00 sys=0.00, real=0.00 secs] 
18.451: [GC (Allocation Failure) 18.451: [DefNew: 960K->64K(960K), 0.0012655 secs] 229234K->228753K(524224K), 0.0013271 secs] [Times: user=0.00 sys=0.00, real=0.00 secs] 
18.454: [GC (Allocation Failure) 18.454: [DefNew: 960K->64K(960K), 0.0013958 secs] 229649K->229215K(524224K), 0.0014664 secs] [Times: user=0.00 sys=0.00, real=0.00 secs] 
18.457: [GC (Allocation Failure) 18.457: [DefNew: 960K->64K(960K), 0.0012845 secs] 230112K->229633K(524224K), 0.0013464 secs] [Times: user=0.00 sys=0.00, real=0.00 secs] 
18.459: [GC (Allocation Failure) 18.459: [DefNew: 960K->63K(960K), 0.0017503 secs] 230530K->230067K(524224K), 0.0018924 secs] [Times: user=0.00 sys=0.00, real=0.00 secs] 
18.463: [GC (Allocation Failure) 18.463: [DefNew: 959K->63K(960K), 0.0015517 secs] 230963K->230510K(524224K), 0.0016283 secs] [Times: user=0.02 sys=0.00, real=0.00 secs] 
18.466: [GC (Allocation Failure) 18.466: [DefNew: 959K->64K(960K), 0.0014250 secs] 231406K->230931K(524224K), 0.0014961 secs] [Times: user=0.00 sys=0.00, real=0.00 secs] 
18.469: [GC (Allocation Failure) 18.469: [DefNew: 960K->64K(960K), 0.0013875 secs] 231827K->231383K(524224K), 0.0014601 secs] [Times: user=0.00 sys=0.00, real=0.00 secs] 
18.475: [GC (Allocation Failure) 18.475: [DefNew: 960K->64K(960K), 0.0014451 secs] 232279K->231844K(524224K), 0.0015387 secs] [Times: user=0.00 sys=0.00, real=0.00 secs] 
18.477: [GC (Allocation Failure) 18.477: [DefNew: 960K->63K(960K), 0.0012754 secs] 232740K->232220K(524224K), 0.0013472 secs] [Times: user=0.00 sys=0.00, real=0.00 secs] 
18.480: [GC (Allocation Failure) 18.480: [DefNew: 959K->63K(960K), 0.0011882 secs] 233117K->232658K(524224K), 0.0012486 secs] [Times: user=0.00 sys=0.00, real=0.00 secs] 
18.482: [GC (Allocation Failure) 18.482: [DefNew: 959K->63K(960K), 0.0013484 secs] 233556K->233092K(524224K), 0.0014179 secs] [Times: user=0.00 sys=0.00, real=0.00 secs] 
18.485: [GC (Allocation Failure) 18.485: [DefNew: 959K->64K(960K), 0.0013295 secs] 233988K->233515K(524224K), 0.0013954 secs] [Times: user=0.00 sys=0.00, real=0.00 secs] 
18.488: [GC (Allocation Failure) 18.488: [DefNew: 960K->64K(960K), 0.0014530 secs] 234411K->233981K(524224K), 0.0015276 secs] [Times: user=0.00 sys=0.00, real=0.00 secs] 
18.491: [GC (Allocation Failure) 18.491: [DefNew: 960K->63K(960K), 0.0014554 secs] 234879K->234380K(524224K), 0.0015505 secs] [Times: user=0.00 sys=0.00, real=0.00 secs] 
18.495: [GC (Allocation Failure) 18.495: [DefNew: 959K->63K(960K), 0.0014771 secs] 235278K->234844K(524224K), 0.0015821 secs] [Times: user=0.01 sys=0.00, real=0.00 secs] 
18.497: [GC (Allocation Failure) 18.497: [DefNew: 959K->64K(960K), 0.0013828 secs] 235740K->235266K(524224K), 0.0014443 secs] [Times: user=0.00 sys=0.00, real=0.00 secs] 
18.500: [GC (Allocation Failure) 18.500: [DefNew: 960K->64K(960K), 0.0013563 secs] 236162K->235712K(524224K), 0.0014278 secs] [Times: user=0.00 sys=0.00, real=0.00 secs] 
18.503: [GC (Allocation Failure) 18.503: [DefNew: 960K->63K(960K), 0.0015130 secs] 236609K->236220K(524224K), 0.0015963 secs] [Times: user=0.00 sys=0.00, real=0.00 secs] 
18.506: [GC (Allocation Failure) 18.506: [DefNew: 959K->64K(960K), 0.0014400 secs] 237116K->236618K(524224K), 0.0015063 secs] [Times: user=0.00 sys=0.00, real=0.00 secs] 
18.509: [GC (Allocation Failure) 18.509: [DefNew: 960K->63K(960K), 0.0012936 secs] 237515K->237043K(524224K), 0.0013607 secs] [Times: user=0.02 sys=0.00, real=0.00 secs] 
18.511: [GC (Allocation Failure) 18.511: [DefNew: 959K->63K(960K), 0.0011597 secs] 237939K->237455K(524224K), 0.0012166 secs] [Times: user=0.00 sys=0.00, real=0.00 secs] 
18.514: [GC (Allocation Failure) 18.514: [DefNew: 959K->63K(960K), 0.0014041 secs] 238352K->237889K(524224K), 0.0014795 secs] [Times: user=0.00 sys=0.00, real=0.00 secs] 
18.518: [GC (Allocation Failure) 18.518: [DefNew: 959K->64K(960K), 0.0012928 secs] 238785K->238305K(524224K), 0.0013658 secs] [Times: user=0.00 sys=0.00, real=0.00 secs] 
18.520: [GC (Allocation Failure) 18.520: [DefNew: 960K->64K(960K), 0.0012525 secs] 239202K->238725K(524224K), 0.0013133 secs] [Times: user=0.00 sys=0.00, real=0.00 secs] 
18.523: [GC (Allocation Failure) 18.523: [DefNew: 960K->64K(960K), 0.0012793 secs] 239622K->239176K(524224K), 0.0013547 secs] [Times: user=0.00 sys=0.00, real=0.00 secs] 
18.526: [GC (Allocation Failure) 18.526: [DefNew: 960K->64K(960K), 0.0019172 secs] 240072K->239603K(524224K), 0.0020057 secs] [Times: user=0.00 sys=0.00, real=0.00 secs] 
18.529: [GC (Allocation Failure) 18.529: [DefNew: 960K->63K(960K), 0.0013330 secs] 240499K->239987K(524224K), 0.0013950 secs] [Times: user=0.00 sys=0.00, real=0.00 secs] 
18.532: [GC (Allocation Failure) 18.532: [DefNew: 959K->63K(960K), 0.0014108 secs] 240884K->240447K(524224K), 0.0014791 secs] [Times: user=0.00 sys=0.00, real=0.00 secs] 
18.534: [GC (Allocation Failure) 18.534: [DefNew: 959K->64K(960K), 0.0015446 secs] 241344K->240893K(524224K), 0.0016188 secs] [Times: user=0.00 sys=0.00, real=0.00 secs] 
18.538: [GC (Allocation Failure) 18.538: [DefNew: 960K->63K(960K), 0.0013634 secs] 241790K->241333K(524224K), 0.0014242 secs] [Times: user=0.00 sys=0.00, real=0.00 secs] 
18.541: [GC (Allocation Failure) 18.541: [DefNew: 959K->64K(960K), 0.0015229 secs] 242230K->241741K(524224K), 0.0015971 secs] [Times: user=0.02 sys=0.00, real=0.00 secs] 
18.544: [GC (Allocation Failure) 18.544: [DefNew: 960K->64K(960K), 0.0012391 secs] 242638K->242132K(524224K), 0.0013022 secs] [Times: user=0.00 sys=0.00, real=0.00 secs] 
18.547: [GC (Allocation Failure) 18.547: [DefNew: 960K->63K(960K), 0.0011751 secs] 243030K->242575K(524224K), 0.0012375 secs] [Times: user=0.00 sys=0.00, real=0.00 secs] 
18.549: [GC (Allocation Failure) 18.549: [DefNew: 959K->64K(960K), 0.0013492 secs] 243471K->242995K(524224K), 0.0014147 secs] [Times: user=0.00 sys=0.00, real=0.00 secs] 
18.552: [GC (Allocation Failure) 18.552: [DefNew: 960K->63K(960K), 0.0012876 secs] 243891K->243431K(524224K), 0.0013504 secs] [Times: user=0.00 sys=0.00, real=0.00 secs] 
18.555: [GC (Allocation Failure) 18.555: [DefNew: 959K->64K(960K), 0.0013764 secs] 244329K->243867K(524224K), 0.0014447 secs] [Times: user=0.00 sys=0.00, real=0.00 secs] 
18.557: [GC (Allocation Failure) 18.557: [DefNew: 960K->64K(960K), 0.0014266 secs] 244765K->244289K(524224K), 0.0014996 secs] [Times: user=0.00 sys=0.00, real=0.00 secs] 
18.560: [GC (Allocation Failure) 18.560: [DefNew: 960K->64K(960K), 0.0016768 secs] 245186K->244759K(524224K), 0.0018217 secs] [Times: user=0.00 sys=0.00, real=0.00 secs] 
18.563: [GC (Allocation Failure) 18.563: [DefNew: 960K->64K(960K), 0.0014388 secs] 245656K->245181K(524224K), 0.0015292 secs] [Times: user=0.00 sys=0.00, real=0.00 secs] 
18.566: [GC (Allocation Failure) 18.566: [DefNew: 960K->63K(960K), 0.0014333 secs] 246078K->245621K(524224K), 0.0015004 secs] [Times: user=0.00 sys=0.00, real=0.00 secs] 
18.569: [GC (Allocation Failure) 18.569: [DefNew: 959K->64K(960K), 0.0014388 secs] 246519K->246060K(524224K), 0.0015122 secs] [Times: user=0.00 sys=0.00, real=0.00 secs] 
18.575: [GC (Allocation Failure) 18.575: [DefNew: 960K->63K(960K), 0.0014368 secs] 246957K->246471K(524224K), 0.0015450 secs] [Times: user=0.00 sys=0.00, real=0.00 secs] 
18.578: [GC (Allocation Failure) 18.578: [DefNew: 959K->63K(960K), 0.0012446 secs] 247369K->246893K(524224K), 0.0013014 secs] [Times: user=0.00 sys=0.00, real=0.00 secs] 
18.580: [GC (Allocation Failure) 18.580: [DefNew: 959K->64K(960K), 0.0013208 secs] 247789K->247312K(524224K), 0.0013918 secs] [Times: user=0.00 sys=0.00, real=0.00 secs] 
18.583: [GC (Allocation Failure) 18.583: [DefNew: 960K->63K(960K), 0.0013299 secs] 248208K->247747K(524224K), 0.0013989 secs] [Times: user=0.00 sys=0.00, real=0.00 secs] 
18.586: [GC (Allocation Failure) 18.586: [DefNew: 959K->64K(960K), 0.0012189 secs] 248644K->248137K(524224K), 0.0012853 secs] [Times: user=0.00 sys=0.00, real=0.00 secs] 
18.588: [GC (Allocation Failure) 18.588: [DefNew: 960K->64K(960K), 0.0013105 secs] 249034K->248536K(524224K), 0.0013792 secs] [Times: user=0.00 sys=0.00, real=0.00 secs] 
18.591: [GC (Allocation Failure) 18.591: [DefNew: 960K->64K(960K), 0.0015020 secs] 249433K->248955K(524224K), 0.0016070 secs] [Times: user=0.00 sys=0.00, real=0.00 secs] 
18.595: [GC (Allocation Failure) 18.595: [DefNew: 960K->64K(960K), 0.0013145 secs] 249852K->249364K(524224K), 0.0014088 secs] [Times: user=0.00 sys=0.00, real=0.00 secs] 
18.598: [GC (Allocation Failure) 18.598: [DefNew: 960K->64K(960K), 0.0012142 secs] 250261K->249754K(524224K), 0.0012864 secs] [Times: user=0.00 sys=0.00, real=0.00 secs] 
18.601: [GC (Allocation Failure) 18.601: [DefNew: 960K->63K(960K), 0.0015438 secs] 250650K->250158K(524224K), 0.0016212 secs] [Times: user=0.00 sys=0.00, real=0.00 secs] 
18.603: [GC (Allocation Failure) 18.603: [DefNew: 959K->63K(960K), 0.0014680 secs] 251054K->250556K(524224K), 0.0015446 secs] [Times: user=0.01 sys=0.00, real=0.00 secs] 
18.606: [GC (Allocation Failure) 18.606: [DefNew: 959K->64K(960K), 0.0013097 secs] 251453K->250974K(524224K), 0.0013812 secs] [Times: user=0.00 sys=0.00, real=0.00 secs] 
18.609: [GC (Allocation Failure) 18.609: [DefNew: 960K->63K(960K), 0.0012801 secs] 251870K->251391K(524224K), 0.0013425 secs] [Times: user=0.00 sys=0.00, real=0.00 secs] 
18.611: [GC (Allocation Failure) 18.611: [DefNew: 959K->64K(960K), 0.0012714 secs] 252288K->251826K(524224K), 0.0013259 secs] [Times: user=0.00 sys=0.00, real=0.00 secs] 
18.614: [GC (Allocation Failure) 18.614: [DefNew: 960K->64K(960K), 0.0014325 secs] 252723K->252296K(524224K), 0.0014961 secs] [Times: user=0.00 sys=0.00, real=0.00 secs] 
18.616: [GC (Allocation Failure) 18.616: [DefNew: 960K->64K(960K), 0.0013421 secs] 253192K->252722K(524224K), 0.0013989 secs] [Times: user=0.00 sys=0.00, real=0.00 secs] 
18.619: [GC (Allocation Failure) 18.619: [DefNew: 960K->64K(960K), 0.0013689 secs] 253618K->253167K(524224K), 0.0014420 secs] [Times: user=0.02 sys=0.00, real=0.00 secs] 
18.622: [GC (Allocation Failure) 18.622: [DefNew: 960K->64K(960K), 0.0015347 secs] 254063K->253591K(524224K), 0.0017139 secs] [Times: user=0.00 sys=0.00, real=0.00 secs] 
18.625: [GC (Allocation Failure) 18.625: [DefNew: 960K->64K(960K), 0.0016137 secs] 254488K->254021K(524224K), 0.0017297 secs] [Times: user=0.00 sys=0.00, real=0.00 secs] 
18.629: [GC (Allocation Failure) 18.629: [DefNew: 960K->64K(960K), 0.0015079 secs] 254918K->254468K(524224K), 0.0016014 secs] [Times: user=0.00 sys=0.00, real=0.00 secs] 
18.632: [GC (Allocation Failure) 18.632: [DefNew: 960K->63K(960K), 0.0014112 secs] 255365K->254901K(524224K), 0.0014692 secs] [Times: user=0.00 sys=0.00, real=0.00 secs] 
18.635: [GC (Allocation Failure) 18.635: [DefNew: 959K->63K(960K), 0.0014578 secs] 255798K->255348K(524224K), 0.0015999 secs] [Times: user=0.00 sys=0.00, real=0.00 secs] 
18.639: [GC (Allocation Failure) 18.639: [DefNew: 959K->63K(960K), 0.0014412 secs] 256245K->255789K(524224K), 0.0015032 secs] [Times: user=0.00 sys=0.00, real=0.00 secs] 
18.641: [GC (Allocation Failure) 18.641: [DefNew: 959K->63K(960K), 0.0012825 secs] 256686K->256190K(524224K), 0.0013393 secs] [Times: user=0.00 sys=0.00, real=0.00 secs] 
18.644: [GC (Allocation Failure) 18.644: [DefNew: 959K->64K(960K), 0.0013705 secs] 257086K->256651K(524224K), 0.0014396 secs] [Times: user=0.00 sys=0.00, real=0.00 secs] 
18.646: [GC (Allocation Failure) 18.646: [DefNew: 960K->63K(960K), 0.0013989 secs] 257548K->257082K(524224K), 0.0014637 secs] [Times: user=0.00 sys=0.00, real=0.00 secs] 
18.649: [GC (Allocation Failure) 18.649: [DefNew: 959K->64K(960K), 0.0012442 secs] 257978K->257521K(524224K), 0.0012991 secs] [Times: user=0.00 sys=0.00, real=0.00 secs] 
18.652: [GC (Allocation Failure) 18.652: [DefNew: 960K->63K(960K), 0.0013149 secs] 258417K->257940K(524224K), 0.0013828 secs] [Times: user=0.00 sys=0.00, real=0.00 secs] 
18.654: [GC (Allocation Failure) 18.654: [DefNew: 959K->63K(960K), 0.0014325 secs] 258838K->258354K(524224K), 0.0015067 secs] [Times: user=0.00 sys=0.00, real=0.00 secs] 
18.657: [GC (Allocation Failure) 18.657: [DefNew: 959K->64K(960K), 0.0012730 secs] 259251K->258768K(524224K), 0.0013322 secs] [Times: user=0.00 sys=0.00, real=0.00 secs] 
18.659: [GC (Allocation Failure) 18.659: [DefNew: 960K->64K(960K), 0.0017341 secs] 259664K->259179K(524224K), 0.0018730 secs] [Times: user=0.00 sys=0.00, real=0.00 secs] 
18.663: [GC (Allocation Failure) 18.663: [DefNew: 960K->64K(960K), 0.0014376 secs] 260075K->259625K(524224K), 0.0015189 secs] [Times: user=0.00 sys=0.00, real=0.00 secs] 
18.666: [GC (Allocation Failure) 18.666: [DefNew: 960K->64K(960K), 0.0015276 secs] 260521K->260057K(524224K), 0.0016137 secs] [Times: user=0.00 sys=0.00, real=0.00 secs] 
18.669: [GC (Allocation Failure) 18.669: [DefNew: 960K->64K(960K), 0.0015087 secs] 260953K->260498K(524224K), 0.0015813 secs] [Times: user=0.00 sys=0.00, real=0.00 secs] 
18.675: [GC (Allocation Failure) 18.675: [DefNew: 960K->63K(960K), 0.0014333 secs] 261394K->260972K(524224K), 0.0015347 secs] [Times: user=0.00 sys=0.00, real=0.00 secs] 
18.678: [GC (Allocation Failure) 18.678: [DefNew: 959K->64K(960K), 0.0014136 secs] 261868K->261402K(524224K), 0.0014957 secs] [Times: user=0.00 sys=0.00, real=0.00 secs] 
18.681: [GC (Allocation Failure) 18.681: [DefNew: 960K->64K(960K), 0.0012904 secs] 262299K->261834K(524224K), 0.0013567 secs] [Times: user=0.02 sys=0.00, real=0.00 secs] 
18.684: [GC (Allocation Failure) 18.684: [DefNew: 960K->64K(960K), 0.0014329 secs] 262731K->262285K(524224K), 0.0015193 secs] [Times: user=0.00 sys=0.00, real=0.00 secs] 
18.687: [GC (Allocation Failure) 18.687: [DefNew: 960K->64K(960K), 0.0015051 secs] 263182K->262730K(524224K), 0.0015789 secs] [Times: user=0.00 sys=0.00, real=0.00 secs] 
18.690: [GC (Allocation Failure) 18.690: [DefNew: 960K->64K(960K), 0.0015561 secs] 263626K->263198K(524224K), 0.0016461 secs] [Times: user=0.00 sys=0.00, real=0.00 secs] 
18.696: [GC (Allocation Failure) 18.696: [DefNew: 960K->64K(960K), 0.0017475 secs] 264095K->263618K(524224K), 0.0018770 secs] [Times: user=0.02 sys=0.00, real=0.00 secs] 
18.700: [GC (Allocation Failure) 18.700: [DefNew: 960K->63K(960K), 0.0018170 secs] 264515K->264098K(524224K), 0.0019157 secs] [Times: user=0.00 sys=0.00, real=0.00 secs] 
18.704: [GC (Allocation Failure) 18.704: [DefNew: 959K->64K(960K), 0.0016232 secs] 264996K->264563K(524224K), 0.0017143 secs] [Times: user=0.00 sys=0.00, real=0.00 secs] 
18.707: [GC (Allocation Failure) 18.707: [DefNew: 960K->64K(960K), 0.0014436 secs] 265460K->264996K(524224K), 0.0015205 secs] [Times: user=0.00 sys=0.00, real=0.00 secs] 
18.710: [GC (Allocation Failure) 18.710: [DefNew: 960K->63K(960K), 0.0013437 secs] 265893K->265430K(524224K), 0.0014270 secs] [Times: user=0.00 sys=0.00, real=0.00 secs] 
18.712: [GC (Allocation Failure) 18.712: [DefNew: 959K->63K(960K), 0.0012363 secs] 266326K->265824K(524224K), 0.0013026 secs] [Times: user=0.02 sys=0.00, real=0.00 secs] 
18.715: [GC (Allocation Failure) 18.715: [DefNew: 959K->64K(960K), 0.0012880 secs] 266721K->266246K(524224K), 0.0013749 secs] [Times: user=0.00 sys=0.00, real=0.00 secs] 
18.718: [GC (Allocation Failure) 18.718: [DefNew: 960K->64K(960K), 0.0012892 secs] 267142K->266668K(524224K), 0.0013997 secs] [Times: user=0.00 sys=0.00, real=0.00 secs] 
18.720: [GC (Allocation Failure) 18.720: [DefNew: 960K->63K(960K), 0.0013007 secs] 267565K->267089K(524224K), 0.0013839 secs] [Times: user=0.00 sys=0.00, real=0.00 secs] 
18.723: [GC (Allocation Failure) 18.723: [DefNew: 959K->64K(960K), 0.0013674 secs] 267986K->267544K(524224K), 0.0014412 secs] [Times: user=0.00 sys=0.00, real=0.00 secs] 
18.725: [GC (Allocation Failure) 18.725: [DefNew: 960K->63K(960K), 0.0017341 secs] 268441K->267980K(524224K), 0.0018363 secs] [Times: user=0.00 sys=0.00, real=0.00 secs] 
18.729: [GC (Allocation Failure) 18.729: [DefNew: 959K->63K(960K), 0.0016425 secs] 268877K->268411K(524224K), 0.0017289 secs] [Times: user=0.00 sys=0.00, real=0.00 secs] 
18.733: [GC (Allocation Failure) 18.733: [DefNew: 959K->64K(960K), 0.0016303 secs] 269307K->268866K(524224K), 0.0017037 secs] [Times: user=0.00 sys=0.00, real=0.00 secs] 
18.736: [GC (Allocation Failure) 18.736: [DefNew: 960K->64K(960K), 0.0014514 secs] 269763K->269287K(524224K), 0.0015122 secs] [Times: user=0.00 sys=0.00, real=0.00 secs] 
18.739: [GC (Allocation Failure) 18.739: [DefNew: 960K->64K(960K), 0.0013370 secs] 270185K->269723K(524224K), 0.0014041 secs] [Times: user=0.00 sys=0.00, real=0.00 secs] 
18.742: [GC (Allocation Failure) 18.742: [DefNew: 960K->63K(960K), 0.0013453 secs] 270620K->270156K(524224K), 0.0014116 secs] [Times: user=0.00 sys=0.00, real=0.00 secs] 
18.744: [GC (Allocation Failure) 18.744: [DefNew: 959K->64K(960K), 0.0015738 secs] 271054K->270596K(524224K), 0.0016492 secs] [Times: user=0.00 sys=0.00, real=0.00 secs] 
18.748: [GC (Allocation Failure) 18.748: [DefNew: 960K->63K(960K), 0.0013583 secs] 271492K->271059K(524224K), 0.0014274 secs] [Times: user=0.00 sys=0.00, real=0.00 secs] 
18.750: [GC (Allocation Failure) 18.750: [DefNew: 959K->63K(960K), 0.0013993 secs] 271956K->271501K(524224K), 0.0014641 secs] [Times: user=0.00 sys=0.00, real=0.00 secs] 
18.753: [GC (Allocation Failure) 18.753: [DefNew: 959K->63K(960K), 0.0013662 secs] 272398K->271959K(524224K), 0.0014329 secs] [Times: user=0.00 sys=0.00, real=0.00 secs] 
18.756: [GC (Allocation Failure) 18.756: [DefNew: 959K->64K(960K), 0.0013772 secs] 272857K->272373K(524224K), 0.0014408 secs] [Times: user=0.00 sys=0.00, real=0.00 secs] 
18.758: [GC (Allocation Failure) 18.758: [DefNew: 960K->64K(960K), 0.0014518 secs] 273269K->272790K(524224K), 0.0015253 secs] [Times: user=0.00 sys=0.00, real=0.00 secs] 
18.761: [GC (Allocation Failure) 18.761: [DefNew: 960K->64K(960K), 0.0014329 secs] 273687K->273285K(524224K), 0.0015347 secs] [Times: user=0.00 sys=0.00, real=0.00 secs] 
18.764: [GC (Allocation Failure) 18.764: [DefNew: 960K->63K(960K), 0.0016662 secs] 274182K->273714K(524224K), 0.0017443 secs] [Times: user=0.00 sys=0.00, real=0.00 secs] 
18.768: [GC (Allocation Failure) 18.768: [DefNew: 959K->64K(960K), 0.0014901 secs] 274611K->274142K(524224K), 0.0015754 secs] [Times: user=0.00 sys=0.00, real=0.00 secs] 
18.775: [GC (Allocation Failure) 18.775: [DefNew: 960K->63K(960K), 0.0015241 secs] 275039K->274628K(524224K), 0.0016461 secs] [Times: user=0.01 sys=0.00, real=0.00 secs] 
18.778: [GC (Allocation Failure) 18.778: [DefNew: 959K->64K(960K), 0.0015016 secs] 275525K->275060K(524224K), 0.0015924 secs] [Times: user=0.00 sys=0.00, real=0.00 secs] 
18.782: [GC (Allocation Failure) 18.782: [DefNew: 960K->64K(960K), 0.0014143 secs] 275957K->275538K(524224K), 0.0014929 secs] [Times: user=0.00 sys=0.00, real=0.00 secs] 
18.784: [GC (Allocation Failure) 18.784: [DefNew: 960K->63K(960K), 0.0013682 secs] 276434K->275966K(524224K), 0.0014582 secs] [Times: user=0.00 sys=0.00, real=0.00 secs] 
18.787: [GC (Allocation Failure) 18.787: [DefNew: 959K->63K(960K), 0.0013034 secs] 276864K->276408K(524224K), 0.0013686 secs] [Times: user=0.00 sys=0.00, real=0.00 secs] 
18.790: [GC (Allocation Failure) 18.790: [DefNew: 959K->64K(960K), 0.0014238 secs] 277304K->276877K(524224K), 0.0014964 secs] [Times: user=0.02 sys=0.00, real=0.00 secs] 
18.792: [GC (Allocation Failure) 18.792: [DefNew: 960K->63K(960K), 0.0018371 secs] 277774K->277308K(524224K), 0.0019891 secs] [Times: user=0.00 sys=0.00, real=0.00 secs] 
18.797: [GC (Allocation Failure) 18.797: [DefNew: 959K->63K(960K), 0.0016322 secs] 278205K->277736K(524224K), 0.0017522 secs] [Times: user=0.00 sys=0.00, real=0.00 secs] 
18.800: [GC (Allocation Failure) 18.800: [DefNew: 959K->63K(960K), 0.0016930 secs] 278633K->278175K(524224K), 0.0017842 secs] [Times: user=0.00 sys=0.00, real=0.00 secs] 
18.804: [GC (Allocation Failure) 18.804: [DefNew: 959K->63K(960K), 0.0014984 secs] 279072K->278634K(524224K), 0.0015849 secs] [Times: user=0.00 sys=0.00, real=0.00 secs] 
18.807: [GC (Allocation Failure) 18.807: [DefNew: 959K->64K(960K), 0.0014353 secs] 279531K->279058K(524224K), 0.0015032 secs] [Times: user=0.00 sys=0.00, real=0.00 secs] 
18.809: [GC (Allocation Failure) 18.809: [DefNew: 960K->64K(960K), 0.0013611 secs] 279955K->279469K(524224K), 0.0014250 secs] [Times: user=0.00 sys=0.00, real=0.00 secs] 
18.813: [GC (Allocation Failure) 18.813: [DefNew: 960K->63K(960K), 0.0014005 secs] 280365K->279942K(524224K), 0.0014728 secs] [Times: user=0.00 sys=0.00, real=0.00 secs] 
18.815: [GC (Allocation Failure) 18.815: [DefNew: 959K->63K(960K), 0.0013007 secs] 280840K->280356K(524224K), 0.0013634 secs] [Times: user=0.00 sys=0.00, real=0.00 secs] 
18.818: [GC (Allocation Failure) 18.818: [DefNew: 959K->64K(960K), 0.0013693 secs] 281252K->280771K(524224K), 0.0014420 secs] [Times: user=0.00 sys=0.00, real=0.00 secs] 
18.821: [GC (Allocation Failure) 18.821: [DefNew: 960K->63K(960K), 0.0014937 secs] 281668K->281206K(524224K), 0.0015695 secs] [Times: user=0.01 sys=0.00, real=0.00 secs] 
18.824: [GC (Allocation Failure) 18.824: [DefNew: 959K->63K(960K), 0.0014459 secs] 282102K->281640K(524224K), 0.0015158 secs] [Times: user=0.00 sys=0.00, real=0.00 secs] 
18.828: [GC (Allocation Failure) 18.828: [DefNew: 959K->63K(960K), 0.0015284 secs] 282536K->282091K(524224K), 0.0016528 secs] [Times: user=0.00 sys=0.00, real=0.00 secs] 
18.830: [GC (Allocation Failure) 18.830: [DefNew: 959K->64K(960K), 0.0015276 secs] 282987K->282524K(524224K), 0.0015924 secs] [Times: user=0.00 sys=0.00, real=0.00 secs] 
18.834: [GC (Allocation Failure) 18.834: [DefNew: 960K->64K(960K), 0.0015347 secs] 283420K->282998K(524224K), 0.0015979 secs] [Times: user=0.00 sys=0.00, real=0.00 secs] 
18.838: [GC (Allocation Failure) 18.838: [DefNew: 960K->64K(960K), 0.0020179 secs] 283896K->283469K(524224K), 0.0020984 secs] [Times: user=0.00 sys=0.00, real=0.00 secs] 
18.841: [GC (Allocation Failure) 18.841: [DefNew: 960K->63K(960K), 0.0014128 secs] 284366K->283891K(524224K), 0.0014763 secs] [Times: user=0.00 sys=0.00, real=0.00 secs] 
18.844: [GC (Allocation Failure) 18.844: [DefNew: 959K->64K(960K), 0.0013982 secs] 284787K->284333K(524224K), 0.0014637 secs] [Times: user=0.00 sys=0.00, real=0.00 secs] 
18.846: [GC (Allocation Failure) 18.846: [DefNew: 960K->63K(960K), 0.0013334 secs] 285229K->284764K(524224K), 0.0013954 secs] [Times: user=0.00 sys=0.00, real=0.00 secs] 
18.849: [GC (Allocation Failure) 18.849: [DefNew: 959K->64K(960K), 0.0013650 secs] 285661K->285198K(524224K), 0.0014329 secs] [Times: user=0.00 sys=0.00, real=0.00 secs] 
18.852: [GC (Allocation Failure) 18.852: [DefNew: 960K->64K(960K), 0.0013350 secs] 286095K->285627K(524224K), 0.0013978 secs] [Times: user=0.00 sys=0.00, real=0.00 secs] 
18.855: [GC (Allocation Failure) 18.855: [DefNew: 960K->64K(960K), 0.0014870 secs] 286523K->286048K(524224K), 0.0015730 secs] [Times: user=0.00 sys=0.00, real=0.00 secs] 
18.858: [GC (Allocation Failure) 18.858: [DefNew: 960K->64K(960K), 0.0014353 secs] 286945K->286484K(524224K), 0.0015091 secs] [Times: user=0.00 sys=0.00, real=0.00 secs] 
18.860: [GC (Allocation Failure) 18.861: [DefNew: 960K->64K(960K), 0.0017447 secs] 287380K->286901K(524224K), 0.0018482 secs] [Times: user=0.00 sys=0.00, real=0.00 secs] 
18.864: [GC (Allocation Failure) 18.864: [DefNew: 960K->63K(960K), 0.0014739 secs] 287797K->287361K(524224K), 0.0015482 secs] [Times: user=0.00 sys=0.00, real=0.00 secs] 
18.867: [GC (Allocation Failure) 18.867: [DefNew: 959K->63K(960K), 0.0015043 secs] 288257K->287788K(524224K), 0.0015821 secs] [Times: user=0.00 sys=0.00, real=0.00 secs] 
18.874: [GC (Allocation Failure) 18.874: [DefNew: 959K->63K(960K), 0.0015959 secs] 288684K->288217K(524224K), 0.0017001 secs] [Times: user=0.00 sys=0.00, real=0.00 secs] 
18.877: [GC (Allocation Failure) 18.877: [DefNew: 959K->64K(960K), 0.0014988 secs] 289114K->288666K(524224K), 0.0015695 secs] [Times: user=0.00 sys=0.00, real=0.00 secs] 
18.881: [GC (Allocation Failure) 18.881: [DefNew: 960K->63K(960K), 0.0013843 secs] 289562K->289087K(524224K), 0.0014447 secs] [Times: user=0.00 sys=0.00, real=0.00 secs] 
18.883: [GC (Allocation Failure) 18.883: [DefNew: 959K->63K(960K), 0.0013453 secs] 289985K->289515K(524224K), 0.0014092 secs] [Times: user=0.00 sys=0.00, real=0.00 secs] 
18.886: [GC (Allocation Failure) 18.886: [DefNew: 959K->64K(960K), 0.0014297 secs] 290411K->289951K(524224K), 0.0015103 secs] [Times: user=0.00 sys=0.00, real=0.00 secs] 
18.889: [GC (Allocation Failure) 18.889: [DefNew: 960K->64K(960K), 0.0013607 secs] 290847K->290377K(524224K), 0.0014238 secs] [Times: user=0.00 sys=0.00, real=0.00 secs] 
18.892: [GC (Allocation Failure) 18.892: [DefNew: 960K->64K(960K), 0.0015904 secs] 291274K->290840K(524224K), 0.0016847 secs] [Times: user=0.00 sys=0.00, real=0.00 secs] 
18.897: [GC (Allocation Failure) 18.897: [DefNew: 960K->64K(960K), 0.0018067 secs] 291737K->291305K(524224K), 0.0019382 secs] [Times: user=0.00 sys=0.00, real=0.00 secs] 
18.900: [GC (Allocation Failure) 18.900: [DefNew: 960K->64K(960K), 0.0016003 secs] 292202K->291744K(524224K), 0.0016859 secs] [Times: user=0.00 sys=0.00, real=0.00 secs] 
18.904: [GC (Allocation Failure) 18.904: [DefNew: 960K->64K(960K), 0.0016082 secs] 292640K->292201K(524224K), 0.0017025 secs] [Times: user=0.00 sys=0.00, real=0.00 secs] 
18.907: [GC (Allocation Failure) 18.907: [DefNew: 960K->63K(960K), 0.0013946 secs] 293098K->292636K(524224K), 0.0014530 secs] [Times: user=0.00 sys=0.00, real=0.00 secs] 
18.910: [GC (Allocation Failure) 18.910: [DefNew: 959K->64K(960K), 0.0013946 secs] 293533K->293092K(524224K), 0.0014597 secs] [Times: user=0.00 sys=0.00, real=0.00 secs] 
18.913: [GC (Allocation Failure) 18.913: [DefNew: 960K->63K(960K), 0.0013725 secs] 293989K->293541K(524224K), 0.0014309 secs] [Times: user=0.00 sys=0.00, real=0.00 secs] 
18.915: [GC (Allocation Failure) 18.915: [DefNew: 959K->64K(960K), 0.0014226 secs] 294437K->293967K(524224K), 0.0014933 secs] [Times: user=0.02 sys=0.00, real=0.00 secs] 
18.918: [GC (Allocation Failure) 18.918: [DefNew: 960K->63K(960K), 0.0014491 secs] 294864K->294419K(524224K), 0.0015257 secs] [Times: user=0.00 sys=0.00, real=0.00 secs] 
18.920: [GC (Allocation Failure) 18.920: [DefNew: 959K->63K(960K), 0.0013018 secs] 295316K->294795K(524224K), 0.0013583 secs] [Times: user=0.00 sys=0.00, real=0.00 secs] 
18.923: [GC (Allocation Failure) 18.923: [DefNew: 959K->63K(960K), 0.0012399 secs] 295692K->295245K(524224K), 0.0013058 secs] [Times: user=0.00 sys=0.00, real=0.00 secs] 
18.926: [GC (Allocation Failure) 18.926: [DefNew: 959K->64K(960K), 0.0019314 secs] 296143K->295693K(524224K), 0.0020329 secs] [Times: user=0.00 sys=0.00, real=0.00 secs] 
18.929: [GC (Allocation Failure) 18.929: [DefNew: 960K->63K(960K), 0.0014538 secs] 296589K->296085K(524224K), 0.0015146 secs] [Times: user=0.00 sys=0.00, real=0.00 secs] 
18.932: [GC (Allocation Failure) 18.932: [DefNew: 959K->64K(960K), 0.0015497 secs] 296982K->296501K(524224K), 0.0016307 secs] [Times: user=0.00 sys=0.00, real=0.00 secs] 
18.936: [GC (Allocation Failure) 18.936: [DefNew: 960K->64K(960K), 0.0018000 secs] 297397K->296992K(524224K), 0.0019251 secs] [Times: user=0.00 sys=0.00, real=0.00 secs] 
18.939: [GC (Allocation Failure) 18.939: [DefNew: 960K->64K(960K), 0.0016358 secs] 297888K->297409K(524224K), 0.0017424 secs] [Times: user=0.00 sys=0.00, real=0.00 secs] 
18.943: [GC (Allocation Failure) 18.943: [DefNew: 960K->64K(960K), 0.0015375 secs] 298305K->297898K(524224K), 0.0016358 secs] [Times: user=0.00 sys=0.00, real=0.00 secs] 
18.946: [GC (Allocation Failure) 18.946: [DefNew: 960K->64K(960K), 0.0015189 secs] 298795K->298345K(524224K), 0.0015971 secs] [Times: user=0.02 sys=0.00, real=0.00 secs] 
18.950: [GC (Allocation Failure) 18.950: [DefNew: 960K->63K(960K), 0.0016389 secs] 299241K->298813K(524224K), 0.0017475 secs] [Times: user=0.00 sys=0.00, real=0.00 secs] 
18.953: [GC (Allocation Failure) 18.953: [DefNew: 959K->63K(960K), 0.0017001 secs] 299709K->299260K(524224K), 0.0018588 secs] [Times: user=0.00 sys=0.00, real=0.00 secs] 
18.957: [GC (Allocation Failure) 18.957: [DefNew: 959K->63K(960K), 0.0015703 secs] 300157K->299708K(524224K), 0.0016686 secs] [Times: user=0.00 sys=0.00, real=0.00 secs] 
18.961: [GC (Allocation Failure) 18.961: [DefNew: 959K->63K(960K), 0.0016922 secs] 300604K->300198K(524224K), 0.0018339 secs] [Times: user=0.02 sys=0.00, real=0.00 secs] 
18.964: [GC (Allocation Failure) 18.964: [DefNew: 959K->64K(960K), 0.0016855 secs] 301095K->300606K(524224K), 0.0017621 secs] [Times: user=0.00 sys=0.00, real=0.00 secs] 
18.968: [GC (Allocation Failure) 18.968: [DefNew: 960K->63K(960K), 0.0018734 secs] 301503K->301062K(524224K), 0.0019563 secs] [Times: user=0.00 sys=0.00, real=0.00 secs] 
18.975: [GC (Allocation Failure) 18.975: [DefNew: 959K->63K(960K), 0.0015738 secs] 301959K->301469K(524224K), 0.0016911 secs] [Times: user=0.00 sys=0.00, real=0.00 secs] 
18.978: [GC (Allocation Failure) 18.978: [DefNew: 959K->64K(960K), 0.0014700 secs] 302366K->301915K(524224K), 0.0015596 secs] [Times: user=0.00 sys=0.00, real=0.00 secs] 
18.982: [GC (Allocation Failure) 18.982: [DefNew: 960K->64K(960K), 0.0015308 secs] 302811K->302383K(524224K), 0.0016018 secs] [Times: user=0.00 sys=0.00, real=0.00 secs] 
18.985: [GC (Allocation Failure) 18.985: [DefNew: 960K->63K(960K), 0.0015730 secs] 303279K->302776K(524224K), 0.0016709 secs] [Times: user=0.00 sys=0.00, real=0.00 secs] 
18.989: [GC (Allocation Failure) 18.989: [DefNew: 959K->64K(960K), 0.0014491 secs] 303673K->303225K(524224K), 0.0015395 secs] [Times: user=0.00 sys=0.00, real=0.00 secs] 
18.991: [GC (Allocation Failure) 18.991: [DefNew: 960K->63K(960K), 0.0014297 secs] 304122K->303641K(524224K), 0.0014901 secs] [Times: user=0.00 sys=0.00, real=0.00 secs] 
18.995: [GC (Allocation Failure) 18.995: [DefNew: 959K->64K(960K), 0.0016650 secs] 304539K->304141K(524224K), 0.0017562 secs] [Times: user=0.00 sys=0.00, real=0.00 secs] 
18.999: [GC (Allocation Failure) 18.999: [DefNew: 960K->64K(960K), 0.0017175 secs] 305038K->304625K(524224K), 0.0017905 secs] [Times: user=0.00 sys=0.00, real=0.00 secs] 
19.002: [GC (Allocation Failure) 19.002: [DefNew: 960K->64K(960K), 0.0015750 secs] 305523K->305061K(524224K), 0.0016350 secs] [Times: user=0.00 sys=0.00, real=0.00 secs] 
19.006: [GC (Allocation Failure) 19.006: [DefNew: 960K->64K(960K), 0.0057387 secs] 305957K->305536K(524224K), 0.0058243 secs] [Times: user=0.00 sys=0.00, real=0.01 secs] 
19.013: [GC (Allocation Failure) 19.013: [DefNew: 960K->63K(960K), 0.0015336 secs] 306432K->305959K(524224K), 0.0016030 secs] [Times: user=0.00 sys=0.00, real=0.00 secs] 
19.017: [GC (Allocation Failure) 19.017: [DefNew: 959K->63K(960K), 0.0014937 secs] 306856K->306410K(524224K), 0.0015580 secs] [Times: user=0.00 sys=0.00, real=0.00 secs] 
19.020: [GC (Allocation Failure) 19.020: [DefNew: 959K->64K(960K), 0.0013907 secs] 307306K->306858K(524224K), 0.0014558 secs] [Times: user=0.00 sys=0.00, real=0.00 secs] 
19.022: [GC (Allocation Failure) 19.022: [DefNew: 960K->64K(960K), 0.0014597 secs] 307755K->307297K(524224K), 0.0015249 secs] [Times: user=0.00 sys=0.00, real=0.00 secs] 
19.026: [GC (Allocation Failure) 19.026: [DefNew: 960K->63K(960K), 0.0019409 secs] 308193K->307754K(524224K), 0.0020278 secs] [Times: user=0.00 sys=0.00, real=0.00 secs] 
19.029: [GC (Allocation Failure) 19.029: [DefNew: 959K->63K(960K), 0.0015414 secs] 308650K->308163K(524224K), 0.0016153 secs] [Times: user=0.00 sys=0.00, real=0.00 secs] 
19.033: [GC (Allocation Failure) 19.033: [DefNew: 959K->63K(960K), 0.0015995 secs] 309060K->308645K(524224K), 0.0016721 secs] [Times: user=0.00 sys=0.00, real=0.00 secs] 
19.037: [GC (Allocation Failure) 19.037: [DefNew: 959K->63K(960K), 0.0016970 secs] 309542K->309115K(524224K), 0.0017645 secs] [Times: user=0.00 sys=0.00, real=0.00 secs] 
19.040: [GC (Allocation Failure) 19.040: [DefNew: 959K->63K(960K), 0.0015193 secs] 310011K->309537K(524224K), 0.0015912 secs] [Times: user=0.02 sys=0.00, real=0.00 secs] 
19.044: [GC (Allocation Failure) 19.044: [DefNew: 959K->63K(960K), 0.0014980 secs] 310433K->310011K(524224K), 0.0015596 secs] [Times: user=0.00 sys=0.00, real=0.00 secs] 
19.046: [GC (Allocation Failure) 19.046: [DefNew: 959K->64K(960K), 0.0014175 secs] 310908K->310430K(524224K), 0.0014901 secs] [Times: user=0.00 sys=0.00, real=0.00 secs] 
19.049: [GC (Allocation Failure) 19.049: [DefNew: 960K->64K(960K), 0.0013543 secs] 311327K->310857K(524224K), 0.0014171 secs] [Times: user=0.00 sys=0.00, real=0.00 secs] 
19.052: [GC (Allocation Failure) 19.052: [DefNew: 960K->64K(960K), 0.0013914 secs] 311755K->311298K(524224K), 0.0014503 secs] [Times: user=0.00 sys=0.00, real=0.00 secs] 
19.054: [GC (Allocation Failure) 19.054: [DefNew: 960K->64K(960K), 0.0014297 secs] 312195K->311707K(524224K), 0.0015055 secs] [Times: user=0.00 sys=0.00, real=0.00 secs] 
19.058: [GC (Allocation Failure) 19.058: [DefNew: 960K->64K(960K), 0.0014901 secs] 312604K->312139K(524224K), 0.0015726 secs] [Times: user=0.00 sys=0.00, real=0.00 secs] 
19.061: [GC (Allocation Failure) 19.062: [DefNew: 960K->64K(960K), 0.0016883 secs] 313036K->312672K(524224K), 0.0017767 secs] [Times: user=0.00 sys=0.00, real=0.00 secs] 
19.065: [GC (Allocation Failure) 19.065: [DefNew: 960K->63K(960K), 0.0016480 secs] 313569K->313128K(524224K), 0.0017270 secs] [Times: user=0.00 sys=0.00, real=0.00 secs] 
19.069: [GC (Allocation Failure) 19.069: [DefNew: 959K->63K(960K), 0.0017451 secs] 314025K->313600K(524224K), 0.0018205 secs] [Times: user=0.00 sys=0.00, real=0.00 secs] 
19.074: [GC (Allocation Failure) 19.074: [DefNew: 959K->63K(960K), 0.0018470 secs] 314496K->314052K(524224K), 0.0019662 secs] [Times: user=0.00 sys=0.00, real=0.00 secs] 
19.078: [GC (Allocation Failure) 19.078: [DefNew: 959K->64K(960K), 0.0015517 secs] 314949K->314529K(524224K), 0.0016192 secs] [Times: user=0.00 sys=0.00, real=0.00 secs] 
19.081: [GC (Allocation Failure) 19.081: [DefNew: 960K->63K(960K), 0.0014613 secs] 315427K->314971K(524224K), 0.0015253 secs] [Times: user=0.00 sys=0.00, real=0.00 secs] 
19.084: [GC (Allocation Failure) 19.084: [DefNew: 959K->64K(960K), 0.0014222 secs] 315868K->315425K(524224K), 0.0014878 secs] [Times: user=0.00 sys=0.00, real=0.00 secs] 
19.087: [GC (Allocation Failure) 19.087: [DefNew: 960K->64K(960K), 0.0016307 secs] 316322K->315921K(524224K), 0.0017108 secs] [Times: user=0.02 sys=0.00, real=0.00 secs] 
19.090: [GC (Allocation Failure) 19.090: [DefNew: 960K->64K(960K), 0.0015300 secs] 316818K->316363K(524224K), 0.0015900 secs] [Times: user=0.00 sys=0.00, real=0.00 secs] 
19.095: [GC (Allocation Failure) 19.095: [DefNew: 960K->64K(960K), 0.0017128 secs] 317260K->316857K(524224K), 0.0018103 secs] [Times: user=0.00 sys=0.00, real=0.00 secs] 
19.097: [GC (Allocation Failure) 19.097: [DefNew: 960K->64K(960K), 0.0017404 secs] 317754K->317288K(524224K), 0.0018288 secs] [Times: user=0.00 sys=0.00, real=0.00 secs] 
19.101: [GC (Allocation Failure) 19.101: [DefNew: 960K->64K(960K), 0.0017696 secs] 318187K->317727K(524224K), 0.0018663 secs] [Times: user=0.01 sys=0.00, real=0.00 secs] 
19.105: [GC (Allocation Failure) 19.105: [DefNew: 960K->64K(960K), 0.0015833 secs] 318624K->318167K(524224K), 0.0016638 secs] [Times: user=0.00 sys=0.00, real=0.00 secs] 
19.108: [GC (Allocation Failure) 19.108: [DefNew: 960K->64K(960K), 0.0015414 secs] 319063K->318601K(524224K), 0.0016149 secs] [Times: user=0.00 sys=0.00, real=0.00 secs] 
19.112: [GC (Allocation Failure) 19.112: [DefNew: 960K->63K(960K), 0.0015245 secs] 319497K->319056K(524224K), 0.0015963 secs] [Times: user=0.00 sys=0.00, real=0.00 secs] 
19.116: [GC (Allocation Failure) 19.116: [DefNew: 959K->63K(960K), 0.0014053 secs] 319952K->319513K(524224K), 0.0014672 secs] [Times: user=0.00 sys=0.00, real=0.00 secs] 
19.118: [GC (Allocation Failure) 19.118: [DefNew: 959K->63K(960K), 0.0014838 secs] 320410K->319950K(524224K), 0.0015655 secs] [Times: user=0.02 sys=0.00, real=0.00 secs] 
19.122: [GC (Allocation Failure) 19.122: [DefNew: 959K->64K(960K), 0.0014293 secs] 320847K->320373K(524224K), 0.0015028 secs] [Times: user=0.00 sys=0.00, real=0.00 secs] 
19.124: [GC (Allocation Failure) 19.124: [DefNew: 960K->64K(960K), 0.0014033 secs] 321269K->320795K(524224K), 0.0014653 secs] [Times: user=0.00 sys=0.00, real=0.00 secs] 
19.127: [GC (Allocation Failure) 19.127: [DefNew: 960K->63K(960K), 0.0017720 secs] 321692K->321258K(524224K), 0.0018849 secs] [Times: user=0.00 sys=0.00, real=0.00 secs] 
19.131: [GC (Allocation Failure) 19.131: [DefNew: 959K->63K(960K), 0.0015726 secs] 322154K->321698K(524224K), 0.0016397 secs] [Times: user=0.00 sys=0.00, real=0.00 secs] 
19.135: [GC (Allocation Failure) 19.135: [DefNew: 959K->63K(960K), 0.0016050 secs] 322595K->322133K(524224K), 0.0016761 secs] [Times: user=0.00 sys=0.00, real=0.00 secs] 
19.138: [GC (Allocation Failure) 19.138: [DefNew: 959K->63K(960K), 0.0015032 secs] 323030K->322605K(524224K), 0.0015643 secs] [Times: user=0.00 sys=0.00, real=0.00 secs] 
19.141: [GC (Allocation Failure) 19.141: [DefNew: 959K->63K(960K), 0.0016322 secs] 323502K->323056K(524224K), 0.0017041 secs] [Times: user=0.00 sys=0.00, real=0.00 secs] 
19.145: [GC (Allocation Failure) 19.145: [DefNew: 959K->64K(960K), 0.0014203 secs] 323952K->323515K(524224K), 0.0014834 secs] [Times: user=0.00 sys=0.00, real=0.00 secs] 
19.148: [GC (Allocation Failure) 19.148: [DefNew: 960K->63K(960K), 0.0014321 secs] 324412K->323962K(524224K), 0.0014921 secs] [Times: user=0.00 sys=0.00, real=0.00 secs] 
19.150: [GC (Allocation Failure) 19.150: [DefNew: 959K->64K(960K), 0.0015395 secs] 324859K->324433K(524224K), 0.0016054 secs] [Times: user=0.00 sys=0.00, real=0.00 secs] 
19.154: [GC (Allocation Failure) 19.154: [DefNew: 960K->64K(960K), 0.0017234 secs] 325329K->324859K(524224K), 0.0018474 secs] [Times: user=0.00 sys=0.00, real=0.00 secs] 
19.157: [GC (Allocation Failure) 19.157: [DefNew: 960K->64K(960K), 0.0015407 secs] 325755K->325267K(524224K), 0.0016236 secs] [Times: user=0.00 sys=0.00, real=0.00 secs] 
19.161: [GC (Allocation Failure) 19.161: [DefNew: 960K->63K(960K), 0.0018683 secs] 326163K->325831K(524224K), 0.0019784 secs] [Times: user=0.00 sys=0.00, real=0.00 secs] 
19.165: [GC (Allocation Failure) 19.165: [DefNew: 959K->64K(960K), 0.0021340 secs] 326729K->326257K(524224K), 0.0022409 secs] [Times: user=0.01 sys=0.00, real=0.00 secs] 
19.168: [GC (Allocation Failure) 19.168: [DefNew: 960K->64K(960K), 0.0020893 secs] 327154K->326683K(524224K), 0.0021884 secs] [Times: user=0.00 sys=0.00, real=0.00 secs] 
19.175: [GC (Allocation Failure) 19.175: [DefNew: 960K->64K(960K), 0.0018580 secs] 327580K->327279K(524224K), 0.0020072 secs] [Times: user=0.00 sys=0.00, real=0.00 secs] 
19.178: [GC (Allocation Failure) 19.178: [DefNew: 960K->63K(960K), 0.0015829 secs] 328176K->327695K(524224K), 0.0016551 secs] [Times: user=0.00 sys=0.00, real=0.00 secs] 
19.183: [GC (Allocation Failure) 19.183: [DefNew: 959K->63K(960K), 0.0014886 secs] 328592K->328139K(524224K), 0.0015888 secs] [Times: user=0.00 sys=0.00, real=0.00 secs] 
19.186: [GC (Allocation Failure) 19.186: [DefNew: 959K->64K(960K), 0.0017586 secs] 329035K->328563K(524224K), 0.0019086 secs] [Times: user=0.00 sys=0.00, real=0.00 secs] 
19.189: [GC (Allocation Failure) 19.189: [DefNew: 960K->64K(960K), 0.0014601 secs] 329461K->329001K(524224K), 0.0015462 secs] [Times: user=0.00 sys=0.00, real=0.00 secs] 
19.193: [GC (Allocation Failure) 19.193: [DefNew: 960K->64K(960K), 0.0017653 secs] 329897K->329441K(524224K), 0.0018612 secs] [Times: user=0.00 sys=0.00, real=0.00 secs] 
19.196: [GC (Allocation Failure) 19.196: [DefNew: 960K->63K(960K), 0.0014096 secs] 330337K->329852K(524224K), 0.0014846 secs] [Times: user=0.02 sys=0.00, real=0.00 secs] 
19.200: [GC (Allocation Failure) 19.200: [DefNew: 959K->63K(960K), 0.0017428 secs] 330748K->330290K(524224K), 0.0026053 secs] [Times: user=0.00 sys=0.00, real=0.00 secs] 
19.205: [GC (Allocation Failure) 19.205: [DefNew: 959K->64K(960K), 0.0017309 secs] 331186K->330776K(524224K), 0.0018466 secs] [Times: user=0.00 sys=0.00, real=0.00 secs] 
19.208: [GC (Allocation Failure) 19.208: [DefNew: 960K->64K(960K), 0.0016113 secs] 331673K->331182K(524224K), 0.0017009 secs] [Times: user=0.00 sys=0.00, real=0.00 secs] 
19.212: [GC (Allocation Failure) 19.212: [DefNew: 960K->63K(960K), 0.0014747 secs] 332079K->331651K(524224K), 0.0015462 secs] [Times: user=0.00 sys=0.00, real=0.00 secs] 
19.215: [GC (Allocation Failure) 19.215: [DefNew: 959K->63K(960K), 0.0015422 secs] 332547K->332112K(524224K), 0.0016393 secs] [Times: user=0.00 sys=0.00, real=0.00 secs] 
19.219: [GC (Allocation Failure) 19.219: [DefNew: 959K->63K(960K), 0.0016993 secs] 333008K->332564K(524224K), 0.0018047 secs] [Times: user=0.00 sys=0.00, real=0.00 secs] 
19.223: [GC (Allocation Failure) 19.223: [DefNew: 959K->64K(960K), 0.0015876 secs] 333461K->333009K(524224K), 0.0016883 secs] [Times: user=0.00 sys=0.00, real=0.00 secs] 
19.226: [GC (Allocation Failure) 19.226: [DefNew: 960K->64K(960K), 0.0017901 secs] 333906K->333451K(524224K), 0.0019299 secs] [Times: user=0.02 sys=0.00, real=0.00 secs] 
19.230: [GC (Allocation Failure) 19.230: [DefNew: 960K->63K(960K), 0.0015939 secs] 334348K->333907K(524224K), 0.0016780 secs] [Times: user=0.00 sys=0.00, real=0.00 secs] 
19.233: [GC (Allocation Failure) 19.233: [DefNew: 959K->64K(960K), 0.0015987 secs] 334803K->334353K(524224K), 0.0016891 secs] [Times: user=0.00 sys=0.00, real=0.00 secs] 
19.237: [GC (Allocation Failure) 19.237: [DefNew: 960K->63K(960K), 0.0016891 secs] 335249K->334884K(524224K), 0.0017925 secs] [Times: user=0.00 sys=0.00, real=0.00 secs] 
19.241: [GC (Allocation Failure) 19.241: [DefNew: 959K->64K(960K), 0.0017104 secs] 335780K->335329K(524224K), 0.0018024 secs] [Times: user=0.00 sys=0.00, real=0.00 secs] 
19.244: [GC (Allocation Failure) 19.244: [DefNew: 960K->64K(960K), 0.0016220 secs] 336225K->335761K(524224K), 0.0017092 secs] [Times: user=0.00 sys=0.00, real=0.00 secs] 
19.248: [GC (Allocation Failure) 19.248: [DefNew: 960K->63K(960K), 0.0015667 secs] 336657K->336235K(524224K), 0.0016500 secs] [Times: user=0.00 sys=0.00, real=0.00 secs] 
19.251: [GC (Allocation Failure) 19.251: [DefNew: 959K->64K(960K), 0.0015943 secs] 337132K->336661K(524224K), 0.0016650 secs] [Times: user=0.00 sys=0.00, real=0.00 secs] 
19.255: [GC (Allocation Failure) 19.255: [DefNew: 960K->63K(960K), 0.0015671 secs] 337557K->337113K(524224K), 0.0016461 secs] [Times: user=0.00 sys=0.00, real=0.00 secs] 
19.259: [GC (Allocation Failure) 19.259: [DefNew: 959K->63K(960K), 0.0021391 secs] 338010K->337585K(524224K), 0.0022204 secs] [Times: user=0.00 sys=0.00, real=0.00 secs] 
19.262: [GC (Allocation Failure) 19.262: [DefNew: 959K->63K(960K), 0.0016457 secs] 338482K->338020K(524224K), 0.0017412 secs] [Times: user=0.00 sys=0.00, real=0.00 secs] 
19.266: [GC (Allocation Failure) 19.266: [DefNew: 959K->63K(960K), 0.0016401 secs] 338917K->338500K(524224K), 0.0017064 secs] [Times: user=0.00 sys=0.00, real=0.00 secs] 
19.269: [GC (Allocation Failure) 19.269: [DefNew: 959K->64K(960K), 0.0036407 secs] 339397K->338944K(524224K), 0.0037413 secs] [Times: user=0.00 sys=0.00, real=0.00 secs] 
19.283: [GC (Allocation Failure) 19.283: [DefNew: 960K->63K(960K), 0.0016618 secs] 339840K->339377K(524224K), 0.0017807 secs] [Times: user=0.00 sys=0.00, real=0.00 secs] 
19.287: [GC (Allocation Failure) 19.287: [DefNew: 959K->63K(960K), 0.0018813 secs] 340274K->339921K(524224K), 0.0020317 secs] [Times: user=0.00 sys=0.00, real=0.00 secs] 
19.290: [GC (Allocation Failure) 19.290: [DefNew: 959K->64K(960K), 0.0017372 secs] 340818K->340373K(524224K), 0.0018288 secs] [Times: user=0.00 sys=0.00, real=0.00 secs] 
19.294: [GC (Allocation Failure) 19.294: [DefNew: 960K->63K(960K), 0.0017487 secs] 341270K->340836K(524224K), 0.0018750 secs] [Times: user=0.00 sys=0.00, real=0.00 secs] 
19.297: [GC (Allocation Failure) 19.297: [DefNew: 959K->64K(960K), 0.0015825 secs] 341732K->341274K(524224K), 0.0016666 secs] [Times: user=0.00 sys=0.00, real=0.00 secs] 
19.301: [GC (Allocation Failure) 19.301: [DefNew: 960K->64K(960K), 0.0030880 secs] 342171K->341706K(524224K), 0.0032420 secs] [Times: user=0.00 sys=0.00, real=0.00 secs] 
19.307: [GC (Allocation Failure) 19.307: [DefNew: 960K->63K(960K), 0.0015864 secs] 342603K->342123K(524224K), 0.0016978 secs] [Times: user=0.00 sys=0.00, real=0.00 secs] 
19.310: [GC (Allocation Failure) 19.310: [DefNew: 959K->63K(960K), 0.0015178 secs] 343020K->342559K(524224K), 0.0016082 secs] [Times: user=0.00 sys=0.00, real=0.00 secs] 
19.314: [GC (Allocation Failure) 19.314: [DefNew: 959K->64K(960K), 0.0015750 secs] 343456K->343043K(524224K), 0.0016611 secs] [Times: user=0.00 sys=0.00, real=0.00 secs] 
19.317: [GC (Allocation Failure) 19.317: [DefNew: 960K->63K(960K), 0.0021478 secs] 343940K->343496K(524224K), 0.0023005 secs] [Times: user=0.00 sys=0.00, real=0.00 secs] 
19.321: [GC (Allocation Failure) 19.321: [DefNew: 959K->64K(960K), 0.0016555 secs] 344393K->344018K(524224K), 0.0017609 secs] [Times: user=0.00 sys=0.00, real=0.00 secs] 
19.325: [GC (Allocation Failure) 19.325: [DefNew: 960K->64K(960K), 0.0017305 secs] 344914K->344447K(524224K), 0.0018636 secs] [Times: user=0.00 sys=0.00, real=0.00 secs] 
19.328: [GC (Allocation Failure) 19.328: [DefNew: 960K->64K(960K), 0.0016153 secs] 345344K->344949K(524224K), 0.0017139 secs] [Times: user=0.00 sys=0.00, real=0.00 secs] 
19.332: [GC (Allocation Failure) 19.332: [DefNew: 960K->64K(960K), 0.0017175 secs] 345845K->345412K(524224K), 0.0017961 secs] [Times: user=0.00 sys=0.00, real=0.00 secs] 
19.335: [GC (Allocation Failure) 19.335: [DefNew: 960K->63K(960K), 0.0017084 secs] 346309K->345840K(524224K), 0.0018043 secs] [Times: user=0.02 sys=0.00, real=0.00 secs] 
19.339: [GC (Allocation Failure) 19.339: [DefNew: 959K->63K(960K), 0.0016689 secs] 346737K->346312K(524224K), 0.0017558 secs] [Times: user=0.00 sys=0.00, real=0.00 secs] 
19.343: [GC (Allocation Failure) 19.343: [DefNew: 959K->63K(960K), 0.0017080 secs] 347210K->346799K(524224K), 0.0017961 secs] [Times: user=0.00 sys=0.00, real=0.00 secs] 
19.346: [GC (Allocation Failure) 19.346: [DefNew: 959K->63K(960K), 0.0015628 secs] 347695K->347225K(524224K), 0.0016472 secs] [Times: user=0.00 sys=0.00, real=0.00 secs] 
19.350: [GC (Allocation Failure) 19.350: [DefNew: 959K->64K(960K), 0.0015837 secs] 348121K->347690K(524224K), 0.0016725 secs] [Times: user=0.00 sys=0.00, real=0.00 secs] 
19.353: [GC (Allocation Failure) 19.353: [DefNew: 960K->63K(960K), 0.0018600 secs] 348587K->348136K(524224K), 0.0019484 secs] [Times: user=0.00 sys=0.00, real=0.00 secs] 
19.357: [GC (Allocation Failure) 19.357: [DefNew: 959K->63K(960K), 0.0015564 secs] 349033K->348597K(524224K), 0.0016461 secs] [Times: user=0.00 sys=0.00, real=0.00 secs] 
19.361: [GC (Allocation Failure) 19.361: [DefNew: 959K->64K(960K), 0.0017088 secs] 349493K->349096K(524224K), 0.0018201 secs] [Times: user=0.00 sys=0.00, real=0.00 secs] 
19.364: [GC (Allocation Failure) 19.364: [DefNew: 960K->64K(960K), 0.0015703 secs] 349993K->349532K(524224K), 0.0016433 secs] [Times: user=0.00 sys=0.00, real=0.00 secs] 
19.368: [GC (Allocation Failure) 19.368: [DefNew: 960K->63K(960K), 0.0017100 secs] 350429K->349993K(524224K), 0.0017893 secs] [Times: user=0.00 sys=0.00, real=0.00 secs] 
19.374: [GC (Allocation Failure) 19.374: [DefNew: 959K->64K(960K), 0.0017108 secs] 350889K->350469K(524224K), 0.0018304 secs] [Times: user=0.00 sys=0.00, real=0.00 secs] 
19.378: [GC (Allocation Failure) 19.378: [DefNew: 960K->63K(960K), 0.0016172 secs] 351366K->350933K(524224K), 0.0017037 secs] [Times: user=0.00 sys=0.00, real=0.00 secs] 
19.382: [GC (Allocation Failure) 19.382: [DefNew: 959K->63K(960K), 0.0015746 secs] 351829K->351408K(524224K), 0.0016461 secs] [Times: user=0.00 sys=0.00, real=0.00 secs] 
19.385: [GC (Allocation Failure) 19.385: [DefNew: 959K->64K(960K), 0.0015391 secs] 352304K->351829K(524224K), 0.0016330 secs] [Times: user=0.00 sys=0.00, real=0.00 secs] 
19.389: [GC (Allocation Failure) 19.389: [DefNew: 960K->63K(960K), 0.0015430 secs] 352725K->352274K(524224K), 0.0016634 secs] [Times: user=0.00 sys=0.00, real=0.00 secs] 
19.392: [GC (Allocation Failure) 19.392: [DefNew: 959K->63K(960K), 0.0019472 secs] 353170K->352723K(524224K), 0.0021253 secs] [Times: user=0.00 sys=0.00, real=0.00 secs] 
19.396: [GC (Allocation Failure) 19.396: [DefNew: 959K->64K(960K), 0.0016070 secs] 353619K->353183K(524224K), 0.0016883 secs] [Times: user=0.00 sys=0.00, real=0.00 secs] 
19.400: [GC (Allocation Failure) 19.400: [DefNew: 960K->64K(960K), 0.0019780 secs] 354080K->353606K(524224K), 0.0020866 secs] [Times: user=0.00 sys=0.00, real=0.00 secs] 
19.403: [GC (Allocation Failure) 19.403: [DefNew: 960K->64K(960K), 0.0017096 secs] 354503K->354030K(524224K), 0.0018272 secs] [Times: user=0.00 sys=0.00, real=0.00 secs] 
19.407: [GC (Allocation Failure) 19.407: [DefNew: 960K->64K(960K), 0.0017242 secs] 354926K->354483K(524224K), 0.0018430 secs] [Times: user=0.00 sys=0.00, real=0.00 secs] 
19.410: [GC (Allocation Failure) 19.410: [DefNew: 960K->63K(960K), 0.0017834 secs] 355380K->354899K(524224K), 0.0018939 secs] [Times: user=0.00 sys=0.00, real=0.00 secs] 
19.414: [GC (Allocation Failure) 19.414: [DefNew: 959K->64K(960K), 0.0015813 secs] 355796K->355313K(524224K), 0.0016875 secs] [Times: user=0.02 sys=0.00, real=0.00 secs] 
19.418: [GC (Allocation Failure) 19.418: [DefNew: 960K->64K(960K), 0.0030099 secs] 356210K->355733K(524224K), 0.0031354 secs] [Times: user=0.00 sys=0.00, real=0.00 secs] 
19.423: [GC (Allocation Failure) 19.424: [DefNew: 960K->64K(960K), 0.0022326 secs] 356629K->356291K(524224K), 0.0023471 secs] [Times: user=0.00 sys=0.00, real=0.00 secs] 
19.431: [GC (Allocation Failure) 19.431: [DefNew: 960K->63K(960K), 0.0017601 secs] 357187K->356713K(524224K), 0.0018738 secs] [Times: user=0.00 sys=0.00, real=0.00 secs] 
19.435: [GC (Allocation Failure) 19.435: [DefNew: 959K->64K(960K), 0.0022792 secs] 357610K->357125K(524224K), 0.0024474 secs] [Times: user=0.00 sys=0.00, real=0.00 secs] 
19.439: [GC (Allocation Failure) 19.439: [DefNew: 960K->63K(960K), 0.0018201 secs] 358022K->357597K(524224K), 0.0019224 secs] [Times: user=0.00 sys=0.00, real=0.00 secs] 
19.443: [GC (Allocation Failure) 19.443: [DefNew: 959K->64K(960K), 0.0016989 secs] 358493K->358068K(524224K), 0.0017862 secs] [Times: user=0.00 sys=0.00, real=0.00 secs] 
19.446: [GC (Allocation Failure) 19.446: [DefNew: 960K->63K(960K), 0.0016243 secs] 358964K->358495K(524224K), 0.0017309 secs] [Times: user=0.00 sys=0.00, real=0.00 secs] 
19.450: [GC (Allocation Failure) 19.450: [DefNew: 959K->64K(960K), 0.0015063 secs] 359392K->358928K(524224K), 0.0015853 secs] [Times: user=0.00 sys=0.00, real=0.00 secs] 
19.454: [GC (Allocation Failure) 19.454: [DefNew: 960K->63K(960K), 0.0016749 secs] 359824K->359389K(524224K), 0.0018083 secs] [Times: user=0.00 sys=0.00, real=0.00 secs] 
19.457: [GC (Allocation Failure) 19.457: [DefNew: 959K->63K(960K), 0.0015770 secs] 360286K->359828K(524224K), 0.0016567 secs] [Times: user=0.00 sys=0.00, real=0.00 secs] 
19.461: [GC (Allocation Failure) 19.461: [DefNew: 959K->64K(960K), 0.0018572 secs] 360724K->360330K(524224K), 0.0019587 secs] [Times: user=0.02 sys=0.00, real=0.00 secs] 
19.464: [GC (Allocation Failure) 19.464: [DefNew: 960K->63K(960K), 0.0017092 secs] 361227K->360772K(524224K), 0.0018024 secs] [Times: user=0.00 sys=0.00, real=0.00 secs] 
19.468: [GC (Allocation Failure) 19.468: [DefNew: 959K->63K(960K), 0.0019800 secs] 361669K->361223K(524224K), 0.0020866 secs] [Times: user=0.00 sys=0.00, real=0.00 secs] 
19.471: [GC (Allocation Failure) 19.472: [DefNew: 959K->63K(960K), 0.0027442 secs] 362121K->361902K(524224K), 0.0028915 secs] [Times: user=0.00 sys=0.00, real=0.00 secs] 
19.476: [GC (Allocation Failure) 19.476: [DefNew: 959K->64K(960K), 0.0020230 secs] 362798K->362388K(524224K), 0.0021150 secs] [Times: user=0.02 sys=0.00, real=0.00 secs] 
19.480: [GC (Allocation Failure) 19.480: [DefNew: 960K->63K(960K), 0.0016618 secs] 363284K->362876K(524224K), 0.0017455 secs] [Times: user=0.00 sys=0.00, real=0.00 secs] 
19.483: [GC (Allocation Failure) 19.483: [DefNew: 959K->64K(960K), 0.0016101 secs] 363773K->363323K(524224K), 0.0016914 secs] [Times: user=0.00 sys=0.00, real=0.00 secs] 
19.487: [GC (Allocation Failure) 19.487: [DefNew: 960K->64K(960K), 0.0016386 secs] 364219K->363790K(524224K), 0.0017542 secs] [Times: user=0.00 sys=0.00, real=0.00 secs] 
19.490: [GC (Allocation Failure) 19.491: [DefNew: 960K->64K(960K), 0.0014968 secs] 364687K->364203K(524224K), 0.0015920 secs] [Times: user=0.00 sys=0.00, real=0.00 secs] 
19.495: [GC (Allocation Failure) 19.495: [DefNew: 960K->64K(960K), 0.0017009 secs] 365100K->364731K(524224K), 0.0018742 secs] [Times: user=0.00 sys=0.00, real=0.00 secs] 
19.498: [GC (Allocation Failure) 19.498: [DefNew: 960K->63K(960K), 0.0018087 secs] 365628K->365247K(524224K), 0.0019472 secs] [Times: user=0.00 sys=0.00, real=0.00 secs] 
19.501: [GC (Allocation Failure) 19.501: [DefNew: 959K->64K(960K), 0.0021561 secs] 366144K->365772K(524224K), 0.0022788 secs] [Times: user=0.00 sys=0.00, real=0.00 secs] 
19.505: [GC (Allocation Failure) 19.505: [DefNew: 960K->64K(960K), 0.0023309 secs] 366669K->366223K(524224K), 0.0024746 secs] [Times: user=0.00 sys=0.00, real=0.00 secs] 
19.508: [GC (Allocation Failure) 19.508: [DefNew: 960K->64K(960K), 0.0018339 secs] 367119K->366721K(524224K), 0.0019307 secs] [Times: user=0.01 sys=0.00, real=0.00 secs] 
19.512: [GC (Allocation Failure) 19.512: [DefNew: 960K->63K(960K), 0.0017132 secs] 367617K->367181K(524224K), 0.0018055 secs] [Times: user=0.00 sys=0.00, real=0.00 secs] 
19.516: [GC (Allocation Failure) 19.516: [DefNew: 959K->63K(960K), 0.0015486 secs] 368078K->367642K(524224K), 0.0016354 secs] [Times: user=0.00 sys=0.00, real=0.00 secs] 
19.520: [GC (Allocation Failure) 19.520: [DefNew: 959K->64K(960K), 0.0018067 secs] 368539K->368130K(524224K), 0.0019808 secs] [Times: user=0.00 sys=0.00, real=0.00 secs] 
19.523: [GC (Allocation Failure) 19.523: [DefNew: 960K->63K(960K), 0.0018825 secs] 369027K->368635K(524224K), 0.0019784 secs] [Times: user=0.02 sys=0.00, real=0.00 secs] 
19.526: [GC (Allocation Failure) 19.527: [DefNew: 959K->63K(960K), 0.0022354 secs] 369531K->369172K(524224K), 0.0023443 secs] [Times: user=0.00 sys=0.00, real=0.00 secs] 
19.530: [GC (Allocation Failure) 19.530: [DefNew: 959K->63K(960K), 0.0020365 secs] 370068K->369799K(524224K), 0.0021316 secs] [Times: user=0.00 sys=0.00, real=0.00 secs] 
19.534: [GC (Allocation Failure) 19.534: [DefNew: 959K->64K(960K), 0.0025615 secs] 370696K->370229K(524224K), 0.0026692 secs] [Times: user=0.00 sys=0.00, real=0.00 secs] 
19.538: [GC (Allocation Failure) 19.538: [DefNew: 960K->63K(960K), 0.0016808 secs] 371126K->370665K(524224K), 0.0017763 secs] [Times: user=0.01 sys=0.00, real=0.00 secs] 
19.542: [GC (Allocation Failure) 19.542: [DefNew: 959K->64K(960K), 0.0016196 secs] 371562K->371112K(524224K), 0.0017100 secs] [Times: user=0.00 sys=0.00, real=0.00 secs] 
19.545: [GC (Allocation Failure) 19.545: [DefNew: 960K->63K(960K), 0.0015667 secs] 372008K->371545K(524224K), 0.0016689 secs] [Times: user=0.00 sys=0.00, real=0.00 secs] 
19.549: [GC (Allocation Failure) 19.549: [DefNew: 959K->64K(960K), 0.0014838 secs] 372442K->371999K(524224K), 0.0015446 secs] [Times: user=0.00 sys=0.00, real=0.00 secs] 
19.553: [GC (Allocation Failure) 19.553: [DefNew: 960K->64K(960K), 0.0019354 secs] 372895K->372538K(524224K), 0.0020416 secs] [Times: user=0.02 sys=0.00, real=0.00 secs] 
19.556: [GC (Allocation Failure) 19.556: [DefNew: 960K->64K(960K), 0.0017988 secs] 373435K->373050K(524224K), 0.0018711 secs] [Times: user=0.00 sys=0.00, real=0.00 secs] 
19.560: [GC (Allocation Failure) 19.560: [DefNew: 960K->64K(960K), 0.0020629 secs] 373946K->373519K(524224K), 0.0021857 secs] [Times: user=0.00 sys=0.00, real=0.00 secs] 
19.563: [GC (Allocation Failure) 19.563: [DefNew: 960K->64K(960K), 0.0016038 secs] 374416K->373945K(524224K), 0.0016780 secs] [Times: user=0.00 sys=0.00, real=0.00 secs] 
19.567: [GC (Allocation Failure) 19.567: [DefNew: 960K->63K(960K), 0.0016338 secs] 374842K->374412K(524224K), 0.0017021 secs] [Times: user=0.00 sys=0.00, real=0.00 secs] 
19.572: [GC (Allocation Failure) 19.572: [DefNew: 959K->64K(960K), 0.0027600 secs] 375308K->375056K(524224K), 0.0028966 secs] [Times: user=0.00 sys=0.00, real=0.00 secs] 
19.575: [GC (Allocation Failure) 19.575: [DefNew: 960K->64K(960K), 0.0019247 secs] 375953K->375470K(524224K), 0.0020187 secs] [Times: user=0.00 sys=0.00, real=0.00 secs] 
19.579: [GC (Allocation Failure) 19.579: [DefNew: 960K->63K(960K), 0.0014621 secs] 376366K->375941K(524224K), 0.0015217 secs] [Times: user=0.00 sys=0.00, real=0.00 secs] 
19.582: [GC (Allocation Failure) 19.582: [DefNew: 959K->63K(960K), 0.0015482 secs] 376837K->376387K(524224K), 0.0016082 secs] [Times: user=0.00 sys=0.00, real=0.00 secs] 
19.586: [GC (Allocation Failure) 19.586: [DefNew: 959K->63K(960K), 0.0016042 secs] 377284K->376863K(524224K), 0.0016899 secs] [Times: user=0.02 sys=0.00, real=0.00 secs] 
19.590: [GC (Allocation Failure) 19.590: [DefNew: 959K->63K(960K), 0.0016050 secs] 377761K->377318K(524224K), 0.0016741 secs] [Times: user=0.00 sys=0.00, real=0.00 secs] 
19.593: [GC (Allocation Failure) 19.593: [DefNew: 959K->63K(960K), 0.0020637 secs] 378215K->377862K(524224K), 0.0021422 secs] [Times: user=0.00 sys=0.00, real=0.00 secs] 
19.597: [GC (Allocation Failure) 19.597: [DefNew: 959K->63K(960K), 0.0017104 secs] 378759K->378332K(524224K), 0.0017759 secs] [Times: user=0.00 sys=0.00, real=0.00 secs] 
19.600: [GC (Allocation Failure) 19.600: [DefNew: 959K->64K(960K), 0.0017159 secs] 379228K->378775K(524224K), 0.0018036 secs] [Times: user=0.02 sys=0.00, real=0.00 secs] 
19.604: [GC (Allocation Failure) 19.604: [DefNew: 960K->63K(960K), 0.0019678 secs] 379671K->379394K(524224K), 0.0020550 secs] [Times: user=0.00 sys=0.00, real=0.00 secs] 
19.608: [GC (Allocation Failure) 19.608: [DefNew: 959K->63K(960K), 0.0017499 secs] 380292K->379828K(524224K), 0.0018197 secs] [Times: user=0.00 sys=0.00, real=0.00 secs] 
19.611: [GC (Allocation Failure) 19.611: [DefNew: 959K->64K(960K), 0.0015920 secs] 380725K->380288K(524224K), 0.0016492 secs] [Times: user=0.00 sys=0.00, real=0.00 secs] 
19.615: [GC (Allocation Failure) 19.615: [DefNew: 960K->63K(960K), 0.0016887 secs] 381184K->380791K(524224K), 0.0017530 secs] [Times: user=0.00 sys=0.00, real=0.00 secs] 
19.618: [GC (Allocation Failure) 19.618: [DefNew: 959K->63K(960K), 0.0016204 secs] 381687K->381233K(524224K), 0.0016847 secs] [Times: user=0.00 sys=0.00, real=0.00 secs] 
19.622: [GC (Allocation Failure) 19.622: [DefNew: 959K->63K(960K), 0.0016887 secs] 382130K->381819K(524224K), 0.0017566 secs] [Times: user=0.00 sys=0.00, real=0.00 secs] 
19.625: [GC (Allocation Failure) 19.625: [DefNew: 959K->63K(960K), 0.0018920 secs] 382715K->382264K(524224K), 0.0020278 secs] [Times: user=0.00 sys=0.00, real=0.00 secs] 
19.629: [GC (Allocation Failure) 19.629: [DefNew: 959K->64K(960K), 0.0017037 secs] 383162K->382722K(524224K), 0.0017897 secs] [Times: user=0.00 sys=0.00, real=0.00 secs] 
19.633: [GC (Allocation Failure) 19.633: [DefNew: 960K->64K(960K), 0.0020333 secs] 383618K->383186K(524224K), 0.0021154 secs] [Times: user=0.00 sys=0.00, real=0.00 secs] 
19.636: [GC (Allocation Failure) 19.636: [DefNew: 960K->64K(960K), 0.0021612 secs] 384083K->383809K(524224K), 0.0022508 secs] [Times: user=0.00 sys=0.00, real=0.00 secs] 
19.640: [GC (Allocation Failure) 19.640: [DefNew: 960K->63K(960K), 0.0019524 secs] 384706K->384288K(524224K), 0.0020222 secs] [Times: user=0.00 sys=0.00, real=0.00 secs] 
19.643: [GC (Allocation Failure) 19.643: [DefNew: 959K->63K(960K), 0.0016658 secs] 385184K->384735K(524224K), 0.0017337 secs] [Times: user=0.00 sys=0.00, real=0.00 secs] 
19.647: [GC (Allocation Failure) 19.647: [DefNew: 959K->63K(960K), 0.0016078 secs] 385631K->385206K(524224K), 0.0016709 secs] [Times: user=0.00 sys=0.02, real=0.00 secs] 
19.651: [GC (Allocation Failure) 19.651: [DefNew: 959K->63K(960K), 0.0016338 secs] 386102K->385647K(524224K), 0.0017100 secs] [Times: user=0.00 sys=0.00, real=0.00 secs] 
19.654: [GC (Allocation Failure) 19.654: [DefNew: 959K->64K(960K), 0.0017447 secs] 386544K->386099K(524224K), 0.0018170 secs] [Times: user=0.00 sys=0.00, real=0.00 secs] 
19.658: [GC (Allocation Failure) 19.658: [DefNew: 960K->63K(960K), 0.0014921 secs] 386996K->386566K(524224K), 0.0015628 secs] [Times: user=0.00 sys=0.00, real=0.00 secs] 
19.662: [GC (Allocation Failure) 19.662: [DefNew: 959K->63K(960K), 0.0018004 secs] 387463K->387119K(524224K), 0.0018876 secs] [Times: user=0.00 sys=0.00, real=0.00 secs] 
19.665: [GC (Allocation Failure) 19.665: [DefNew: 959K->63K(960K), 0.0017518 secs] 388015K->387596K(524224K), 0.0018264 secs] [Times: user=0.00 sys=0.00, real=0.00 secs] 
19.669: [GC (Allocation Failure) 19.669: [DefNew: 959K->63K(960K), 0.0023108 secs] 388492K->388074K(524224K), 0.0024343 secs] [Times: user=0.00 sys=0.00, real=0.00 secs] 
19.673: [GC (Allocation Failure) 19.673: [DefNew: 959K->63K(960K), 0.0021403 secs] 388970K->388721K(524224K), 0.0022350 secs] [Times: user=0.00 sys=0.00, real=0.00 secs] 
19.677: [GC (Allocation Failure) 19.677: [DefNew: 959K->63K(960K), 0.0018663 secs] 389618K->389207K(524224K), 0.0019421 secs] [Times: user=0.00 sys=0.00, real=0.00 secs] 
19.681: [GC (Allocation Failure) 19.681: [DefNew: 959K->63K(960K), 0.0017475 secs] 390103K->389725K(524224K), 0.0018316 secs] [Times: user=0.00 sys=0.00, real=0.00 secs] 
19.684: [GC (Allocation Failure) 19.684: [DefNew: 959K->64K(960K), 0.0017514 secs] 390621K->390210K(524224K), 0.0018332 secs] [Times: user=0.00 sys=0.00, real=0.00 secs] 
19.688: [GC (Allocation Failure) 19.688: [DefNew: 960K->63K(960K), 0.0018257 secs] 391107K->390754K(524224K), 0.0019216 secs] [Times: user=0.00 sys=0.00, real=0.00 secs] 
19.691: [GC (Allocation Failure) 19.691: [DefNew: 959K->64K(960K), 0.0017779 secs] 391650K->391216K(524224K), 0.0018714 secs] [Times: user=0.00 sys=0.00, real=0.00 secs] 
19.695: [GC (Allocation Failure) 19.695: [DefNew: 960K->64K(960K), 0.0021497 secs] 392113K->391898K(524224K), 0.0022603 secs] [Times: user=0.02 sys=0.00, real=0.00 secs] 
19.698: [GC (Allocation Failure) 19.698: [DefNew: 960K->63K(960K), 0.0020487 secs] 392794K->392335K(524224K), 0.0021462 secs] [Times: user=0.00 sys=0.00, real=0.00 secs] 
19.702: [GC (Allocation Failure) 19.702: [DefNew: 959K->64K(960K), 0.0020503 secs] 393231K->392942K(524224K), 0.0021596 secs] [Times: user=0.00 sys=0.00, real=0.00 secs] 
19.706: [GC (Allocation Failure) 19.706: [DefNew: 960K->63K(960K), 0.0019780 secs] 393839K->393425K(524224K), 0.0020562 secs] [Times: user=0.00 sys=0.00, real=0.00 secs] 
19.709: [GC (Allocation Failure) 19.709: [DefNew: 959K->63K(960K), 0.0017167 secs] 394322K->393880K(524224K), 0.0017893 secs] [Times: user=0.02 sys=0.00, real=0.00 secs] 
19.713: [GC (Allocation Failure) 19.713: [DefNew: 959K->63K(960K), 0.0016883 secs] 394777K->394337K(524224K), 0.0017609 secs] [Times: user=0.00 sys=0.00, real=0.00 secs] 
19.716: [GC (Allocation Failure) 19.716: [DefNew: 959K->64K(960K), 0.0015659 secs] 395234K->394769K(524224K), 0.0016299 secs] [Times: user=0.00 sys=0.00, real=0.00 secs] 
19.720: [GC (Allocation Failure) 19.720: [DefNew: 960K->64K(960K), 0.0017278 secs] 395666K->395263K(524224K), 0.0018257 secs] [Times: user=0.00 sys=0.00, real=0.00 secs] 
19.724: [GC (Allocation Failure) 19.724: [DefNew: 960K->64K(960K), 0.0017357 secs] 396161K->395719K(524224K), 0.0018241 secs] [Times: user=0.00 sys=0.00, real=0.00 secs] 
19.728: [GC (Allocation Failure) 19.728: [DefNew: 960K->64K(960K), 0.0018801 secs] 396616K->396267K(524224K), 0.0020333 secs] [Times: user=0.00 sys=0.00, real=0.00 secs] 
19.731: [GC (Allocation Failure) 19.731: [DefNew: 960K->63K(960K), 0.0018541 secs] 397164K->396743K(524224K), 0.0019220 secs] [Times: user=0.00 sys=0.00, real=0.00 secs] 
19.734: [GC (Allocation Failure) 19.734: [DefNew: 959K->63K(960K), 0.0018158 secs] 397640K->397188K(524224K), 0.0018983 secs] [Times: user=0.00 sys=0.00, real=0.00 secs] 
19.738: [GC (Allocation Failure) 19.738: [DefNew: 959K->63K(960K), 0.0016839 secs] 398085K->397638K(524224K), 0.0017574 secs] [Times: user=0.00 sys=0.00, real=0.00 secs] 
19.742: [GC (Allocation Failure) 19.742: [DefNew: 959K->63K(960K), 0.0020084 secs] 398534K->398063K(524224K), 0.0020941 secs] [Times: user=0.02 sys=0.00, real=0.00 secs] 
19.745: [GC (Allocation Failure) 19.745: [DefNew: 959K->64K(960K), 0.0015063 secs] 398959K->398461K(524224K), 0.0015703 secs] [Times: user=0.00 sys=0.00, real=0.00 secs] 
19.749: [GC (Allocation Failure) 19.749: [DefNew: 960K->64K(960K), 0.0016224 secs] 399358K->398964K(524224K), 0.0016804 secs] [Times: user=0.00 sys=0.00, real=0.00 secs] 
19.752: [GC (Allocation Failure) 19.752: [DefNew: 960K->63K(960K), 0.0016524 secs] 399861K->399415K(524224K), 0.0017136 secs] [Times: user=0.00 sys=0.00, real=0.00 secs] 
19.756: [GC (Allocation Failure) 19.756: [DefNew: 959K->63K(960K), 0.0016334 secs] 400312K->399882K(524224K), 0.0017041 secs] [Times: user=0.00 sys=0.02, real=0.00 secs] 
19.760: [GC (Allocation Failure) 19.760: [DefNew: 959K->63K(960K), 0.0022046 secs] 400778K->400340K(524224K), 0.0023191 secs] [Times: user=0.00 sys=0.00, real=0.00 secs] 
19.763: [GC (Allocation Failure) 19.763: [DefNew: 959K->64K(960K), 0.0017582 secs] 401236K->400771K(524224K), 0.0018387 secs] [Times: user=0.00 sys=0.00, real=0.00 secs] 
19.767: [GC (Allocation Failure) 19.767: [DefNew: 960K->64K(960K), 0.0016145 secs] 401668K->401229K(524224K), 0.0016958 secs] [Times: user=0.00 sys=0.00, real=0.00 secs] 
19.773: [GC (Allocation Failure) 19.773: [DefNew: 960K->64K(960K), 0.0016930 secs] 402126K->401648K(524224K), 0.0018257 secs] [Times: user=0.02 sys=0.00, real=0.00 secs] 
19.777: [GC (Allocation Failure) 19.777: [DefNew: 960K->63K(960K), 0.0016654 secs] 402544K->402079K(524224K), 0.0017672 secs] [Times: user=0.00 sys=0.00, real=0.00 secs] 
19.781: [GC (Allocation Failure) 19.781: [DefNew: 959K->63K(960K), 0.0016753 secs] 402977K->402538K(524224K), 0.0017617 secs] [Times: user=0.00 sys=0.00, real=0.00 secs] 
19.784: [GC (Allocation Failure) 19.784: [DefNew: 959K->63K(960K), 0.0015205 secs] 403435K->402961K(524224K), 0.0016003 secs] [Times: user=0.00 sys=0.00, real=0.00 secs] 
19.788: [GC (Allocation Failure) 19.788: [DefNew: 959K->64K(960K), 0.0017384 secs] 403858K->403446K(524224K), 0.0018426 secs] [Times: user=0.01 sys=0.00, real=0.00 secs] 
19.791: [GC (Allocation Failure) 19.792: [DefNew: 960K->63K(960K), 0.0015111 secs] 404343K->403864K(524224K), 0.0015908 secs] [Times: user=0.00 sys=0.00, real=0.00 secs] 
19.795: [GC (Allocation Failure) 19.795: [DefNew: 959K->63K(960K), 0.0018391 secs] 404761K->404455K(524224K), 0.0019295 secs] [Times: user=0.00 sys=0.00, real=0.00 secs] 
19.799: [GC (Allocation Failure) 19.799: [DefNew: 959K->63K(960K), 0.0017649 secs] 405352K->404906K(524224K), 0.0018347 secs] [Times: user=0.00 sys=0.00, real=0.00 secs] 
19.803: [GC (Allocation Failure) 19.803: [DefNew: 959K->64K(960K), 0.0019129 secs] 405803K->405356K(524224K), 0.0020570 secs] [Times: user=0.02 sys=0.00, real=0.00 secs] 
19.807: [GC (Allocation Failure) 19.807: [DefNew: 960K->64K(960K), 0.0017250 secs] 406253K->405809K(524224K), 0.0018387 secs] [Times: user=0.00 sys=0.00, real=0.00 secs] 
19.810: [GC (Allocation Failure) 19.810: [DefNew: 960K->64K(960K), 0.0016425 secs] 406705K->406247K(524224K), 0.0017246 secs] [Times: user=0.00 sys=0.00, real=0.00 secs] 
19.814: [GC (Allocation Failure) 19.814: [DefNew: 960K->64K(960K), 0.0017278 secs] 407143K->406726K(524224K), 0.0018122 secs] [Times: user=0.00 sys=0.00, real=0.00 secs] 
19.818: [GC (Allocation Failure) 19.818: [DefNew: 960K->63K(960K), 0.0016705 secs] 407623K->407159K(524224K), 0.0017479 secs] [Times: user=0.00 sys=0.00, real=0.00 secs] 
19.821: [GC (Allocation Failure) 19.821: [DefNew: 959K->63K(960K), 0.0016757 secs] 408056K->407620K(524224K), 0.0017980 secs] [Times: user=0.00 sys=0.00, real=0.00 secs] 
19.825: [GC (Allocation Failure) 19.825: [DefNew: 959K->64K(960K), 0.0017795 secs] 408516K->408062K(524224K), 0.0019011 secs] [Times: user=0.00 sys=0.00, real=0.00 secs] 
19.828: [GC (Allocation Failure) 19.828: [DefNew: 960K->63K(960K), 0.0016808 secs] 408959K->408544K(524224K), 0.0017755 secs] [Times: user=0.00 sys=0.00, real=0.00 secs] 
19.832: [GC (Allocation Failure) 19.832: [DefNew: 959K->63K(960K), 0.0017787 secs] 409440K->409035K(524224K), 0.0018580 secs] [Times: user=0.00 sys=0.00, real=0.00 secs] 
19.836: [GC (Allocation Failure) 19.836: [DefNew: 959K->63K(960K), 0.0017518 secs] 409931K->409468K(524224K), 0.0018612 secs] [Times: user=0.00 sys=0.00, real=0.00 secs] 
19.839: [GC (Allocation Failure) 19.839: [DefNew: 959K->64K(960K), 0.0016180 secs] 410364K->409906K(524224K), 0.0016962 secs] [Times: user=0.00 sys=0.00, real=0.00 secs] 
19.843: [GC (Allocation Failure) 19.843: [DefNew: 960K->64K(960K), 0.0017803 secs] 410803K->410407K(524224K), 0.0018655 secs] [Times: user=0.00 sys=0.00, real=0.00 secs] 
19.846: [GC (Allocation Failure) 19.846: [DefNew: 960K->64K(960K), 0.0017246 secs] 411304K->410850K(524224K), 0.0017984 secs] [Times: user=0.00 sys=0.00, real=0.00 secs] 
19.850: [GC (Allocation Failure) 19.850: [DefNew: 960K->64K(960K), 0.0016745 secs] 411746K->411333K(524224K), 0.0017487 secs] [Times: user=0.01 sys=0.00, real=0.00 secs] 
19.854: [GC (Allocation Failure) 19.854: [DefNew: 960K->63K(960K), 0.0017053 secs] 412230K->411760K(524224K), 0.0017889 secs] [Times: user=0.00 sys=0.00, real=0.00 secs] 
19.857: [GC (Allocation Failure) 19.857: [DefNew: 959K->64K(960K), 0.0015008 secs] 412656K->412179K(524224K), 0.0015647 secs] [Times: user=0.00 sys=0.00, real=0.00 secs] 
19.861: [GC (Allocation Failure) 19.861: [DefNew: 960K->64K(960K), 0.0016962 secs] 413076K->412703K(524224K), 0.0017901 secs] [Times: user=0.00 sys=0.00, real=0.00 secs] 
19.864: [GC (Allocation Failure) 19.864: [DefNew: 960K->64K(960K), 0.0016820 secs] 413599K->413150K(524224K), 0.0017530 secs] [Times: user=0.00 sys=0.00, real=0.00 secs] 
19.868: [GC (Allocation Failure) 19.868: [DefNew: 960K->63K(960K), 0.0017218 secs] 414047K->413616K(524224K), 0.0018008 secs] [Times: user=0.00 sys=0.00, real=0.00 secs] 
19.875: [GC (Allocation Failure) 19.875: [DefNew: 959K->64K(960K), 0.0017353 secs] 414512K->414076K(524224K), 0.0018339 secs] [Times: user=0.00 sys=0.00, real=0.00 secs] 
19.878: [GC (Allocation Failure) 19.878: [DefNew: 960K->63K(960K), 0.0016579 secs] 414973K->414501K(524224K), 0.0017199 secs] [Times: user=0.00 sys=0.00, real=0.00 secs] 
19.882: [GC (Allocation Failure) 19.882: [DefNew: 959K->63K(960K), 0.0015995 secs] 415398K->414966K(524224K), 0.0016725 secs] [Times: user=0.02 sys=0.00, real=0.00 secs] 
19.885: [GC (Allocation Failure) 19.885: [DefNew: 959K->64K(960K), 0.0015292 secs] 415862K->415386K(524224K), 0.0015943 secs] [Times: user=0.00 sys=0.00, real=0.00 secs] 
19.889: [GC (Allocation Failure) 19.889: [DefNew: 960K->63K(960K), 0.0016405 secs] 416283K->415851K(524224K), 0.0017143 secs] [Times: user=0.00 sys=0.00, real=0.00 secs] 
19.893: [GC (Allocation Failure) 19.893: [DefNew: 959K->64K(960K), 0.0020136 secs] 416747K->416321K(524224K), 0.0020961 secs] [Times: user=0.00 sys=0.00, real=0.00 secs] 
19.896: [GC (Allocation Failure) 19.896: [DefNew: 960K->63K(960K), 0.0016997 secs] 417218K->416760K(524224K), 0.0017747 secs] [Times: user=0.00 sys=0.00, real=0.00 secs] 
19.900: [GC (Allocation Failure) 19.900: [DefNew: 959K->63K(960K), 0.0019287 secs] 417657K->417221K(524224K), 0.0020179 secs] [Times: user=0.00 sys=0.00, real=0.00 secs] 
19.903: [GC (Allocation Failure) 19.903: [DefNew: 959K->64K(960K), 0.0018296 secs] 418118K->417661K(524224K), 0.0019275 secs] [Times: user=0.00 sys=0.00, real=0.00 secs] 
19.907: [GC (Allocation Failure) 19.907: [DefNew: 960K->63K(960K), 0.0016729 secs] 418558K->418123K(524224K), 0.0017491 secs] [Times: user=0.00 sys=0.00, real=0.00 secs] 
19.911: [GC (Allocation Failure) 19.911: [DefNew: 959K->63K(960K), 0.0016982 secs] 419019K->418592K(524224K), 0.0017629 secs] [Times: user=0.00 sys=0.00, real=0.00 secs] 
19.915: [GC (Allocation Failure) 19.915: [DefNew: 959K->64K(960K), 0.0016974 secs] 419488K->419003K(524224K), 0.0017724 secs] [Times: user=0.00 sys=0.00, real=0.00 secs] 
19.918: [GC (Allocation Failure) 19.918: [DefNew: 960K->63K(960K), 0.0018537 secs] 419900K->419476K(524224K), 0.0019362 secs] [Times: user=0.00 sys=0.00, real=0.00 secs] 
19.921: [GC (Allocation Failure) 19.921: [DefNew: 959K->64K(960K), 0.0017507 secs] 420372K->419931K(524224K), 0.0018221 secs] [Times: user=0.00 sys=0.00, real=0.00 secs] 
19.925: [GC (Allocation Failure) 19.925: [DefNew: 960K->64K(960K), 0.0018888 secs] 420827K->420401K(524224K), 0.0020361 secs] [Times: user=0.00 sys=0.00, real=0.00 secs] 
19.929: [GC (Allocation Failure) 19.929: [DefNew: 960K->64K(960K), 0.0017341 secs] 421297K->420906K(524224K), 0.0018126 secs] [Times: user=0.02 sys=0.00, real=0.00 secs] 
19.932: [GC (Allocation Failure) 19.932: [DefNew: 960K->63K(960K), 0.0017045 secs] 421803K->421359K(524224K), 0.0018300 secs] [Times: user=0.00 sys=0.00, real=0.00 secs] 
19.936: [GC (Allocation Failure) 19.936: [DefNew: 959K->63K(960K), 0.0018016 secs] 422255K->421833K(524224K), 0.0018880 secs] [Times: user=0.00 sys=0.00, real=0.00 secs] 
19.939: [GC (Allocation Failure) 19.939: [DefNew: 959K->63K(960K), 0.0016812 secs] 422729K->422277K(524224K), 0.0017503 secs] [Times: user=0.00 sys=0.00, real=0.00 secs] 
19.943: [GC (Allocation Failure) 19.943: [DefNew: 959K->64K(960K), 0.0016516 secs] 423173K->422725K(524224K), 0.0017207 secs] [Times: user=0.00 sys=0.00, real=0.00 secs] 
19.947: [GC (Allocation Failure) 19.947: [DefNew: 960K->64K(960K), 0.0016666 secs] 423621K->423209K(524224K), 0.0017266 secs] [Times: user=0.00 sys=0.00, real=0.00 secs] 
19.950: [GC (Allocation Failure) 19.950: [DefNew: 960K->63K(960K), 0.0016820 secs] 424106K->423656K(524224K), 0.0017507 secs] [Times: user=0.00 sys=0.00, real=0.00 secs] 
19.954: [GC (Allocation Failure) 19.954: [DefNew: 959K->64K(960K), 0.0017104 secs] 424552K->424103K(524224K), 0.0017953 secs] [Times: user=0.00 sys=0.00, real=0.00 secs] 
19.957: [GC (Allocation Failure) 19.957: [DefNew: 960K->64K(960K), 0.0015576 secs] 425000K->424544K(524224K), 0.0016212 secs] [Times: user=0.00 sys=0.00, real=0.00 secs] 
19.961: [GC (Allocation Failure) 19.961: [DefNew: 960K->63K(960K), 0.0019066 secs] 425441K->425123K(524224K), 0.0019938 secs] [Times: user=0.00 sys=0.00, real=0.00 secs] 
19.965: [GC (Allocation Failure) 19.965: [DefNew: 959K->64K(960K), 0.0017917 secs] 426019K->425563K(524224K), 0.0018667 secs] [Times: user=0.00 sys=0.00, real=0.00 secs] 
19.968: [GC (Allocation Failure) 19.968: [DefNew: 960K->63K(960K), 0.0017672 secs] 426459K->426008K(524224K), 0.0018442 secs] [Times: user=0.00 sys=0.00, real=0.00 secs] 
19.975: [GC (Allocation Failure) 19.975: [DefNew: 959K->64K(960K), 0.0017309 secs] 426905K->426469K(524224K), 0.0018257 secs] [Times: user=0.02 sys=0.00, real=0.00 secs] 
19.978: [GC (Allocation Failure) 19.978: [DefNew: 960K->63K(960K), 0.0016946 secs] 427366K->426917K(524224K), 0.0017633 secs] [Times: user=0.00 sys=0.00, real=0.00 secs] 
19.982: [GC (Allocation Failure) 19.982: [DefNew: 959K->64K(960K), 0.0016374 secs] 427813K->427367K(524224K), 0.0017100 secs] [Times: user=0.00 sys=0.00, real=0.00 secs] 
19.986: [GC (Allocation Failure) 19.986: [DefNew: 960K->64K(960K), 0.0016374 secs] 428263K->427809K(524224K), 0.0017132 secs] [Times: user=0.00 sys=0.00, real=0.00 secs] 
19.989: [GC (Allocation Failure) 19.989: [DefNew: 960K->64K(960K), 0.0015991 secs] 428705K->428234K(524224K), 0.0016725 secs] [Times: user=0.00 sys=0.00, real=0.00 secs] 
19.993: [GC (Allocation Failure) 19.993: [DefNew: 960K->64K(960K), 0.0018888 secs] 429131K->428661K(524224K), 0.0019800 secs] [Times: user=0.00 sys=0.00, real=0.00 secs] 
19.996: [GC (Allocation Failure) 19.996: [DefNew: 960K->64K(960K), 0.0015766 secs] 429557K->429102K(524224K), 0.0016429 secs] [Times: user=0.00 sys=0.00, real=0.00 secs] 
20.000: [GC (Allocation Failure) 20.000: [DefNew: 960K->63K(960K), 0.0017507 secs] 429998K->429576K(524224K), 0.0019026 secs] [Times: user=0.00 sys=0.00, real=0.00 secs] 
20.006: [GC (Allocation Failure) 20.006: [DefNew: 959K->63K(960K), 0.0018801 secs] 430472K->430026K(524224K), 0.0020041 secs] [Times: user=0.01 sys=0.00, real=0.00 secs] 
20.009: [GC (Allocation Failure) 20.009: [DefNew: 959K->64K(960K), 0.0017337 secs] 430923K->430479K(524224K), 0.0018257 secs] [Times: user=0.00 sys=0.00, real=0.00 secs] 
20.013: [GC (Allocation Failure) 20.013: [DefNew: 960K->63K(960K), 0.0017925 secs] 431375K->430958K(524224K), 0.0018726 secs] [Times: user=0.00 sys=0.00, real=0.00 secs] 
20.016: [GC (Allocation Failure) 20.016: [DefNew: 959K->63K(960K), 0.0017092 secs] 431855K->431432K(524224K), 0.0017834 secs] [Times: user=0.00 sys=0.00, real=0.00 secs] 
20.020: [GC (Allocation Failure) 20.020: [DefNew: 959K->63K(960K), 0.0017143 secs] 432328K->431884K(524224K), 0.0018158 secs] [Times: user=0.00 sys=0.00, real=0.00 secs] 
20.024: [GC (Allocation Failure) 20.024: [DefNew: 959K->64K(960K), 0.0017945 secs] 432780K->432365K(524224K), 0.0018762 secs] [Times: user=0.00 sys=0.00, real=0.00 secs] 
20.027: [GC (Allocation Failure) 20.028: [DefNew: 960K->63K(960K), 0.0019824 secs] 433261K->432869K(524224K), 0.0021012 secs] [Times: user=0.00 sys=0.00, real=0.00 secs] 
20.031: [GC (Allocation Failure) 20.031: [DefNew: 959K->64K(960K), 0.0018138 secs] 433766K->433349K(524224K), 0.0018841 secs] [Times: user=0.00 sys=0.00, real=0.00 secs] 
20.034: [GC (Allocation Failure) 20.034: [DefNew: 960K->63K(960K), 0.0017266 secs] 434246K->433790K(524224K), 0.0018036 secs] [Times: user=0.00 sys=0.00, real=0.00 secs] 
20.038: [GC (Allocation Failure) 20.038: [DefNew: 959K->64K(960K), 0.0017589 secs] 434686K->434250K(524224K), 0.0018292 secs] [Times: user=0.02 sys=0.00, real=0.00 secs] 
20.042: [GC (Allocation Failure) 20.042: [DefNew: 960K->63K(960K), 0.0016358 secs] 435146K->434699K(524224K), 0.0017017 secs] [Times: user=0.00 sys=0.00, real=0.00 secs] 
20.045: [GC (Allocation Failure) 20.045: [DefNew: 959K->64K(960K), 0.0016993 secs] 435595K->435154K(524224K), 0.0017637 secs] [Times: user=0.00 sys=0.00, real=0.00 secs] 
20.049: [GC (Allocation Failure) 20.049: [DefNew: 960K->64K(960K), 0.0016421 secs] 436050K->435627K(524224K), 0.0017061 secs] [Times: user=0.00 sys=0.00, real=0.00 secs] 
20.052: [GC (Allocation Failure) 20.052: [DefNew: 960K->64K(960K), 0.0015837 secs] 436524K->436050K(524224K), 0.0016457 secs] [Times: user=0.00 sys=0.00, real=0.00 secs] 
20.056: [GC (Allocation Failure) 20.056: [DefNew: 960K->64K(960K), 0.0017238 secs] 436947K->436486K(524224K), 0.0019334 secs] [Times: user=0.00 sys=0.00, real=0.00 secs] 
20.060: [GC (Allocation Failure) 20.060: [DefNew: 960K->63K(960K), 0.0021158 secs] 437383K->436959K(524224K), 0.0022224 secs] [Times: user=0.00 sys=0.00, real=0.00 secs] 
20.063: [GC (Allocation Failure) 20.063: [DefNew: 959K->64K(960K), 0.0017621 secs] 437856K->437418K(524224K), 0.0018347 secs] [Times: user=0.00 sys=0.00, real=0.00 secs] 
20.067: [GC (Allocation Failure) 20.067: [DefNew: 960K->64K(960K), 0.0017779 secs] 438315K->437896K(524224K), 0.0018533 secs] [Times: user=0.00 sys=0.00, real=0.00 secs] 
20.074: [GC (Allocation Failure) 20.074: [DefNew: 960K->63K(960K), 0.0017546 secs] 438792K->438353K(524224K), 0.0018675 secs] [Times: user=0.00 sys=0.00, real=0.00 secs] 
20.077: [GC (Allocation Failure) 20.077: [DefNew: 959K->64K(960K), 0.0017305 secs] 439249K->438850K(524224K), 0.0018079 secs] [Times: user=0.00 sys=0.00, real=0.00 secs] 
20.081: [GC (Allocation Failure) 20.081: [DefNew: 960K->63K(960K), 0.0017064 secs] 439747K->439322K(524224K), 0.0017688 secs] [Times: user=0.00 sys=0.00, real=0.00 secs] 
20.084: [GC (Allocation Failure) 20.084: [DefNew: 959K->63K(960K), 0.0016492 secs] 440219K->439769K(524224K), 0.0018205 secs] [Times: user=0.00 sys=0.01, real=0.00 secs] 
20.088: [GC (Allocation Failure) 20.088: [DefNew: 959K->64K(960K), 0.0018186 secs] 440666K->440271K(524224K), 0.0019283 secs] [Times: user=0.00 sys=0.00, real=0.00 secs] 
20.091: [GC (Allocation Failure) 20.091: [DefNew: 960K->64K(960K), 0.0018249 secs] 441168K->440708K(524224K), 0.0019200 secs] [Times: user=0.00 sys=0.00, real=0.00 secs] 
20.095: [GC (Allocation Failure) 20.095: [DefNew: 960K->64K(960K), 0.0019701 secs] 441605K->441274K(524224K), 0.0020728 secs] [Times: user=0.00 sys=0.00, real=0.00 secs] 
20.099: [GC (Allocation Failure) 20.099: [DefNew: 960K->64K(960K), 0.0018529 secs] 442170K->441736K(524224K), 0.0019224 secs] [Times: user=0.02 sys=0.00, real=0.00 secs] 
20.102: [GC (Allocation Failure) 20.102: [DefNew: 960K->64K(960K), 0.0018126 secs] 442634K->442187K(524224K), 0.0019030 secs] [Times: user=0.00 sys=0.00, real=0.00 secs] 
20.106: [GC (Allocation Failure) 20.106: [DefNew: 960K->63K(960K), 0.0017929 secs] 443085K->442661K(524224K), 0.0018758 secs] [Times: user=0.00 sys=0.00, real=0.00 secs] 
20.109: [GC (Allocation Failure) 20.109: [DefNew: 959K->63K(960K), 0.0016772 secs] 443558K->443116K(524224K), 0.0017459 secs] [Times: user=0.00 sys=0.00, real=0.00 secs] 
20.113: [GC (Allocation Failure) 20.113: [DefNew: 959K->63K(960K), 0.0017862 secs] 444013K->443598K(524224K), 0.0018521 secs] [Times: user=0.00 sys=0.00, real=0.00 secs] 
20.117: [GC (Allocation Failure) 20.117: [DefNew: 959K->63K(960K), 0.0016922 secs] 444496K->444053K(524224K), 0.0017522 secs] [Times: user=0.00 sys=0.00, real=0.00 secs] 
20.120: [GC (Allocation Failure) 20.120: [DefNew: 959K->63K(960K), 0.0018209 secs] 444950K->444491K(524224K), 0.0018932 secs] [Times: user=0.00 sys=0.00, real=0.00 secs] 
20.124: [GC (Allocation Failure) 20.124: [DefNew: 959K->63K(960K), 0.0016172 secs] 445387K->444940K(524224K), 0.0016867 secs] [Times: user=0.00 sys=0.00, real=0.00 secs] 
20.128: [GC (Allocation Failure) 20.128: [DefNew: 959K->64K(960K), 0.0018908 secs] 445837K->445464K(524224K), 0.0020147 secs] [Times: user=0.00 sys=0.00, real=0.00 secs] 
20.131: [GC (Allocation Failure) 20.131: [DefNew: 960K->64K(960K), 0.0017230 secs] 446361K->445948K(524224K), 0.0017968 secs] [Times: user=0.01 sys=0.00, real=0.00 secs] 
20.135: [GC (Allocation Failure) 20.135: [DefNew: 960K->63K(960K), 0.0016382 secs] 446845K->446406K(524224K), 0.0017151 secs] [Times: user=0.00 sys=0.00, real=0.00 secs] 
20.138: [GC (Allocation Failure) 20.138: [DefNew: 959K->64K(960K), 0.0016176 secs] 447302K->446845K(524224K), 0.0016772 secs] [Times: user=0.00 sys=0.00, real=0.00 secs] 
20.142: [GC (Allocation Failure) 20.142: [DefNew: 960K->63K(960K), 0.0017447 secs] 447742K->447323K(524224K), 0.0018186 secs] [Times: user=0.00 sys=0.00, real=0.00 secs] 
20.145: [GC (Allocation Failure) 20.145: [DefNew: 959K->64K(960K), 0.0016314 secs] 448220K->447764K(524224K), 0.0016926 secs] [Times: user=0.00 sys=0.00, real=0.00 secs] 
20.149: [GC (Allocation Failure) 20.149: [DefNew: 960K->64K(960K), 0.0017641 secs] 448660K->448209K(524224K), 0.0018655 secs] [Times: user=0.00 sys=0.00, real=0.00 secs] 
20.153: [GC (Allocation Failure) 20.153: [DefNew: 960K->63K(960K), 0.0017005 secs] 449106K->448659K(524224K), 0.0018193 secs] [Times: user=0.00 sys=0.00, real=0.00 secs] 
20.156: [GC (Allocation Failure) 20.156: [DefNew: 959K->63K(960K), 0.0015884 secs] 449556K->449136K(524224K), 0.0016670 secs] [Times: user=0.00 sys=0.00, real=0.00 secs] 
20.160: [GC (Allocation Failure) 20.160: [DefNew: 959K->64K(960K), 0.0020530 secs] 450033K->449618K(524224K), 0.0021667 secs] [Times: user=0.00 sys=0.00, real=0.00 secs] 
20.163: [GC (Allocation Failure) 20.164: [DefNew: 960K->63K(960K), 0.0017724 secs] 450515K->450081K(524224K), 0.0018525 secs] [Times: user=0.02 sys=0.00, real=0.00 secs] 
20.167: [GC (Allocation Failure) 20.167: [DefNew: 959K->64K(960K), 0.0018201 secs] 450978K->450550K(524224K), 0.0019117 secs] [Times: user=0.00 sys=0.00, real=0.00 secs] 
20.174: [GC (Allocation Failure) 20.174: [DefNew: 960K->63K(960K), 0.0018620 secs] 451447K->451002K(524224K), 0.0020767 secs] [Times: user=0.00 sys=0.00, real=0.00 secs] 
20.177: [GC (Allocation Failure) 20.177: [DefNew: 959K->63K(960K), 0.0016397 secs] 451899K->451426K(524224K), 0.0017203 secs] [Times: user=0.01 sys=0.00, real=0.00 secs] 
20.181: [GC (Allocation Failure) 20.181: [DefNew: 959K->63K(960K), 0.0018229 secs] 452323K->451877K(524224K), 0.0019066 secs] [Times: user=0.00 sys=0.00, real=0.00 secs] 
20.185: [GC (Allocation Failure) 20.185: [DefNew: 959K->63K(960K), 0.0015849 secs] 452774K->452306K(524224K), 0.0016654 secs] [Times: user=0.00 sys=0.00, real=0.00 secs] 
20.188: [GC (Allocation Failure) 20.188: [DefNew: 959K->63K(960K), 0.0017293 secs] 453202K->452778K(524224K), 0.0018130 secs] [Times: user=0.00 sys=0.00, real=0.00 secs] 
20.192: [GC (Allocation Failure) 20.192: [DefNew: 959K->63K(960K), 0.0023025 secs] 453675K->453237K(524224K), 0.0024154 secs] [Times: user=0.00 sys=0.00, real=0.00 secs] 
20.196: [GC (Allocation Failure) 20.196: [DefNew: 959K->63K(960K), 0.0017597 secs] 454134K->453683K(524224K), 0.0018549 secs] [Times: user=0.00 sys=0.00, real=0.00 secs] 
20.199: [GC (Allocation Failure) 20.199: [DefNew: 959K->64K(960K), 0.0018793 secs] 454580K->454116K(524224K), 0.0019938 secs] [Times: user=0.00 sys=0.00, real=0.00 secs] 
20.202: [GC (Allocation Failure) 20.202: [DefNew: 960K->64K(960K), 0.0021028 secs] 455013K->454559K(524224K), 0.0022018 secs] [Times: user=0.00 sys=0.00, real=0.00 secs] 
20.209: [GC (Allocation Failure) 20.209: [DefNew: 960K->63K(960K), 0.0019311 secs] 455456K->455080K(524224K), 0.0020530 secs] [Times: user=0.02 sys=0.00, real=0.00 secs] 
20.213: [GC (Allocation Failure) 20.213: [DefNew: 959K->64K(960K), 0.0021032 secs] 455976K->455556K(524224K), 0.0021904 secs] [Times: user=0.00 sys=0.00, real=0.00 secs] 
20.216: [GC (Allocation Failure) 20.216: [DefNew: 960K->64K(960K), 0.0016757 secs] 456452K->455996K(524224K), 0.0017495 secs] [Times: user=0.00 sys=0.00, real=0.00 secs] 
20.220: [GC (Allocation Failure) 20.220: [DefNew: 960K->64K(960K), 0.0019753 secs] 456892K->456453K(524224K), 0.0021166 secs] [Times: user=0.00 sys=0.00, real=0.00 secs] 
20.223: [GC (Allocation Failure) 20.223: [DefNew: 960K->63K(960K), 0.0017353 secs] 457350K->456891K(524224K), 0.0018308 secs] [Times: user=0.00 sys=0.00, real=0.00 secs] 
20.227: [GC (Allocation Failure) 20.228: [DefNew: 959K->63K(960K), 0.0018845 secs] 457788K->457353K(524224K), 0.0020392 secs] [Times: user=0.00 sys=0.00, real=0.00 secs] 
20.231: [GC (Allocation Failure) 20.231: [DefNew: 959K->63K(960K), 0.0017155 secs] 458249K->457826K(524224K), 0.0018186 secs] [Times: user=0.00 sys=0.00, real=0.00 secs] 
20.234: [GC (Allocation Failure) 20.234: [DefNew: 959K->64K(960K), 0.0017763 secs] 458724K->458251K(524224K), 0.0018667 secs] [Times: user=0.00 sys=0.00, real=0.00 secs] 
20.238: [GC (Allocation Failure) 20.238: [DefNew: 960K->64K(960K), 0.0019764 secs] 459147K->458785K(524224K), 0.0020732 secs] [Times: user=0.00 sys=0.00, real=0.00 secs] 
20.241: [GC (Allocation Failure) 20.241: [DefNew: 960K->63K(960K), 0.0018770 secs] 459682K->459243K(524224K), 0.0019591 secs] [Times: user=0.02 sys=0.00, real=0.00 secs] 
20.245: [GC (Allocation Failure) 20.245: [DefNew: 959K->64K(960K), 0.0020443 secs] 460140K->459742K(524224K), 0.0021225 secs] [Times: user=0.00 sys=0.00, real=0.00 secs] 
20.249: [GC (Allocation Failure) 20.249: [DefNew: 960K->63K(960K), 0.0018028 secs] 460638K->460198K(524224K), 0.0018734 secs] [Times: user=0.00 sys=0.00, real=0.00 secs] 
20.252: [GC (Allocation Failure) 20.252: [DefNew: 959K->64K(960K), 0.0018229 secs] 461094K->460658K(524224K), 0.0018928 secs] [Times: user=0.00 sys=0.00, real=0.00 secs] 
20.256: [GC (Allocation Failure) 20.256: [DefNew: 960K->63K(960K), 0.0018399 secs] 461555K->461149K(524224K), 0.0019224 secs] [Times: user=0.01 sys=0.00, real=0.00 secs] 
20.259: [GC (Allocation Failure) 20.259: [DefNew: 959K->63K(960K), 0.0025867 secs] 462046K->461605K(524224K), 0.0027063 secs] [Times: user=0.00 sys=0.00, real=0.00 secs] 
20.264: [GC (Allocation Failure) 20.264: [DefNew: 959K->64K(960K), 0.0018134 secs] 462502K->462073K(524224K), 0.0018936 secs] [Times: user=0.00 sys=0.00, real=0.00 secs] 
20.268: [GC (Allocation Failure) 20.268: [DefNew: 960K->63K(960K), 0.0017017 secs] 462970K->462529K(524224K), 0.0017968 secs] [Times: user=0.00 sys=0.00, real=0.00 secs] 
20.275: [GC (Allocation Failure) 20.276: [DefNew: 959K->64K(960K), 0.0018529 secs] 463426K->463005K(524224K), 0.0019567 secs] [Times: user=0.00 sys=0.00, real=0.00 secs] 
20.279: [GC (Allocation Failure) 20.279: [DefNew: 960K->63K(960K), 0.0018343 secs] 463902K->463471K(524224K), 0.0019121 secs] [Times: user=0.00 sys=0.00, real=0.00 secs] 
20.282: [GC (Allocation Failure) 20.283: [DefNew: 959K->64K(960K), 0.0017139 secs] 464367K->463913K(524224K), 0.0017783 secs] [Times: user=0.00 sys=0.00, real=0.00 secs] 
20.286: [GC (Allocation Failure) 20.287: [DefNew: 960K->64K(960K), 0.0018012 secs] 464809K->464399K(524224K), 0.0018817 secs] [Times: user=0.00 sys=0.00, real=0.00 secs] 
20.290: [GC (Allocation Failure) 20.290: [DefNew: 960K->63K(960K), 0.0016966 secs] 465295K->464853K(524224K), 0.0017807 secs] [Times: user=0.00 sys=0.00, real=0.00 secs] 
20.293: [GC (Allocation Failure) 20.293: [DefNew: 959K->64K(960K), 0.0024533 secs] 465750K->465328K(524224K), 0.0025603 secs] [Times: user=0.00 sys=0.00, real=0.00 secs] 
20.298: [GC (Allocation Failure) 20.298: [DefNew: 960K->63K(960K), 0.0018936 secs] 466225K->465821K(524224K), 0.0019875 secs] [Times: user=0.00 sys=0.00, real=0.00 secs] 
20.301: [GC (Allocation Failure) 20.301: [DefNew: 959K->63K(960K), 0.0021695 secs] 466718K->466272K(524224K), 0.0022626 secs] [Times: user=0.00 sys=0.00, real=0.00 secs] 
20.306: [GC (Allocation Failure) 20.306: [DefNew: 959K->64K(960K), 0.0019066 secs] 467169K->466715K(524224K), 0.0020451 secs] [Times: user=0.00 sys=0.00, real=0.00 secs] 
20.310: [GC (Allocation Failure) 20.310: [DefNew: 960K->64K(960K), 0.0021332 secs] 467611K->467183K(524224K), 0.0022536 secs] [Times: user=0.00 sys=0.00, real=0.00 secs] 
20.313: [GC (Allocation Failure) 20.313: [DefNew: 960K->63K(960K), 0.0018411 secs] 468080K->467644K(524224K), 0.0019295 secs] [Times: user=0.00 sys=0.00, real=0.00 secs] 
20.317: [GC (Allocation Failure) 20.317: [DefNew: 959K->64K(960K), 0.0019587 secs] 468540K->468125K(524224K), 0.0020503 secs] [Times: user=0.00 sys=0.00, real=0.00 secs] 
20.321: [GC (Allocation Failure) 20.321: [DefNew: 960K->63K(960K), 0.0020688 secs] 469021K->468645K(524224K), 0.0021928 secs] [Times: user=0.00 sys=0.00, real=0.00 secs] 
20.324: [GC (Allocation Failure) 20.324: [DefNew: 959K->64K(960K), 0.0021880 secs] 469541K->469146K(524224K), 0.0022804 secs] [Times: user=0.00 sys=0.00, real=0.00 secs] 
20.328: [GC (Allocation Failure) 20.328: [DefNew: 960K->63K(960K), 0.0022524 secs] 470042K->469756K(524224K), 0.0023601 secs] [Times: user=0.00 sys=0.00, real=0.00 secs] 
20.332: [GC (Allocation Failure) 20.332: [DefNew: 959K->64K(960K), 0.0020317 secs] 470652K->470243K(524224K), 0.0021233 secs] [Times: user=0.00 sys=0.00, real=0.00 secs] 
20.336: [GC (Allocation Failure) 20.336: [DefNew: 960K->63K(960K), 0.0020112 secs] 471139K->470695K(524224K), 0.0021272 secs] [Times: user=0.00 sys=0.00, real=0.00 secs] 
20.339: [GC (Allocation Failure) 20.339: [DefNew: 959K->64K(960K), 0.0017657 secs] 471591K->471135K(524224K), 0.0018450 secs] [Times: user=0.00 sys=0.00, real=0.00 secs] 
20.343: [GC (Allocation Failure) 20.343: [DefNew: 960K->63K(960K), 0.0020159 secs] 472031K->471623K(524224K), 0.0021233 secs] [Times: user=0.00 sys=0.00, real=0.00 secs] 
20.346: [GC (Allocation Failure) 20.346: [DefNew: 959K->64K(960K), 0.0018513 secs] 472519K->472084K(524224K), 0.0019255 secs] [Times: user=0.00 sys=0.00, real=0.00 secs] 
20.350: [GC (Allocation Failure) 20.350: [DefNew: 960K->64K(960K), 0.0019125 secs] 472980K->472571K(524224K), 0.0020053 secs] [Times: user=0.02 sys=0.00, real=0.00 secs] 
20.354: [GC (Allocation Failure) 20.354: [DefNew: 960K->63K(960K), 0.0018608 secs] 473467K->473057K(524224K), 0.0019595 secs] [Times: user=0.00 sys=0.00, real=0.00 secs] 
20.357: [GC (Allocation Failure) 20.357: [DefNew: 959K->64K(960K), 0.0018336 secs] 473953K->473492K(524224K), 0.0019216 secs] [Times: user=0.00 sys=0.00, real=0.00 secs] 
20.361: [GC (Allocation Failure) 20.361: [DefNew: 960K->63K(960K), 0.0020136 secs] 474388K->474075K(524224K), 0.0021217 secs] [Times: user=0.00 sys=0.00, real=0.00 secs] 
20.364: [GC (Allocation Failure) 20.364: [DefNew: 959K->64K(960K), 0.0019843 secs] 474972K->474543K(524224K), 0.0020668 secs] [Times: user=0.00 sys=0.00, real=0.00 secs] 
20.368: [GC (Allocation Failure) 20.368: [DefNew: 960K->64K(960K), 0.0019587 secs] 475439K->475022K(524224K), 0.0020542 secs] [Times: user=0.00 sys=0.00, real=0.00 secs] 
20.375: [GC (Allocation Failure) 20.375: [DefNew: 960K->64K(960K), 0.0018561 secs] 475918K->475488K(524224K), 0.0019745 secs] [Times: user=0.00 sys=0.00, real=0.00 secs] 
20.378: [GC (Allocation Failure) 20.378: [DefNew: 960K->64K(960K), 0.0016642 secs] 476385K->475922K(524224K), 0.0017499 secs] [Times: user=0.00 sys=0.00, real=0.00 secs] 
20.382: [GC (Allocation Failure) 20.382: [DefNew: 960K->64K(960K), 0.0016429 secs] 476819K->476368K(524224K), 0.0017214 secs] [Times: user=0.00 sys=0.00, real=0.00 secs] 
20.385: [GC (Allocation Failure) 20.385: [DefNew: 960K->63K(960K), 0.0017199 secs] 477264K->476825K(524224K), 0.0017949 secs] [Times: user=0.00 sys=0.00, real=0.00 secs] 
20.389: [GC (Allocation Failure) 20.389: [DefNew: 959K->64K(960K), 0.0019101 secs] 477722K->477311K(524224K), 0.0020080 secs] [Times: user=0.00 sys=0.00, real=0.00 secs] 
20.393: [GC (Allocation Failure) 20.393: [DefNew: 960K->64K(960K), 0.0023140 secs] 478208K->477778K(524224K), 0.0024312 secs] [Times: user=0.00 sys=0.00, real=0.00 secs] 
20.396: [GC (Allocation Failure) 20.396: [DefNew: 960K->63K(960K), 0.0017116 secs] 478675K->478221K(524224K), 0.0017984 secs] [Times: user=0.00 sys=0.02, real=0.00 secs] 
20.400: [GC (Allocation Failure) 20.400: [DefNew: 959K->63K(960K), 0.0016216 secs] 479117K->478712K(524224K), 0.0016911 secs] [Times: user=0.00 sys=0.00, real=0.00 secs] 
20.403: [GC (Allocation Failure) 20.403: [DefNew: 959K->64K(960K), 0.0018237 secs] 479608K->479178K(524224K), 0.0018983 secs] [Times: user=0.00 sys=0.00, real=0.00 secs] 
20.407: [GC (Allocation Failure) 20.407: [DefNew: 960K->64K(960K), 0.0018308 secs] 480075K->479652K(524224K), 0.0019046 secs] [Times: user=0.00 sys=0.00, real=0.00 secs] 
20.411: [GC (Allocation Failure) 20.411: [DefNew: 960K->64K(960K), 0.0018043 secs] 480549K->480141K(524224K), 0.0018703 secs] [Times: user=0.00 sys=0.02, real=0.00 secs] 
20.415: [GC (Allocation Failure) 20.415: [DefNew: 960K->64K(960K), 0.0018671 secs] 481037K->480589K(524224K), 0.0019650 secs] [Times: user=0.00 sys=0.00, real=0.00 secs] 
20.418: [GC (Allocation Failure) 20.418: [DefNew: 960K->64K(960K), 0.0018217 secs] 481486K->481066K(524224K), 0.0019046 secs] [Times: user=0.00 sys=0.00, real=0.00 secs] 
20.421: [GC (Allocation Failure) 20.421: [DefNew: 960K->63K(960K), 0.0019038 secs] 481962K->481512K(524224K), 0.0019942 secs] [Times: user=0.00 sys=0.00, real=0.00 secs] 
20.425: [GC (Allocation Failure) 20.425: [DefNew: 959K->64K(960K), 0.0022090 secs] 482408K->482010K(524224K), 0.0022978 secs] [Times: user=0.00 sys=0.00, real=0.00 secs] 
20.429: [GC (Allocation Failure) 20.429: [DefNew: 960K->64K(960K), 0.0019188 secs] 482907K->482482K(524224K), 0.0020001 secs] [Times: user=0.00 sys=0.00, real=0.00 secs] 
20.432: [GC (Allocation Failure) 20.432: [DefNew: 960K->63K(960K), 0.0019271 secs] 483378K->482930K(524224K), 0.0020199 secs] [Times: user=0.00 sys=0.00, real=0.00 secs] 
20.436: [GC (Allocation Failure) 20.436: [DefNew: 959K->64K(960K), 0.0019370 secs] 483827K->483402K(524224K), 0.0020503 secs] [Times: user=0.00 sys=0.00, real=0.00 secs] 
20.439: [GC (Allocation Failure) 20.439: [DefNew: 960K->64K(960K), 0.0018351 secs] 484299K->483854K(524224K), 0.0019066 secs] [Times: user=0.00 sys=0.00, real=0.00 secs] 
20.443: [GC (Allocation Failure) 20.443: [DefNew: 960K->64K(960K), 0.0018158 secs] 484751K->484326K(524224K), 0.0018817 secs] [Times: user=0.01 sys=0.00, real=0.00 secs] 
20.447: [GC (Allocation Failure) 20.447: [DefNew: 960K->64K(960K), 0.0019634 secs] 485222K->484809K(524224K), 0.0020878 secs] [Times: user=0.00 sys=0.00, real=0.00 secs] 
20.450: [GC (Allocation Failure) 20.450: [DefNew: 960K->64K(960K), 0.0018280 secs] 485706K->485258K(524224K), 0.0019054 secs] [Times: user=0.00 sys=0.00, real=0.00 secs] 
20.454: [GC (Allocation Failure) 20.454: [DefNew: 960K->63K(960K), 0.0018154 secs] 486155K->485721K(524224K), 0.0018928 secs] [Times: user=0.00 sys=0.00, real=0.00 secs] 
20.457: [GC (Allocation Failure) 20.457: [DefNew: 959K->64K(960K), 0.0016149 secs] 486617K->486179K(524224K), 0.0016899 secs] [Times: user=0.00 sys=0.00, real=0.00 secs] 
20.461: [GC (Allocation Failure) 20.462: [DefNew: 960K->64K(960K), 0.0021237 secs] 487075K->486831K(524224K), 0.0022247 secs] [Times: user=0.00 sys=0.00, real=0.00 secs] 
20.465: [GC (Allocation Failure) 20.465: [DefNew: 960K->64K(960K), 0.0019504 secs] 487728K->487299K(524224K), 0.0020167 secs] [Times: user=0.00 sys=0.00, real=0.00 secs] 
20.468: [GC (Allocation Failure) 20.468: [DefNew: 960K->64K(960K), 0.0018182 secs] 488195K->487737K(524224K), 0.0019034 secs] [Times: user=0.00 sys=0.00, real=0.00 secs] 
20.475: [GC (Allocation Failure) 20.475: [DefNew: 960K->64K(960K), 0.0020384 secs] 488633K->488228K(524224K), 0.0021647 secs] [Times: user=0.02 sys=0.00, real=0.00 secs] 
20.479: [GC (Allocation Failure) 20.479: [DefNew: 960K->63K(960K), 0.0017755 secs] 489124K->488669K(524224K), 0.0018726 secs] [Times: user=0.00 sys=0.00, real=0.00 secs] 
20.483: [GC (Allocation Failure) 20.483: [DefNew: 959K->63K(960K), 0.0017992 secs] 489565K->489167K(524224K), 0.0018892 secs] [Times: user=0.00 sys=0.00, real=0.00 secs] 
20.487: [GC (Allocation Failure) 20.487: [DefNew: 959K->63K(960K), 0.0018493 secs] 490064K->489643K(524224K), 0.0019547 secs] [Times: user=0.00 sys=0.00, real=0.00 secs] 
20.490: [GC (Allocation Failure) 20.490: [DefNew: 959K->63K(960K), 0.0017629 secs] 490540K->490100K(524224K), 0.0018482 secs] [Times: user=0.02 sys=0.00, real=0.00 secs] 
20.495: [GC (Allocation Failure) 20.495: [DefNew: 959K->64K(960K), 0.0020621 secs] 490997K->490621K(524224K), 0.0021801 secs] [Times: user=0.00 sys=0.00, real=0.00 secs] 
20.497: [GC (Allocation Failure) 20.497: [DefNew: 960K->64K(960K), 0.0018284 secs] 491517K->491087K(524224K), 0.0019172 secs] [Times: user=0.00 sys=0.00, real=0.00 secs] 
20.501: [GC (Allocation Failure) 20.501: [DefNew: 960K->64K(960K), 0.0019208 secs] 491984K->491579K(524224K), 0.0020143 secs] [Times: user=0.00 sys=0.00, real=0.00 secs] 
20.504: [GC (Allocation Failure) 20.504: [DefNew: 960K->64K(960K), 0.0019532 secs] 492475K->492050K(524224K), 0.0020530 secs] [Times: user=0.00 sys=0.00, real=0.00 secs] 
20.508: [GC (Allocation Failure) 20.508: [DefNew: 960K->64K(960K), 0.0018075 secs] 492947K->492500K(524224K), 0.0019488 secs] [Times: user=0.00 sys=0.00, real=0.00 secs] 
20.512: [GC (Allocation Failure) 20.512: [DefNew: 960K->63K(960K), 0.0019117 secs] 493396K->492998K(524224K), 0.0020045 secs] [Times: user=0.00 sys=0.00, real=0.00 secs] 
20.515: [GC (Allocation Failure) 20.515: [DefNew: 959K->64K(960K), 0.0018343 secs] 493895K->493441K(524224K), 0.0019192 secs] [Times: user=0.00 sys=0.00, real=0.00 secs] 
20.519: [GC (Allocation Failure) 20.519: [DefNew: 960K->63K(960K), 0.0018979 secs] 494337K->493894K(524224K), 0.0019974 secs] [Times: user=0.00 sys=0.00, real=0.00 secs] 
20.522: [GC (Allocation Failure) 20.522: [DefNew: 959K->64K(960K), 0.0018134 secs] 494791K->494326K(524224K), 0.0019133 secs] [Times: user=0.01 sys=0.00, real=0.00 secs] 
20.526: [GC (Allocation Failure) 20.527: [DefNew: 960K->63K(960K), 0.0020436 secs] 495222K->494809K(524224K), 0.0021659 secs] [Times: user=0.00 sys=0.00, real=0.00 secs] 
20.530: [GC (Allocation Failure) 20.530: [DefNew: 959K->64K(960K), 0.0017550 secs] 495705K->495269K(524224K), 0.0018399 secs] [Times: user=0.00 sys=0.00, real=0.00 secs] 
20.533: [GC (Allocation Failure) 20.533: [DefNew: 960K->63K(960K), 0.0020282 secs] 496166K->495728K(524224K), 0.0021276 secs] [Times: user=0.00 sys=0.00, real=0.00 secs] 
20.537: [GC (Allocation Failure) 20.537: [DefNew: 959K->64K(960K), 0.0018825 secs] 496624K->496246K(524224K), 0.0019836 secs] [Times: user=0.02 sys=0.00, real=0.00 secs] 
20.540: [GC (Allocation Failure) 20.540: [DefNew: 960K->64K(960K), 0.0019184 secs] 497142K->496680K(524224K), 0.0020116 secs] [Times: user=0.00 sys=0.00, real=0.00 secs] 
20.544: [GC (Allocation Failure) 20.544: [DefNew: 960K->63K(960K), 0.0018545 secs] 497576K->497166K(524224K), 0.0019662 secs] [Times: user=0.00 sys=0.00, real=0.00 secs] 
20.548: [GC (Allocation Failure) 20.548: [DefNew: 959K->63K(960K), 0.0018351 secs] 498062K->497624K(524224K), 0.0019255 secs] [Times: user=0.00 sys=0.00, real=0.00 secs] 
20.551: [GC (Allocation Failure) 20.551: [DefNew: 959K->64K(960K), 0.0020215 secs] 498520K->498083K(524224K), 0.0021142 secs] [Times: user=0.00 sys=0.00, real=0.00 secs] 
20.555: [GC (Allocation Failure) 20.555: [DefNew: 960K->63K(960K), 0.0019330 secs] 498979K->498573K(524224K), 0.0020424 secs] [Times: user=0.00 sys=0.00, real=0.00 secs] 
20.559: [GC (Allocation Failure) 20.559: [DefNew: 959K->64K(960K), 0.0022007 secs] 499469K->499027K(524224K), 0.0023597 secs] [Times: user=0.00 sys=0.00, real=0.00 secs] 
20.563: [GC (Allocation Failure) 20.563: [DefNew: 960K->63K(960K), 0.0018272 secs] 499923K->499489K(524224K), 0.0019184 secs] [Times: user=0.00 sys=0.00, real=0.00 secs] 
20.567: [GC (Allocation Failure) 20.567: [DefNew: 959K->64K(960K), 0.0019982 secs] 500386K->499999K(524224K), 0.0020886 secs] [Times: user=0.01 sys=0.00, real=0.00 secs] 
20.575: [GC (Allocation Failure) 20.575: [DefNew: 960K->64K(960K), 0.0019413 secs] 500895K->500462K(524224K), 0.0020692 secs] [Times: user=0.00 sys=0.00, real=0.00 secs] 
20.579: [GC (Allocation Failure) 20.579: [DefNew: 960K->64K(960K), 0.0018450 secs] 501359K->500949K(524224K), 0.0019236 secs] [Times: user=0.00 sys=0.00, real=0.00 secs] 
20.583: [GC (Allocation Failure) 20.583: [DefNew: 960K->63K(960K), 0.0019145 secs] 501845K->501415K(524224K), 0.0020147 secs] [Times: user=0.00 sys=0.00, real=0.00 secs] 
20.587: [GC (Allocation Failure) 20.587: [DefNew: 959K->64K(960K), 0.0019918 secs] 502312K->501952K(524224K), 0.0021118 secs] [Times: user=0.00 sys=0.00, real=0.00 secs] 
20.591: [GC (Allocation Failure) 20.591: [DefNew: 960K->64K(960K), 0.0021707 secs] 502849K->502433K(524224K), 0.0022958 secs] [Times: user=0.00 sys=0.00, real=0.00 secs] 
20.595: [GC (Allocation Failure) 20.595: [DefNew: 960K->63K(960K), 0.0020507 secs] 503329K->503006K(524224K), 0.0021482 secs] [Times: user=0.00 sys=0.00, real=0.00 secs] 
20.599: [GC (Allocation Failure) 20.599: [DefNew: 959K->63K(960K), 0.0020799 secs] 503903K->503486K(524224K), 0.0021766 secs] [Times: user=0.02 sys=0.00, real=0.00 secs] 
20.602: [GC (Allocation Failure) 20.602: [DefNew: 959K->63K(960K), 0.0018711 secs] 504383K->503949K(524224K), 0.0019516 secs] [Times: user=0.00 sys=0.00, real=0.00 secs] 
20.607: [GC (Allocation Failure) 20.607: [DefNew: 959K->63K(960K), 0.0019970 secs] 504846K->504402K(524224K), 0.0021095 secs] [Times: user=0.00 sys=0.00, real=0.00 secs] 
20.611: [GC (Allocation Failure) 20.611: [DefNew: 959K->64K(960K), 0.0019437 secs] 505298K->504863K(524224K), 0.0020641 secs] [Times: user=0.00 sys=0.00, real=0.00 secs] 
20.614: [GC (Allocation Failure) 20.614: [DefNew: 960K->64K(960K), 0.0019291 secs] 505760K->505297K(524224K), 0.0020578 secs] [Times: user=0.02 sys=0.00, real=0.00 secs] 
20.618: [GC (Allocation Failure) 20.618: [DefNew: 960K->64K(960K), 0.0020822 secs] 506193K->505777K(524224K), 0.0021829 secs] [Times: user=0.00 sys=0.00, real=0.00 secs] 
20.621: [GC (Allocation Failure) 20.621: [DefNew: 960K->63K(960K), 0.0021107 secs] 506674K->506262K(524224K), 0.0022125 secs] [Times: user=0.00 sys=0.00, real=0.00 secs] 
20.625: [GC (Allocation Failure) 20.625: [DefNew: 959K->64K(960K), 0.0022330 secs] 507160K->506724K(524224K), 0.0023380 secs] [Times: user=0.00 sys=0.00, real=0.00 secs] 
20.629: [GC (Allocation Failure) 20.629: [DefNew: 960K->64K(960K), 0.0019097 secs] 507621K->507201K(524224K), 0.0019946 secs] [Times: user=0.00 sys=0.00, real=0.00 secs] 
20.632: [GC (Allocation Failure) 20.632: [DefNew: 960K->63K(960K), 0.0017601 secs] 508098K->507623K(524224K), 0.0018643 secs] [Times: user=0.00 sys=0.00, real=0.00 secs] 
20.636: [GC (Allocation Failure) 20.636: [DefNew: 959K->63K(960K), 0.0017349 secs] 508520K->508091K(524224K), 0.0018983 secs] [Times: user=0.00 sys=0.00, real=0.00 secs] 
20.639: [GC (Allocation Failure) 20.639: [DefNew: 959K->64K(960K), 0.0018687 secs] 508987K->508574K(524224K), 0.0019393 secs] [Times: user=0.00 sys=0.00, real=0.00 secs] 
20.643: [GC (Allocation Failure) 20.643: [DefNew: 960K->64K(960K), 0.0019417 secs] 509471K->509057K(524224K), 0.0020136 secs] [Times: user=0.00 sys=0.00, real=0.00 secs] 
20.647: [GC (Allocation Failure) 20.647: [DefNew: 960K->64K(960K), 0.0018782 secs] 509954K->509537K(524224K), 0.0019464 secs] [Times: user=0.00 sys=0.00, real=0.00 secs] 
20.650: [GC (Allocation Failure) 20.651: [DefNew: 960K->63K(960K), 0.0017759 secs] 510434K->509984K(524224K), 0.0018387 secs] [Times: user=0.00 sys=0.00, real=0.00 secs] 
20.654: [GC (Allocation Failure) 20.655: [DefNew: 959K->64K(960K), 0.0019705 secs] 510881K->510443K(524224K), 0.0020882 secs] [Times: user=0.00 sys=0.00, real=0.00 secs] 
20.657: [GC (Allocation Failure) 20.657: [DefNew: 960K->64K(960K), 0.0017530 secs] 511340K->510896K(524224K), 0.0018426 secs] [Times: user=0.00 sys=0.00, real=0.00 secs] 
20.661: [GC (Allocation Failure) 20.661: [DefNew: 960K->63K(960K), 0.0021170 secs] 511793K->511506K(524224K), 0.0022196 secs] [Times: user=0.01 sys=0.00, real=0.00 secs] 
20.665: [GC (Allocation Failure) 20.665: [DefNew: 959K->64K(960K), 0.0019188 secs] 512402K->511958K(524224K), 0.0019989 secs] [Times: user=0.00 sys=0.00, real=0.00 secs] 
20.668: [GC (Allocation Failure) 20.668: [DefNew: 960K->64K(960K), 0.0021142 secs] 512855K->512430K(524224K), 0.0022090 secs] [Times: user=0.00 sys=0.00, real=0.00 secs] 
20.676: [GC (Allocation Failure) 20.676: [DefNew: 960K->64K(960K), 0.0020329 secs] 513327K->512946K(524224K), 0.0021490 secs] [Times: user=0.00 sys=0.00, real=0.00 secs] 
20.679: [GC (Allocation Failure) 20.679: [DefNew: 960K->64K(960K), 0.0023420 secs] 513843K->513450K(524224K), 0.0024521 secs] [Times: user=0.00 sys=0.00, real=0.00 secs] 
20.683: [GC (Allocation Failure) 20.683: [DefNew: 960K->64K(960K), 0.0020207 secs] 514347K->513944K(524224K), 0.0021087 secs] [Times: user=0.00 sys=0.00, real=0.00 secs] 
20.687: [GC (Allocation Failure) 20.687: [DefNew: 960K->63K(960K), 0.0018268 secs] 514841K->514424K(524224K), 0.0019346 secs] [Times: user=0.00 sys=0.00, real=0.00 secs] 
20.690: [GC (Allocation Failure) 20.690: [DefNew: 959K->63K(960K), 0.0018138 secs] 515320K->514917K(524224K), 0.0018849 secs] [Times: user=0.00 sys=0.00, real=0.00 secs] 
20.695: [GC (Allocation Failure) 20.695: [DefNew: 959K->64K(960K), 0.0021387 secs] 515814K->515481K(524224K), 0.0023017 secs] [Times: user=0.00 sys=0.00, real=0.00 secs] 
20.698: [GC (Allocation Failure) 20.698: [DefNew: 960K->64K(960K), 0.0019228 secs] 516378K->515942K(524224K), 0.0020033 secs] [Times: user=0.00 sys=0.00, real=0.00 secs] 
20.702: [GC (Allocation Failure) 20.702: [DefNew: 960K->63K(960K), 0.0022161 secs] 516839K->516458K(524224K), 0.0023467 secs] [Times: user=0.00 sys=0.00, real=0.00 secs] 
20.705: [GC (Allocation Failure) 20.705: [DefNew: 959K->63K(960K), 0.0018699 secs] 517355K->516889K(524224K), 0.0019547 secs] [Times: user=0.00 sys=0.00, real=0.00 secs] 
20.709: [GC (Allocation Failure) 20.709: [DefNew: 959K->63K(960K), 0.0019421 secs] 517786K->517337K(524224K), 0.0020672 secs] [Times: user=0.02 sys=0.00, real=0.00 secs] 
20.713: [GC (Allocation Failure) 20.713: [DefNew: 959K->64K(960K), 0.0018999 secs] 518233K->517834K(524224K), 0.0019930 secs] [Times: user=0.00 sys=0.00, real=0.00 secs] 
20.716: [GC (Allocation Failure) 20.716: [DefNew: 960K->63K(960K), 0.0019263 secs] 518730K->518300K(524224K), 0.0020104 secs] [Times: user=0.00 sys=0.00, real=0.00 secs] 
20.720: [GC (Allocation Failure) 20.720: [DefNew: 959K->64K(960K), 0.0019662 secs] 519196K->518785K(524224K), 0.0020815 secs] [Times: user=0.00 sys=0.00, real=0.00 secs] 
20.723: [GC (Allocation Failure) 20.723: [DefNew: 960K->63K(960K), 0.0019200 secs] 519681K->519250K(524224K), 0.0020088 secs] [Times: user=0.01 sys=0.00, real=0.00 secs] 
20.727: [GC (Allocation Failure) 20.728: [DefNew: 959K->64K(960K), 0.0020440 secs] 520147K->519848K(524224K), 0.0022046 secs] [Times: user=0.00 sys=0.00, real=0.00 secs] 
20.733: [GC (Allocation Failure) 20.733: [DefNew: 960K->64K(960K), 0.0026037 secs] 520745K->520141K(524224K), 0.0027249 secs] [Times: user=0.00 sys=0.00, real=0.00 secs] 
20.737: [GC (Allocation Failure) 20.737: [DefNew: 960K->64K(960K), 0.0013618 secs] 521037K->520602K(524224K), 0.0014716 secs] [Times: user=0.00 sys=0.00, real=0.00 secs] 
20.740: [GC (Allocation Failure) 20.740: [DefNew: 960K->64K(960K), 0.0013591 secs] 521498K->521026K(524224K), 0.0014412 secs] [Times: user=0.02 sys=0.00, real=0.00 secs] 
20.742: [GC (Allocation Failure) 20.742: [DefNew: 960K->64K(960K), 0.0011384 secs] 521922K->521391K(524224K), 0.0012300 secs] [Times: user=0.00 sys=0.00, real=0.00 secs] 
20.745: [GC (Allocation Failure) 20.745: [DefNew: 960K->63K(960K), 0.0012174 secs] 522287K->521804K(524224K), 0.0012963 secs] [Times: user=0.00 sys=0.00, real=0.00 secs] 
20.748: [GC (Allocation Failure) 20.748: [DefNew: 959K->64K(960K), 0.0011479 secs] 522702K->522228K(524224K), 0.0012111 secs] [Times: user=0.00 sys=0.00, real=0.00 secs] 
20.750: [GC (Allocation Failure) 20.750: [DefNew: 960K->64K(960K), 0.0011554 secs] 523126K->522594K(524224K), 0.0012174 secs] [Times: user=0.00 sys=0.00, real=0.00 secs] 
20.753: [GC (Allocation Failure) 20.753: [DefNew: 960K->64K(960K), 0.0011870 secs] 523491K->523011K(524224K), 0.0012568 secs] [Times: user=0.00 sys=0.00, real=0.00 secs] 
20.755: [GC (Allocation Failure) 20.755: [DefNew: 960K->960K(960K), 0.0000272 secs]20.755: [Tenured: 522950K->12240K(523264K), 0.0820012 secs] 523910K->12240K(524224K), [Metaspace: 1790K->1790K(4480K)], 0.0822013 secs] [Times: user=0.09 sys=0.00, real=0.08 secs] 
20.839: [GC (Allocation Failure) 20.839: [DefNew: 896K->63K(960K), 0.0006793 secs] 13137K->12663K(524224K), 0.0007729 secs] [Times: user=0.00 sys=0.00, real=0.00 secs] 
20.842: [GC (Allocation Failure) 20.842: [DefNew: 959K->63K(960K), 0.0009616 secs] 13560K->13111K(524224K), 0.0010330 secs] [Times: user=0.00 sys=0.00, real=0.00 secs] 
20.844: [GC (Allocation Failure) 20.844: [DefNew: 959K->64K(960K), 0.0009679 secs] 14008K->13508K(524224K), 0.0010366 secs] [Times: user=0.00 sys=0.00, real=0.00 secs] 
20.847: [GC (Allocation Failure) 20.847: [DefNew: 960K->64K(960K), 0.0008743 secs] 14405K->13897K(524224K), 0.0009489 secs] [Times: user=0.00 sys=0.00, real=0.00 secs] 
20.849: [GC (Allocation Failure) 20.849: [DefNew: 960K->63K(960K), 0.0010824 secs] 14795K->14287K(524224K), 0.0011704 secs] [Times: user=0.01 sys=0.00, real=0.00 secs] 
20.852: [GC (Allocation Failure) 20.852: [DefNew: 959K->64K(960K), 0.0009801 secs] 15184K->14714K(524224K), 0.0010622 secs] [Times: user=0.00 sys=0.00, real=0.00 secs] 
20.855: [GC (Allocation Failure) 20.855: [DefNew: 960K->63K(960K), 0.0009612 secs] 15612K->15103K(524224K), 0.0010599 secs] [Times: user=0.00 sys=0.00, real=0.00 secs] 
20.857: [GC (Allocation Failure) 20.857: [DefNew: 959K->63K(960K), 0.0008203 secs] 16001K->15485K(524224K), 0.0008846 secs] [Times: user=0.00 sys=0.00, real=0.00 secs] 
20.860: [GC (Allocation Failure) 20.860: [DefNew: 959K->64K(960K), 0.0011424 secs] 16382K->15907K(524224K), 0.0012588 secs] [Times: user=0.00 sys=0.00, real=0.00 secs] 
20.863: [GC (Allocation Failure) 20.863: [DefNew: 960K->63K(960K), 0.0008929 secs] 16803K->16277K(524224K), 0.0009730 secs] [Times: user=0.00 sys=0.00, real=0.00 secs] 
20.865: [GC (Allocation Failure) 20.865: [DefNew: 959K->64K(960K), 0.0007243 secs] 17173K->16671K(524224K), 0.0008333 secs] [Times: user=0.00 sys=0.02, real=0.00 secs] 
20.868: [GC (Allocation Failure) 20.868: [DefNew: 960K->64K(960K), 0.0008222 secs] 17568K->17088K(524224K), 0.0009103 secs] [Times: user=0.00 sys=0.00, real=0.00 secs] 
20.873: [GC (Allocation Failure) 20.873: [DefNew: 960K->63K(960K), 0.0008755 secs] 17984K->17445K(524224K), 0.0010512 secs] [Times: user=0.00 sys=0.00, real=0.00 secs] 
20.876: [GC (Allocation Failure) 20.876: [DefNew: 959K->64K(960K), 0.0008984 secs] 18344K->17862K(524224K), 0.0009722 secs] [Times: user=0.00 sys=0.00, real=0.00 secs] 
20.879: [GC (Allocation Failure) 20.879: [DefNew: 960K->64K(960K), 0.0009099 secs] 18759K->18243K(524224K), 0.0009868 secs] [Times: user=0.00 sys=0.00, real=0.00 secs] 
20.881: [GC (Allocation Failure) 20.881: [DefNew: 960K->64K(960K), 0.0008779 secs] 19141K->18592K(524224K), 0.0009486 secs] [Times: user=0.00 sys=0.00, real=0.00 secs] 
20.884: [GC (Allocation Failure) 20.884: [DefNew: 960K->63K(960K), 0.0010070 secs] 19488K->19035K(524224K), 0.0010863 secs] [Times: user=0.00 sys=0.00, real=0.00 secs] 
20.886: [GC (Allocation Failure) 20.886: [DefNew: 959K->63K(960K), 0.0009675 secs] 19933K->19400K(524224K), 0.0010433 secs] [Times: user=0.00 sys=0.00, real=0.00 secs] 
20.889: [GC (Allocation Failure) 20.889: [DefNew: 959K->63K(960K), 0.0009111 secs] 20296K->19819K(524224K), 0.0009912 secs] [Times: user=0.00 sys=0.00, real=0.00 secs] 
20.892: [GC (Allocation Failure) 20.892: [DefNew: 959K->64K(960K), 0.0008858 secs] 20716K->20238K(524224K), 0.0009636 secs] [Times: user=0.00 sys=0.00, real=0.00 secs] 
20.895: [GC (Allocation Failure) 20.895: [DefNew: 960K->63K(960K), 0.0009142 secs] 21134K->20690K(524224K), 0.0010117 secs] [Times: user=0.00 sys=0.00, real=0.00 secs] 
20.898: [GC (Allocation Failure) 20.898: [DefNew: 959K->63K(960K), 0.0009951 secs] 21586K->21111K(524224K), 0.0010776 secs] [Times: user=0.00 sys=0.00, real=0.00 secs] 
20.899: [GC (Allocation Failure) 20.899: [DefNew: 959K->64K(960K), 0.0009414 secs] 22008K->21516K(524224K), 0.0010082 secs] [Times: user=0.00 sys=0.00, real=0.00 secs] 
20.902: [GC (Allocation Failure) 20.902: [DefNew: 960K->63K(960K), 0.0010583 secs] 22412K->21881K(524224K), 0.0011511 secs] [Times: user=0.00 sys=0.00, real=0.00 secs] 
20.905: [GC (Allocation Failure) 20.905: [DefNew: 959K->64K(960K), 0.0010145 secs] 22777K->22315K(524224K), 0.0010942 secs] [Times: user=0.00 sys=0.00, real=0.00 secs] 
20.907: [GC (Allocation Failure) 20.907: [DefNew: 960K->64K(960K), 0.0009632 secs] 23211K->22701K(524224K), 0.0010322 secs] [Times: user=0.00 sys=0.00, real=0.00 secs] 
20.910: [GC (Allocation Failure) 20.911: [DefNew: 960K->63K(960K), 0.0010405 secs] 23598K->23099K(524224K), 0.0011400 secs] [Times: user=0.00 sys=0.00, real=0.00 secs] 
20.912: [GC (Allocation Failure) 20.912: [DefNew: 959K->64K(960K), 0.0014668 secs] 23997K->23465K(524224K), 0.0015797 secs] [Times: user=0.02 sys=0.00, real=0.00 secs] 
20.916: [GC (Allocation Failure) 20.916: [DefNew: 960K->63K(960K), 0.0010468 secs] 24362K->23913K(524224K), 0.0011266 secs] [Times: user=0.00 sys=0.00, real=0.00 secs] 
20.919: [GC (Allocation Failure) 20.919: [DefNew: 959K->63K(960K), 0.0011128 secs] 24811K->24329K(524224K), 0.0012016 secs] [Times: user=0.00 sys=0.00, real=0.00 secs] 
20.921: [GC (Allocation Failure) 20.921: [DefNew: 959K->63K(960K), 0.0009193 secs] 25227K->24699K(524224K), 0.0009876 secs] [Times: user=0.00 sys=0.00, real=0.00 secs] 
20.924: [GC (Allocation Failure) 20.924: [DefNew: 959K->64K(960K), 0.0009703 secs] 25596K->25137K(524224K), 0.0010287 secs] [Times: user=0.00 sys=0.00, real=0.00 secs] 
20.927: [GC (Allocation Failure) 20.927: [DefNew: 960K->64K(960K), 0.0012438 secs] 26035K->25503K(524224K), 0.0013338 secs] [Times: user=0.00 sys=0.00, real=0.00 secs] 
20.930: [GC (Allocation Failure) 20.930: [DefNew: 960K->64K(960K), 0.0008578 secs] 26400K->25932K(524224K), 0.0009272 secs] [Times: user=0.00 sys=0.00, real=0.00 secs] 
20.933: [GC (Allocation Failure) 20.933: [DefNew: 960K->63K(960K), 0.0008688 secs] 26829K->26385K(524224K), 0.0009489 secs] [Times: user=0.00 sys=0.00, real=0.00 secs] 
20.935: [GC (Allocation Failure) 20.935: [DefNew: 959K->63K(960K), 0.0008522 secs] 27282K->26770K(524224K), 0.0009197 secs] [Times: user=0.00 sys=0.00, real=0.00 secs] 
20.938: [GC (Allocation Failure) 20.938: [DefNew: 959K->63K(960K), 0.0010101 secs] 27667K->27265K(524224K), 0.0010883 secs] [Times: user=0.00 sys=0.00, real=0.00 secs] 
20.941: [GC (Allocation Failure) 20.941: [DefNew: 959K->63K(960K), 0.0010587 secs] 28161K->27679K(524224K), 0.0011357 secs] [Times: user=0.00 sys=0.00, real=0.00 secs] 
20.943: [GC (Allocation Failure) 20.943: [DefNew: 959K->63K(960K), 0.0010966 secs] 28577K->28096K(524224K), 0.0011609 secs] [Times: user=0.01 sys=0.00, real=0.00 secs] 
20.946: [GC (Allocation Failure) 20.946: [DefNew: 959K->64K(960K), 0.0010164 secs] 28994K->28551K(524224K), 0.0010753 secs] [Times: user=0.00 sys=0.00, real=0.00 secs] 
20.948: [GC (Allocation Failure) 20.948: [DefNew: 960K->63K(960K), 0.0010713 secs] 29447K->28955K(524224K), 0.0011301 secs] [Times: user=0.00 sys=0.00, real=0.00 secs] 
20.951: [GC (Allocation Failure) 20.951: [DefNew: 959K->64K(960K), 0.0009268 secs] 29851K->29356K(524224K), 0.0009900 secs] [Times: user=0.00 sys=0.00, real=0.00 secs] 
20.954: [GC (Allocation Failure) 20.954: [DefNew: 960K->63K(960K), 0.0009928 secs] 30252K->29767K(524224K), 0.0010587 secs] [Times: user=0.00 sys=0.00, real=0.00 secs] 
20.956: [GC (Allocation Failure) 20.956: [DefNew: 959K->64K(960K), 0.0009387 secs] 30664K->30185K(524224K), 0.0009971 secs] [Times: user=0.00 sys=0.00, real=0.00 secs] 
20.959: [GC (Allocation Failure) 20.959: [DefNew: 960K->64K(960K), 0.0010832 secs] 31082K->30596K(524224K), 0.0011846 secs] [Times: user=0.00 sys=0.00, real=0.00 secs] 
20.962: [GC (Allocation Failure) 20.962: [DefNew: 960K->64K(960K), 0.0009813 secs] 31492K->31076K(524224K), 0.0010611 secs] [Times: user=0.00 sys=0.00, real=0.00 secs] 
20.964: [GC (Allocation Failure) 20.964: [DefNew: 960K->63K(960K), 0.0010397 secs] 31974K->31512K(524224K), 0.0011104 secs] [Times: user=0.00 sys=0.00, real=0.00 secs] 
20.967: [GC (Allocation Failure) 20.967: [DefNew: 959K->64K(960K), 0.0009395 secs] 32408K->31896K(524224K), 0.0010101 secs] [Times: user=0.00 sys=0.00, real=0.00 secs] 
20.970: [GC (Allocation Failure) 20.970: [DefNew: 960K->63K(960K), 0.0008499 secs] 32794K->32258K(524224K), 0.0009304 secs] [Times: user=0.00 sys=0.00, real=0.00 secs] 
20.974: [GC (Allocation Failure) 20.974: [DefNew: 959K->64K(960K), 0.0011293 secs] 33155K->32647K(524224K), 0.0012371 secs] [Times: user=0.02 sys=0.00, real=0.00 secs] 
20.976: [GC (Allocation Failure) 20.976: [DefNew: 960K->64K(960K), 0.0013291 secs] 33545K->33053K(524224K), 0.0014116 secs] [Times: user=0.00 sys=0.00, real=0.00 secs] 
20.979: [GC (Allocation Failure) 20.979: [DefNew: 960K->63K(960K), 0.0010208 secs] 33949K->33488K(524224K), 0.0010887 secs] [Times: user=0.00 sys=0.00, real=0.00 secs] 
20.982: [GC (Allocation Failure) 20.982: [DefNew: 959K->63K(960K), 0.0009932 secs] 34385K->33876K(524224K), 0.0010749 secs] [Times: user=0.00 sys=0.00, real=0.00 secs] 
20.984: [GC (Allocation Failure) 20.984: [DefNew: 959K->63K(960K), 0.0010184 secs] 34773K->34282K(524224K), 0.0010836 secs] [Times: user=0.00 sys=0.00, real=0.00 secs] 
20.987: [GC (Allocation Failure) 20.987: [DefNew: 959K->64K(960K), 0.0009564 secs] 35180K->34669K(524224K), 0.0010358 secs] [Times: user=0.00 sys=0.00, real=0.00 secs] 
20.989: [GC (Allocation Failure) 20.989: [DefNew: 960K->63K(960K), 0.0009628 secs] 35567K->35050K(524224K), 0.0010243 secs] [Times: user=0.00 sys=0.00, real=0.00 secs] 
20.992: [GC (Allocation Failure) 20.992: [DefNew: 959K->64K(960K), 0.0010291 secs] 35946K->35468K(524224K), 0.0011116 secs] [Times: user=0.00 sys=0.00, real=0.00 secs] 
20.995: [GC (Allocation Failure) 20.995: [DefNew: 960K->64K(960K), 0.0011728 secs] 36364K->36034K(524224K), 0.0012580 secs] [Times: user=0.00 sys=0.00, real=0.00 secs] 
20.997: [GC (Allocation Failure) 20.997: [DefNew: 960K->64K(960K), 0.0011171 secs] 36930K->36444K(524224K), 0.0011854 secs] [Times: user=0.00 sys=0.00, real=0.00 secs] 
21.000: [GC (Allocation Failure) 21.000: [DefNew: 960K->64K(960K), 0.0008700 secs] 37340K->36856K(524224K), 0.0009253 secs] [Times: user=0.00 sys=0.00, real=0.00 secs] 
21.002: [GC (Allocation Failure) 21.002: [DefNew: 960K->64K(960K), 0.0008045 secs] 37753K->37231K(524224K), 0.0008617 secs] [Times: user=0.00 sys=0.00, real=0.00 secs] 
21.005: [GC (Allocation Failure) 21.005: [DefNew: 960K->64K(960K), 0.0010283 secs] 38128K->37644K(524224K), 0.0011167 secs] [Times: user=0.02 sys=0.00, real=0.00 secs] 
21.008: [GC (Allocation Failure) 21.009: [DefNew: 960K->63K(960K), 0.0011230 secs] 38540K->38033K(524224K), 0.0023495 secs] [Times: user=0.00 sys=0.00, real=0.00 secs] 
21.011: [GC (Allocation Failure) 21.011: [DefNew: 959K->63K(960K), 0.0010579 secs] 38932K->38441K(524224K), 0.0011116 secs] [Times: user=0.00 sys=0.00, real=0.00 secs] 
21.014: [GC (Allocation Failure) 21.014: [DefNew: 959K->64K(960K), 0.0010429 secs] 39337K->38837K(524224K), 0.0011120 secs] [Times: user=0.00 sys=0.00, real=0.00 secs] 
21.016: [GC (Allocation Failure) 21.016: [DefNew: 960K->63K(960K), 0.0010062 secs] 39734K->39224K(524224K), 0.0010595 secs] [Times: user=0.00 sys=0.00, real=0.00 secs] 
21.019: [GC (Allocation Failure) 21.019: [DefNew: 959K->63K(960K), 0.0010386 secs] 40121K->39651K(524224K), 0.0010978 secs] [Times: user=0.00 sys=0.00, real=0.00 secs] 
21.022: [GC (Allocation Failure) 21.022: [DefNew: 959K->63K(960K), 0.0009947 secs] 40548K->40045K(524224K), 0.0010871 secs] [Times: user=0.00 sys=0.00, real=0.00 secs] 
21.024: [GC (Allocation Failure) 21.024: [DefNew: 959K->64K(960K), 0.0009904 secs] 40942K->40450K(524224K), 0.0010547 secs] [Times: user=0.00 sys=0.00, real=0.00 secs] 
21.027: [GC (Allocation Failure) 21.027: [DefNew: 960K->64K(960K), 0.0010646 secs] 41346K->40881K(524224K), 0.0011850 secs] [Times: user=0.00 sys=0.00, real=0.00 secs] 
21.030: [GC (Allocation Failure) 21.030: [DefNew: 960K->64K(960K), 0.0010050 secs] 41778K->41294K(524224K), 0.0010717 secs] [Times: user=0.00 sys=0.00, real=0.00 secs] 
21.032: [GC (Allocation Failure) 21.032: [DefNew: 960K->64K(960K), 0.0009387 secs] 42190K->41698K(524224K), 0.0010011 secs] [Times: user=0.00 sys=0.00, real=0.00 secs] 
21.035: [GC (Allocation Failure) 21.035: [DefNew: 960K->64K(960K), 0.0009604 secs] 42594K->42134K(524224K), 0.0010236 secs] [Times: user=0.00 sys=0.00, real=0.00 secs] 
21.038: [GC (Allocation Failure) 21.038: [DefNew: 960K->64K(960K), 0.0010058 secs] 43031K->42503K(524224K), 0.0010899 secs] [Times: user=0.00 sys=0.00, real=0.00 secs] 
21.040: [GC (Allocation Failure) 21.040: [DefNew: 960K->63K(960K), 0.0010638 secs] 43399K->42883K(524224K), 0.0011605 secs] [Times: user=0.00 sys=0.00, real=0.00 secs] 
21.043: [GC (Allocation Failure) 21.043: [DefNew: 959K->64K(960K), 0.0010307 secs] 43780K->43298K(524224K), 0.0011021 secs] [Times: user=0.00 sys=0.00, real=0.00 secs] 
21.045: [GC (Allocation Failure) 21.045: [DefNew: 960K->64K(960K), 0.0010721 secs] 44194K->43696K(524224K), 0.0011388 secs] [Times: user=0.00 sys=0.00, real=0.00 secs] 
21.048: [GC (Allocation Failure) 21.048: [DefNew: 960K->64K(960K), 0.0010034 secs] 44593K->44148K(524224K), 0.0010595 secs] [Times: user=0.00 sys=0.00, real=0.00 secs] 
21.050: [GC (Allocation Failure) 21.050: [DefNew: 960K->64K(960K), 0.0010089 secs] 45045K->44553K(524224K), 0.0010701 secs] [Times: user=0.00 sys=0.00, real=0.00 secs] 
21.053: [GC (Allocation Failure) 21.053: [DefNew: 960K->64K(960K), 0.0010729 secs] 45449K->44964K(524224K), 0.0011499 secs] [Times: user=0.00 sys=0.00, real=0.00 secs] 
21.056: [GC (Allocation Failure) 21.056: [DefNew: 960K->64K(960K), 0.0010508 secs] 45860K->45356K(524224K), 0.0011218 secs] [Times: user=0.00 sys=0.00, real=0.00 secs] 
21.058: [GC (Allocation Failure) 21.058: [DefNew: 960K->64K(960K), 0.0009422 secs] 46254K->45747K(524224K), 0.0010030 secs] [Times: user=0.00 sys=0.00, real=0.00 secs] 
21.061: [GC (Allocation Failure) 21.061: [DefNew: 960K->63K(960K), 0.0010832 secs] 46644K->46209K(524224K), 0.0011688 secs] [Times: user=0.00 sys=0.00, real=0.00 secs] 
21.063: [GC (Allocation Failure) 21.063: [DefNew: 959K->64K(960K), 0.0010247 secs] 47106K->46614K(524224K), 0.0010903 secs] [Times: user=0.00 sys=0.00, real=0.00 secs] 
21.066: [GC (Allocation Failure) 21.066: [DefNew: 960K->64K(960K), 0.0008905 secs] 47510K->47020K(524224K), 0.0009513 secs] [Times: user=0.00 sys=0.00, real=0.00 secs] 
21.069: [GC (Allocation Failure) 21.069: [DefNew: 960K->63K(960K), 0.0032408 secs] 47916K->47435K(524224K), 0.0033347 secs] [Times: user=0.00 sys=0.00, real=0.00 secs] 
21.074: [GC (Allocation Failure) 21.075: [DefNew: 959K->64K(960K), 0.0012087 secs] 48331K->47814K(524224K), 0.0013378 secs] [Times: user=0.00 sys=0.00, real=0.00 secs] 
21.077: [GC (Allocation Failure) 21.077: [DefNew: 960K->63K(960K), 0.0011732 secs] 48711K->48196K(524224K), 0.0012805 secs] [Times: user=0.00 sys=0.00, real=0.00 secs] 
21.079: [GC (Allocation Failure) 21.079: [DefNew: 959K->63K(960K), 0.0009920 secs] 49093K->48579K(524224K), 0.0010634 secs] [Times: user=0.00 sys=0.00, real=0.00 secs] 
21.082: [GC (Allocation Failure) 21.082: [DefNew: 959K->63K(960K), 0.0010539 secs] 49476K->49017K(524224K), 0.0011175 secs] [Times: user=0.00 sys=0.00, real=0.00 secs] 
21.085: [GC (Allocation Failure) 21.085: [DefNew: 959K->63K(960K), 0.0012075 secs] 49915K->49417K(524224K), 0.0013105 secs] [Times: user=0.00 sys=0.00, real=0.00 secs] 
21.087: [GC (Allocation Failure) 21.087: [DefNew: 959K->64K(960K), 0.0012797 secs] 50314K->49858K(524224K), 0.0014049 secs] [Times: user=0.00 sys=0.00, real=0.00 secs] 
21.090: [GC (Allocation Failure) 21.090: [DefNew: 960K->64K(960K), 0.0010500 secs] 50754K->50269K(524224K), 0.0011270 secs] [Times: user=0.00 sys=0.00, real=0.00 secs] 
21.092: [GC (Allocation Failure) 21.092: [DefNew: 960K->64K(960K), 0.0009920 secs] 51165K->50677K(524224K), 0.0010792 secs] [Times: user=0.00 sys=0.00, real=0.00 secs] 
21.095: [GC (Allocation Failure) 21.095: [DefNew: 960K->64K(960K), 0.0010989 secs] 51573K->51208K(524224K), 0.0011763 secs] [Times: user=0.00 sys=0.00, real=0.00 secs] 
21.098: [GC (Allocation Failure) 21.098: [DefNew: 960K->63K(960K), 0.0010259 secs] 52105K->51631K(524224K), 0.0010839 secs] [Times: user=0.00 sys=0.00, real=0.00 secs] 
21.101: [GC (Allocation Failure) 21.101: [DefNew: 959K->64K(960K), 0.0010926 secs] 52528K->52007K(524224K), 0.0011649 secs] [Times: user=0.00 sys=0.00, real=0.00 secs] 
21.103: [GC (Allocation Failure) 21.103: [DefNew: 960K->63K(960K), 0.0010097 secs] 52903K->52414K(524224K), 0.0010847 secs] [Times: user=0.00 sys=0.00, real=0.00 secs] 
21.106: [GC (Allocation Failure) 21.106: [DefNew: 959K->63K(960K), 0.0009501 secs] 53312K->52808K(524224K), 0.0010129 secs] [Times: user=0.00 sys=0.00, real=0.00 secs] 
21.108: [GC (Allocation Failure) 21.108: [DefNew: 959K->63K(960K), 0.0009087 secs] 53704K->53198K(524224K), 0.0009604 secs] [Times: user=0.00 sys=0.00, real=0.00 secs] 
21.111: [GC (Allocation Failure) 21.111: [DefNew: 959K->64K(960K), 0.0010587 secs] 54094K->53611K(524224K), 0.0011305 secs] [Times: user=0.00 sys=0.00, real=0.00 secs] 
21.113: [GC (Allocation Failure) 21.113: [DefNew: 960K->63K(960K), 0.0010307 secs] 54507K->54019K(524224K), 0.0010903 secs] [Times: user=0.00 sys=0.00, real=0.00 secs] 
21.116: [GC (Allocation Failure) 21.116: [DefNew: 959K->63K(960K), 0.0010480 secs] 54917K->54428K(524224K), 0.0011167 secs] [Times: user=0.00 sys=0.00, real=0.00 secs] 
21.119: [GC (Allocation Failure) 21.119: [DefNew: 959K->64K(960K), 0.0009300 secs] 55324K->54808K(524224K), 0.0009908 secs] [Times: user=0.00 sys=0.00, real=0.00 secs] 
21.121: [GC (Allocation Failure) 21.121: [DefNew: 960K->63K(960K), 0.0009486 secs] 55705K->55191K(524224K), 0.0010089 secs] [Times: user=0.00 sys=0.00, real=0.00 secs] 
21.124: [GC (Allocation Failure) 21.124: [DefNew: 959K->64K(960K), 0.0009955 secs] 56088K->55647K(524224K), 0.0010622 secs] [Times: user=0.00 sys=0.00, real=0.00 secs] 
21.127: [GC (Allocation Failure) 21.127: [DefNew: 960K->63K(960K), 0.0012912 secs] 56543K->56015K(524224K), 0.0013709 secs] [Times: user=0.00 sys=0.00, real=0.00 secs] 
21.130: [GC (Allocation Failure) 21.130: [DefNew: 959K->64K(960K), 0.0010295 secs] 56913K->56472K(524224K), 0.0010883 secs] [Times: user=0.02 sys=0.00, real=0.00 secs] 
21.133: [GC (Allocation Failure) 21.133: [DefNew: 960K->64K(960K), 0.0009600 secs] 57369K->56890K(524224K), 0.0010184 secs] [Times: user=0.00 sys=0.00, real=0.00 secs] 
21.135: [GC (Allocation Failure) 21.135: [DefNew: 960K->64K(960K), 0.0009300 secs] 57787K->57263K(524224K), 0.0010097 secs] [Times: user=0.00 sys=0.00, real=0.00 secs] 
21.138: [GC (Allocation Failure) 21.138: [DefNew: 960K->64K(960K), 0.0011309 secs] 58160K->57630K(524224K), 0.0012367 secs] [Times: user=0.00 sys=0.00, real=0.00 secs] 
21.141: [GC (Allocation Failure) 21.141: [DefNew: 960K->63K(960K), 0.0010062 secs] 58526K->58005K(524224K), 0.0010982 secs] [Times: user=0.00 sys=0.00, real=0.00 secs] 
21.144: [GC (Allocation Failure) 21.144: [DefNew: 959K->64K(960K), 0.0012012 secs] 58904K->58444K(524224K), 0.0012726 secs] [Times: user=0.00 sys=0.00, real=0.00 secs] 
21.147: [GC (Allocation Failure) 21.147: [DefNew: 960K->64K(960K), 0.0010832 secs] 59341K->58880K(524224K), 0.0011392 secs] [Times: user=0.00 sys=0.00, real=0.00 secs] 
21.149: [GC (Allocation Failure) 21.149: [DefNew: 960K->63K(960K), 0.0011593 secs] 59777K->59284K(524224K), 0.0012264 secs] [Times: user=0.00 sys=0.00, real=0.00 secs] 
21.152: [GC (Allocation Failure) 21.152: [DefNew: 959K->64K(960K), 0.0013978 secs] 60180K->59730K(524224K), 0.0014822 secs] [Times: user=0.00 sys=0.00, real=0.00 secs] 
21.154: [GC (Allocation Failure) 21.154: [DefNew: 960K->63K(960K), 0.0011803 secs] 60626K->60102K(524224K), 0.0012529 secs] [Times: user=0.00 sys=0.00, real=0.00 secs] 
21.157: [GC (Allocation Failure) 21.157: [DefNew: 959K->63K(960K), 0.0010421 secs] 60999K->60508K(524224K), 0.0011108 secs] [Times: user=0.00 sys=0.00, real=0.00 secs] 
21.160: [GC (Allocation Failure) 21.160: [DefNew: 959K->64K(960K), 0.0012241 secs] 61404K->60929K(524224K), 0.0013153 secs] [Times: user=0.00 sys=0.00, real=0.00 secs] 
21.163: [GC (Allocation Failure) 21.163: [DefNew: 960K->63K(960K), 0.0009797 secs] 61827K->61304K(524224K), 0.0010461 secs] [Times: user=0.00 sys=0.00, real=0.00 secs] 
21.165: [GC (Allocation Failure) 21.165: [DefNew: 959K->64K(960K), 0.0010472 secs] 62201K->61732K(524224K), 0.0011136 secs] [Times: user=0.00 sys=0.00, real=0.00 secs] 
21.167: [GC (Allocation Failure) 21.167: [DefNew: 960K->63K(960K), 0.0010082 secs] 62629K->62142K(524224K), 0.0010686 secs] [Times: user=0.00 sys=0.00, real=0.00 secs] 
21.174: [GC (Allocation Failure) 21.174: [DefNew: 959K->64K(960K), 0.0010587 secs] 63039K->62564K(524224K), 0.0011763 secs] [Times: user=0.00 sys=0.00, real=0.00 secs] 
21.176: [GC (Allocation Failure) 21.176: [DefNew: 960K->63K(960K), 0.0010595 secs] 63461K->62965K(524224K), 0.0011329 secs] [Times: user=0.00 sys=0.00, real=0.00 secs] 
21.178: [GC (Allocation Failure) 21.178: [DefNew: 959K->63K(960K), 0.0010086 secs] 63861K->63360K(524224K), 0.0010772 secs] [Times: user=0.00 sys=0.00, real=0.00 secs] 
21.181: [GC (Allocation Failure) 21.181: [DefNew: 959K->64K(960K), 0.0011842 secs] 64258K->63803K(524224K), 0.0012699 secs] [Times: user=0.00 sys=0.00, real=0.00 secs] 
21.185: [GC (Allocation Failure) 21.185: [DefNew: 960K->64K(960K), 0.0011641 secs] 64700K->64217K(524224K), 0.0012667 secs] [Times: user=0.00 sys=0.00, real=0.00 secs] 
21.187: [GC (Allocation Failure) 21.187: [DefNew: 960K->64K(960K), 0.0010378 secs] 65115K->64585K(524224K), 0.0011053 secs] [Times: user=0.00 sys=0.00, real=0.00 secs] 
21.190: [GC (Allocation Failure) 21.190: [DefNew: 960K->64K(960K), 0.0010141 secs] 65482K->64992K(524224K), 0.0011084 secs] [Times: user=0.00 sys=0.00, real=0.00 secs] 
21.192: [GC (Allocation Failure) 21.192: [DefNew: 960K->63K(960K), 0.0011068 secs] 65889K->65407K(524224K), 0.0012075 secs] [Times: user=0.02 sys=0.00, real=0.00 secs] 
21.195: [GC (Allocation Failure) 21.195: [DefNew: 959K->64K(960K), 0.0010903 secs] 66304K->65917K(524224K), 0.0011747 secs] [Times: user=0.00 sys=0.00, real=0.00 secs] 
21.198: [GC (Allocation Failure) 21.198: [DefNew: 960K->63K(960K), 0.0010938 secs] 66813K->66315K(524224K), 0.0011700 secs] [Times: user=0.00 sys=0.00, real=0.00 secs] 
21.200: [GC (Allocation Failure) 21.200: [DefNew: 959K->63K(960K), 0.0009336 secs] 67212K->66717K(524224K), 0.0009967 secs] [Times: user=0.00 sys=0.00, real=0.00 secs] 
21.203: [GC (Allocation Failure) 21.203: [DefNew: 959K->64K(960K), 0.0009024 secs] 67613K->67139K(524224K), 0.0009667 secs] [Times: user=0.00 sys=0.00, real=0.00 secs] 
21.205: [GC (Allocation Failure) 21.205: [DefNew: 960K->64K(960K), 0.0008447 secs] 68035K->67518K(524224K), 0.0009126 secs] [Times: user=0.00 sys=0.00, real=0.00 secs] 
21.208: [GC (Allocation Failure) 21.208: [DefNew: 960K->64K(960K), 0.0009987 secs] 68414K->67943K(524224K), 0.0010701 secs] [Times: user=0.02 sys=0.00, real=0.00 secs] 
21.211: [GC (Allocation Failure) 21.211: [DefNew: 960K->63K(960K), 0.0010958 secs] 68841K->68388K(524224K), 0.0011558 secs] [Times: user=0.00 sys=0.00, real=0.00 secs] 
21.213: [GC (Allocation Failure) 21.213: [DefNew: 959K->64K(960K), 0.0011641 secs] 69284K->68807K(524224K), 0.0012336 secs] [Times: user=0.00 sys=0.00, real=0.00 secs] 
21.216: [GC (Allocation Failure) 21.216: [DefNew: 960K->63K(960K), 0.0010689 secs] 69703K->69244K(524224K), 0.0011293 secs] [Times: user=0.00 sys=0.00, real=0.00 secs] 
21.218: [GC (Allocation Failure) 21.218: [DefNew: 959K->64K(960K), 0.0010638 secs] 70141K->69647K(524224K), 0.0011211 secs] [Times: user=0.00 sys=0.00, real=0.00 secs] 
21.221: [GC (Allocation Failure) 21.221: [DefNew: 960K->63K(960K), 0.0010997 secs] 70543K->70063K(524224K), 0.0011700 secs] [Times: user=0.00 sys=0.00, real=0.00 secs] 
21.224: [GC (Allocation Failure) 21.224: [DefNew: 959K->63K(960K), 0.0010654 secs] 70959K->70509K(524224K), 0.0011258 secs] [Times: user=0.02 sys=0.00, real=0.00 secs] 
21.226: [GC (Allocation Failure) 21.226: [DefNew: 959K->64K(960K), 0.0014692 secs] 71405K->70927K(524224K), 0.0015943 secs] [Times: user=0.00 sys=0.00, real=0.00 secs] 
21.230: [GC (Allocation Failure) 21.230: [DefNew: 960K->64K(960K), 0.0010255 secs] 71824K->71367K(524224K), 0.0010914 secs] [Times: user=0.00 sys=0.00, real=0.00 secs] 
21.232: [GC (Allocation Failure) 21.232: [DefNew: 960K->64K(960K), 0.0009643 secs] 72264K->71775K(524224K), 0.0010295 secs] [Times: user=0.00 sys=0.00, real=0.00 secs] 
21.235: [GC (Allocation Failure) 21.235: [DefNew: 960K->64K(960K), 0.0010421 secs] 72671K->72204K(524224K), 0.0011037 secs] [Times: user=0.00 sys=0.00, real=0.00 secs] 
21.238: [GC (Allocation Failure) 21.238: [DefNew: 960K->64K(960K), 0.0011716 secs] 73100K->72573K(524224K), 0.0013030 secs] [Times: user=0.00 sys=0.00, real=0.00 secs] 
21.240: [GC (Allocation Failure) 21.240: [DefNew: 960K->63K(960K), 0.0009999 secs] 73470K->72981K(524224K), 0.0010729 secs] [Times: user=0.00 sys=0.00, real=0.00 secs] 
21.244: [GC (Allocation Failure) 21.244: [DefNew: 959K->64K(960K), 0.0012079 secs] 73879K->73378K(524224K), 0.0012841 secs] [Times: user=0.00 sys=0.00, real=0.00 secs] 
21.245: [GC (Allocation Failure) 21.245: [DefNew: 960K->64K(960K), 0.0010753 secs] 74276K->73747K(524224K), 0.0011400 secs] [Times: user=0.00 sys=0.00, real=0.00 secs] 
21.248: [GC (Allocation Failure) 21.248: [DefNew: 960K->64K(960K), 0.0010622 secs] 74643K->74196K(524224K), 0.0011159 secs] [Times: user=0.00 sys=0.00, real=0.00 secs] 
21.251: [GC (Allocation Failure) 21.251: [DefNew: 960K->63K(960K), 0.0011400 secs] 75092K->74641K(524224K), 0.0011945 secs] [Times: user=0.00 sys=0.00, real=0.00 secs] 
21.253: [GC (Allocation Failure) 21.253: [DefNew: 959K->64K(960K), 0.0010820 secs] 75537K->75025K(524224K), 0.0011495 secs] [Times: user=0.00 sys=0.00, real=0.00 secs] 
21.256: [GC (Allocation Failure) 21.256: [DefNew: 960K->63K(960K), 0.0010638 secs] 75921K->75453K(524224K), 0.0011329 secs] [Times: user=0.00 sys=0.00, real=0.00 secs] 
21.259: [GC (Allocation Failure) 21.259: [DefNew: 959K->64K(960K), 0.0012174 secs] 76351K->75849K(524224K), 0.0013129 secs] [Times: user=0.00 sys=0.00, real=0.00 secs] 
21.261: [GC (Allocation Failure) 21.261: [DefNew: 960K->64K(960K), 0.0011826 secs] 76746K->76334K(524224K), 0.0012541 secs] [Times: user=0.00 sys=0.00, real=0.00 secs] 
21.264: [GC (Allocation Failure) 21.264: [DefNew: 960K->64K(960K), 0.0011964 secs] 77232K->76773K(524224K), 0.0012707 secs] [Times: user=0.00 sys=0.00, real=0.00 secs] 
21.266: [GC (Allocation Failure) 21.266: [DefNew: 960K->64K(960K), 0.0010224 secs] 77672K->77187K(524224K), 0.0010776 secs] [Times: user=0.00 sys=0.00, real=0.00 secs] 
21.269: [GC (Allocation Failure) 21.269: [DefNew: 960K->63K(960K), 0.0019528 secs] 78083K->77627K(524224K), 0.0020420 secs] [Times: user=0.02 sys=0.00, real=0.00 secs] 
21.274: [GC (Allocation Failure) 21.274: [DefNew: 959K->63K(960K), 0.0013389 secs] 78524K->78027K(524224K), 0.0014680 secs] [Times: user=0.00 sys=0.00, real=0.00 secs] 
21.276: [GC (Allocation Failure) 21.276: [DefNew: 959K->63K(960K), 0.0009529 secs] 78924K->78422K(524224K), 0.0010255 secs] [Times: user=0.00 sys=0.00, real=0.00 secs] 
21.279: [GC (Allocation Failure) 21.279: [DefNew: 959K->63K(960K), 0.0011167 secs] 79318K->78870K(524224K), 0.0011901 secs] [Times: user=0.00 sys=0.00, real=0.00 secs] 
21.281: [GC (Allocation Failure) 21.281: [DefNew: 959K->63K(960K), 0.0010926 secs] 79766K->79264K(524224K), 0.0011534 secs] [Times: user=0.00 sys=0.00, real=0.00 secs] 
21.284: [GC (Allocation Failure) 21.284: [DefNew: 959K->64K(960K), 0.0010847 secs] 80161K->79700K(524224K), 0.0011467 secs] [Times: user=0.00 sys=0.00, real=0.00 secs] 
21.288: [GC (Allocation Failure) 21.288: [DefNew: 960K->63K(960K), 0.0012055 secs] 80598K->80070K(524224K), 0.0012932 secs] [Times: user=0.00 sys=0.00, real=0.00 secs] 
21.290: [GC (Allocation Failure) 21.290: [DefNew: 959K->64K(960K), 0.0011132 secs] 80966K->80477K(524224K), 0.0011791 secs] [Times: user=0.00 sys=0.00, real=0.00 secs] 
21.293: [GC (Allocation Failure) 21.293: [DefNew: 960K->63K(960K), 0.0015675 secs] 81374K->80879K(524224K), 0.0016575 secs] [Times: user=0.00 sys=0.00, real=0.00 secs] 
21.296: [GC (Allocation Failure) 21.296: [DefNew: 959K->64K(960K), 0.0010476 secs] 81775K->81280K(524224K), 0.0011128 secs] [Times: user=0.00 sys=0.00, real=0.00 secs] 
21.299: [GC (Allocation Failure) 21.299: [DefNew: 960K->64K(960K), 0.0009971 secs] 82179K->81732K(524224K), 0.0010563 secs] [Times: user=0.00 sys=0.00, real=0.00 secs] 
21.302: [GC (Allocation Failure) 21.302: [DefNew: 960K->64K(960K), 0.0010480 secs] 82628K->82134K(524224K), 0.0011124 secs] [Times: user=0.01 sys=0.00, real=0.00 secs] 
21.304: [GC (Allocation Failure) 21.304: [DefNew: 960K->63K(960K), 0.0010697 secs] 83031K->82543K(524224K), 0.0011349 secs] [Times: user=0.00 sys=0.00, real=0.00 secs] 
21.308: [GC (Allocation Failure) 21.308: [DefNew: 959K->64K(960K), 0.0010926 secs] 83439K->82968K(524224K), 0.0011763 secs] [Times: user=0.00 sys=0.00, real=0.00 secs] 
21.310: [GC (Allocation Failure) 21.310: [DefNew: 960K->64K(960K), 0.0010634 secs] 83866K->83337K(524224K), 0.0011226 secs] [Times: user=0.00 sys=0.00, real=0.00 secs] 
21.313: [GC (Allocation Failure) 21.313: [DefNew: 960K->63K(960K), 0.0011211 secs] 84234K->83784K(524224K), 0.0011842 secs] [Times: user=0.00 sys=0.00, real=0.00 secs] 
21.316: [GC (Allocation Failure) 21.316: [DefNew: 959K->63K(960K), 0.0011120 secs] 84681K->84209K(524224K), 0.0011700 secs] [Times: user=0.00 sys=0.00, real=0.00 secs] 
21.319: [GC (Allocation Failure) 21.319: [DefNew: 959K->64K(960K), 0.0010907 secs] 85106K->84579K(524224K), 0.0011578 secs] [Times: user=0.00 sys=0.00, real=0.00 secs] 
21.321: [GC (Allocation Failure) 21.321: [DefNew: 960K->64K(960K), 0.0011680 secs] 85477K->85035K(524224K), 0.0012296 secs] [Times: user=0.00 sys=0.00, real=0.00 secs] 
21.323: [GC (Allocation Failure) 21.323: [DefNew: 960K->63K(960K), 0.0011297 secs] 85933K->85446K(524224K), 0.0011937 secs] [Times: user=0.00 sys=0.00, real=0.00 secs] 
21.327: [GC (Allocation Failure) 21.327: [DefNew: 959K->64K(960K), 0.0013583 secs] 86342K->85837K(524224K), 0.0014432 secs] [Times: user=0.00 sys=0.00, real=0.00 secs] 
21.330: [GC (Allocation Failure) 21.330: [DefNew: 960K->64K(960K), 0.0011037 secs] 86734K->86290K(524224K), 0.0011684 secs] [Times: user=0.00 sys=0.00, real=0.00 secs] 
21.332: [GC (Allocation Failure) 21.332: [DefNew: 960K->64K(960K), 0.0009857 secs] 87187K->86691K(524224K), 0.0010417 secs] [Times: user=0.00 sys=0.00, real=0.00 secs] 
21.335: [GC (Allocation Failure) 21.335: [DefNew: 960K->64K(960K), 0.0010299 secs] 87588K->87066K(524224K), 0.0011100 secs] [Times: user=0.00 sys=0.00, real=0.00 secs] 
21.338: [GC (Allocation Failure) 21.338: [DefNew: 960K->64K(960K), 0.0011724 secs] 87962K->87453K(524224K), 0.0012564 secs] [Times: user=0.00 sys=0.00, real=0.00 secs] 
21.341: [GC (Allocation Failure) 21.341: [DefNew: 960K->64K(960K), 0.0010536 secs] 88350K->87826K(524224K), 0.0011439 secs] [Times: user=0.00 sys=0.00, real=0.00 secs] 
21.344: [GC (Allocation Failure) 21.344: [DefNew: 960K->63K(960K), 0.0012134 secs] 88723K->88289K(524224K), 0.0012853 secs] [Times: user=0.00 sys=0.00, real=0.00 secs] 
21.346: [GC (Allocation Failure) 21.346: [DefNew: 959K->64K(960K), 0.0011463 secs] 89187K->88690K(524224K), 0.0012020 secs] [Times: user=0.00 sys=0.00, real=0.00 secs] 
21.350: [GC (Allocation Failure) 21.350: [DefNew: 960K->64K(960K), 0.0012849 secs] 89586K->89103K(524224K), 0.0013725 secs] [Times: user=0.00 sys=0.00, real=0.00 secs] 
21.353: [GC (Allocation Failure) 21.353: [DefNew: 960K->63K(960K), 0.0014001 secs] 89999K->89523K(524224K), 0.0014925 secs] [Times: user=0.00 sys=0.00, real=0.00 secs] 
21.355: [GC (Allocation Failure) 21.355: [DefNew: 959K->63K(960K), 0.0011254 secs] 90419K->89909K(524224K), 0.0011984 secs] [Times: user=0.00 sys=0.00, real=0.00 secs] 
21.358: [GC (Allocation Failure) 21.358: [DefNew: 959K->63K(960K), 0.0010204 secs] 90805K->90284K(524224K), 0.0010832 secs] [Times: user=0.00 sys=0.00, real=0.00 secs] 
21.360: [GC (Allocation Failure) 21.360: [DefNew: 959K->64K(960K), 0.0013003 secs] 91180K->90705K(524224K), 0.0013875 secs] [Times: user=0.00 sys=0.00, real=0.00 secs] 
21.363: [GC (Allocation Failure) 21.363: [DefNew: 960K->63K(960K), 0.0009868 secs] 91602K->91127K(524224K), 0.0010449 secs] [Times: user=0.00 sys=0.00, real=0.00 secs] 
21.366: [GC (Allocation Failure) 21.367: [DefNew: 959K->63K(960K), 0.0011254 secs] 92025K->91513K(524224K), 0.0012189 secs] [Times: user=0.00 sys=0.00, real=0.00 secs] 
21.368: [GC (Allocation Failure) 21.368: [DefNew: 959K->63K(960K), 0.0016370 secs] 92409K->91934K(524224K), 0.0017191 secs] [Times: user=0.00 sys=0.00, real=0.00 secs] 
21.375: [GC (Allocation Failure) 21.375: [DefNew: 959K->63K(960K), 0.0012170 secs] 92830K->92356K(524224K), 0.0013275 secs] [Times: user=0.00 sys=0.00, real=0.00 secs] 
21.377: [GC (Allocation Failure) 21.377: [DefNew: 959K->63K(960K), 0.0010717 secs] 93252K->92736K(524224K), 0.0011479 secs] [Times: user=0.00 sys=0.00, real=0.00 secs] 
21.380: [GC (Allocation Failure) 21.380: [DefNew: 959K->64K(960K), 0.0012178 secs] 93632K->93182K(524224K), 0.0012951 secs] [Times: user=0.02 sys=0.00, real=0.00 secs] 
21.383: [GC (Allocation Failure) 21.383: [DefNew: 960K->63K(960K), 0.0011909 secs] 94078K->93602K(524224K), 0.0012782 secs] [Times: user=0.00 sys=0.00, real=0.00 secs] 
21.385: [GC (Allocation Failure) 21.385: [DefNew: 959K->64K(960K), 0.0011471 secs] 94498K->93981K(524224K), 0.0012324 secs] [Times: user=0.00 sys=0.00, real=0.00 secs] 
21.388: [GC (Allocation Failure) 21.388: [DefNew: 960K->64K(960K), 0.0012497 secs] 94877K->94485K(524224K), 0.0013386 secs] [Times: user=0.00 sys=0.00, real=0.00 secs] 
21.390: [GC (Allocation Failure) 21.390: [DefNew: 960K->63K(960K), 0.0012225 secs] 95383K->94867K(524224K), 0.0012880 secs] [Times: user=0.00 sys=0.00, real=0.00 secs] 
21.393: [GC (Allocation Failure) 21.393: [DefNew: 959K->63K(960K), 0.0014061 secs] 95763K->95319K(524224K), 0.0014961 secs] [Times: user=0.00 sys=0.00, real=0.00 secs] 
21.397: [GC (Allocation Failure) 21.397: [DefNew: 959K->64K(960K), 0.0010978 secs] 96215K->95718K(524224K), 0.0011795 secs] [Times: user=0.00 sys=0.00, real=0.00 secs] 
21.399: [GC (Allocation Failure) 21.399: [DefNew: 960K->64K(960K), 0.0010788 secs] 96616K->96134K(524224K), 0.0011416 secs] [Times: user=0.00 sys=0.00, real=0.00 secs] 
21.402: [GC (Allocation Failure) 21.402: [DefNew: 960K->63K(960K), 0.0011017 secs] 97031K->96580K(524224K), 0.0011617 secs] [Times: user=0.00 sys=0.00, real=0.00 secs] 
21.404: [GC (Allocation Failure) 21.404: [DefNew: 959K->63K(960K), 0.0010563 secs] 97476K->96992K(524224K), 0.0011218 secs] [Times: user=0.00 sys=0.00, real=0.00 secs] 
21.407: [GC (Allocation Failure) 21.407: [DefNew: 959K->63K(960K), 0.0010634 secs] 97888K->97396K(524224K), 0.0011424 secs] [Times: user=0.00 sys=0.00, real=0.00 secs] 
21.410: [GC (Allocation Failure) 21.410: [DefNew: 959K->64K(960K), 0.0011811 secs] 98292K->97860K(524224K), 0.0012509 secs] [Times: user=0.00 sys=0.00, real=0.00 secs] 
21.412: [GC (Allocation Failure) 21.412: [DefNew: 960K->64K(960K), 0.0012032 secs] 98758K->98237K(524224K), 0.0012671 secs] [Times: user=0.00 sys=0.00, real=0.00 secs] 
21.415: [GC (Allocation Failure) 21.415: [DefNew: 960K->63K(960K), 0.0010978 secs] 99135K->98635K(524224K), 0.0011680 secs] [Times: user=0.00 sys=0.00, real=0.00 secs] 
21.417: [GC (Allocation Failure) 21.417: [DefNew: 959K->64K(960K), 0.0010930 secs] 99534K->99043K(524224K), 0.0011503 secs] [Times: user=0.00 sys=0.00, real=0.00 secs] 
21.420: [GC (Allocation Failure) 21.420: [DefNew: 960K->63K(960K), 0.0011412 secs] 99939K->99500K(524224K), 0.0011949 secs] [Times: user=0.00 sys=0.00, real=0.00 secs] 
21.423: [GC (Allocation Failure) 21.423: [DefNew: 959K->63K(960K), 0.0012039 secs] 100396K->99913K(524224K), 0.0012766 secs] [Times: user=0.00 sys=0.00, real=0.00 secs] 
21.425: [GC (Allocation Failure) 21.425: [DefNew: 959K->63K(960K), 0.0011080 secs] 100810K->100329K(524224K), 0.0011763 secs] [Times: user=0.00 sys=0.00, real=0.00 secs] 
21.428: [GC (Allocation Failure) 21.428: [DefNew: 959K->63K(960K), 0.0013054 secs] 101225K->100904K(524224K), 0.0013879 secs] [Times: user=0.00 sys=0.00, real=0.00 secs] 
21.431: [GC (Allocation Failure) 21.431: [DefNew: 959K->64K(960K), 0.0010978 secs] 101800K->101280K(524224K), 0.0011716 secs] [Times: user=0.00 sys=0.00, real=0.00 secs] 
21.433: [GC (Allocation Failure) 21.433: [DefNew: 960K->64K(960K), 0.0010212 secs] 102178K->101695K(524224K), 0.0010792 secs] [Times: user=0.00 sys=0.00, real=0.00 secs] 
21.436: [GC (Allocation Failure) 21.436: [DefNew: 960K->63K(960K), 0.0010630 secs] 102592K->102124K(524224K), 0.0011246 secs] [Times: user=0.00 sys=0.00, real=0.00 secs] 
21.438: [GC (Allocation Failure) 21.438: [DefNew: 959K->64K(960K), 0.0011874 secs] 103022K->102504K(524224K), 0.0012900 secs] [Times: user=0.00 sys=0.00, real=0.00 secs] 
21.441: [GC (Allocation Failure) 21.441: [DefNew: 960K->63K(960K), 0.0012099 secs] 103401K->102892K(524224K), 0.0013113 secs] [Times: user=0.00 sys=0.00, real=0.00 secs] 
21.444: [GC (Allocation Failure) 21.444: [DefNew: 959K->64K(960K), 0.0012107 secs] 103789K->103299K(524224K), 0.0012861 secs] [Times: user=0.00 sys=0.00, real=0.00 secs] 
21.446: [GC (Allocation Failure) 21.446: [DefNew: 960K->64K(960K), 0.0010603 secs] 104197K->103670K(524224K), 0.0011207 secs] [Times: user=0.00 sys=0.00, real=0.00 secs] 
21.449: [GC (Allocation Failure) 21.449: [DefNew: 960K->64K(960K), 0.0010887 secs] 104566K->104117K(524224K), 0.0011518 secs] [Times: user=0.00 sys=0.00, real=0.00 secs] 
21.451: [GC (Allocation Failure) 21.451: [DefNew: 960K->63K(960K), 0.0010962 secs] 105013K->104499K(524224K), 0.0011538 secs] [Times: user=0.00 sys=0.00, real=0.00 secs] 
21.454: [GC (Allocation Failure) 21.454: [DefNew: 959K->64K(960K), 0.0012201 secs] 105396K->104903K(524224K), 0.0013180 secs] [Times: user=0.00 sys=0.00, real=0.00 secs] 
21.457: [GC (Allocation Failure) 21.457: [DefNew: 960K->63K(960K), 0.0012036 secs] 105800K->105333K(524224K), 0.0012663 secs] [Times: user=0.00 sys=0.00, real=0.00 secs] 
21.460: [GC (Allocation Failure) 21.460: [DefNew: 959K->64K(960K), 0.0016247 secs] 106229K->105719K(524224K), 0.0017471 secs] [Times: user=0.00 sys=0.00, real=0.00 secs] 
21.463: [GC (Allocation Failure) 21.463: [DefNew: 960K->64K(960K), 0.0010843 secs] 106617K->106134K(524224K), 0.0011511 secs] [Times: user=0.00 sys=0.00, real=0.00 secs] 
21.465: [GC (Allocation Failure) 21.465: [DefNew: 960K->64K(960K), 0.0010066 secs] 107031K->106525K(524224K), 0.0010686 secs] [Times: user=0.00 sys=0.00, real=0.00 secs] 
21.468: [GC (Allocation Failure) 21.468: [DefNew: 960K->63K(960K), 0.0010176 secs] 107421K->106956K(524224K), 0.0010836 secs] [Times: user=0.00 sys=0.00, real=0.00 secs] 
21.475: [GC (Allocation Failure) 21.475: [DefNew: 959K->64K(960K), 0.0011163 secs] 107852K->107356K(524224K), 0.0012399 secs] [Times: user=0.00 sys=0.00, real=0.00 secs] 
21.476: [GC (Allocation Failure) 21.476: [DefNew: 960K->63K(960K), 0.0011179 secs] 108253K->107779K(524224K), 0.0011905 secs] [Times: user=0.00 sys=0.00, real=0.00 secs] 
21.479: [GC (Allocation Failure) 21.479: [DefNew: 959K->63K(960K), 0.0011305 secs] 108676K->108192K(524224K), 0.0012107 secs] [Times: user=0.00 sys=0.00, real=0.00 secs] 
21.481: [GC (Allocation Failure) 21.481: [DefNew: 959K->63K(960K), 0.0010650 secs] 109089K->108603K(524224K), 0.0011436 secs] [Times: user=0.00 sys=0.00, real=0.00 secs] 
21.484: [GC (Allocation Failure) 21.484: [DefNew: 959K->63K(960K), 0.0011866 secs] 109500K->109040K(524224K), 0.0012620 secs] [Times: user=0.00 sys=0.00, real=0.00 secs] 
21.487: [GC (Allocation Failure) 21.487: [DefNew: 959K->64K(960K), 0.0011917 secs] 109936K->109449K(524224K), 0.0012600 secs] [Times: user=0.00 sys=0.00, real=0.00 secs] 
21.489: [GC (Allocation Failure) 21.489: [DefNew: 960K->63K(960K), 0.0012482 secs] 110346K->109895K(524224K), 0.0013078 secs] [Times: user=0.01 sys=0.00, real=0.00 secs] 
21.492: [GC (Allocation Failure) 21.492: [DefNew: 959K->63K(960K), 0.0013153 secs] 110792K->110329K(524224K), 0.0014203 secs] [Times: user=0.00 sys=0.00, real=0.00 secs] 
21.495: [GC (Allocation Failure) 21.495: [DefNew: 959K->64K(960K), 0.0013342 secs] 111225K->110907K(524224K), 0.0014207 secs] [Times: user=0.00 sys=0.00, real=0.00 secs] 
21.497: [GC (Allocation Failure) 21.497: [DefNew: 960K->64K(960K), 0.0011964 secs] 111803K->111328K(524224K), 0.0012576 secs] [Times: user=0.00 sys=0.00, real=0.00 secs] 
21.500: [GC (Allocation Failure) 21.500: [DefNew: 960K->64K(960K), 0.0010622 secs] 112225K->111777K(524224K), 0.0011214 secs] [Times: user=0.00 sys=0.00, real=0.00 secs] 
21.502: [GC (Allocation Failure) 21.502: [DefNew: 960K->63K(960K), 0.0010808 secs] 112675K->112156K(524224K), 0.0011408 secs] [Times: user=0.00 sys=0.00, real=0.00 secs] 
21.505: [GC (Allocation Failure) 21.505: [DefNew: 959K->63K(960K), 0.0010480 secs] 113052K->112578K(524224K), 0.0011120 secs] [Times: user=0.00 sys=0.00, real=0.00 secs] 
21.507: [GC (Allocation Failure) 21.507: [DefNew: 959K->63K(960K), 0.0011293 secs] 113476K->112982K(524224K), 0.0011949 secs] [Times: user=0.00 sys=0.00, real=0.00 secs] 
21.510: [GC (Allocation Failure) 21.510: [DefNew: 959K->64K(960K), 0.0011475 secs] 113879K->113375K(524224K), 0.0012288 secs] [Times: user=0.00 sys=0.00, real=0.00 secs] 
21.513: [GC (Allocation Failure) 21.513: [DefNew: 960K->63K(960K), 0.0011226 secs] 114271K->113809K(524224K), 0.0011787 secs] [Times: user=0.00 sys=0.00, real=0.00 secs] 
21.515: [GC (Allocation Failure) 21.515: [DefNew: 959K->63K(960K), 0.0011582 secs] 114705K->114210K(524224K), 0.0012261 secs] [Times: user=0.00 sys=0.00, real=0.00 secs] 
21.518: [GC (Allocation Failure) 21.518: [DefNew: 959K->63K(960K), 0.0011455 secs] 115106K->114615K(524224K), 0.0012075 secs] [Times: user=0.00 sys=0.00, real=0.00 secs] 
21.521: [GC (Allocation Failure) 21.521: [DefNew: 959K->64K(960K), 0.0011621 secs] 115511K->115018K(524224K), 0.0012241 secs] [Times: user=0.00 sys=0.00, real=0.00 secs] 
21.523: [GC (Allocation Failure) 21.523: [DefNew: 960K->63K(960K), 0.0011688 secs] 115914K->115431K(524224K), 0.0012379 secs] [Times: user=0.00 sys=0.00, real=0.00 secs] 
21.527: [GC (Allocation Failure) 21.527: [DefNew: 959K->63K(960K), 0.0014136 secs] 116329K->115840K(524224K), 0.0014893 secs] [Times: user=0.00 sys=0.00, real=0.00 secs] 
21.529: [GC (Allocation Failure) 21.529: [DefNew: 959K->64K(960K), 0.0011412 secs] 116736K->116250K(524224K), 0.0012039 secs] [Times: user=0.00 sys=0.00, real=0.00 secs] 
21.532: [GC (Allocation Failure) 21.532: [DefNew: 960K->63K(960K), 0.0011408 secs] 117146K->116715K(524224K), 0.0011949 secs] [Times: user=0.00 sys=0.00, real=0.00 secs] 
21.535: [GC (Allocation Failure) 21.535: [DefNew: 959K->63K(960K), 0.0011633 secs] 117613K->117120K(524224K), 0.0012438 secs] [Times: user=0.00 sys=0.00, real=0.00 secs] 
21.538: [GC (Allocation Failure) 21.538: [DefNew: 959K->64K(960K), 0.0010697 secs] 118016K->117500K(524224K), 0.0011436 secs] [Times: user=0.00 sys=0.00, real=0.00 secs] 
21.541: [GC (Allocation Failure) 21.541: [DefNew: 960K->63K(960K), 0.0011195 secs] 118397K->117929K(524224K), 0.0011901 secs] [Times: user=0.00 sys=0.00, real=0.00 secs] 
21.543: [GC (Allocation Failure) 21.543: [DefNew: 959K->64K(960K), 0.0010674 secs] 118825K->118337K(524224K), 0.0011297 secs] [Times: user=0.00 sys=0.00, real=0.00 secs] 
21.546: [GC (Allocation Failure) 21.546: [DefNew: 960K->64K(960K), 0.0011408 secs] 119233K->118789K(524224K), 0.0011980 secs] [Times: user=0.00 sys=0.00, real=0.00 secs] 
21.549: [GC (Allocation Failure) 21.549: [DefNew: 960K->63K(960K), 0.0011957 secs] 119686K->119228K(524224K), 0.0012568 secs] [Times: user=0.00 sys=0.00, real=0.00 secs] 
21.551: [GC (Allocation Failure) 21.551: [DefNew: 959K->64K(960K), 0.0012170 secs] 120124K->119631K(524224K), 0.0012805 secs] [Times: user=0.02 sys=0.00, real=0.00 secs] 
21.554: [GC (Allocation Failure) 21.554: [DefNew: 960K->63K(960K), 0.0012501 secs] 120528K->120062K(524224K), 0.0013307 secs] [Times: user=0.00 sys=0.00, real=0.00 secs] 
21.556: [GC (Allocation Failure) 21.556: [DefNew: 959K->63K(960K), 0.0011068 secs] 120958K->120471K(524224K), 0.0011672 secs] [Times: user=0.00 sys=0.00, real=0.00 secs] 
21.559: [GC (Allocation Failure) 21.559: [DefNew: 959K->63K(960K), 0.0014301 secs] 121368K->120923K(524224K), 0.0015438 secs] [Times: user=0.00 sys=0.00, real=0.00 secs] 
21.563: [GC (Allocation Failure) 21.563: [DefNew: 959K->64K(960K), 0.0012174 secs] 121820K->121417K(524224K), 0.0012932 secs] [Times: user=0.00 sys=0.00, real=0.00 secs] 
21.565: [GC (Allocation Failure) 21.565: [DefNew: 960K->63K(960K), 0.0010504 secs] 122314K->121803K(524224K), 0.0011104 secs] [Times: user=0.00 sys=0.00, real=0.00 secs] 
21.568: [GC (Allocation Failure) 21.568: [DefNew: 959K->63K(960K), 0.0010875 secs] 122699K->122250K(524224K), 0.0011554 secs] [Times: user=0.00 sys=0.00, real=0.00 secs] 
21.575: [GC (Allocation Failure) 21.575: [DefNew: 959K->63K(960K), 0.0012778 secs] 123147K->122651K(524224K), 0.0014345 secs] [Times: user=0.00 sys=0.00, real=0.00 secs] 
21.578: [GC (Allocation Failure) 21.578: [DefNew: 959K->64K(960K), 0.0011949 secs] 123549K->123075K(524224K), 0.0012778 secs] [Times: user=0.00 sys=0.00, real=0.00 secs] 
21.581: [GC (Allocation Failure) 21.581: [DefNew: 960K->63K(960K), 0.0012193 secs] 123973K->123508K(524224K), 0.0012924 secs] [Times: user=0.00 sys=0.00, real=0.00 secs] 
21.584: [GC (Allocation Failure) 21.584: [DefNew: 959K->64K(960K), 0.0012099 secs] 124405K->123882K(524224K), 0.0012845 secs] [Times: user=0.00 sys=0.00, real=0.00 secs] 
21.586: [GC (Allocation Failure) 21.586: [DefNew: 960K->63K(960K), 0.0011684 secs] 124778K->124294K(524224K), 0.0012336 secs] [Times: user=0.00 sys=0.00, real=0.00 secs] 
21.588: [GC (Allocation Failure) 21.588: [DefNew: 959K->64K(960K), 0.0011124 secs] 125190K->124679K(524224K), 0.0011751 secs] [Times: user=0.00 sys=0.00, real=0.00 secs] 
21.591: [GC (Allocation Failure) 21.591: [DefNew: 960K->64K(960K), 0.0011005 secs] 125576K->125090K(524224K), 0.0011574 secs] [Times: user=0.00 sys=0.00, real=0.00 secs] 
21.594: [GC (Allocation Failure) 21.594: [DefNew: 960K->63K(960K), 0.0013500 secs] 125986K->125528K(524224K), 0.0014826 secs] [Times: user=0.00 sys=0.00, real=0.00 secs] 
21.596: [GC (Allocation Failure) 21.596: [DefNew: 959K->63K(960K), 0.0011139 secs] 126424K->125899K(524224K), 0.0011708 secs] [Times: user=0.00 sys=0.00, real=0.00 secs] 
21.599: [GC (Allocation Failure) 21.599: [DefNew: 959K->64K(960K), 0.0010137 secs] 126795K->126283K(524224K), 0.0010832 secs] [Times: user=0.00 sys=0.00, real=0.00 secs] 
21.602: [GC (Allocation Failure) 21.602: [DefNew: 960K->63K(960K), 0.0011120 secs] 127180K->126708K(524224K), 0.0011728 secs] [Times: user=0.00 sys=0.00, real=0.00 secs] 
21.604: [GC (Allocation Failure) 21.604: [DefNew: 959K->64K(960K), 0.0011586 secs] 127604K->127128K(524224K), 0.0012308 secs] [Times: user=0.00 sys=0.00, real=0.00 secs] 
21.607: [GC (Allocation Failure) 21.607: [DefNew: 960K->63K(960K), 0.0010303 secs] 128024K->127551K(524224K), 0.0010867 secs] [Times: user=0.00 sys=0.00, real=0.00 secs] 
21.609: [GC (Allocation Failure) 21.609: [DefNew: 959K->63K(960K), 0.0010820 secs] 128448K->127954K(524224K), 0.0011507 secs] [Times: user=0.00 sys=0.00, real=0.00 secs] 
21.612: [GC (Allocation Failure) 21.612: [DefNew: 959K->63K(960K), 0.0011771 secs] 128851K->128404K(524224K), 0.0012430 secs] [Times: user=0.00 sys=0.00, real=0.00 secs] 
21.616: [GC (Allocation Failure) 21.616: [DefNew: 959K->63K(960K), 0.0012466 secs] 129302K->128828K(524224K), 0.0013176 secs] [Times: user=0.00 sys=0.00, real=0.00 secs] 
21.618: [GC (Allocation Failure) 21.618: [DefNew: 959K->64K(960K), 0.0012395 secs] 129724K->129231K(524224K), 0.0012971 secs] [Times: user=0.00 sys=0.00, real=0.00 secs] 
21.621: [GC (Allocation Failure) 21.621: [DefNew: 960K->64K(960K), 0.0012383 secs] 130128K->129688K(524224K), 0.0013062 secs] [Times: user=0.00 sys=0.00, real=0.00 secs] 
21.623: [GC (Allocation Failure) 21.623: [DefNew: 960K->63K(960K), 0.0011838 secs] 130586K->130105K(524224K), 0.0012470 secs] [Times: user=0.00 sys=0.00, real=0.00 secs] 
21.626: [GC (Allocation Failure) 21.626: [DefNew: 959K->63K(960K), 0.0015107 secs] 131004K->130522K(524224K), 0.0015936 secs] [Times: user=0.00 sys=0.00, real=0.00 secs] 
21.630: [GC (Allocation Failure) 21.630: [DefNew: 959K->64K(960K), 0.0011972 secs] 131418K->130962K(524224K), 0.0012711 secs] [Times: user=0.00 sys=0.00, real=0.00 secs] 
21.632: [GC (Allocation Failure) 21.632: [DefNew: 960K->63K(960K), 0.0010867 secs] 131859K->131382K(524224K), 0.0011459 secs] [Times: user=0.00 sys=0.00, real=0.00 secs] 
21.635: [GC (Allocation Failure) 21.635: [DefNew: 959K->63K(960K), 0.0011175 secs] 132278K->131809K(524224K), 0.0011803 secs] [Times: user=0.00 sys=0.00, real=0.00 secs] 
21.638: [GC (Allocation Failure) 21.638: [DefNew: 959K->64K(960K), 0.0012912 secs] 132708K->132195K(524224K), 0.0013867 secs] [Times: user=0.00 sys=0.00, real=0.00 secs] 
21.641: [GC (Allocation Failure) 21.641: [DefNew: 960K->64K(960K), 0.0012111 secs] 133091K->132631K(524224K), 0.0012809 secs] [Times: user=0.00 sys=0.00, real=0.00 secs] 
21.644: [GC (Allocation Failure) 21.644: [DefNew: 960K->64K(960K), 0.0012486 secs] 133528K->133088K(524224K), 0.0013133 secs] [Times: user=0.00 sys=0.00, real=0.00 secs] 
21.646: [GC (Allocation Failure) 21.646: [DefNew: 960K->64K(960K), 0.0012612 secs] 133984K->133480K(524224K), 0.0013251 secs] [Times: user=0.00 sys=0.00, real=0.00 secs] 
21.649: [GC (Allocation Failure) 21.649: [DefNew: 960K->64K(960K), 0.0011972 secs] 134376K->133937K(524224K), 0.0012537 secs] [Times: user=0.00 sys=0.00, real=0.00 secs] 
21.651: [GC (Allocation Failure) 21.651: [DefNew: 960K->64K(960K), 0.0012229 secs] 134833K->134348K(524224K), 0.0012849 secs] [Times: user=0.00 sys=0.00, real=0.00 secs] 
21.654: [GC (Allocation Failure) 21.654: [DefNew: 960K->64K(960K), 0.0012762 secs] 135245K->134748K(524224K), 0.0013678 secs] [Times: user=0.00 sys=0.00, real=0.00 secs] 
21.657: [GC (Allocation Failure) 21.657: [DefNew: 960K->63K(960K), 0.0012497 secs] 135645K->135205K(524224K), 0.0013121 secs] [Times: user=0.00 sys=0.00, real=0.00 secs] 
21.659: [GC (Allocation Failure) 21.659: [DefNew: 959K->64K(960K), 0.0016164 secs] 136102K->135626K(524224K), 0.0017475 secs] [Times: user=0.00 sys=0.01, real=0.00 secs] 
21.663: [GC (Allocation Failure) 21.663: [DefNew: 960K->64K(960K), 0.0012549 secs] 136522K->136063K(524224K), 0.0013295 secs] [Times: user=0.00 sys=0.00, real=0.00 secs] 
21.665: [GC (Allocation Failure) 21.665: [DefNew: 960K->64K(960K), 0.0010836 secs] 136960K->136462K(524224K), 0.0011420 secs] [Times: user=0.00 sys=0.00, real=0.00 secs] 
21.668: [GC (Allocation Failure) 21.668: [DefNew: 960K->63K(960K), 0.0010697 secs] 137358K->136890K(524224K), 0.0011357 secs] [Times: user=0.00 sys=0.00, real=0.00 secs] 
21.675: [GC (Allocation Failure) 21.675: [DefNew: 959K->64K(960K), 0.0012837 secs] 137787K->137364K(524224K), 0.0014017 secs] [Times: user=0.00 sys=0.00, real=0.00 secs] 
21.679: [GC (Allocation Failure) 21.679: [DefNew: 960K->63K(960K), 0.0012624 secs] 138261K->137749K(524224K), 0.0013476 secs] [Times: user=0.00 sys=0.00, real=0.00 secs] 
21.682: [GC (Allocation Failure) 21.682: [DefNew: 959K->64K(960K), 0.0012758 secs] 138646K->138217K(524224K), 0.0013496 secs] [Times: user=0.00 sys=0.00, real=0.00 secs] 
21.684: [GC (Allocation Failure) 21.684: [DefNew: 960K->63K(960K), 0.0012959 secs] 139113K->138619K(524224K), 0.0013764 secs] [Times: user=0.00 sys=0.00, real=0.00 secs] 
21.687: [GC (Allocation Failure) 21.687: [DefNew: 959K->63K(960K), 0.0011463 secs] 139515K->139030K(524224K), 0.0012095 secs] [Times: user=0.00 sys=0.00, real=0.00 secs] 
21.690: [GC (Allocation Failure) 21.690: [DefNew: 959K->63K(960K), 0.0012955 secs] 139927K->139513K(524224K), 0.0013563 secs] [Times: user=0.00 sys=0.00, real=0.00 secs] 
21.692: [GC (Allocation Failure) 21.692: [DefNew: 959K->64K(960K), 0.0024497 secs] 140410K->139936K(524224K), 0.0025536 secs] [Times: user=0.02 sys=0.00, real=0.00 secs] 
21.697: [GC (Allocation Failure) 21.697: [DefNew: 960K->63K(960K), 0.0012197 secs] 140833K->140380K(524224K), 0.0012928 secs] [Times: user=0.00 sys=0.00, real=0.00 secs] 
21.700: [GC (Allocation Failure) 21.700: [DefNew: 959K->64K(960K), 0.0011132 secs] 141276K->140794K(524224K), 0.0011826 secs] [Times: user=0.00 sys=0.00, real=0.00 secs] 
21.702: [GC (Allocation Failure) 21.702: [DefNew: 960K->64K(960K), 0.0011680 secs] 141690K->141188K(524224K), 0.0012328 secs] [Times: user=0.00 sys=0.00, real=0.00 secs] 
21.705: [GC (Allocation Failure) 21.705: [DefNew: 960K->63K(960K), 0.0011589 secs] 142085K->141612K(524224K), 0.0012249 secs] [Times: user=0.00 sys=0.00, real=0.00 secs] 
21.707: [GC (Allocation Failure) 21.707: [DefNew: 959K->63K(960K), 0.0011124 secs] 142509K->142014K(524224K), 0.0011700 secs] [Times: user=0.02 sys=0.00, real=0.00 secs] 
21.710: [GC (Allocation Failure) 21.710: [DefNew: 959K->63K(960K), 0.0011937 secs] 142910K->142482K(524224K), 0.0012659 secs] [Times: user=0.00 sys=0.00, real=0.00 secs] 
21.713: [GC (Allocation Failure) 21.713: [DefNew: 959K->63K(960K), 0.0012122 secs] 143379K->142905K(524224K), 0.0012695 secs] [Times: user=0.00 sys=0.00, real=0.00 secs] 
21.715: [GC (Allocation Failure) 21.715: [DefNew: 959K->63K(960K), 0.0011984 secs] 143801K->143306K(524224K), 0.0012561 secs] [Times: user=0.00 sys=0.00, real=0.00 secs] 
21.718: [GC (Allocation Failure) 21.718: [DefNew: 959K->63K(960K), 0.0011534 secs] 144202K->143745K(524224K), 0.0012186 secs] [Times: user=0.00 sys=0.00, real=0.00 secs] 
21.720: [GC (Allocation Failure) 21.720: [DefNew: 959K->64K(960K), 0.0011664 secs] 144641K->144144K(524224K), 0.0012221 secs] [Times: user=0.00 sys=0.00, real=0.00 secs] 
21.723: [GC (Allocation Failure) 21.723: [DefNew: 960K->63K(960K), 0.0012150 secs] 145040K->144574K(524224K), 0.0012857 secs] [Times: user=0.02 sys=0.00, real=0.00 secs] 
21.726: [GC (Allocation Failure) 21.726: [DefNew: 959K->63K(960K), 0.0016689 secs] 145470K->144986K(524224K), 0.0017526 secs] [Times: user=0.00 sys=0.00, real=0.00 secs] 
21.729: [GC (Allocation Failure) 21.729: [DefNew: 959K->64K(960K), 0.0011925 secs] 145884K->145377K(524224K), 0.0012628 secs] [Times: user=0.00 sys=0.00, real=0.00 secs] 
21.732: [GC (Allocation Failure) 21.732: [DefNew: 960K->64K(960K), 0.0011554 secs] 146273K->145839K(524224K), 0.0012114 secs] [Times: user=0.00 sys=0.00, real=0.00 secs] 
21.734: [GC (Allocation Failure) 21.734: [DefNew: 960K->63K(960K), 0.0011834 secs] 146736K->146245K(524224K), 0.0012422 secs] [Times: user=0.00 sys=0.00, real=0.00 secs] 
21.738: [GC (Allocation Failure) 21.738: [DefNew: 959K->64K(960K), 0.0012801 secs] 147141K->146666K(524224K), 0.0013883 secs] [Times: user=0.00 sys=0.02, real=0.00 secs] 
21.741: [GC (Allocation Failure) 21.741: [DefNew: 960K->63K(960K), 0.0011672 secs] 147562K->147055K(524224K), 0.0012845 secs] [Times: user=0.00 sys=0.00, real=0.00 secs] 
21.743: [GC (Allocation Failure) 21.743: [DefNew: 959K->63K(960K), 0.0011511 secs] 147951K->147463K(524224K), 0.0012363 secs] [Times: user=0.00 sys=0.00, real=0.00 secs] 
21.746: [GC (Allocation Failure) 21.746: [DefNew: 959K->63K(960K), 0.0012032 secs] 148360K->147879K(524224K), 0.0012730 secs] [Times: user=0.00 sys=0.00, real=0.00 secs] 
21.748: [GC (Allocation Failure) 21.748: [DefNew: 959K->64K(960K), 0.0011826 secs] 148778K->148283K(524224K), 0.0012407 secs] [Times: user=0.00 sys=0.00, real=0.00 secs] 
21.751: [GC (Allocation Failure) 21.751: [DefNew: 960K->64K(960K), 0.0011554 secs] 149180K->148690K(524224K), 0.0012114 secs] [Times: user=0.00 sys=0.00, real=0.00 secs] 
21.754: [GC (Allocation Failure) 21.754: [DefNew: 960K->64K(960K), 0.0014337 secs] 149586K->149106K(524224K), 0.0015399 secs] [Times: user=0.02 sys=0.00, real=0.00 secs] 
21.756: [GC (Allocation Failure) 21.756: [DefNew: 960K->63K(960K), 0.0012454 secs] 150002K->149516K(524224K), 0.0013168 secs] [Times: user=0.00 sys=0.00, real=0.00 secs] 
21.759: [GC (Allocation Failure) 21.759: [DefNew: 959K->63K(960K), 0.0016011 secs] 150414K->149931K(524224K), 0.0017459 secs] [Times: user=0.00 sys=0.00, real=0.00 secs] 
21.762: [GC (Allocation Failure) 21.762: [DefNew: 959K->64K(960K), 0.0011696 secs] 150828K->150326K(524224K), 0.0012371 secs] [Times: user=0.00 sys=0.00, real=0.00 secs] 
21.765: [GC (Allocation Failure) 21.765: [DefNew: 960K->64K(960K), 0.0011664 secs] 151222K->150773K(524224K), 0.0012312 secs] [Times: user=0.00 sys=0.00, real=0.00 secs] 
21.768: [GC (Allocation Failure) 21.768: [DefNew: 960K->64K(960K), 0.0011732 secs] 151671K->151215K(524224K), 0.0012351 secs] [Times: user=0.00 sys=0.00, real=0.00 secs] 
21.774: [GC (Allocation Failure) 21.774: [DefNew: 960K->63K(960K), 0.0012051 secs] 152111K->151630K(524224K), 0.0013228 secs] [Times: user=0.00 sys=0.00, real=0.00 secs] 
21.777: [GC (Allocation Failure) 21.777: [DefNew: 959K->64K(960K), 0.0012450 secs] 152526K->152067K(524224K), 0.0013196 secs] [Times: user=0.00 sys=0.00, real=0.00 secs] 
21.780: [GC (Allocation Failure) 21.780: [DefNew: 960K->63K(960K), 0.0012600 secs] 152964K->152493K(524224K), 0.0013386 secs] [Times: user=0.00 sys=0.00, real=0.00 secs] 
21.782: [GC (Allocation Failure) 21.782: [DefNew: 959K->64K(960K), 0.0012521 secs] 153389K->152873K(524224K), 0.0013259 secs] [Times: user=0.00 sys=0.00, real=0.00 secs] 
21.785: [GC (Allocation Failure) 21.785: [DefNew: 960K->63K(960K), 0.0015580 secs] 153769K->153315K(524224K), 0.0016449 secs] [Times: user=0.02 sys=0.00, real=0.00 secs] 
21.788: [GC (Allocation Failure) 21.788: [DefNew: 959K->64K(960K), 0.0013350 secs] 154212K->153704K(524224K), 0.0014226 secs] [Times: user=0.00 sys=0.00, real=0.00 secs] 
21.791: [GC (Allocation Failure) 21.791: [DefNew: 960K->64K(960K), 0.0012430 secs] 154601K->154168K(524224K), 0.0013022 secs] [Times: user=0.00 sys=0.00, real=0.00 secs] 
21.794: [GC (Allocation Failure) 21.794: [DefNew: 960K->63K(960K), 0.0014199 secs] 155064K->154607K(524224K), 0.0015403 secs] [Times: user=0.00 sys=0.00, real=0.00 secs] 
21.797: [GC (Allocation Failure) 21.797: [DefNew: 959K->63K(960K), 0.0012434 secs] 155504K->155029K(524224K), 0.0013141 secs] [Times: user=0.00 sys=0.00, real=0.00 secs] 
21.800: [GC (Allocation Failure) 21.800: [DefNew: 959K->63K(960K), 0.0012438 secs] 155926K->155493K(524224K), 0.0013101 secs] [Times: user=0.00 sys=0.00, real=0.00 secs] 
21.802: [GC (Allocation Failure) 21.802: [DefNew: 959K->64K(960K), 0.0012016 secs] 156389K->155916K(524224K), 0.0012616 secs] [Times: user=0.00 sys=0.00, real=0.00 secs] 
21.805: [GC (Allocation Failure) 21.805: [DefNew: 960K->64K(960K), 0.0011684 secs] 156813K->156362K(524224K), 0.0012336 secs] [Times: user=0.00 sys=0.00, real=0.00 secs] 
21.808: [GC (Allocation Failure) 21.808: [DefNew: 960K->63K(960K), 0.0011739 secs] 157258K->156793K(524224K), 0.0012312 secs] [Times: user=0.00 sys=0.00, real=0.00 secs] 
21.810: [GC (Allocation Failure) 21.810: [DefNew: 959K->64K(960K), 0.0011783 secs] 157689K->157217K(524224K), 0.0012438 secs] [Times: user=0.00 sys=0.00, real=0.00 secs] 
21.813: [GC (Allocation Failure) 21.813: [DefNew: 960K->64K(960K), 0.0012541 secs] 158113K->157667K(524224K), 0.0013279 secs] [Times: user=0.00 sys=0.00, real=0.00 secs] 
21.815: [GC (Allocation Failure) 21.815: [DefNew: 960K->64K(960K), 0.0012750 secs] 158564K->158095K(524224K), 0.0013409 secs] [Times: user=0.00 sys=0.00, real=0.00 secs] 
21.818: [GC (Allocation Failure) 21.818: [DefNew: 960K->63K(960K), 0.0011818 secs] 158991K->158506K(524224K), 0.0012442 secs] [Times: user=0.00 sys=0.00, real=0.00 secs] 
21.821: [GC (Allocation Failure) 21.821: [DefNew: 959K->64K(960K), 0.0013788 secs] 159403K->158929K(524224K), 0.0014526 secs] [Times: user=0.00 sys=0.00, real=0.00 secs] 
21.823: [GC (Allocation Failure) 21.823: [DefNew: 960K->64K(960K), 0.0013212 secs] 159825K->159351K(524224K), 0.0013899 secs] [Times: user=0.00 sys=0.00, real=0.00 secs] 
21.826: [GC (Allocation Failure) 21.826: [DefNew: 960K->63K(960K), 0.0013378 secs] 160247K->159787K(524224K), 0.0014262 secs] [Times: user=0.00 sys=0.00, real=0.00 secs] 
21.829: [GC (Allocation Failure) 21.829: [DefNew: 959K->64K(960K), 0.0014064 secs] 160683K->160330K(524224K), 0.0015150 secs] [Times: user=0.00 sys=0.00, real=0.00 secs] 
21.832: [GC (Allocation Failure) 21.832: [DefNew: 960K->64K(960K), 0.0012999 secs] 161227K->160795K(524224K), 0.0013603 secs] [Times: user=0.02 sys=0.00, real=0.00 secs] 
21.835: [GC (Allocation Failure) 21.835: [DefNew: 960K->63K(960K), 0.0012474 secs] 161692K->161195K(524224K), 0.0013287 secs] [Times: user=0.00 sys=0.00, real=0.00 secs] 
21.837: [GC (Allocation Failure) 21.837: [DefNew: 959K->63K(960K), 0.0012967 secs] 162092K->161588K(524224K), 0.0013847 secs] [Times: user=0.00 sys=0.00, real=0.00 secs] 
21.841: [GC (Allocation Failure) 21.841: [DefNew: 959K->63K(960K), 0.0012979 secs] 162485K->161998K(524224K), 0.0014049 secs] [Times: user=0.00 sys=0.00, real=0.00 secs] 
21.843: [GC (Allocation Failure) 21.843: [DefNew: 959K->64K(960K), 0.0012312 secs] 162895K->162428K(524224K), 0.0013042 secs] [Times: user=0.00 sys=0.00, real=0.00 secs] 
21.846: [GC (Allocation Failure) 21.846: [DefNew: 960K->64K(960K), 0.0012604 secs] 163325K->162839K(524224K), 0.0013267 secs] [Times: user=0.00 sys=0.00, real=0.00 secs] 
21.849: [GC (Allocation Failure) 21.849: [DefNew: 960K->63K(960K), 0.0012608 secs] 163735K->163273K(524224K), 0.0013311 secs] [Times: user=0.00 sys=0.00, real=0.00 secs] 
21.851: [GC (Allocation Failure) 21.851: [DefNew: 959K->64K(960K), 0.0012880 secs] 164170K->163697K(524224K), 0.0013464 secs] [Times: user=0.00 sys=0.00, real=0.00 secs] 
21.854: [GC (Allocation Failure) 21.855: [DefNew: 960K->64K(960K), 0.0015150 secs] 164594K->164152K(524224K), 0.0016251 secs] [Times: user=0.00 sys=0.00, real=0.00 secs] 
21.857: [GC (Allocation Failure) 21.857: [DefNew: 960K->63K(960K), 0.0013318 secs] 165049K->164540K(524224K), 0.0013970 secs] [Times: user=0.00 sys=0.00, real=0.00 secs] 
21.860: [GC (Allocation Failure) 21.860: [DefNew: 959K->63K(960K), 0.0015568 secs] 165437K->165001K(524224K), 0.0016532 secs] [Times: user=0.00 sys=0.00, real=0.00 secs] 
21.864: [GC (Allocation Failure) 21.864: [DefNew: 959K->63K(960K), 0.0014455 secs] 165897K->165476K(524224K), 0.0015150 secs] [Times: user=0.00 sys=0.00, real=0.00 secs] 
21.866: [GC (Allocation Failure) 21.866: [DefNew: 959K->63K(960K), 0.0012572 secs] 166372K->165889K(524224K), 0.0013255 secs] [Times: user=0.00 sys=0.00, real=0.00 secs] 
21.869: [GC (Allocation Failure) 21.869: [DefNew: 959K->64K(960K), 0.0018276 secs] 166786K->166314K(524224K), 0.0019208 secs] [Times: user=0.00 sys=0.00, real=0.00 secs] 
21.875: [GC (Allocation Failure) 21.875: [DefNew: 960K->64K(960K), 0.0012328 secs] 167211K->166727K(524224K), 0.0013472 secs] [Times: user=0.00 sys=0.00, real=0.00 secs] 
21.878: [GC (Allocation Failure) 21.878: [DefNew: 960K->63K(960K), 0.0012284 secs] 167625K->167134K(524224K), 0.0013145 secs] [Times: user=0.00 sys=0.00, real=0.00 secs] 
21.882: [GC (Allocation Failure) 21.882: [DefNew: 959K->63K(960K), 0.0012296 secs] 168032K->167550K(524224K), 0.0013137 secs] [Times: user=0.00 sys=0.00, real=0.00 secs] 
21.883: [GC (Allocation Failure) 21.883: [DefNew: 959K->63K(960K), 0.0012825 secs] 168448K->167942K(524224K), 0.0013689 secs] [Times: user=0.00 sys=0.00, real=0.00 secs] 
21.886: [GC (Allocation Failure) 21.886: [DefNew: 959K->64K(960K), 0.0012596 secs] 168839K->168366K(524224K), 0.0013516 secs] [Times: user=0.00 sys=0.00, real=0.00 secs] 
21.889: [GC (Allocation Failure) 21.889: [DefNew: 960K->64K(960K), 0.0012778 secs] 169262K->168753K(524224K), 0.0013559 secs] [Times: user=0.00 sys=0.00, real=0.00 secs] 
21.891: [GC (Allocation Failure) 21.891: [DefNew: 960K->63K(960K), 0.0012513 secs] 169649K->169172K(524224K), 0.0013172 secs] [Times: user=0.00 sys=0.00, real=0.00 secs] 
21.894: [GC (Allocation Failure) 21.895: [DefNew: 959K->63K(960K), 0.0016488 secs] 170069K->169633K(524224K), 0.0018075 secs] [Times: user=0.01 sys=0.00, real=0.00 secs] 
21.897: [GC (Allocation Failure) 21.897: [DefNew: 959K->64K(960K), 0.0012371 secs] 170530K->170041K(524224K), 0.0013011 secs] [Times: user=0.00 sys=0.00, real=0.00 secs] 
21.900: [GC (Allocation Failure) 21.900: [DefNew: 960K->63K(960K), 0.0011771 secs] 170939K->170500K(524224K), 0.0012347 secs] [Times: user=0.00 sys=0.00, real=0.00 secs] 
21.903: [GC (Allocation Failure) 21.903: [DefNew: 959K->64K(960K), 0.0011846 secs] 171398K->170893K(524224K), 0.0012529 secs] [Times: user=0.00 sys=0.00, real=0.00 secs] 
21.905: [GC (Allocation Failure) 21.905: [DefNew: 960K->63K(960K), 0.0011629 secs] 171789K->171302K(524224K), 0.0012217 secs] [Times: user=0.00 sys=0.00, real=0.00 secs] 
21.908: [GC (Allocation Failure) 21.908: [DefNew: 959K->64K(960K), 0.0011704 secs] 172199K->171737K(524224K), 0.0012367 secs] [Times: user=0.00 sys=0.00, real=0.00 secs] 
21.910: [GC (Allocation Failure) 21.910: [DefNew: 960K->63K(960K), 0.0012474 secs] 172634K->172138K(524224K), 0.0013133 secs] [Times: user=0.02 sys=0.00, real=0.00 secs] 
21.913: [GC (Allocation Failure) 21.913: [DefNew: 959K->64K(960K), 0.0012766 secs] 173036K->172595K(524224K), 0.0013559 secs] [Times: user=0.00 sys=0.00, real=0.00 secs] 
21.916: [GC (Allocation Failure) 21.916: [DefNew: 960K->63K(960K), 0.0012995 secs] 173492K->173054K(524224K), 0.0013599 secs] [Times: user=0.00 sys=0.00, real=0.00 secs] 
21.918: [GC (Allocation Failure) 21.918: [DefNew: 959K->64K(960K), 0.0013003 secs] 173950K->173438K(524224K), 0.0013622 secs] [Times: user=0.00 sys=0.00, real=0.00 secs] 
21.921: [GC (Allocation Failure) 21.921: [DefNew: 960K->64K(960K), 0.0012118 secs] 174334K->173854K(524224K), 0.0012738 secs] [Times: user=0.00 sys=0.00, real=0.00 secs] 
21.923: [GC (Allocation Failure) 21.923: [DefNew: 960K->64K(960K), 0.0012466 secs] 174751K->174269K(524224K), 0.0013153 secs] [Times: user=0.00 sys=0.00, real=0.00 secs] 
21.926: [GC (Allocation Failure) 21.926: [DefNew: 960K->64K(960K), 0.0016705 secs] 175166K->174667K(524224K), 0.0017550 secs] [Times: user=0.01 sys=0.00, real=0.00 secs] 
21.930: [GC (Allocation Failure) 21.930: [DefNew: 960K->63K(960K), 0.0012620 secs] 175563K->175108K(524224K), 0.0013303 secs] [Times: user=0.00 sys=0.00, real=0.00 secs] 
21.932: [GC (Allocation Failure) 21.932: [DefNew: 959K->63K(960K), 0.0011976 secs] 176005K->175528K(524224K), 0.0012537 secs] [Times: user=0.00 sys=0.00, real=0.00 secs] 
21.935: [GC (Allocation Failure) 21.935: [DefNew: 959K->63K(960K), 0.0011834 secs] 176424K->175934K(524224K), 0.0012521 secs] [Times: user=0.00 sys=0.00, real=0.00 secs] 
21.937: [GC (Allocation Failure) 21.937: [DefNew: 959K->63K(960K), 0.0011712 secs] 176831K->176350K(524224K), 0.0012359 secs] [Times: user=0.00 sys=0.00, real=0.00 secs] 
21.940: [GC (Allocation Failure) 21.940: [DefNew: 959K->64K(960K), 0.0013484 secs] 177246K->176739K(524224K), 0.0014874 secs] [Times: user=0.00 sys=0.00, real=0.00 secs] 
21.943: [GC (Allocation Failure) 21.943: [DefNew: 960K->63K(960K), 0.0012367 secs] 177636K->177174K(524224K), 0.0013239 secs] [Times: user=0.00 sys=0.00, real=0.00 secs] 
21.946: [GC (Allocation Failure) 21.946: [DefNew: 959K->64K(960K), 0.0012943 secs] 178071K->177558K(524224K), 0.0013713 secs] [Times: user=0.00 sys=0.00, real=0.00 secs] 
21.948: [GC (Allocation Failure) 21.948: [DefNew: 960K->64K(960K), 0.0013307 secs] 178455K->178005K(524224K), 0.0013895 secs] [Times: user=0.00 sys=0.00, real=0.00 secs] 
21.951: [GC (Allocation Failure) 21.951: [DefNew: 960K->64K(960K), 0.0012497 secs] 178902K->178393K(524224K), 0.0013066 secs] [Times: user=0.00 sys=0.00, real=0.00 secs] 
21.953: [GC (Allocation Failure) 21.953: [DefNew: 960K->64K(960K), 0.0014337 secs] 179289K->178775K(524224K), 0.0015174 secs] [Times: user=0.00 sys=0.00, real=0.00 secs] 
21.956: [GC (Allocation Failure) 21.956: [DefNew: 960K->63K(960K), 0.0013137 secs] 179672K->179228K(524224K), 0.0013887 secs] [Times: user=0.00 sys=0.00, real=0.00 secs] 
21.958: [GC (Allocation Failure) 21.958: [DefNew: 959K->64K(960K), 0.0014246 secs] 180125K->179628K(524224K), 0.0015067 secs] [Times: user=0.00 sys=0.00, real=0.00 secs] 
21.961: [GC (Allocation Failure) 21.961: [DefNew: 960K->63K(960K), 0.0013875 secs] 180525K->180132K(524224K), 0.0014676 secs] [Times: user=0.00 sys=0.00, real=0.00 secs] 
21.964: [GC (Allocation Failure) 21.964: [DefNew: 959K->64K(960K), 0.0013117 secs] 181030K->180554K(524224K), 0.0013816 secs] [Times: user=0.00 sys=0.00, real=0.00 secs] 
21.966: [GC (Allocation Failure) 21.966: [DefNew: 960K->64K(960K), 0.0011451 secs] 181450K->180940K(524224K), 0.0012099 secs] [Times: user=0.00 sys=0.00, real=0.00 secs] 
21.969: [GC (Allocation Failure) 21.969: [DefNew: 960K->63K(960K), 0.0018020 secs] 181837K->181408K(524224K), 0.0018829 secs] [Times: user=0.00 sys=0.00, real=0.00 secs] 
21.974: [GC (Allocation Failure) 21.974: [DefNew: 959K->64K(960K), 0.0015600 secs] 182305K->181817K(524224K), 0.0016871 secs] [Times: user=0.00 sys=0.00, real=0.00 secs] 
21.977: [GC (Allocation Failure) 21.977: [DefNew: 960K->63K(960K), 0.0013409 secs] 182713K->182272K(524224K), 0.0014222 secs] [Times: user=0.00 sys=0.00, real=0.00 secs] 
21.980: [GC (Allocation Failure) 21.980: [DefNew: 959K->63K(960K), 0.0013003 secs] 183169K->182714K(524224K), 0.0013662 secs] [Times: user=0.00 sys=0.00, real=0.00 secs] 
21.982: [GC (Allocation Failure) 21.982: [DefNew: 959K->63K(960K), 0.0012580 secs] 183613K->183098K(524224K), 0.0013172 secs] [Times: user=0.00 sys=0.00, real=0.00 secs] 
21.985: [GC (Allocation Failure) 21.985: [DefNew: 959K->63K(960K), 0.0012158 secs] 183994K->183514K(524224K), 0.0012888 secs] [Times: user=0.00 sys=0.00, real=0.00 secs] 
21.987: [GC (Allocation Failure) 21.987: [DefNew: 959K->64K(960K), 0.0013843 secs] 184410K->183963K(524224K), 0.0014586 secs] [Times: user=0.00 sys=0.00, real=0.00 secs] 
21.990: [GC (Allocation Failure) 21.990: [DefNew: 960K->63K(960K), 0.0013942 secs] 184860K->184375K(524224K), 0.0014704 secs] [Times: user=0.00 sys=0.00, real=0.00 secs] 
21.993: [GC (Allocation Failure) 21.993: [DefNew: 959K->63K(960K), 0.0015572 secs] 185273K->184840K(524224K), 0.0016421 secs] [Times: user=0.00 sys=0.00, real=0.00 secs] 
21.996: [GC (Allocation Failure) 21.996: [DefNew: 959K->63K(960K), 0.0013291 secs] 185738K->185255K(524224K), 0.0013922 secs] [Times: user=0.00 sys=0.00, real=0.00 secs] 
21.999: [GC (Allocation Failure) 21.999: [DefNew: 959K->64K(960K), 0.0011968 secs] 186152K->185681K(524224K), 0.0012604 secs] [Times: user=0.00 sys=0.00, real=0.00 secs] 
22.001: [GC (Allocation Failure) 22.001: [DefNew: 960K->63K(960K), 0.0011862 secs] 186579K->186102K(524224K), 0.0012422 secs] [Times: user=0.00 sys=0.00, real=0.00 secs] 
22.004: [GC (Allocation Failure) 22.004: [DefNew: 959K->64K(960K), 0.0016417 secs] 186998K->186528K(524224K), 0.0017305 secs] [Times: user=0.02 sys=0.00, real=0.00 secs] 
22.008: [GC (Allocation Failure) 22.008: [DefNew: 960K->63K(960K), 0.0012146 secs] 187425K->186954K(524224K), 0.0012782 secs] [Times: user=0.00 sys=0.00, real=0.00 secs] 
22.010: [GC (Allocation Failure) 22.010: [DefNew: 959K->64K(960K), 0.0011582 secs] 187851K->187373K(524224K), 0.0012146 secs] [Times: user=0.00 sys=0.00, real=0.00 secs] 
22.013: [GC (Allocation Failure) 22.013: [DefNew: 960K->64K(960K), 0.0013638 secs] 188269K->187830K(524224K), 0.0014459 secs] [Times: user=0.00 sys=0.00, real=0.00 secs] 
22.015: [GC (Allocation Failure) 22.015: [DefNew: 960K->64K(960K), 0.0013030 secs] 188727K->188228K(524224K), 0.0013686 secs] [Times: user=0.00 sys=0.00, real=0.00 secs] 
22.018: [GC (Allocation Failure) 22.018: [DefNew: 960K->64K(960K), 0.0012418 secs] 189127K->188670K(524224K), 0.0012987 secs] [Times: user=0.00 sys=0.00, real=0.00 secs] 
22.021: [GC (Allocation Failure) 22.021: [DefNew: 960K->64K(960K), 0.0014195 secs] 189566K->189109K(524224K), 0.0014945 secs] [Times: user=0.00 sys=0.00, real=0.00 secs] 
22.023: [GC (Allocation Failure) 22.023: [DefNew: 960K->63K(960K), 0.0013642 secs] 190005K->189537K(524224K), 0.0014305 secs] [Times: user=0.00 sys=0.00, real=0.00 secs] 
22.026: [GC (Allocation Failure) 22.026: [DefNew: 959K->64K(960K), 0.0016184 secs] 190435K->189963K(524224K), 0.0016958 secs] [Times: user=0.00 sys=0.00, real=0.00 secs] 
22.029: [GC (Allocation Failure) 22.029: [DefNew: 960K->63K(960K), 0.0012841 secs] 190859K->190380K(524224K), 0.0013433 secs] [Times: user=0.00 sys=0.00, real=0.00 secs] 
22.032: [GC (Allocation Failure) 22.032: [DefNew: 959K->64K(960K), 0.0011578 secs] 191276K->190838K(524224K), 0.0012150 secs] [Times: user=0.00 sys=0.00, real=0.00 secs] 
22.035: [GC (Allocation Failure) 22.035: [DefNew: 960K->64K(960K), 0.0012896 secs] 191734K->191270K(524224K), 0.0013583 secs] [Times: user=0.02 sys=0.00, real=0.00 secs] 
22.037: [GC (Allocation Failure) 22.037: [DefNew: 960K->64K(960K), 0.0012221 secs] 192166K->191691K(524224K), 0.0012900 secs] [Times: user=0.00 sys=0.00, real=0.00 secs] 
22.041: [GC (Allocation Failure) 22.041: [DefNew: 960K->63K(960K), 0.0013378 secs] 192587K->192083K(524224K), 0.0014459 secs] [Times: user=0.00 sys=0.00, real=0.00 secs] 
22.044: [GC (Allocation Failure) 22.044: [DefNew: 959K->63K(960K), 0.0012916 secs] 192980K->192516K(524224K), 0.0013551 secs] [Times: user=0.00 sys=0.00, real=0.00 secs] 
22.046: [GC (Allocation Failure) 22.046: [DefNew: 959K->63K(960K), 0.0013034 secs] 193412K->192935K(524224K), 0.0013622 secs] [Times: user=0.00 sys=0.00, real=0.00 secs] 
22.049: [GC (Allocation Failure) 22.049: [DefNew: 959K->64K(960K), 0.0013121 secs] 193834K->193393K(524224K), 0.0013796 secs] [Times: user=0.00 sys=0.00, real=0.00 secs] 
22.051: [GC (Allocation Failure) 22.051: [DefNew: 960K->63K(960K), 0.0015789 secs] 194289K->193811K(524224K), 0.0016508 secs] [Times: user=0.00 sys=0.00, real=0.00 secs] 
22.055: [GC (Allocation Failure) 22.055: [DefNew: 959K->63K(960K), 0.0014586 secs] 194707K->194259K(524224K), 0.0015722 secs] [Times: user=0.00 sys=0.00, real=0.00 secs] 
22.059: [GC (Allocation Failure) 22.059: [DefNew: 959K->64K(960K), 0.0018418 secs] 195157K->194707K(524224K), 0.0019764 secs] [Times: user=0.00 sys=0.00, real=0.00 secs] 
22.062: [GC (Allocation Failure) 22.062: [DefNew: 960K->64K(960K), 0.0012999 secs] 195604K->195102K(524224K), 0.0013634 secs] [Times: user=0.00 sys=0.00, real=0.00 secs] 
22.065: [GC (Allocation Failure) 22.065: [DefNew: 960K->63K(960K), 0.0013058 secs] 195998K->195569K(524224K), 0.0013713 secs] [Times: user=0.00 sys=0.00, real=0.00 secs] 
22.067: [GC (Allocation Failure) 22.067: [DefNew: 959K->63K(960K), 0.0012738 secs] 196466K->195987K(524224K), 0.0013350 secs] [Times: user=0.00 sys=0.00, real=0.00 secs] 
22.074: [GC (Allocation Failure) 22.074: [DefNew: 959K->64K(960K), 0.0013251 secs] 196883K->196412K(524224K), 0.0014392 secs] [Times: user=0.00 sys=0.00, real=0.00 secs] 
22.077: [GC (Allocation Failure) 22.077: [DefNew: 960K->63K(960K), 0.0012308 secs] 197309K->196837K(524224K), 0.0013070 secs] [Times: user=0.00 sys=0.00, real=0.00 secs] 
22.079: [GC (Allocation Failure) 22.079: [DefNew: 959K->64K(960K), 0.0012600 secs] 197733K->197257K(524224K), 0.0013334 secs] [Times: user=0.00 sys=0.00, real=0.00 secs] 
22.082: [GC (Allocation Failure) 22.082: [DefNew: 960K->64K(960K), 0.0012316 secs] 198154K->197690K(524224K), 0.0012912 secs] [Times: user=0.02 sys=0.00, real=0.00 secs] 
22.085: [GC (Allocation Failure) 22.085: [DefNew: 960K->63K(960K), 0.0014207 secs] 198586K->198081K(524224K), 0.0015114 secs] [Times: user=0.00 sys=0.00, real=0.00 secs] 
22.088: [GC (Allocation Failure) 22.088: [DefNew: 959K->64K(960K), 0.0014222 secs] 198978K->198516K(524224K), 0.0014913 secs] [Times: user=0.00 sys=0.00, real=0.00 secs] 
22.091: [GC (Allocation Failure) 22.091: [DefNew: 960K->64K(960K), 0.0012900 secs] 199412K->198925K(524224K), 0.0013559 secs] [Times: user=0.00 sys=0.00, real=0.00 secs] 
22.093: [GC (Allocation Failure) 22.093: [DefNew: 960K->63K(960K), 0.0016275 secs] 199822K->199355K(524224K), 0.0017207 secs] [Times: user=0.00 sys=0.00, real=0.00 secs] 
22.097: [GC (Allocation Failure) 22.097: [DefNew: 959K->64K(960K), 0.0013753 secs] 200251K->199828K(524224K), 0.0014428 secs] [Times: user=0.02 sys=0.00, real=0.00 secs] 
22.099: [GC (Allocation Failure) 22.099: [DefNew: 960K->64K(960K), 0.0012320 secs] 200727K->200252K(524224K), 0.0012999 secs] [Times: user=0.00 sys=0.00, real=0.00 secs] 
22.102: [GC (Allocation Failure) 22.102: [DefNew: 960K->63K(960K), 0.0012726 secs] 201149K->200681K(524224K), 0.0013429 secs] [Times: user=0.00 sys=0.00, real=0.00 secs] 
22.105: [GC (Allocation Failure) 22.105: [DefNew: 959K->63K(960K), 0.0012714 secs] 201578K->201113K(524224K), 0.0013386 secs] [Times: user=0.00 sys=0.00, real=0.00 secs] 
22.107: [GC (Allocation Failure) 22.107: [DefNew: 959K->64K(960K), 0.0012624 secs] 202010K->201536K(524224K), 0.0013311 secs] [Times: user=0.00 sys=0.00, real=0.00 secs] 
22.110: [GC (Allocation Failure) 22.110: [DefNew: 960K->63K(960K), 0.0012355 secs] 202432K->202008K(524224K), 0.0012955 secs] [Times: user=0.00 sys=0.00, real=0.00 secs] 
22.112: [GC (Allocation Failure) 22.112: [DefNew: 959K->63K(960K), 0.0012928 secs] 202904K->202438K(524224K), 0.0013528 secs] [Times: user=0.00 sys=0.00, real=0.00 secs] 
22.115: [GC (Allocation Failure) 22.115: [DefNew: 959K->64K(960K), 0.0013109 secs] 203334K->202810K(524224K), 0.0013974 secs] [Times: user=0.00 sys=0.00, real=0.00 secs] 
22.118: [GC (Allocation Failure) 22.118: [DefNew: 960K->64K(960K), 0.0012813 secs] 203707K->203248K(524224K), 0.0013405 secs] [Times: user=0.00 sys=0.00, real=0.00 secs] 
22.120: [GC (Allocation Failure) 22.120: [DefNew: 960K->64K(960K), 0.0013346 secs] 204145K->203674K(524224K), 0.0014025 secs] [Times: user=0.00 sys=0.00, real=0.00 secs] 
22.123: [GC (Allocation Failure) 22.123: [DefNew: 960K->63K(960K), 0.0013425 secs] 204572K->204111K(524224K), 0.0014108 secs] [Times: user=0.00 sys=0.00, real=0.00 secs] 
22.127: [GC (Allocation Failure) 22.127: [DefNew: 959K->63K(960K), 0.0016326 secs] 205008K->204528K(524224K), 0.0017195 secs] [Times: user=0.00 sys=0.00, real=0.00 secs] 
22.129: [GC (Allocation Failure) 22.129: [DefNew: 959K->63K(960K), 0.0013539 secs] 205424K->204954K(524224K), 0.0014238 secs] [Times: user=0.00 sys=0.00, real=0.00 secs] 
22.132: [GC (Allocation Failure) 22.132: [DefNew: 959K->64K(960K), 0.0012699 secs] 205850K->205414K(524224K), 0.0013295 secs] [Times: user=0.00 sys=0.00, real=0.00 secs] 
22.134: [GC (Allocation Failure) 22.135: [DefNew: 960K->63K(960K), 0.0012861 secs] 206310K->205803K(524224K), 0.0013496 secs] [Times: user=0.00 sys=0.00, real=0.00 secs] 
22.137: [GC (Allocation Failure) 22.137: [DefNew: 959K->63K(960K), 0.0012936 secs] 206700K->206274K(524224K), 0.0013611 secs] [Times: user=0.00 sys=0.00, real=0.00 secs] 
22.140: [GC (Allocation Failure) 22.140: [DefNew: 959K->63K(960K), 0.0013824 secs] 207171K->206655K(524224K), 0.0014878 secs] [Times: user=0.00 sys=0.00, real=0.00 secs] 
22.142: [GC (Allocation Failure) 22.142: [DefNew: 959K->64K(960K), 0.0012039 secs] 207551K->207087K(524224K), 0.0012671 secs] [Times: user=0.00 sys=0.00, real=0.00 secs] 
22.145: [GC (Allocation Failure) 22.145: [DefNew: 960K->63K(960K), 0.0013808 secs] 207983K->207544K(524224K), 0.0014574 secs] [Times: user=0.00 sys=0.00, real=0.00 secs] 
22.147: [GC (Allocation Failure) 22.147: [DefNew: 959K->64K(960K), 0.0013741 secs] 208440K->207926K(524224K), 0.0014550 secs] [Times: user=0.00 sys=0.00, real=0.00 secs] 
22.150: [GC (Allocation Failure) 22.150: [DefNew: 960K->64K(960K), 0.0013409 secs] 208823K->208330K(524224K), 0.0014471 secs] [Times: user=0.00 sys=0.00, real=0.00 secs] 
22.154: [GC (Allocation Failure) 22.154: [DefNew: 960K->63K(960K), 0.0017716 secs] 209226K->208719K(524224K), 0.0018896 secs] [Times: user=0.00 sys=0.00, real=0.00 secs] 
22.156: [GC (Allocation Failure) 22.157: [DefNew: 959K->64K(960K), 0.0013922 secs] 209615K->209136K(524224K), 0.0014743 secs] [Times: user=0.00 sys=0.00, real=0.00 secs] 
22.159: [GC (Allocation Failure) 22.159: [DefNew: 960K->64K(960K), 0.0013614 secs] 210032K->209533K(524224K), 0.0014357 secs] [Times: user=0.00 sys=0.00, real=0.00 secs] 
22.163: [GC (Allocation Failure) 22.163: [DefNew: 960K->63K(960K), 0.0016682 secs] 210430K->210124K(524224K), 0.0017929 secs] [Times: user=0.00 sys=0.00, real=0.00 secs] 
22.166: [GC (Allocation Failure) 22.166: [DefNew: 959K->63K(960K), 0.0014645 secs] 211021K->210526K(524224K), 0.0015584 secs] [Times: user=0.00 sys=0.00, real=0.00 secs] 
22.175: [GC (Allocation Failure) 22.175: [DefNew: 959K->63K(960K), 0.0013216 secs] 211422K->210928K(524224K), 0.0015422 secs] [Times: user=0.00 sys=0.00, real=0.00 secs] 
22.179: [GC (Allocation Failure) 22.179: [DefNew: 959K->64K(960K), 0.0013137 secs] 211824K->211331K(524224K), 0.0014258 secs] [Times: user=0.00 sys=0.00, real=0.00 secs] 
22.182: [GC (Allocation Failure) 22.182: [DefNew: 960K->64K(960K), 0.0014325 secs] 212228K->211744K(524224K), 0.0015497 secs] [Times: user=0.00 sys=0.00, real=0.00 secs] 
22.185: [GC (Allocation Failure) 22.185: [DefNew: 960K->63K(960K), 0.0014218 secs] 212640K->212141K(524224K), 0.0015237 secs] [Times: user=0.00 sys=0.00, real=0.00 secs] 
22.189: [GC (Allocation Failure) 22.189: [DefNew: 959K->64K(960K), 0.0014254 secs] 213038K->212535K(524224K), 0.0015505 secs] [Times: user=0.00 sys=0.00, real=0.00 secs] 
22.193: [GC (Allocation Failure) 22.193: [DefNew: 960K->64K(960K), 0.0017242 secs] 213431K->212943K(524224K), 0.0018399 secs] [Times: user=0.00 sys=0.00, real=0.00 secs] 
22.196: [GC (Allocation Failure) 22.196: [DefNew: 960K->64K(960K), 0.0018714 secs] 213839K->213343K(524224K), 0.0020092 secs] [Times: user=0.00 sys=0.00, real=0.00 secs] 
22.200: [GC (Allocation Failure) 22.200: [DefNew: 960K->64K(960K), 0.0016342 secs] 214240K->213953K(524224K), 0.0017613 secs] [Times: user=0.00 sys=0.00, real=0.00 secs] 
22.203: [GC (Allocation Failure) 22.203: [DefNew: 960K->64K(960K), 0.0020692 secs] 214849K->214456K(524224K), 0.0021805 secs] [Times: user=0.00 sys=0.00, real=0.00 secs] 
22.207: [GC (Allocation Failure) 22.207: [DefNew: 960K->64K(960K), 0.0016236 secs] 215353K->214932K(524224K), 0.0017282 secs] [Times: user=0.00 sys=0.00, real=0.00 secs] 
22.211: [GC (Allocation Failure) 22.211: [DefNew: 960K->63K(960K), 0.0014720 secs] 215828K->215339K(524224K), 0.0015939 secs] [Times: user=0.00 sys=0.00, real=0.00 secs] 
22.213: [GC (Allocation Failure) 22.213: [DefNew: 959K->63K(960K), 0.0015612 secs] 216235K->215751K(524224K), 0.0016686 secs] [Times: user=0.00 sys=0.00, real=0.00 secs] 
22.217: [GC (Allocation Failure) 22.217: [DefNew: 959K->64K(960K), 0.0018912 secs] 216647K->216158K(524224K), 0.0020325 secs] [Times: user=0.00 sys=0.00, real=0.00 secs] 
22.220: [GC (Allocation Failure) 22.220: [DefNew: 960K->63K(960K), 0.0019307 secs] 217055K->216613K(524224K), 0.0020459 secs] [Times: user=0.00 sys=0.00, real=0.00 secs] 
22.224: [GC (Allocation Failure) 22.224: [DefNew: 959K->64K(960K), 0.0016093 secs] 217509K->217071K(524224K), 0.0017199 secs] [Times: user=0.00 sys=0.00, real=0.00 secs] 
22.228: [GC (Allocation Failure) 22.228: [DefNew: 960K->63K(960K), 0.0015888 secs] 217968K->217617K(524224K), 0.0016911 secs] [Times: user=0.00 sys=0.00, real=0.00 secs] 
22.231: [GC (Allocation Failure) 22.231: [DefNew: 959K->63K(960K), 0.0014751 secs] 218514K->218051K(524224K), 0.0015568 secs] [Times: user=0.00 sys=0.00, real=0.00 secs] 
22.234: [GC (Allocation Failure) 22.234: [DefNew: 959K->64K(960K), 0.0013330 secs] 218948K->218499K(524224K), 0.0014084 secs] [Times: user=0.00 sys=0.00, real=0.00 secs] 
22.236: [GC (Allocation Failure) 22.236: [DefNew: 960K->63K(960K), 0.0013247 secs] 219396K->218920K(524224K), 0.0014045 secs] [Times: user=0.00 sys=0.00, real=0.00 secs] 
22.239: [GC (Allocation Failure) 22.239: [DefNew: 959K->63K(960K), 0.0019903 secs] 219817K->219483K(524224K), 0.0021217 secs] [Times: user=0.00 sys=0.00, real=0.00 secs] 
22.243: [GC (Allocation Failure) 22.243: [DefNew: 959K->64K(960K), 0.0016571 secs] 220380K->219945K(524224K), 0.0017562 secs] [Times: user=0.00 sys=0.00, real=0.00 secs] 
22.246: [GC (Allocation Failure) 22.246: [DefNew: 960K->63K(960K), 0.0013832 secs] 220841K->220383K(524224K), 0.0014676 secs] [Times: user=0.00 sys=0.00, real=0.00 secs] 
22.249: [GC (Allocation Failure) 22.249: [DefNew: 959K->63K(960K), 0.0013425 secs] 221280K->220826K(524224K), 0.0014179 secs] [Times: user=0.00 sys=0.00, real=0.00 secs] 
22.251: [GC (Allocation Failure) 22.251: [DefNew: 959K->63K(960K), 0.0013141 secs] 221722K->221247K(524224K), 0.0013863 secs] [Times: user=0.00 sys=0.00, real=0.00 secs] 
22.254: [GC (Allocation Failure) 22.254: [DefNew: 959K->64K(960K), 0.0014447 secs] 222143K->221676K(524224K), 0.0015343 secs] [Times: user=0.00 sys=0.00, real=0.00 secs] 
22.257: [GC (Allocation Failure) 22.257: [DefNew: 960K->63K(960K), 0.0014116 secs] 222572K->222131K(524224K), 0.0014878 secs] [Times: user=0.00 sys=0.00, real=0.00 secs] 
22.259: [GC (Allocation Failure) 22.259: [DefNew: 959K->63K(960K), 0.0018482 secs] 223028K->222558K(524224K), 0.0019441 secs] [Times: user=0.00 sys=0.00, real=0.00 secs] 
22.263: [GC (Allocation Failure) 22.263: [DefNew: 959K->64K(960K), 0.0015249 secs] 223455K->223004K(524224K), 0.0016022 secs] [Times: user=0.00 sys=0.00, real=0.00 secs] 
22.266: [GC (Allocation Failure) 22.266: [DefNew: 960K->64K(960K), 0.0014183 secs] 223902K->223441K(524224K), 0.0014830 secs] [Times: user=0.00 sys=0.00, real=0.00 secs] 
22.269: [GC (Allocation Failure) 22.269: [DefNew: 960K->64K(960K), 0.0015012 secs] 224337K->223945K(524224K), 0.0015943 secs] [Times: user=0.02 sys=0.00, real=0.00 secs] 
22.273: [GC (Allocation Failure) 22.273: [DefNew: 960K->63K(960K), 0.0020321 secs] 224842K->224522K(524224K), 0.0021734 secs] [Times: user=0.00 sys=0.00, real=0.00 secs] 
22.276: [GC (Allocation Failure) 22.276: [DefNew: 959K->63K(960K), 0.0014546 secs] 225420K->224953K(524224K), 0.0015379 secs] [Times: user=0.00 sys=0.00, real=0.00 secs] 
22.279: [GC (Allocation Failure) 22.279: [DefNew: 959K->63K(960K), 0.0013133 secs] 225849K->225426K(524224K), 0.0013879 secs] [Times: user=0.00 sys=0.00, real=0.00 secs] 
22.281: [GC (Allocation Failure) 22.281: [DefNew: 959K->64K(960K), 0.0013192 secs] 226322K->225850K(524224K), 0.0013911 secs] [Times: user=0.00 sys=0.00, real=0.00 secs] 
22.284: [GC (Allocation Failure) 22.284: [DefNew: 960K->64K(960K), 0.0014001 secs] 226746K->226296K(524224K), 0.0014751 secs] [Times: user=0.01 sys=0.00, real=0.00 secs] 
22.287: [GC (Allocation Failure) 22.287: [DefNew: 960K->64K(960K), 0.0015833 secs] 227193K->226754K(524224K), 0.0016808 secs] [Times: user=0.00 sys=0.00, real=0.00 secs] 
22.290: [GC (Allocation Failure) 22.290: [DefNew: 960K->64K(960K), 0.0014676 secs] 227651K->227188K(524224K), 0.0015450 secs] [Times: user=0.00 sys=0.00, real=0.00 secs] 
22.293: [GC (Allocation Failure) 22.293: [DefNew: 960K->64K(960K), 0.0016571 secs] 228085K->227625K(524224K), 0.0017558 secs] [Times: user=0.00 sys=0.00, real=0.00 secs] 
22.296: [GC (Allocation Failure) 22.296: [DefNew: 960K->64K(960K), 0.0013425 secs] 228521K->228027K(524224K), 0.0014262 secs] [Times: user=0.00 sys=0.00, real=0.00 secs] 
22.299: [GC (Allocation Failure) 22.299: [DefNew: 960K->63K(960K), 0.0013141 secs] 228923K->228489K(524224K), 0.0013875 secs] [Times: user=0.00 sys=0.00, real=0.00 secs] 
22.302: [GC (Allocation Failure) 22.302: [DefNew: 959K->63K(960K), 0.0014076 secs] 229385K->228985K(524224K), 0.0014917 secs] [Times: user=0.00 sys=0.00, real=0.00 secs] 
22.304: [GC (Allocation Failure) 22.304: [DefNew: 959K->64K(960K), 0.0013772 secs] 229882K->229411K(524224K), 0.0014676 secs] [Times: user=0.00 sys=0.00, real=0.00 secs] 
22.307: [GC (Allocation Failure) 22.307: [DefNew: 960K->64K(960K), 0.0013157 secs] 230307K->229858K(524224K), 0.0013962 secs] [Times: user=0.00 sys=0.00, real=0.00 secs] 
22.309: [GC (Allocation Failure) 22.309: [DefNew: 960K->63K(960K), 0.0013378 secs] 230755K->230278K(524224K), 0.0014120 secs] [Times: user=0.00 sys=0.00, real=0.00 secs] 
22.312: [GC (Allocation Failure) 22.312: [DefNew: 959K->63K(960K), 0.0013500 secs] 231174K->230753K(524224K), 0.0014230 secs] [Times: user=0.00 sys=0.00, real=0.00 secs] 
22.315: [GC (Allocation Failure) 22.315: [DefNew: 959K->64K(960K), 0.0014250 secs] 231649K->231221K(524224K), 0.0015016 secs] [Times: user=0.00 sys=0.00, real=0.00 secs] 
22.317: [GC (Allocation Failure) 22.317: [DefNew: 960K->63K(960K), 0.0015118 secs] 232118K->231641K(524224K), 0.0016003 secs] [Times: user=0.00 sys=0.00, real=0.00 secs] 
22.320: [GC (Allocation Failure) 22.320: [DefNew: 959K->63K(960K), 0.0019164 secs] 232538K->232070K(524224K), 0.0020424 secs] [Times: user=0.00 sys=0.00, real=0.00 secs] 
22.323: [GC (Allocation Failure) 22.324: [DefNew: 959K->63K(960K), 0.0019950 secs] 232967K->232597K(524224K), 0.0021205 secs] [Times: user=0.00 sys=0.00, real=0.00 secs] 
22.328: [GC (Allocation Failure) 22.328: [DefNew: 959K->63K(960K), 0.0021482 secs] 233494K->233096K(524224K), 0.0023266 secs] [Times: user=0.00 sys=0.00, real=0.00 secs] 
22.331: [GC (Allocation Failure) 22.331: [DefNew: 959K->64K(960K), 0.0016299 secs] 233992K->233611K(524224K), 0.0017408 secs] [Times: user=0.02 sys=0.00, real=0.00 secs] 
22.335: [GC (Allocation Failure) 22.335: [DefNew: 960K->64K(960K), 0.0021268 secs] 234507K->234205K(524224K), 0.0022555 secs] [Times: user=0.00 sys=0.00, real=0.00 secs] 
22.339: [GC (Allocation Failure) 22.339: [DefNew: 960K->64K(960K), 0.0017009 secs] 235102K->234723K(524224K), 0.0018083 secs] [Times: user=0.00 sys=0.00, real=0.00 secs] 
22.342: [GC (Allocation Failure) 22.342: [DefNew: 960K->63K(960K), 0.0014400 secs] 235620K->235149K(524224K), 0.0015407 secs] [Times: user=0.00 sys=0.00, real=0.00 secs] 
22.345: [GC (Allocation Failure) 22.345: [DefNew: 959K->64K(960K), 0.0013496 secs] 236045K->235551K(524224K), 0.0014554 secs] [Times: user=0.00 sys=0.00, real=0.00 secs] 
22.348: [GC (Allocation Failure) 22.348: [DefNew: 960K->64K(960K), 0.0013121 secs] 236450K->235953K(524224K), 0.0014092 secs] [Times: user=0.00 sys=0.00, real=0.00 secs] 
22.351: [GC (Allocation Failure) 22.351: [DefNew: 960K->64K(960K), 0.0018430 secs] 236850K->236428K(524224K), 0.0019666 secs] [Times: user=0.00 sys=0.00, real=0.00 secs] 
22.354: [GC (Allocation Failure) 22.354: [DefNew: 960K->63K(960K), 0.0019421 secs] 237324K->236837K(524224K), 0.0020787 secs] [Times: user=0.00 sys=0.00, real=0.00 secs] 
22.357: [GC (Allocation Failure) 22.358: [DefNew: 959K->64K(960K), 0.0015288 secs] 237733K->237326K(524224K), 0.0016326 secs] [Times: user=0.00 sys=0.00, real=0.00 secs] 
22.361: [GC (Allocation Failure) 22.361: [DefNew: 960K->63K(960K), 0.0020049 secs] 238223K->237807K(524224K), 0.0021347 secs] [Times: user=0.01 sys=0.00, real=0.00 secs] 
22.365: [GC (Allocation Failure) 22.365: [DefNew: 959K->64K(960K), 0.0016378 secs] 238703K->238277K(524224K), 0.0017368 secs] [Times: user=0.00 sys=0.00, real=0.00 secs] 
22.368: [GC (Allocation Failure) 22.369: [DefNew: 960K->63K(960K), 0.0018643 secs] 239173K->238764K(524224K), 0.0020041 secs] [Times: user=0.00 sys=0.00, real=0.00 secs] 
22.377: [GC (Allocation Failure) 22.377: [DefNew: 959K->64K(960K), 0.0016603 secs] 239660K->239310K(524224K), 0.0017814 secs] [Times: user=0.00 sys=0.00, real=0.00 secs] 
22.380: [GC (Allocation Failure) 22.380: [DefNew: 960K->63K(960K), 0.0019607 secs] 240206K->239837K(524224K), 0.0020807 secs] [Times: user=0.00 sys=0.00, real=0.00 secs] 
22.384: [GC (Allocation Failure) 22.384: [DefNew: 959K->64K(960K), 0.0020408 secs] 240733K->240410K(524224K), 0.0021711 secs] [Times: user=0.00 sys=0.00, real=0.00 secs] 
22.388: [GC (Allocation Failure) 22.388: [DefNew: 960K->63K(960K), 0.0020388 secs] 241306K->241096K(524224K), 0.0021793 secs] [Times: user=0.00 sys=0.00, real=0.00 secs] 
22.391: [GC (Allocation Failure) 22.391: [DefNew: 959K->64K(960K), 0.0022745 secs] 241993K->241677K(524224K), 0.0024170 secs] [Times: user=0.00 sys=0.00, real=0.00 secs] 
22.396: [GC (Allocation Failure) 22.396: [DefNew: 960K->64K(960K), 0.0026361 secs] 242573K->242345K(524224K), 0.0027718 secs] [Times: user=0.00 sys=0.00, real=0.00 secs] 
22.400: [GC (Allocation Failure) 22.400: [DefNew: 960K->63K(960K), 0.0016713 secs] 243241K->242780K(524224K), 0.0017546 secs] [Times: user=0.00 sys=0.00, real=0.00 secs] 
22.404: [GC (Allocation Failure) 22.404: [DefNew: 959K->63K(960K), 0.0017388 secs] 243677K->243220K(524224K), 0.0018608 secs] [Times: user=0.00 sys=0.00, real=0.00 secs] 
22.408: [GC (Allocation Failure) 22.408: [DefNew: 959K->63K(960K), 0.0014732 secs] 244116K->243703K(524224K), 0.0015687 secs] [Times: user=0.00 sys=0.00, real=0.00 secs] 
22.411: [GC (Allocation Failure) 22.411: [DefNew: 959K->63K(960K), 0.0016709 secs] 244599K->244212K(524224K), 0.0017684 secs] [Times: user=0.00 sys=0.00, real=0.00 secs] 
22.415: [GC (Allocation Failure) 22.415: [DefNew: 959K->64K(960K), 0.0015580 secs] 245111K->244669K(524224K), 0.0016587 secs] [Times: user=0.00 sys=0.00, real=0.00 secs] 
22.418: [GC (Allocation Failure) 22.418: [DefNew: 960K->63K(960K), 0.0016176 secs] 245565K->245154K(524224K), 0.0017171 secs] [Times: user=0.00 sys=0.00, real=0.00 secs] 
22.422: [GC (Allocation Failure) 22.422: [DefNew: 959K->63K(960K), 0.0016192 secs] 246051K->245731K(524224K), 0.0017191 secs] [Times: user=0.00 sys=0.00, real=0.00 secs] 
22.425: [GC (Allocation Failure) 22.425: [DefNew: 959K->63K(960K), 0.0019749 secs] 246628K->246154K(524224K), 0.0021221 secs] [Times: user=0.02 sys=0.00, real=0.00 secs] 
22.429: [GC (Allocation Failure) 22.429: [DefNew: 959K->64K(960K), 0.0016180 secs] 247050K->246637K(524224K), 0.0017230 secs] [Times: user=0.00 sys=0.00, real=0.00 secs] 
22.433: [GC (Allocation Failure) 22.433: [DefNew: 960K->64K(960K), 0.0016378 secs] 247534K->247167K(524224K), 0.0017301 secs] [Times: user=0.00 sys=0.00, real=0.00 secs] 
22.436: [GC (Allocation Failure) 22.436: [DefNew: 960K->64K(960K), 0.0014791 secs] 248065K->247604K(524224K), 0.0015675 secs] [Times: user=0.00 sys=0.00, real=0.00 secs] 
